******************************************************************************
            TI ARM Clang Linker PC v4.0.4                      
******************************************************************************
>> Linked Sun Apr 19 00:41:02 2026

OUTPUT FILE NAME:   <SDCFile.out>
ENTRY POINT SYMBOL: "_c_int00_noargs"  address: 000041f5


MEMORY CONFIGURATION

         name            origin    length      used     unused   attr    fill
----------------------  --------  ---------  --------  --------  ----  --------
  FLASH                 00000000   00020000  00004c88  0001b378  R  X
  SRAM                  20200000   00008000  00000ce0  00007320  RW X
  BCR_CONFIG            41c00000   00000080  00000000  00000080  R   
  BSL_CONFIG            41c00100   00000080  00000000  00000080  R   


SEGMENT ALLOCATION MAP

run origin  load origin   length   init length attrs members
----------  ----------- ---------- ----------- ----- -------
00000000    00000000    00004c88   00004c88    r-x
  00000000    00000000    000000c0   000000c0    r-- .intvecs
  000000c0    000000c0    00004318   00004318    r-x .text
  000043d8    000043d8    00000878   00000878    r-- .rodata
  00004c50    00004c50    00000038   00000038    r-- .cinit
20200000    20200000    00000ae3   00000000    rw-
  20200000    20200000    000008cd   00000000    rw- .bss
  202008d0    202008d0    00000200   00000000    rw- .sysmem
  20200ad0    20200ad0    00000013   00000000    rw- .data
20207e00    20207e00    00000200   00000000    rw-
  20207e00    20207e00    00000200   00000000    rw- .stack


SECTION ALLOCATION MAP

 output                                  attributes/
section   page    origin      length       input sections
--------  ----  ----------  ----------   ----------------
.intvecs   0    00000000    000000c0     
                  00000000    000000c0     startup_mspm0g3507_ticlang.o (.intvecs)

.text      0    000000c0    00004318     
                  000000c0    00000598     ff.o (.text.find_volume)
                  00000658    00000318     ff.o (.text.create_name)
                  00000970    000002f8     ff.o (.text.f_write)
                  00000c68    000002b8     diskio.o (.text.disk_ioctl)
                  00000f20    0000029c     SDCFile.o (.text.main)
                  000011bc    00000298     ff.o (.text.f_read)
                  00001454    00000270     ff.o (.text.f_open)
                  000016c4    00000228     diskio.o (.text.disk_initialize)
                  000018ec    000001d0     ff.o (.text.put_fat)
                  00001abc    000001cc     ff.o (.text.dir_next)
                  00001c88    000001b4     Clock.o (.text.Clock_Init80MHz)
                  00001e3c    000001a0     ST7735_SDC.o (.text.ST7735_DrawCharS)
                  00001fdc    0000016c     ff.o (.text.create_chain)
                  00002148    00000158     ff.o (.text.get_fat)
                  000022a0    00000144     ff.o (.text.sync_fs)
                  000023e4    00000140     diskio.o (.text.SPI1_Init)
                  00002524    00000126     diskio.o (.text.send_cmd)
                  0000264a    00000124     ff.o (.text.dir_sdi)
                  0000276e    00000120     ff.o (.text.follow_path)
                  0000288e    00000002     libclang_rt.builtins.a : aeabi_div0.c.obj (.text.__aeabi_idiv0)
                  00002890    00000118     ST7735_SDC.o (.text.ST7735_FillRect)
                  000029a8    00000118     diskio.o (.text.disk_write)
                  00002ac0    00000114     ff.o (.text.f_sync)
                  00002bd4    000000e4     diskio.o (.text.disk_read)
                  00002cb8    000000d0     ST7735_SDC.o (.text.ST7735_OutChar)
                  00002d88    000000b8     ff.o (.text.remove_chain)
                  00002e40    000000ae     ff.o (.text.get_ldnumber)
                  00002eee    00000002     --HOLE-- [fill = 0]
                  00002ef0    000000ac     ff.o (.text.check_fs)
                  00002f9c    000000ac     SDCFile.o (.text.diskError)
                  00003048    000000a8     Timer.o (.text.TimerG6_IntArm)
                  000030f0    000000a6     ff.o (.text.dir_find)
                  00003196    000000a2     ST7735_SDC.o (.text.commandList)
                  00003238    000000a2     ff.o (.text.dir_alloc)
                  000032da    00000002     --HOLE-- [fill = 0]
                  000032dc    00000098     ST7735_SDC.o (.text.ST7735_InitR)
                  00003374    00000098     ff.o (.text.f_mount)
                  0000340c    0000008e     ff.o (.text.sync_window)
                  0000349a    00000002     --HOLE-- [fill = 0]
                  0000349c    00000088     ST7735_SDC.o (.text.setAddrWindow)
                  00003524    00000084     ST7735_SDC.o (.text.ST7735_DrawString)
                  000035a8    00000084     ST7735_SDC.o (.text.ST7735_OutUDec)
                  0000362c    0000007c     LaunchPad.o (.text.LaunchPad_Init)
                  000036a8    0000007c     SDCFile.o (.text.TIMA1_IRQHandler)
                  00003724    0000007c     libc.a : copy_decompress_lzss.c.obj (.text:decompress:lzss)
                  000037a0    00000078     diskio.o (.text.rcvr_datablock)
                  00003818    00000076     diskio.o (.text.xmit_datablock)
                  0000388e    00000002     --HOLE-- [fill = 0]
                  00003890    00000070     ST7735_SDC.o (.text.ST7735_DrawPixel)
                  00003900    00000070     SDCFile.o (.text.SysTick_Handler)
                  00003970    00000070     ST7735_SDC.o (.text.TFT_OutCommand)
                  000039e0    00000070     diskio.o (.text.disk_timerproc)
                  00003a50    0000006c     ST7735_SDC.o (.text.TFT_OutData)
                  00003abc    00000068     ff.o (.text.validate)
                  00003b24    00000062     ff.o (.text.move_window)
                  00003b86    00000060     ff.o (.text.dir_register)
                  00003be6    00000002     --HOLE-- [fill = 0]
                  00003be8    00000054     ST7735_SDC.o (.text.fillmessage)
                  00003c3c    00000054     ff.o (.text.mem_cmp)
                  00003c90    00000050     diskio.o (.text.wait_ready)
                  00003ce0    00000050     diskio.o (.text.xmit_spi_multi)
                  00003d30    00000048     diskio.o (.text.xchg_spi)
                  00003d78    00000044     diskio.o (.text.select)
                  00003dbc    00000040     SPI.o (.text.SPI_Reset)
                  00003dfc    00000040     TExaS.o (.text.TIMG7_IRQHandler)
                  00003e3c    00000040     libclang_rt.builtins.a : aeabi_uidivmod.S.obj (.text.__aeabi_uidivmod)
                  00003e7c    00000040     ff.o (.text.chk_chr)
                  00003ebc    00000040     ff.o (.text.f_close)
                  00003efc    0000003c     diskio.o (.text.rcvr_spi)
                  00003f38    0000003c     libc.a : autoinit.c.obj (.text:__TI_auto_init_nobinit_nopinit)
                  00003f74    00000038     LaunchPad.o (.text.ActivatePortA_B)
                  00003fac    00000036     ff.o (.text.clust2sect)
                  00003fe2    00000036     ff.o (.text.ld_clust)
                  00004018    00000034     Clock.o (.text.Clock_Delay1ms)
                  0000404c    00000034     ST7735_SDC.o (.text.ST7735_SetCursor)
                  00004080    00000034     ff.o (.text.mem_cpy)
                  000040b4    00000032     ST7735_SDC.o (.text.ST7735_Color565)
                  000040e6    00000002     --HOLE-- [fill = 0]
                  000040e8    00000030     diskio.o (.text.disk_status)
                  00004118    0000002c     ST7735_SDC.o (.text.ST7735_FillScreen)
                  00004144    0000002c     ST7735_SDC.o (.text.commonInit)
                  00004170    0000002c     diskio.o (.text.init_spi)
                  0000419c    0000002c     diskio.o (.text.rcvr_spi_multi)
                  000041c8    0000002a     ff.o (.text.mem_set)
                  000041f2    00000002     --HOLE-- [fill = 0]
                  000041f4    00000028     libc.a : boot_cortex_m.c.obj (.text:_c_int00_noargs)
                  0000421c    00000026     ST7735_SDC.o (.text.ST7735_OutString)
                  00004242    00000026     ff.o (.text.st_clust)
                  00004268    00000024     diskio.o (.text.CS_Init)
                  0000428c    0000001e     ST7735_SDC.o (.text.pushColor)
                  000042aa    00000002     --HOLE-- [fill = 0]
                  000042ac    0000001c     startup_mspm0g3507_ticlang.o (.text.Default_Handler)
                  000042c8    0000001c     startup_mspm0g3507_ticlang.o (.text.HardFault_Handler)
                  000042e4    00000018     diskio.o (.text.TIMG6_IRQHandler)
                  000042fc    00000018     diskio.o (.text.deselect)
                  00004314    00000014     DAC.o (.text.DAC_Out)
                  00004328    00000014     ST7735_SDC.o (.text.ST7735_SetTextColor)
                  0000433c    00000012     libc.a : memcpy16.S.obj (.text:TI_memcpy_small)
                  0000434e    00000012            : copy_decompress_none.c.obj (.text:decompress:none)
                  00004360    00000010     Clock.o (.text.Clock_Delay)
                  00004370    00000010     LaunchPad.o (.text.Delay)
                  00004380    00000010     libc.a : copy_zero_init.c.obj (.text:decompress:ZI)
                  00004390    0000000e            : memset16.S.obj (.text:TI_memset_small)
                  0000439e    00000002     --HOLE-- [fill = 0]
                  000043a0    0000000c     Clock.o (.text.Clock_Freq)
                  000043ac    0000000c     libclang_rt.builtins.a : aeabi_memset.S.obj (.text.__aeabi_memclr)
                  000043b8    00000008                            : aeabi_memcpy.S.obj (.text.__aeabi_memcpy)
                  000043c0    00000006     libc.a : exit.c.obj (.text:abort)
                  000043c6    00000004     libsysbm.a : hostexit.c.obj (.text.HOSTexit)
                  000043ca    00000004     startup_mspm0g3507_ticlang.o (.text.Reset_Handler)
                  000043ce    00000004     libc.a : pre_init.c.obj (.text._system_pre_init)
                  000043d2    00000006     --HOLE-- [fill = 0]

.cinit     0    00004c50    00000038     
                  00004c50    00000013     (.cinit..data.load) [load image, compression = lzss]
                  00004c63    00000001     --HOLE-- [fill = 0]
                  00004c64    0000000c     (__TI_handler_table)
                  00004c70    00000008     (.cinit..bss.load) [load image, compression = zero_init]
                  00004c78    00000010     (__TI_cinit_table)

.rodata    0    000043d8    00000878     
                  000043d8    000004fb     ST7735_SDC.o (.rodata.Font)
                  000048d3    00000001     SDCFile.o (.rodata.str1.11440398545476173417.1)
                  000048d4    00000200     SDCFile.o (.rodata.Wave)
                  00004ad4    0000003b     ST7735_SDC.o (.rodata.Rcmd1)
                  00004b0f    0000002b     ST7735_SDC.o (.rodata.Rcmd3)
                  00004b3a    00000016     ST7735_SDC.o (.rodata.str1.18061791561094498689.1)
                  00004b50    00000014     SDCFile.o (.rodata.str1.2216759461742488419.1)
                  00004b64    00000013     SDCFile.o (.rodata.str1.6231102321291386058.1)
                  00004b77    00000012     SDCFile.o (.rodata.str1.13213068721046836417.1)
                  00004b89    00000011     SDCFile.o (.rodata.str1.13468837121309039816.1)
                  00004b9a    00000011     SDCFile.o (.rodata.str1.16640892570291522372.1)
                  00004bab    00000010     SDCFile.o (.rodata.str1.16807962433810890129.1)
                  00004bbb    00000010     SDCFile.o (.rodata.str1.18239828022133091245.1)
                  00004bcb    0000000f     ff.o (.rodata.str1.16501546186399576036.1)
                  00004bda    0000000e     SDCFile.o (.rodata.str1.14263887822692034866.1)
                  00004be8    0000000e     SDCFile.o (.rodata.str1.3282647433737810823.1)
                  00004bf6    0000000d     ST7735_SDC.o (.rodata.Rcmd2green)
                  00004c03    0000000d     ST7735_SDC.o (.rodata.Rcmd2red)
                  00004c10    0000000b     SDCFile.o (.rodata.str1.4092444169245323514.1)
                  00004c1b    0000000a     SDCFile.o (.rodata.str1.11858178339518740071.1)
                  00004c25    0000000a     SDCFile.o (.rodata.str1.14071985330418929653.1)
                  00004c2f    00000008     SDCFile.o (.rodata.str1.15116374680716593937.1)
                  00004c37    00000007     SDCFile.o (.rodata.str1.3725882903418653890.1)
                  00004c3e    00000006     SDCFile.o (.rodata.str1.10283559775565681110.1)
                  00004c44    00000006     SDCFile.o (.rodata.str1.7794356992420575199.1)
                  00004c4a    00000006     --HOLE-- [fill = 0]

.init_array 
*          0    00000000    00000000     UNINITIALIZED

.binit     0    00000000    00000000     

.bss       0    20200000    000008cd     UNINITIALIZED
                  20200000    00000234     SDCFile.o (.bss.g_sFatFs)
                  20200234    00000224     (.common:Handle)
                  20200458    00000224     (.common:Handle2)
                  2020067c    00000200     (.common:SoundBuf)
                  2020087c    0000000c     (.common:Message)
                  20200888    00000004     ff.o (.bss.FatFs)
                  2020088c    00000004     diskio.o (.bss.Timer1)
                  20200890    00000004     diskio.o (.bss.Timer2)
                  20200894    00000004     (.common:Count)
                  20200898    00000004     (.common:Count8)
                  2020089c    00000004     (.common:LCDresetFlag)
                  202008a0    00000004     (.common:Messageindex)
                  202008a4    00000004     (.common:TExaSLogic)
                  202008a8    00000004     (.common:TExaSadc)
                  202008ac    00000004     (.common:back)
                  202008b0    00000004     (.common:back8)
                  202008b4    00000004     (.common:flag)
                  202008b8    00000004     (.common:flag8)
                  202008bc    00000004     (.common:front)
                  202008c0    00000004     (.common:front8)
                  202008c4    00000002     ff.o (.bss.Fsid)
                  202008c6    00000001     diskio.o (.bss.CardType)
                  202008c7    00000001     ST7735_SDC.o (.bss.ColStart)
                  202008c8    00000001     ST7735_SDC.o (.bss.RowStart)
                  202008c9    00000001     ST7735_SDC.o (.bss.TabColor)
                  202008ca    00000001     (.common:Fresult)
                  202008cb    00000001     (.common:InitStatus)
                  202008cc    00000001     (.common:MountFresult)

.sysmem    0    202008d0    00000200     UNINITIALIZED
                  202008d0    00000010     libc.a : memory.c.obj (.sysmem)
                  202008e0    000001f0     --HOLE--

.data      0    20200ad0    00000013     UNINITIALIZED
                  20200ad0    00000004     Clock.o (.data.BusFreq)
                  20200ad4    00000004     ST7735_SDC.o (.data.StX)
                  20200ad8    00000004     ST7735_SDC.o (.data.StY)
                  20200adc    00000002     ST7735_SDC.o (.data.StTextColor)
                  20200ade    00000002     ST7735_SDC.o (.data._height)
                  20200ae0    00000002     ST7735_SDC.o (.data._width)
                  20200ae2    00000001     diskio.o (.data.Stat)

.stack     0    20207e00    00000200     UNINITIALIZED
                  20207e00    00000004     libc.a : boot_cortex_m.c.obj (.stack)
                  20207e04    000001fc     --HOLE--

__llvm_prf_cnts 
*          0    20200000    00000000     UNINITIALIZED

__llvm_prf_bits 
*          0    20200000    00000000     UNINITIALIZED

MODULE SUMMARY

       Module                         code    ro data   rw data
       ------                         ----    -------   -------
    .\
       ff.o                           8986    15        6      
       SDCFile.o                      1076    722       2207   
       ST7735_SDC.o                   2312    1425      33     
       diskio.o                       3300    0         14     
       Clock.o                        516     0         4      
       LaunchPad.o                    196     0         0      
       Timer.o                        168     0         0      
       TExaS.o                        64      0         8      
       SPI.o                          64      0         0      
       DAC.o                          20      0         0      
    +--+------------------------------+-------+---------+---------+
       Total:                         16702   2162      2272   
                                                               
    .\ticlang\
       startup_mspm0g3507_ticlang.o   60      192       0      
    +--+------------------------------+-------+---------+---------+
       Total:                         60      192       0      
                                                               
    C:\ti\ccs2040\ccs\tools\compiler\ti-cgt-armllvm_4.0.4.LTS\lib\armv6m-ti-none-eabi/c/libc.a
       copy_decompress_lzss.c.obj     124     0         0      
       autoinit.c.obj                 60      0         0      
       boot_cortex_m.c.obj            40      0         0      
       copy_decompress_none.c.obj     18      0         0      
       memcpy16.S.obj                 18      0         0      
       copy_zero_init.c.obj           16      0         0      
       memset16.S.obj                 14      0         0      
       exit.c.obj                     6       0         0      
       pre_init.c.obj                 4       0         0      
    +--+------------------------------+-------+---------+---------+
       Total:                         300     0         0      
                                                               
    C:\ti\ccs2040\ccs\tools\compiler\ti-cgt-armllvm_4.0.4.LTS\lib\armv6m-ti-none-eabi/c/libsysbm.a
       hostexit.c.obj                 4       0         0      
    +--+------------------------------+-------+---------+---------+
       Total:                         4       0         0      
                                                               
    C:\ti\ccs2040\ccs\tools\compiler\ti-cgt-armllvm_4.0.4.LTS\lib\armv6m-ti-none-eabi/libclang_rt.builtins.a
       aeabi_uidivmod.S.obj           64      0         0      
       aeabi_memset.S.obj             12      0         0      
       aeabi_memcpy.S.obj             8       0         0      
       aeabi_div0.c.obj               2       0         0      
    +--+------------------------------+-------+---------+---------+
       Total:                         86      0         0      
                                                               
       Heap:                          0       0         512    
       Stack:                         0       0         512    
       Linker Generated:              0       55        0      
    +--+------------------------------+-------+---------+---------+
       Grand Total:                   17152   2409      3296   


LINKER GENERATED COPY TABLES

__TI_cinit_table @ 00004c78 records: 2, size/record: 8, table size: 16
	.data: load addr=00004c50, load size=00000013 bytes, run addr=20200ad0, run size=00000013 bytes, compression=lzss
	.bss: load addr=00004c70, load size=00000008 bytes, run addr=20200000, run size=000008cd bytes, compression=zero_init


LINKER GENERATED HANDLER TABLE

__TI_handler_table @ 00004c64 records: 3, size/record: 4, table size: 12
	index: 0, handler: __TI_decompress_lzss
	index: 1, handler: __TI_decompress_none
	index: 2, handler: __TI_zero_init


GLOBAL SYMBOLS: SORTED ALPHABETICALLY BY Name 

address   name                          
-------   ----                          
000042ad  ADC0_IRQHandler               
000042ad  ADC1_IRQHandler               
000042ad  AES_IRQHandler                
00003f75  ActivatePortA_B               
20200ad0  BusFreq                       
000043c6  C$$EXIT                       
000042ad  CANFD0_IRQHandler             
00004269  CS_Init                       
00004361  Clock_Delay                   
00004019  Clock_Delay1ms                
000043a1  Clock_Freq                    
00001c89  Clock_Init80MHz               
20200894  Count                         
20200898  Count8                        
000042ad  DAC0_IRQHandler               
00004315  DAC_Out                       
000042ad  DMA_IRQHandler                
000042ad  Default_Handler               
00004371  Delay                         
202008ca  Fresult                       
000042ad  GROUP0_IRQHandler             
000042ad  GROUP1_IRQHandler             
000043c7  HOSTexit                      
20200234  Handle                        
20200458  Handle2                       
000042c9  HardFault_Handler             
000042ad  I2C0_IRQHandler               
000042ad  I2C1_IRQHandler               
202008cb  InitStatus                    
2020089c  LCDresetFlag                  
0000362d  LaunchPad_Init                
2020087c  Message                       
202008a0  Messageindex                  
202008cc  MountFresult                  
000042ad  NMI_Handler                   
000042ad  PendSV_Handler                
000042ad  RTC_IRQHandler                
000043cb  Reset_Handler                 
000042ad  SPI0_IRQHandler               
000042ad  SPI1_IRQHandler               
000023e5  SPI1_Init                     
00003dbd  SPI_Reset                     
000040b5  ST7735_Color565               
00001e3d  ST7735_DrawCharS              
00003891  ST7735_DrawPixel              
00003525  ST7735_DrawString             
00002891  ST7735_FillRect               
00004119  ST7735_FillScreen             
000032dd  ST7735_InitR                  
00002cb9  ST7735_OutChar                
0000421d  ST7735_OutString              
000035a9  ST7735_OutUDec                
0000404d  ST7735_SetCursor              
00004329  ST7735_SetTextColor           
000042ad  SVC_Handler                   
2020067c  SoundBuf                      
20200adc  StTextColor                   
20200ad4  StX                           
20200ad8  StY                           
00003901  SysTick_Handler               
202008a4  TExaSLogic                    
202008a8  TExaSadc                      
00003971  TFT_OutCommand                
00003a51  TFT_OutData                   
000042ad  TIMA0_IRQHandler              
000036a9  TIMA1_IRQHandler              
000042ad  TIMG0_IRQHandler              
000042ad  TIMG12_IRQHandler             
000042e5  TIMG6_IRQHandler              
00003dfd  TIMG7_IRQHandler              
000042ad  TIMG8_IRQHandler              
0000433d  TI_memcpy_small               
00004391  TI_memset_small               
00003049  TimerG6_IntArm                
000042ad  UART0_IRQHandler              
000042ad  UART1_IRQHandler              
000042ad  UART2_IRQHandler              
000042ad  UART3_IRQHandler              
000048d4  Wave                          
20208000  __STACK_END                   
00000200  __STACK_SIZE                  
00000200  __SYSMEM_SIZE                 
00000000  __TI_ATRegion0_region_sz      
00000000  __TI_ATRegion0_src_addr       
00000000  __TI_ATRegion0_trg_addr       
00000000  __TI_ATRegion1_region_sz      
00000000  __TI_ATRegion1_src_addr       
00000000  __TI_ATRegion1_trg_addr       
00000000  __TI_ATRegion2_region_sz      
00000000  __TI_ATRegion2_src_addr       
00000000  __TI_ATRegion2_trg_addr       
00004c78  __TI_CINIT_Base               
00004c88  __TI_CINIT_Limit              
00004c88  __TI_CINIT_Warm               
00004c64  __TI_Handler_Table_Base       
00004c70  __TI_Handler_Table_Limit      
00003f39  __TI_auto_init_nobinit_nopinit
00003725  __TI_decompress_lzss          
0000434f  __TI_decompress_none          
ffffffff  __TI_pprof_out_hndl           
ffffffff  __TI_prof_data_size           
ffffffff  __TI_prof_data_start          
00000000  __TI_static_base__            
00004381  __TI_zero_init                
0000288f  __aeabi_idiv0                 
000043ad  __aeabi_memclr                
000043ad  __aeabi_memclr4               
000043ad  __aeabi_memclr8               
000043b9  __aeabi_memcpy                
000043b9  __aeabi_memcpy4               
000043b9  __aeabi_memcpy8               
00003e3d  __aeabi_uidiv                 
00003e3d  __aeabi_uidivmod              
ffffffff  __binit__                     
UNDEFED   __mpu_init                    
20207e00  __stack                       
20200000  __start___llvm_prf_bits       
20200000  __start___llvm_prf_cnts       
20200000  __stop___llvm_prf_bits        
20200000  __stop___llvm_prf_cnts        
000041f5  _c_int00_noargs               
202008d0  _sys_memory                   
UNDEFED   _system_post_cinit            
000043cf  _system_pre_init              
000043c1  abort                         
202008ac  back                          
202008b0  back8                         
ffffffff  binit                         
00003fad  clust2sect                    
00002f9d  diskError                     
000016c5  disk_initialize               
00000c69  disk_ioctl                    
00002bd5  disk_read                     
000040e9  disk_status                   
000039e1  disk_timerproc                
000029a9  disk_write                    
00003ebd  f_close                       
00003375  f_mount                       
00001455  f_open                        
000011bd  f_read                        
00002ac1  f_sync                        
00000971  f_write                       
00003be9  fillmessage                   
202008b4  flag                          
202008b8  flag8                         
202008bc  front                         
202008c0  front8                        
00002149  get_fat                       
00000000  interruptVectors              
00000f21  main                          
000018ed  put_fat                       


GLOBAL SYMBOLS: SORTED BY Symbol Address 

address   name                          
-------   ----                          
00000000  __TI_ATRegion0_region_sz      
00000000  __TI_ATRegion0_src_addr       
00000000  __TI_ATRegion0_trg_addr       
00000000  __TI_ATRegion1_region_sz      
00000000  __TI_ATRegion1_src_addr       
00000000  __TI_ATRegion1_trg_addr       
00000000  __TI_ATRegion2_region_sz      
00000000  __TI_ATRegion2_src_addr       
00000000  __TI_ATRegion2_trg_addr       
00000000  __TI_static_base__            
00000000  interruptVectors              
00000200  __STACK_SIZE                  
00000200  __SYSMEM_SIZE                 
00000971  f_write                       
00000c69  disk_ioctl                    
00000f21  main                          
000011bd  f_read                        
00001455  f_open                        
000016c5  disk_initialize               
000018ed  put_fat                       
00001c89  Clock_Init80MHz               
00001e3d  ST7735_DrawCharS              
00002149  get_fat                       
000023e5  SPI1_Init                     
0000288f  __aeabi_idiv0                 
00002891  ST7735_FillRect               
000029a9  disk_write                    
00002ac1  f_sync                        
00002bd5  disk_read                     
00002cb9  ST7735_OutChar                
00002f9d  diskError                     
00003049  TimerG6_IntArm                
000032dd  ST7735_InitR                  
00003375  f_mount                       
00003525  ST7735_DrawString             
000035a9  ST7735_OutUDec                
0000362d  LaunchPad_Init                
000036a9  TIMA1_IRQHandler              
00003725  __TI_decompress_lzss          
00003891  ST7735_DrawPixel              
00003901  SysTick_Handler               
00003971  TFT_OutCommand                
000039e1  disk_timerproc                
00003a51  TFT_OutData                   
00003be9  fillmessage                   
00003dbd  SPI_Reset                     
00003dfd  TIMG7_IRQHandler              
00003e3d  __aeabi_uidiv                 
00003e3d  __aeabi_uidivmod              
00003ebd  f_close                       
00003f39  __TI_auto_init_nobinit_nopinit
00003f75  ActivatePortA_B               
00003fad  clust2sect                    
00004019  Clock_Delay1ms                
0000404d  ST7735_SetCursor              
000040b5  ST7735_Color565               
000040e9  disk_status                   
00004119  ST7735_FillScreen             
000041f5  _c_int00_noargs               
0000421d  ST7735_OutString              
00004269  CS_Init                       
000042ad  ADC0_IRQHandler               
000042ad  ADC1_IRQHandler               
000042ad  AES_IRQHandler                
000042ad  CANFD0_IRQHandler             
000042ad  DAC0_IRQHandler               
000042ad  DMA_IRQHandler                
000042ad  Default_Handler               
000042ad  GROUP0_IRQHandler             
000042ad  GROUP1_IRQHandler             
000042ad  I2C0_IRQHandler               
000042ad  I2C1_IRQHandler               
000042ad  NMI_Handler                   
000042ad  PendSV_Handler                
000042ad  RTC_IRQHandler                
000042ad  SPI0_IRQHandler               
000042ad  SPI1_IRQHandler               
000042ad  SVC_Handler                   
000042ad  TIMA0_IRQHandler              
000042ad  TIMG0_IRQHandler              
000042ad  TIMG12_IRQHandler             
000042ad  TIMG8_IRQHandler              
000042ad  UART0_IRQHandler              
000042ad  UART1_IRQHandler              
000042ad  UART2_IRQHandler              
000042ad  UART3_IRQHandler              
000042c9  HardFault_Handler             
000042e5  TIMG6_IRQHandler              
00004315  DAC_Out                       
00004329  ST7735_SetTextColor           
0000433d  TI_memcpy_small               
0000434f  __TI_decompress_none          
00004361  Clock_Delay                   
00004371  Delay                         
00004381  __TI_zero_init                
00004391  TI_memset_small               
000043a1  Clock_Freq                    
000043ad  __aeabi_memclr                
000043ad  __aeabi_memclr4               
000043ad  __aeabi_memclr8               
000043b9  __aeabi_memcpy                
000043b9  __aeabi_memcpy4               
000043b9  __aeabi_memcpy8               
000043c1  abort                         
000043c6  C$$EXIT                       
000043c7  HOSTexit                      
000043cb  Reset_Handler                 
000043cf  _system_pre_init              
000048d4  Wave                          
00004c64  __TI_Handler_Table_Base       
00004c70  __TI_Handler_Table_Limit      
00004c78  __TI_CINIT_Base               
00004c88  __TI_CINIT_Limit              
00004c88  __TI_CINIT_Warm               
20200000  __start___llvm_prf_bits       
20200000  __start___llvm_prf_cnts       
20200000  __stop___llvm_prf_bits        
20200000  __stop___llvm_prf_cnts        
20200234  Handle                        
20200458  Handle2                       
2020067c  SoundBuf                      
2020087c  Message                       
20200894  Count                         
20200898  Count8                        
2020089c  LCDresetFlag                  
202008a0  Messageindex                  
202008a4  TExaSLogic                    
202008a8  TExaSadc                      
202008ac  back                          
202008b0  back8                         
202008b4  flag                          
202008b8  flag8                         
202008bc  front                         
202008c0  front8                        
202008ca  Fresult                       
202008cb  InitStatus                    
202008cc  MountFresult                  
202008d0  _sys_memory                   
20200ad0  BusFreq                       
20200ad4  StX                           
20200ad8  StY                           
20200adc  StTextColor                   
20207e00  __stack                       
20208000  __STACK_END                   
ffffffff  __TI_pprof_out_hndl           
ffffffff  __TI_prof_data_size           
ffffffff  __TI_prof_data_start          
ffffffff  __binit__                     
ffffffff  binit                         
UNDEFED   __mpu_init                    
UNDEFED   _system_post_cinit            

[151 symbols]
