******************************************************************************
            TI ARM Clang Linker PC v4.0.4                      
******************************************************************************
>> Linked Sun Apr 19 16:19:19 2026

OUTPUT FILE NAME:   <SDCFile.out>
ENTRY POINT SYMBOL: "_c_int00_noargs"  address: 000042f1


MEMORY CONFIGURATION

         name            origin    length      used     unused   attr    fill
----------------------  --------  ---------  --------  --------  ----  --------
  FLASH                 00000000   00020000  00004b18  0001b4e8  R  X
  SRAM                  20200000   00008000  00000cc4  0000733c  RW X
  BCR_CONFIG            41c00000   00000080  00000000  00000080  R   
  BSL_CONFIG            41c00100   00000080  00000000  00000080  R   


SEGMENT ALLOCATION MAP

run origin  load origin   length   init length attrs members
----------  ----------- ---------- ----------- ----- -------
00000000    00000000    00004b18   00004b18    r-x
  00000000    00000000    000000c0   000000c0    r-- .intvecs
  000000c0    000000c0    00004410   00004410    r-x .text
  000044d0    000044d0    00000610   00000610    r-- .rodata
  00004ae0    00004ae0    00000038   00000038    r-- .cinit
20200000    20200000    00000ac7   00000000    rw-
  20200000    20200000    000008ad   00000000    rw- .bss
  202008b0    202008b0    00000200   00000000    rw- .sysmem
  20200ab0    20200ab0    00000017   00000000    rw- .data
20207e00    20207e00    00000200   00000000    rw-
  20207e00    20207e00    00000200   00000000    rw- .stack


SECTION ALLOCATION MAP

 output                                  attributes/
section   page    origin      length       input sections
--------  ----  ----------  ----------   ----------------
.intvecs   0    00000000    000000c0     
                  00000000    000000c0     startup_mspm0g3507_ticlang.o (.intvecs)

.text      0    000000c0    00004410     
                  000000c0    00000598     ff.o (.text.find_volume)
                  00000658    00000318     ff.o (.text.create_name)
                  00000970    000002b8     diskio.o (.text.disk_ioctl)
                  00000c28    00000298     ff.o (.text.f_read)
                  00000ec0    00000270     ff.o (.text.f_open)
                  00001130    00000228     diskio.o (.text.disk_initialize)
                  00001358    00000204     SDCFile.o (.text.main)
                  0000155c    000001d0     ff.o (.text.put_fat)
                  0000172c    000001cc     ff.o (.text.dir_next)
                  000018f8    000001b4     Clock.o (.text.Clock_Init80MHz)
                  00001aac    000001a0     ST7735_SDC.o (.text.ST7735_DrawCharS)
                  00001c4c    0000016c     ff.o (.text.create_chain)
                  00001db8    00000158     ff.o (.text.get_fat)
                  00001f10    00000144     ff.o (.text.sync_fs)
                  00002054    00000140     diskio.o (.text.SPI1_Init)
                  00002194    00000128     TExaS.o (.text.ADC_Init)
                  000022bc    00000126     diskio.o (.text.send_cmd)
                  000023e2    00000124     ff.o (.text.dir_sdi)
                  00002506    00000120     ff.o (.text.follow_path)
                  00002626    00000002     libclang_rt.builtins.a : aeabi_div0.c.obj (.text.__aeabi_idiv0)
                  00002628    00000118     ST7735_SDC.o (.text.ST7735_FillRect)
                  00002740    00000118     diskio.o (.text.disk_write)
                  00002858    00000114     ff.o (.text.f_sync)
                  0000296c    000000e8     TExaS.o (.text.UART_Init)
                  00002a54    000000e4     diskio.o (.text.disk_read)
                  00002b38    000000d0     ST7735_SDC.o (.text.ST7735_OutChar)
                  00002c08    000000b8     ff.o (.text.remove_chain)
                  00002cc0    000000ae     ff.o (.text.get_ldnumber)
                  00002d6e    00000002     --HOLE-- [fill = 0]
                  00002d70    000000ac     Timer.o (.text.TimerA1_IntArm)
                  00002e1c    000000ac     ff.o (.text.check_fs)
                  00002ec8    000000ac     SDCFile.o (.text.diskError)
                  00002f74    000000a8     DAC.o (.text.DAC_Init)
                  0000301c    000000a8     Timer.o (.text.TimerG6_IntArm)
                  000030c4    000000a8     Timer.o (.text.TimerG7_IntArm)
                  0000316c    000000a6     ff.o (.text.dir_find)
                  00003212    000000a2     ST7735_SDC.o (.text.commandList)
                  000032b4    000000a2     ff.o (.text.dir_alloc)
                  00003356    00000002     --HOLE-- [fill = 0]
                  00003358    00000098     ST7735_SDC.o (.text.ST7735_InitR)
                  000033f0    00000098     ff.o (.text.f_mount)
                  00003488    0000008e     ff.o (.text.sync_window)
                  00003516    00000002     --HOLE-- [fill = 0]
                  00003518    00000088     ST7735_SDC.o (.text.setAddrWindow)
                  000035a0    00000084     ST7735_SDC.o (.text.ST7735_DrawString)
                  00003624    00000084     ST7735_SDC.o (.text.ST7735_OutUDec)
                  000036a8    0000007c     LaunchPad.o (.text.LaunchPad_Init)
                  00003724    0000007c     SDCFile.o (.text.TIMA1_IRQHandler)
                  000037a0    0000007c     libc.a : copy_decompress_lzss.c.obj (.text:decompress:lzss)
                  0000381c    00000078     diskio.o (.text.rcvr_datablock)
                  00003894    00000076     diskio.o (.text.xmit_datablock)
                  0000390a    00000002     --HOLE-- [fill = 0]
                  0000390c    00000070     ST7735_SDC.o (.text.ST7735_DrawPixel)
                  0000397c    00000070     SDCFile.o (.text.SysTick_Handler)
                  000039ec    00000070     ST7735_SDC.o (.text.TFT_OutCommand)
                  00003a5c    00000070     diskio.o (.text.disk_timerproc)
                  00003acc    0000006c     ST7735_SDC.o (.text.TFT_OutData)
                  00003b38    00000068     ff.o (.text.validate)
                  00003ba0    00000062     ff.o (.text.move_window)
                  00003c02    00000060     ff.o (.text.dir_register)
                  00003c62    00000002     --HOLE-- [fill = 0]
                  00003c64    00000058     TExaS.o (.text.TExaS_Init)
                  00003cbc    00000054     ST7735_SDC.o (.text.fillmessage)
                  00003d10    00000054     ff.o (.text.mem_cmp)
                  00003d64    00000050     diskio.o (.text.wait_ready)
                  00003db4    00000050     diskio.o (.text.xmit_spi_multi)
                  00003e04    00000048     diskio.o (.text.xchg_spi)
                  00003e4c    00000044     diskio.o (.text.select)
                  00003e90    00000040     SPI.o (.text.SPI_Reset)
                  00003ed0    00000040     TExaS.o (.text.TIMG7_IRQHandler)
                  00003f10    00000040     libclang_rt.builtins.a : aeabi_uidivmod.S.obj (.text.__aeabi_uidivmod)
                  00003f50    00000040     ff.o (.text.chk_chr)
                  00003f90    00000040     ff.o (.text.f_close)
                  00003fd0    0000003c     diskio.o (.text.rcvr_spi)
                  0000400c    0000003c     libc.a : autoinit.c.obj (.text:__TI_auto_init_nobinit_nopinit)
                  00004048    00000038     LaunchPad.o (.text.ActivatePortA_B)
                  00004080    00000036     ff.o (.text.clust2sect)
                  000040b6    00000036     ff.o (.text.ld_clust)
                  000040ec    00000034     Clock.o (.text.Clock_Delay1ms)
                  00004120    00000034     ST7735_SDC.o (.text.ST7735_SetCursor)
                  00004154    00000034     ff.o (.text.mem_cpy)
                  00004188    00000032     ST7735_SDC.o (.text.ST7735_Color565)
                  000041ba    00000002     --HOLE-- [fill = 0]
                  000041bc    00000030     diskio.o (.text.disk_status)
                  000041ec    0000002c     ST7735_SDC.o (.text.ST7735_FillScreen)
                  00004218    0000002c     ST7735_SDC.o (.text.commonInit)
                  00004244    0000002c     diskio.o (.text.init_spi)
                  00004270    0000002c     diskio.o (.text.rcvr_spi_multi)
                  0000429c    0000002a     ff.o (.text.mem_set)
                  000042c6    00000002     --HOLE-- [fill = 0]
                  000042c8    00000028     TExaS.o (.text.ADC_Start)
                  000042f0    00000028     libc.a : boot_cortex_m.c.obj (.text:_c_int00_noargs)
                  00004318    00000026     ST7735_SDC.o (.text.ST7735_OutString)
                  0000433e    00000026     ff.o (.text.st_clust)
                  00004364    00000024     diskio.o (.text.CS_Init)
                  00004388    0000001e     ST7735_SDC.o (.text.pushColor)
                  000043a6    00000002     --HOLE-- [fill = 0]
                  000043a8    0000001c     startup_mspm0g3507_ticlang.o (.text.Default_Handler)
                  000043c4    0000001c     startup_mspm0g3507_ticlang.o (.text.HardFault_Handler)
                  000043e0    00000018     diskio.o (.text.TIMG6_IRQHandler)
                  000043f8    00000018     diskio.o (.text.deselect)
                  00004410    00000014     DAC.o (.text.DAC_Out)
                  00004424    00000014     ST7735_SDC.o (.text.ST7735_SetTextColor)
                  00004438    00000012     libc.a : memcpy16.S.obj (.text:TI_memcpy_small)
                  0000444a    00000012            : copy_decompress_none.c.obj (.text:decompress:none)
                  0000445c    00000010     Clock.o (.text.Clock_Delay)
                  0000446c    00000010     LaunchPad.o (.text.Delay)
                  0000447c    00000010     libc.a : copy_zero_init.c.obj (.text:decompress:ZI)
                  0000448c    0000000e            : memset16.S.obj (.text:TI_memset_small)
                  0000449a    00000002     --HOLE-- [fill = 0]
                  0000449c    0000000c     Clock.o (.text.Clock_Freq)
                  000044a8    0000000c     libclang_rt.builtins.a : aeabi_memset.S.obj (.text.__aeabi_memclr)
                  000044b4    00000008                            : aeabi_memcpy.S.obj (.text.__aeabi_memcpy)
                  000044bc    00000006     libc.a : exit.c.obj (.text:abort)
                  000044c2    00000004     libsysbm.a : hostexit.c.obj (.text.HOSTexit)
                  000044c6    00000004     startup_mspm0g3507_ticlang.o (.text.Reset_Handler)
                  000044ca    00000004     libc.a : pre_init.c.obj (.text._system_pre_init)
                  000044ce    00000002     --HOLE-- [fill = 0]

.cinit     0    00004ae0    00000038     
                  00004ae0    00000013     (.cinit..data.load) [load image, compression = lzss]
                  00004af3    00000001     --HOLE-- [fill = 0]
                  00004af4    0000000c     (__TI_handler_table)
                  00004b00    00000008     (.cinit..bss.load) [load image, compression = zero_init]
                  00004b08    00000010     (__TI_cinit_table)

.rodata    0    000044d0    00000610     
                  000044d0    000004fb     ST7735_SDC.o (.rodata.Font)
                  000049cb    0000003b     ST7735_SDC.o (.rodata.Rcmd1)
                  00004a06    0000002b     ST7735_SDC.o (.rodata.Rcmd3)
                  00004a31    00000016     ST7735_SDC.o (.rodata.str1.18061791561094498689.1)
                  00004a47    00000011     SDCFile.o (.rodata.str1.2427898787534042360.1)
                  00004a58    00000010     SDCFile.o (.rodata.str1.16807962433810890129.1)
                  00004a68    0000000f     ff.o (.rodata.str1.16501546186399576036.1)
                  00004a77    0000000e     SDCFile.o (.rodata.str1.14263887822692034866.1)
                  00004a85    0000000d     ST7735_SDC.o (.rodata.Rcmd2green)
                  00004a92    0000000d     ST7735_SDC.o (.rodata.Rcmd2red)
                  00004a9f    0000000b     SDCFile.o (.rodata.str1.4092444169245323514.1)
                  00004aaa    0000000b     SDCFile.o (.rodata.str1.9049054073757576280.1)
                  00004ab5    0000000a     SDCFile.o (.rodata.str1.11858178339518740071.1)
                  00004abf    0000000a     SDCFile.o (.rodata.str1.14071985330418929653.1)
                  00004ac9    00000007     SDCFile.o (.rodata.str1.3725882903418653890.1)
                  00004ad0    00000006     SDCFile.o (.rodata.str1.10283559775565681110.1)
                  00004ad6    00000006     SDCFile.o (.rodata.str1.7794356992420575199.1)
                  00004adc    00000001     SDCFile.o (.rodata.str1.11440398545476173417.1)
                  00004add    00000003     --HOLE-- [fill = 0]

.init_array 
*          0    00000000    00000000     UNINITIALIZED

.binit     0    00000000    00000000     

.bss       0    20200000    000008ad     UNINITIALIZED
                  20200000    00000234     SDCFile.o (.bss.g_sFatFs)
                  20200234    00000224     (.common:Handle)
                  20200458    00000200     (.common:SoundBuf)
                  20200658    00000200     (.common:SoundBuf2)
                  20200858    0000000c     (.common:Message)
                  20200864    00000004     ff.o (.bss.FatFs)
                  20200868    00000004     diskio.o (.bss.Timer1)
                  2020086c    00000004     diskio.o (.bss.Timer2)
                  20200870    00000004     (.common:BufCount)
                  20200874    00000004     (.common:Count)
                  20200878    00000004     (.common:Count8)
                  2020087c    00000004     (.common:LCDresetFlag)
                  20200880    00000004     (.common:Messageindex)
                  20200884    00000004     (.common:TExaSLogic)
                  20200888    00000004     (.common:TExaSadc)
                  2020088c    00000004     (.common:back)
                  20200890    00000004     (.common:back8)
                  20200894    00000004     (.common:flag)
                  20200898    00000004     (.common:flag8)
                  2020089c    00000004     (.common:front)
                  202008a0    00000004     (.common:front8)
                  202008a4    00000002     ff.o (.bss.Fsid)
                  202008a6    00000001     diskio.o (.bss.CardType)
                  202008a7    00000001     ST7735_SDC.o (.bss.ColStart)
                  202008a8    00000001     ST7735_SDC.o (.bss.RowStart)
                  202008a9    00000001     ST7735_SDC.o (.bss.TabColor)
                  202008aa    00000001     (.common:Fresult)
                  202008ab    00000001     (.common:InitStatus)
                  202008ac    00000001     (.common:MountFresult)

.sysmem    0    202008b0    00000200     UNINITIALIZED
                  202008b0    00000010     libc.a : memory.c.obj (.sysmem)
                  202008c0    000001f0     --HOLE--

.data      0    20200ab0    00000017     UNINITIALIZED
                  20200ab0    00000004     Clock.o (.data.BusFreq)
                  20200ab4    00000004     SDCFile.o (.data.IdleTime)
                  20200ab8    00000004     ST7735_SDC.o (.data.StX)
                  20200abc    00000004     ST7735_SDC.o (.data.StY)
                  20200ac0    00000002     ST7735_SDC.o (.data.StTextColor)
                  20200ac2    00000002     ST7735_SDC.o (.data._height)
                  20200ac4    00000002     ST7735_SDC.o (.data._width)
                  20200ac6    00000001     diskio.o (.data.Stat)

.stack     0    20207e00    00000200     UNINITIALIZED
                  20207e00    00000004     libc.a : boot_cortex_m.c.obj (.stack)
                  20207e04    000001fc     --HOLE--

__llvm_prf_cnts 
*          0    20200000    00000000     UNINITIALIZED

__llvm_prf_bits 
*          0    20200000    00000000     UNINITIALIZED

MODULE SUMMARY

       Module                         code    ro data   rw data
       ------                         ----    -------   -------
    .\
       ff.o                           8226    15        6      
       ST7735_SDC.o                   2312    1425      33     
       diskio.o                       3300    0         14     
       SDCFile.o                      924     109       2179   
       TExaS.o                        720     0         8      
       Clock.o                        516     0         4      
       Timer.o                        508     0         0      
       LaunchPad.o                    196     0         0      
       DAC.o                          188     0         0      
       SPI.o                          64      0         0      
    +--+------------------------------+-------+---------+---------+
       Total:                         16954   1549      2244   
                                                               
    .\ticlang\
       startup_mspm0g3507_ticlang.o   60      192       0      
    +--+------------------------------+-------+---------+---------+
       Total:                         60      192       0      
                                                               
    C:\ti\ccs2040\ccs\tools\compiler\ti-cgt-armllvm_4.0.4.LTS\lib\armv6m-ti-none-eabi/c/libc.a
       copy_decompress_lzss.c.obj     124     0         0      
       autoinit.c.obj                 60      0         0      
       boot_cortex_m.c.obj            40      0         0      
       copy_decompress_none.c.obj     18      0         0      
       memcpy16.S.obj                 18      0         0      
       copy_zero_init.c.obj           16      0         0      
       memset16.S.obj                 14      0         0      
       exit.c.obj                     6       0         0      
       pre_init.c.obj                 4       0         0      
    +--+------------------------------+-------+---------+---------+
       Total:                         300     0         0      
                                                               
    C:\ti\ccs2040\ccs\tools\compiler\ti-cgt-armllvm_4.0.4.LTS\lib\armv6m-ti-none-eabi/c/libsysbm.a
       hostexit.c.obj                 4       0         0      
    +--+------------------------------+-------+---------+---------+
       Total:                         4       0         0      
                                                               
    C:\ti\ccs2040\ccs\tools\compiler\ti-cgt-armllvm_4.0.4.LTS\lib\armv6m-ti-none-eabi/libclang_rt.builtins.a
       aeabi_uidivmod.S.obj           64      0         0      
       aeabi_memset.S.obj             12      0         0      
       aeabi_memcpy.S.obj             8       0         0      
       aeabi_div0.c.obj               2       0         0      
    +--+------------------------------+-------+---------+---------+
       Total:                         86      0         0      
                                                               
       Heap:                          0       0         512    
       Stack:                         0       0         512    
       Linker Generated:              0       55        0      
    +--+------------------------------+-------+---------+---------+
       Grand Total:                   17404   1796      3268   


LINKER GENERATED COPY TABLES

__TI_cinit_table @ 00004b08 records: 2, size/record: 8, table size: 16
	.data: load addr=00004ae0, load size=00000013 bytes, run addr=20200ab0, run size=00000017 bytes, compression=lzss
	.bss: load addr=00004b00, load size=00000008 bytes, run addr=20200000, run size=000008ad bytes, compression=zero_init


LINKER GENERATED HANDLER TABLE

__TI_handler_table @ 00004af4 records: 3, size/record: 4, table size: 12
	index: 0, handler: __TI_decompress_lzss
	index: 1, handler: __TI_decompress_none
	index: 2, handler: __TI_zero_init


GLOBAL SYMBOLS: SORTED ALPHABETICALLY BY Name 

address   name                          
-------   ----                          
000043a9  ADC0_IRQHandler               
000043a9  ADC1_IRQHandler               
00002195  ADC_Init                      
000042c9  ADC_Start                     
000043a9  AES_IRQHandler                
00004049  ActivatePortA_B               
20200870  BufCount                      
20200ab0  BusFreq                       
000044c2  C$$EXIT                       
000043a9  CANFD0_IRQHandler             
00004365  CS_Init                       
0000445d  Clock_Delay                   
000040ed  Clock_Delay1ms                
0000449d  Clock_Freq                    
000018f9  Clock_Init80MHz               
20200874  Count                         
20200878  Count8                        
000043a9  DAC0_IRQHandler               
00002f75  DAC_Init                      
00004411  DAC_Out                       
000043a9  DMA_IRQHandler                
000043a9  Default_Handler               
0000446d  Delay                         
202008aa  Fresult                       
000043a9  GROUP0_IRQHandler             
000043a9  GROUP1_IRQHandler             
000044c3  HOSTexit                      
20200234  Handle                        
000043c5  HardFault_Handler             
000043a9  I2C0_IRQHandler               
000043a9  I2C1_IRQHandler               
20200ab4  IdleTime                      
202008ab  InitStatus                    
2020087c  LCDresetFlag                  
000036a9  LaunchPad_Init                
20200858  Message                       
20200880  Messageindex                  
202008ac  MountFresult                  
000043a9  NMI_Handler                   
000043a9  PendSV_Handler                
000043a9  RTC_IRQHandler                
000044c7  Reset_Handler                 
000043a9  SPI0_IRQHandler               
000043a9  SPI1_IRQHandler               
00002055  SPI1_Init                     
00003e91  SPI_Reset                     
00004189  ST7735_Color565               
00001aad  ST7735_DrawCharS              
0000390d  ST7735_DrawPixel              
000035a1  ST7735_DrawString             
00002629  ST7735_FillRect               
000041ed  ST7735_FillScreen             
00003359  ST7735_InitR                  
00002b39  ST7735_OutChar                
00004319  ST7735_OutString              
00003625  ST7735_OutUDec                
00004121  ST7735_SetCursor              
00004425  ST7735_SetTextColor           
000043a9  SVC_Handler                   
20200458  SoundBuf                      
20200658  SoundBuf2                     
20200ac0  StTextColor                   
20200ab8  StX                           
20200abc  StY                           
0000397d  SysTick_Handler               
20200884  TExaSLogic                    
00003c65  TExaS_Init                    
20200888  TExaSadc                      
000039ed  TFT_OutCommand                
00003acd  TFT_OutData                   
000043a9  TIMA0_IRQHandler              
00003725  TIMA1_IRQHandler              
000043a9  TIMG0_IRQHandler              
000043a9  TIMG12_IRQHandler             
000043e1  TIMG6_IRQHandler              
00003ed1  TIMG7_IRQHandler              
000043a9  TIMG8_IRQHandler              
00004439  TI_memcpy_small               
0000448d  TI_memset_small               
00002d71  TimerA1_IntArm                
0000301d  TimerG6_IntArm                
000030c5  TimerG7_IntArm                
000043a9  UART0_IRQHandler              
000043a9  UART1_IRQHandler              
000043a9  UART2_IRQHandler              
000043a9  UART3_IRQHandler              
0000296d  UART_Init                     
20208000  __STACK_END                   
00000200  __STACK_SIZE                  
00000200  __SYSMEM_SIZE                 
00000000  __TI_ATRegion0_region_sz      
00000000  __TI_ATRegion0_src_addr       
00000000  __TI_ATRegion0_trg_addr       
00000000  __TI_ATRegion1_region_sz      
00000000  __TI_ATRegion1_src_addr       
00000000  __TI_ATRegion1_trg_addr       
00000000  __TI_ATRegion2_region_sz      
00000000  __TI_ATRegion2_src_addr       
00000000  __TI_ATRegion2_trg_addr       
00004b08  __TI_CINIT_Base               
00004b18  __TI_CINIT_Limit              
00004b18  __TI_CINIT_Warm               
00004af4  __TI_Handler_Table_Base       
00004b00  __TI_Handler_Table_Limit      
0000400d  __TI_auto_init_nobinit_nopinit
000037a1  __TI_decompress_lzss          
0000444b  __TI_decompress_none          
ffffffff  __TI_pprof_out_hndl           
ffffffff  __TI_prof_data_size           
ffffffff  __TI_prof_data_start          
00000000  __TI_static_base__            
0000447d  __TI_zero_init                
00002627  __aeabi_idiv0                 
000044a9  __aeabi_memclr                
000044a9  __aeabi_memclr4               
000044a9  __aeabi_memclr8               
000044b5  __aeabi_memcpy                
000044b5  __aeabi_memcpy4               
000044b5  __aeabi_memcpy8               
00003f11  __aeabi_uidiv                 
00003f11  __aeabi_uidivmod              
ffffffff  __binit__                     
UNDEFED   __mpu_init                    
20207e00  __stack                       
20200000  __start___llvm_prf_bits       
20200000  __start___llvm_prf_cnts       
20200000  __stop___llvm_prf_bits        
20200000  __stop___llvm_prf_cnts        
000042f1  _c_int00_noargs               
202008b0  _sys_memory                   
UNDEFED   _system_post_cinit            
000044cb  _system_pre_init              
000044bd  abort                         
2020088c  back                          
20200890  back8                         
ffffffff  binit                         
00004081  clust2sect                    
00002ec9  diskError                     
00001131  disk_initialize               
00000971  disk_ioctl                    
00002a55  disk_read                     
000041bd  disk_status                   
00003a5d  disk_timerproc                
00002741  disk_write                    
00003f91  f_close                       
000033f1  f_mount                       
00000ec1  f_open                        
00000c29  f_read                        
00002859  f_sync                        
00003cbd  fillmessage                   
20200894  flag                          
20200898  flag8                         
2020089c  front                         
202008a0  front8                        
00001db9  get_fat                       
00000000  interruptVectors              
00001359  main                          
0000155d  put_fat                       


GLOBAL SYMBOLS: SORTED BY Symbol Address 

address   name                          
-------   ----                          
00000000  __TI_ATRegion0_region_sz      
00000000  __TI_ATRegion0_src_addr       
00000000  __TI_ATRegion0_trg_addr       
00000000  __TI_ATRegion1_region_sz      
00000000  __TI_ATRegion1_src_addr       
00000000  __TI_ATRegion1_trg_addr       
00000000  __TI_ATRegion2_region_sz      
00000000  __TI_ATRegion2_src_addr       
00000000  __TI_ATRegion2_trg_addr       
00000000  __TI_static_base__            
00000000  interruptVectors              
00000200  __STACK_SIZE                  
00000200  __SYSMEM_SIZE                 
00000971  disk_ioctl                    
00000c29  f_read                        
00000ec1  f_open                        
00001131  disk_initialize               
00001359  main                          
0000155d  put_fat                       
000018f9  Clock_Init80MHz               
00001aad  ST7735_DrawCharS              
00001db9  get_fat                       
00002055  SPI1_Init                     
00002195  ADC_Init                      
00002627  __aeabi_idiv0                 
00002629  ST7735_FillRect               
00002741  disk_write                    
00002859  f_sync                        
0000296d  UART_Init                     
00002a55  disk_read                     
00002b39  ST7735_OutChar                
00002d71  TimerA1_IntArm                
00002ec9  diskError                     
00002f75  DAC_Init                      
0000301d  TimerG6_IntArm                
000030c5  TimerG7_IntArm                
00003359  ST7735_InitR                  
000033f1  f_mount                       
000035a1  ST7735_DrawString             
00003625  ST7735_OutUDec                
000036a9  LaunchPad_Init                
00003725  TIMA1_IRQHandler              
000037a1  __TI_decompress_lzss          
0000390d  ST7735_DrawPixel              
0000397d  SysTick_Handler               
000039ed  TFT_OutCommand                
00003a5d  disk_timerproc                
00003acd  TFT_OutData                   
00003c65  TExaS_Init                    
00003cbd  fillmessage                   
00003e91  SPI_Reset                     
00003ed1  TIMG7_IRQHandler              
00003f11  __aeabi_uidiv                 
00003f11  __aeabi_uidivmod              
00003f91  f_close                       
0000400d  __TI_auto_init_nobinit_nopinit
00004049  ActivatePortA_B               
00004081  clust2sect                    
000040ed  Clock_Delay1ms                
00004121  ST7735_SetCursor              
00004189  ST7735_Color565               
000041bd  disk_status                   
000041ed  ST7735_FillScreen             
000042c9  ADC_Start                     
000042f1  _c_int00_noargs               
00004319  ST7735_OutString              
00004365  CS_Init                       
000043a9  ADC0_IRQHandler               
000043a9  ADC1_IRQHandler               
000043a9  AES_IRQHandler                
000043a9  CANFD0_IRQHandler             
000043a9  DAC0_IRQHandler               
000043a9  DMA_IRQHandler                
000043a9  Default_Handler               
000043a9  GROUP0_IRQHandler             
000043a9  GROUP1_IRQHandler             
000043a9  I2C0_IRQHandler               
000043a9  I2C1_IRQHandler               
000043a9  NMI_Handler                   
000043a9  PendSV_Handler                
000043a9  RTC_IRQHandler                
000043a9  SPI0_IRQHandler               
000043a9  SPI1_IRQHandler               
000043a9  SVC_Handler                   
000043a9  TIMA0_IRQHandler              
000043a9  TIMG0_IRQHandler              
000043a9  TIMG12_IRQHandler             
000043a9  TIMG8_IRQHandler              
000043a9  UART0_IRQHandler              
000043a9  UART1_IRQHandler              
000043a9  UART2_IRQHandler              
000043a9  UART3_IRQHandler              
000043c5  HardFault_Handler             
000043e1  TIMG6_IRQHandler              
00004411  DAC_Out                       
00004425  ST7735_SetTextColor           
00004439  TI_memcpy_small               
0000444b  __TI_decompress_none          
0000445d  Clock_Delay                   
0000446d  Delay                         
0000447d  __TI_zero_init                
0000448d  TI_memset_small               
0000449d  Clock_Freq                    
000044a9  __aeabi_memclr                
000044a9  __aeabi_memclr4               
000044a9  __aeabi_memclr8               
000044b5  __aeabi_memcpy                
000044b5  __aeabi_memcpy4               
000044b5  __aeabi_memcpy8               
000044bd  abort                         
000044c2  C$$EXIT                       
000044c3  HOSTexit                      
000044c7  Reset_Handler                 
000044cb  _system_pre_init              
00004af4  __TI_Handler_Table_Base       
00004b00  __TI_Handler_Table_Limit      
00004b08  __TI_CINIT_Base               
00004b18  __TI_CINIT_Limit              
00004b18  __TI_CINIT_Warm               
20200000  __start___llvm_prf_bits       
20200000  __start___llvm_prf_cnts       
20200000  __stop___llvm_prf_bits        
20200000  __stop___llvm_prf_cnts        
20200234  Handle                        
20200458  SoundBuf                      
20200658  SoundBuf2                     
20200858  Message                       
20200870  BufCount                      
20200874  Count                         
20200878  Count8                        
2020087c  LCDresetFlag                  
20200880  Messageindex                  
20200884  TExaSLogic                    
20200888  TExaSadc                      
2020088c  back                          
20200890  back8                         
20200894  flag                          
20200898  flag8                         
2020089c  front                         
202008a0  front8                        
202008aa  Fresult                       
202008ab  InitStatus                    
202008ac  MountFresult                  
202008b0  _sys_memory                   
20200ab0  BusFreq                       
20200ab4  IdleTime                      
20200ab8  StX                           
20200abc  StY                           
20200ac0  StTextColor                   
20207e00  __stack                       
20208000  __STACK_END                   
ffffffff  __TI_pprof_out_hndl           
ffffffff  __TI_prof_data_size           
ffffffff  __TI_prof_data_start          
ffffffff  __binit__                     
ffffffff  binit                         
UNDEFED   __mpu_init                    
UNDEFED   _system_post_cinit            

[158 symbols]
