******************************************************************************
            TI ARM Clang Linker PC v4.0.4                      
******************************************************************************
>> Linked Tue Apr 14 13:08:26 2026

OUTPUT FILE NAME:   <ECE319K_Lab9.out>
ENTRY POINT SYMBOL: "_c_int00_noargs"  address: 00000a7d


MEMORY CONFIGURATION

         name            origin    length      used     unused   attr    fill
----------------------  --------  ---------  --------  --------  ----  --------
  FLASH                 00000000   00020000  00000c18  0001f3e8  R  X
  SRAM                  20200000   00008000  0000041d  00007be3  RW X
  BCR_CONFIG            41c00000   00000080  00000000  00000080  R   
  BSL_CONFIG            41c00100   00000080  00000000  00000080  R   


SEGMENT ALLOCATION MAP

run origin  load origin   length   init length attrs members
----------  ----------- ---------- ----------- ----- -------
00000000    00000000    00000c18   00000c18    r-x
  00000000    00000000    000000c0   000000c0    r-- .intvecs
  000000c0    000000c0    00000aa0   00000aa0    r-x .text
  00000b60    00000b60    00000080   00000080    r-- .rodata
  00000be0    00000be0    00000038   00000038    r-- .cinit
20200000    20200000    0000021f   00000000    rw-
  20200000    20200000    00000200   00000000    rw- .sysmem
  20200200    20200200    00000012   00000000    rw- .data
  20200214    20200214    0000000b   00000000    rw- .bss
20207e00    20207e00    00000200   00000000    rw-
  20207e00    20207e00    00000200   00000000    rw- .stack


SECTION ALLOCATION MAP

 output                                  attributes/
section   page    origin      length       input sections
--------  ----  ----------  ----------   ----------------
.intvecs   0    00000000    000000c0     
                  00000000    000000c0     startup_mspm0g3507_ticlang.o (.intvecs)

.text      0    000000c0    00000aa0     
                  000000c0    000001b4     Clock.o (.text.Clock_Init80MHz)
                  00000274    00000118     ST7735.o (.text.ST7735_FillRect)
                  0000038c    000000f8     SPI.o (.text.SPI_Init)
                  00000484    000000a2     ST7735.o (.text.commandList)
                  00000526    00000002     Sound.o (.text.SysTick_Handler)
                  00000528    00000098     ST7735.o (.text.ST7735_InitR)
                  000005c0    00000088     ST7735.o (.text.setAddrWindow)
                  00000648    0000007c     LaunchPad.o (.text.LaunchPad_Init)
                  000006c4    0000007c     libc.a : copy_decompress_lzss.c.obj (.text:decompress:lzss)
                  00000740    0000006c     JoystickRight.o (.text.JoystickRight_Init)
                  000007ac    00000048     SPI.o (.text.SPI_OutCommand)
                  000007f4    00000040     SPI.o (.text.SPI_Reset)
                  00000834    00000040     TExaS.o (.text.TIMG7_IRQHandler)
                  00000874    00000040     libclang_rt.builtins.a : aeabi_uidivmod.S.obj (.text.__aeabi_uidivmod)
                  000008b4    0000003c     libc.a : autoinit.c.obj (.text:__TI_auto_init_nobinit_nopinit)
                  000008f0    00000038     LaunchPad.o (.text.ActivatePortA_B)
                  00000928    00000038     SPI.o (.text.SPI_OutData)
                  00000960    00000034     Clock.o (.text.Clock_Delay1ms)
                  00000994    00000034     ST7735.o (.text.ST7735_SetCursor)
                  000009c8    00000030     ST7735.o (.text.commonInit)
                  000009f8    0000002e     Lab9Main.o (.text.main)
                  00000a26    00000002     libclang_rt.builtins.a : aeabi_div0.c.obj (.text.__aeabi_idiv0)
                  00000a28    0000002c     ST7735.o (.text.ST7735_FillScreen)
                  00000a54    00000028     Lab9Main.o (.text.TIMG12_IRQHandler)
                  00000a7c    00000028     libc.a : boot_cortex_m.c.obj (.text:_c_int00_noargs)
                  00000aa4    0000001c     startup_mspm0g3507_ticlang.o (.text.Default_Handler)
                  00000ac0    0000001c     startup_mspm0g3507_ticlang.o (.text.HardFault_Handler)
                  00000adc    00000016     libc.a : copy_zero_init.c.obj (.text:decompress:ZI:__TI_zero_init_nomemset)
                  00000af2    00000012            : memcpy16.S.obj (.text:TI_memcpy_small)
                  00000b04    00000012            : copy_decompress_none.c.obj (.text:decompress:none)
                  00000b16    00000010     Clock.o (.text.Clock_Delay)
                  00000b26    00000010     LaunchPad.o (.text.Delay)
                  00000b36    00000002     --HOLE-- [fill = 0]
                  00000b38    0000000c     Clock.o (.text.Clock_Freq)
                  00000b44    00000008     libclang_rt.builtins.a : aeabi_memcpy.S.obj (.text.__aeabi_memcpy)
                  00000b4c    00000006     libc.a : exit.c.obj (.text:abort)
                  00000b52    00000004     libsysbm.a : hostexit.c.obj (.text.HOSTexit)
                  00000b56    00000004     startup_mspm0g3507_ticlang.o (.text.Reset_Handler)
                  00000b5a    00000004     libc.a : pre_init.c.obj (.text._system_pre_init)
                  00000b5e    00000002     --HOLE-- [fill = 0]

.cinit     0    00000be0    00000038     
                  00000be0    00000012     (.cinit..data.load) [load image, compression = lzss]
                  00000bf2    00000002     --HOLE-- [fill = 0]
                  00000bf4    0000000c     (__TI_handler_table)
                  00000c00    00000008     (.cinit..bss.load) [load image, compression = zero_init]
                  00000c08    00000010     (__TI_cinit_table)

.rodata    0    00000b60    00000080     
                  00000b60    0000003b     ST7735.o (.rodata.Rcmd1)
                  00000b9b    0000002b     ST7735.o (.rodata.Rcmd3)
                  00000bc6    0000000d     ST7735.o (.rodata.Rcmd2green)
                  00000bd3    0000000d     ST7735.o (.rodata.Rcmd2red)

.init_array 
*          0    00000000    00000000     UNINITIALIZED

.binit     0    00000000    00000000     

.sysmem    0    20200000    00000200     UNINITIALIZED
                  20200000    00000010     libc.a : memory.c.obj (.sysmem)
                  20200010    000001f0     --HOLE--

.data      0    20200200    00000012     UNINITIALIZED
                  20200200    00000004     Clock.o (.data.BusFreq)
                  20200204    00000004     ST7735.o (.data.StX)
                  20200208    00000004     ST7735.o (.data.StY)
                  2020020c    00000002     ST7735.o (.data.StTextColor)
                  2020020e    00000002     ST7735.o (.data._height)
                  20200210    00000002     ST7735.o (.data._width)

.bss       0    20200214    0000000b     UNINITIALIZED
                  20200214    00000004     (.common:TExaSLogic)
                  20200218    00000004     (.common:TExaSadc)
                  2020021c    00000001     ST7735.o (.bss.ColStart)
                  2020021d    00000001     ST7735.o (.bss.RowStart)
                  2020021e    00000001     ST7735.o (.bss.TabColor)

.stack     0    20207e00    00000200     UNINITIALIZED
                  20207e00    00000004     libc.a : boot_cortex_m.c.obj (.stack)
                  20207e04    000001fc     --HOLE--

__llvm_prf_cnts 
*          0    20200000    00000000     UNINITIALIZED

__llvm_prf_bits 
*          0    20200000    00000000     UNINITIALIZED

MODULE SUMMARY

       Module                         code   ro data   rw data
       ------                         ----   -------   -------
    .\
       ST7735.o                       874    128       17     
       Clock.o                        516    0         4      
       SPI.o                          440    0         0      
       LaunchPad.o                    196    0         0      
       JoystickRight.o                108    0         0      
       Lab9Main.o                     86     0         0      
       TExaS.o                        64     0         8      
       Sound.o                        2      0         0      
    +--+------------------------------+------+---------+---------+
       Total:                         2286   128       29     
                                                              
    .\ticlang\
       startup_mspm0g3507_ticlang.o   60     192       0      
    +--+------------------------------+------+---------+---------+
       Total:                         60     192       0      
                                                              
    C:\ti\ccs2040\ccs\tools\compiler\ti-cgt-armllvm_4.0.4.LTS\lib\armv6m-ti-none-eabi/c/libc.a
       copy_decompress_lzss.c.obj     124    0         0      
       autoinit.c.obj                 60     0         0      
       boot_cortex_m.c.obj            40     0         0      
       copy_zero_init.c.obj           22     0         0      
       copy_decompress_none.c.obj     18     0         0      
       memcpy16.S.obj                 18     0         0      
       exit.c.obj                     6      0         0      
       pre_init.c.obj                 4      0         0      
    +--+------------------------------+------+---------+---------+
       Total:                         292    0         0      
                                                              
    C:\ti\ccs2040\ccs\tools\compiler\ti-cgt-armllvm_4.0.4.LTS\lib\armv6m-ti-none-eabi/c/libsysbm.a
       hostexit.c.obj                 4      0         0      
    +--+------------------------------+------+---------+---------+
       Total:                         4      0         0      
                                                              
    C:\ti\ccs2040\ccs\tools\compiler\ti-cgt-armllvm_4.0.4.LTS\lib\armv6m-ti-none-eabi/libclang_rt.builtins.a
       aeabi_uidivmod.S.obj           64     0         0      
       aeabi_memcpy.S.obj             8      0         0      
       aeabi_div0.c.obj               2      0         0      
    +--+------------------------------+------+---------+---------+
       Total:                         74     0         0      
                                                              
       Heap:                          0      0         512    
       Stack:                         0      0         512    
       Linker Generated:              0      54        0      
    +--+------------------------------+------+---------+---------+
       Grand Total:                   2716   374       1053   


LINKER GENERATED COPY TABLES

__TI_cinit_table @ 00000c08 records: 2, size/record: 8, table size: 16
	.data: load addr=00000be0, load size=00000012 bytes, run addr=20200200, run size=00000012 bytes, compression=lzss
	.bss: load addr=00000c00, load size=00000008 bytes, run addr=20200214, run size=0000000b bytes, compression=zero_init


LINKER GENERATED HANDLER TABLE

__TI_handler_table @ 00000bf4 records: 3, size/record: 4, table size: 12
	index: 0, handler: __TI_decompress_lzss
	index: 1, handler: __TI_decompress_none
	index: 2, handler: __TI_zero_init


GLOBAL SYMBOLS: SORTED ALPHABETICALLY BY Name 

address   name                          
-------   ----                          
00000aa5  ADC0_IRQHandler               
00000aa5  ADC1_IRQHandler               
00000aa5  AES_IRQHandler                
000008f1  ActivatePortA_B               
20200200  BusFreq                       
00000b52  C$$EXIT                       
00000aa5  CANFD0_IRQHandler             
00000b17  Clock_Delay                   
00000961  Clock_Delay1ms                
00000b39  Clock_Freq                    
000000c1  Clock_Init80MHz               
00000aa5  DAC0_IRQHandler               
00000aa5  DMA_IRQHandler                
00000aa5  Default_Handler               
00000b27  Delay                         
00000aa5  GROUP0_IRQHandler             
00000aa5  GROUP1_IRQHandler             
00000b53  HOSTexit                      
00000ac1  HardFault_Handler             
00000aa5  I2C0_IRQHandler               
00000aa5  I2C1_IRQHandler               
00000741  JoystickRight_Init            
00000649  LaunchPad_Init                
00000aa5  NMI_Handler                   
00000aa5  PendSV_Handler                
00000aa5  RTC_IRQHandler                
00000b57  Reset_Handler                 
00000aa5  SPI0_IRQHandler               
00000aa5  SPI1_IRQHandler               
0000038d  SPI_Init                      
000007ad  SPI_OutCommand                
00000929  SPI_OutData                   
000007f5  SPI_Reset                     
00000275  ST7735_FillRect               
00000a29  ST7735_FillScreen             
00000529  ST7735_InitR                  
00000995  ST7735_SetCursor              
00000aa5  SVC_Handler                   
2020020c  StTextColor                   
20200204  StX                           
20200208  StY                           
00000527  SysTick_Handler               
20200214  TExaSLogic                    
20200218  TExaSadc                      
00000aa5  TIMA0_IRQHandler              
00000aa5  TIMA1_IRQHandler              
00000aa5  TIMG0_IRQHandler              
00000a55  TIMG12_IRQHandler             
00000aa5  TIMG6_IRQHandler              
00000835  TIMG7_IRQHandler              
00000aa5  TIMG8_IRQHandler              
00000af3  TI_memcpy_small               
00000aa5  UART0_IRQHandler              
00000aa5  UART1_IRQHandler              
00000aa5  UART2_IRQHandler              
00000aa5  UART3_IRQHandler              
20208000  __STACK_END                   
00000200  __STACK_SIZE                  
00000200  __SYSMEM_SIZE                 
00000000  __TI_ATRegion0_region_sz      
00000000  __TI_ATRegion0_src_addr       
00000000  __TI_ATRegion0_trg_addr       
00000000  __TI_ATRegion1_region_sz      
00000000  __TI_ATRegion1_src_addr       
00000000  __TI_ATRegion1_trg_addr       
00000000  __TI_ATRegion2_region_sz      
00000000  __TI_ATRegion2_src_addr       
00000000  __TI_ATRegion2_trg_addr       
00000c08  __TI_CINIT_Base               
00000c18  __TI_CINIT_Limit              
00000c18  __TI_CINIT_Warm               
00000bf4  __TI_Handler_Table_Base       
00000c00  __TI_Handler_Table_Limit      
000008b5  __TI_auto_init_nobinit_nopinit
000006c5  __TI_decompress_lzss          
00000b05  __TI_decompress_none          
ffffffff  __TI_pprof_out_hndl           
ffffffff  __TI_prof_data_size           
ffffffff  __TI_prof_data_start          
00000000  __TI_static_base__            
00000add  __TI_zero_init_nomemset       
00000a27  __aeabi_idiv0                 
00000b45  __aeabi_memcpy                
00000b45  __aeabi_memcpy4               
00000b45  __aeabi_memcpy8               
00000875  __aeabi_uidiv                 
00000875  __aeabi_uidivmod              
ffffffff  __binit__                     
UNDEFED   __mpu_init                    
20207e00  __stack                       
20200000  __start___llvm_prf_bits       
20200000  __start___llvm_prf_cnts       
20200000  __stop___llvm_prf_bits        
20200000  __stop___llvm_prf_cnts        
00000a7d  _c_int00_noargs               
20200000  _sys_memory                   
UNDEFED   _system_post_cinit            
00000b5b  _system_pre_init              
00000b4d  abort                         
ffffffff  binit                         
00000000  interruptVectors              
000009f9  main                          


GLOBAL SYMBOLS: SORTED BY Symbol Address 

address   name                          
-------   ----                          
00000000  __TI_ATRegion0_region_sz      
00000000  __TI_ATRegion0_src_addr       
00000000  __TI_ATRegion0_trg_addr       
00000000  __TI_ATRegion1_region_sz      
00000000  __TI_ATRegion1_src_addr       
00000000  __TI_ATRegion1_trg_addr       
00000000  __TI_ATRegion2_region_sz      
00000000  __TI_ATRegion2_src_addr       
00000000  __TI_ATRegion2_trg_addr       
00000000  __TI_static_base__            
00000000  interruptVectors              
000000c1  Clock_Init80MHz               
00000200  __STACK_SIZE                  
00000200  __SYSMEM_SIZE                 
00000275  ST7735_FillRect               
0000038d  SPI_Init                      
00000527  SysTick_Handler               
00000529  ST7735_InitR                  
00000649  LaunchPad_Init                
000006c5  __TI_decompress_lzss          
00000741  JoystickRight_Init            
000007ad  SPI_OutCommand                
000007f5  SPI_Reset                     
00000835  TIMG7_IRQHandler              
00000875  __aeabi_uidiv                 
00000875  __aeabi_uidivmod              
000008b5  __TI_auto_init_nobinit_nopinit
000008f1  ActivatePortA_B               
00000929  SPI_OutData                   
00000961  Clock_Delay1ms                
00000995  ST7735_SetCursor              
000009f9  main                          
00000a27  __aeabi_idiv0                 
00000a29  ST7735_FillScreen             
00000a55  TIMG12_IRQHandler             
00000a7d  _c_int00_noargs               
00000aa5  ADC0_IRQHandler               
00000aa5  ADC1_IRQHandler               
00000aa5  AES_IRQHandler                
00000aa5  CANFD0_IRQHandler             
00000aa5  DAC0_IRQHandler               
00000aa5  DMA_IRQHandler                
00000aa5  Default_Handler               
00000aa5  GROUP0_IRQHandler             
00000aa5  GROUP1_IRQHandler             
00000aa5  I2C0_IRQHandler               
00000aa5  I2C1_IRQHandler               
00000aa5  NMI_Handler                   
00000aa5  PendSV_Handler                
00000aa5  RTC_IRQHandler                
00000aa5  SPI0_IRQHandler               
00000aa5  SPI1_IRQHandler               
00000aa5  SVC_Handler                   
00000aa5  TIMA0_IRQHandler              
00000aa5  TIMA1_IRQHandler              
00000aa5  TIMG0_IRQHandler              
00000aa5  TIMG6_IRQHandler              
00000aa5  TIMG8_IRQHandler              
00000aa5  UART0_IRQHandler              
00000aa5  UART1_IRQHandler              
00000aa5  UART2_IRQHandler              
00000aa5  UART3_IRQHandler              
00000ac1  HardFault_Handler             
00000add  __TI_zero_init_nomemset       
00000af3  TI_memcpy_small               
00000b05  __TI_decompress_none          
00000b17  Clock_Delay                   
00000b27  Delay                         
00000b39  Clock_Freq                    
00000b45  __aeabi_memcpy                
00000b45  __aeabi_memcpy4               
00000b45  __aeabi_memcpy8               
00000b4d  abort                         
00000b52  C$$EXIT                       
00000b53  HOSTexit                      
00000b57  Reset_Handler                 
00000b5b  _system_pre_init              
00000bf4  __TI_Handler_Table_Base       
00000c00  __TI_Handler_Table_Limit      
00000c08  __TI_CINIT_Base               
00000c18  __TI_CINIT_Limit              
00000c18  __TI_CINIT_Warm               
20200000  __start___llvm_prf_bits       
20200000  __start___llvm_prf_cnts       
20200000  __stop___llvm_prf_bits        
20200000  __stop___llvm_prf_cnts        
20200000  _sys_memory                   
20200200  BusFreq                       
20200204  StX                           
20200208  StY                           
2020020c  StTextColor                   
20200214  TExaSLogic                    
20200218  TExaSadc                      
20207e00  __stack                       
20208000  __STACK_END                   
ffffffff  __TI_pprof_out_hndl           
ffffffff  __TI_prof_data_size           
ffffffff  __TI_prof_data_start          
ffffffff  __binit__                     
ffffffff  binit                         
UNDEFED   __mpu_init                    
UNDEFED   _system_post_cinit            

[102 symbols]
