******************************************************************************
            TI ARM Clang Linker PC v4.0.4                      
******************************************************************************
>> Linked Sat Apr 18 17:19:55 2026

OUTPUT FILE NAME:   <ECE319K_Lab9.out>
ENTRY POINT SYMBOL: "_c_int00_noargs"  address: 000101c5


MEMORY CONFIGURATION

         name            origin    length      used     unused   attr    fill
----------------------  --------  ---------  --------  --------  ----  --------
  FLASH                 00000000   00020000  000103f8  0000fc08  R  X
  SRAM                  20200000   00008000  0000548b  00002b75  RW X
  BCR_CONFIG            41c00000   00000080  00000000  00000080  R   
  BSL_CONFIG            41c00100   00000080  00000000  00000080  R   


SEGMENT ALLOCATION MAP

run origin  load origin   length   init length attrs members
----------  ----------- ---------- ----------- ----- -------
00000000    00000000    000103f8   000103f8    r-x
  00000000    00000000    000000c0   000000c0    r-- .intvecs
  000000c0    000000c0    0000de60   0000de60    r-- .rodata
  0000df20    0000df20    00002468   00002468    r-x .text
  00010388    00010388    00000070   00000070    r-- .cinit
20200000    20200000    0000528c   00000000    rw-
  20200000    20200000    0000501f   00000000    rw- .bss
  20205020    20205020    00000200   00000000    rw- .sysmem
  20205220    20205220    0000006c   00000000    rw- .data
20207e00    20207e00    00000200   00000000    rw-
  20207e00    20207e00    00000200   00000000    rw- .stack


SECTION ALLOCATION MAP

 output                                  attributes/
section   page    origin      length       input sections
--------  ----  ----------  ----------   ----------------
.intvecs   0    00000000    000000c0     
                  00000000    000000c0     startup_mspm0g3507_ticlang.o (.intvecs)

.text      0    0000df20    00002468     
                  0000df20    00000b10     render3D.o (.text.raycast)
                  0000ea30    00000210     ST7735.o (.text.ST7735_DrawBitmap)
                  0000ec40    000001f4     fix16.o (.text.fix16_div)
                  0000ee34    000001b4     Clock.o (.text.Clock_Init80MHz)
                  0000efe8    00000154     ST7735.o (.text.ST7735_DrawTransparentBitmapOnBuffer)
                  0000f13c    00000118     ST7735.o (.text.ST7735_FillRect)
                  0000f254    000000f8     SPI.o (.text.SPI_Init)
                  0000f34c    000000f4     ST7735.o (.text.ST7735_SetRotation)
                  0000f440    000000e4     fix16_fast_trig_lut.o (.text.fix16_fast_sin)
                  0000f524    000000a8     Timer.o (.text.TimerG8_IntArm)
                  0000f5cc    000000a2     ST7735.o (.text.commandList)
                  0000f66e    00000002     libclang_rt.builtins.a : aeabi_div0.c.obj (.text.__aeabi_idiv0)
                  0000f670    00000098     ST7735.o (.text.ST7735_InitR)
                  0000f708    00000094     Timer.o (.text.TimerG12_IntArm)
                  0000f79c    00000088     ST7735.o (.text.setAddrWindow)
                  0000f824    0000007c     LaunchPad.o (.text.LaunchPad_Init)
                  0000f8a0    0000007c     libc.a : copy_decompress_lzss.c.obj (.text:decompress:lzss)
                  0000f91c    0000006e     fix16.o (.text.fix16_mul)
                  0000f98a    00000002     --HOLE-- [fill = 0]
                  0000f98c    0000006c     JoystickLeft.o (.text.JoystickLeft_Init)
                  0000f9f8    0000006c     JoystickRight.o (.text.JoystickRight_Init)
                  0000fa64    00000068     JoystickLeft.o (.text.JoystickLeft_getX)
                  0000facc    00000068     JoystickLeft.o (.text.JoystickLeft_getY)
                  0000fb34    00000068     JoystickRight.o (.text.JoystickRight_getX)
                  0000fb9c    00000056     libclang_rt.builtins.a : aeabi_idivmod.S.obj (.text.__aeabi_idivmod)
                  0000fbf2    00000002     --HOLE-- [fill = 0]
                  0000fbf4    00000054     DAC6.o (.text.DAC6_Init)
                  0000fc48    00000050     Sound.o (.text.SysTick_Handler)
                  0000fc98    00000050     Lab9Main.o (.text.main)
                  0000fce8    00000048     SPI.o (.text.SPI_OutCommand)
                  0000fd30    00000046     fix16.o (.text.fix16_add)
                  0000fd76    00000002     --HOLE-- [fill = 0]
                  0000fd78    00000044     Sound.o (.text.SysTick_IntArm)
                  0000fdbc    00000040     SPI.o (.text.SPI_Reset)
                  0000fdfc    00000040     Sound.o (.text.Sound_Start)
                  0000fe3c    00000040     TExaS.o (.text.TIMG7_IRQHandler)
                  0000fe7c    00000040     libclang_rt.builtins.a : aeabi_uidivmod.S.obj (.text.__aeabi_uidivmod)
                  0000febc    0000003c     DAC6.o (.text.DAC6_Out)
                  0000fef8    0000003c     libc.a : autoinit.c.obj (.text:__TI_auto_init_nobinit_nopinit)
                  0000ff34    0000003a     libclang_rt.builtins.a : muldsi3.S.obj (.text.__muldsi3)
                  0000ff6e    00000002     --HOLE-- [fill = 0]
                  0000ff70    00000038     LaunchPad.o (.text.ActivatePortA_B)
                  0000ffa8    00000038     SPI.o (.text.SPI_OutData)
                  0000ffe0    00000038     Switch.o (.text.TIMG12_IRQHandler)
                  00010018    00000034     Clock.o (.text.Clock_Delay1ms)
                  0001004c    00000034     ST7735.o (.text.ST7735_SetCursor)
                  00010080    00000034     Animations.o (.text.TIMG8_IRQHandler)
                  000100b4    00000030     Sound.o (.text.Sound_Init)
                  000100e4    00000030     ST7735.o (.text.commonInit)
                  00010114    0000002e     fixvector2d.o (.text.v2d_add)
                  00010142    00000002     --HOLE-- [fill = 0]
                  00010144    0000002c     ST7735.o (.text.ST7735_FillScreen)
                  00010170    0000002a     fixvector2d.o (.text.v2d_mul_s)
                  0001019a    00000002     --HOLE-- [fill = 0]
                  0001019c    00000028     Switch.o (.text.Switch_Init)
                  000101c4    00000028     libc.a : boot_cortex_m.c.obj (.text:_c_int00_noargs)
                  000101ec    00000024     libclang_rt.builtins.a : muldi3.S.obj (.text.__muldi3)
                  00010210    00000020     render3D.o (.text.fix16_abs)
                  00010230    0000001c     startup_mspm0g3507_ticlang.o (.text.Default_Handler)
                  0001024c    0000001c     startup_mspm0g3507_ticlang.o (.text.HardFault_Handler)
                  00010268    00000018     fix16_fast_trig_lut.o (.text.fix16_fast_cos)
                  00010280    00000014     Sound.o (.text.Sound_Shoot)
                  00010294    00000014     Switch.o (.text.Switch_Language)
                  000102a8    00000014     Switch.o (.text.Switch_Shoot)
                  000102bc    00000012     libc.a : memcpy16.S.obj (.text:TI_memcpy_small)
                  000102ce    00000012            : copy_decompress_none.c.obj (.text:decompress:none)
                  000102e0    00000010     Clock.o (.text.Clock_Delay)
                  000102f0    00000010     LaunchPad.o (.text.Delay)
                  00010300    00000010     Entities.o (.text.Player_Shoot)
                  00010310    00000010     libc.a : copy_zero_init.c.obj (.text:decompress:ZI)
                  00010320    0000000e     render3D.o (.text.fix16_to_int)
                  0001032e    0000000e     libc.a : memset16.S.obj (.text:TI_memset_small)
                  0001033c    0000000c     Clock.o (.text.Clock_Freq)
                  00010348    0000000c     libclang_rt.builtins.a : aeabi_memset.S.obj (.text.__aeabi_memclr)
                  00010354    0000000c     render3D.o (.text.fix16_from_int)
                  00010360    0000000a     Lab9Main.o (.text.PLL_Init)
                  0001036a    00000002     --HOLE-- [fill = 0]
                  0001036c    00000008     libclang_rt.builtins.a : aeabi_memcpy.S.obj (.text.__aeabi_memcpy)
                  00010374    00000006     libc.a : exit.c.obj (.text:abort)
                  0001037a    00000004     libsysbm.a : hostexit.c.obj (.text.HOSTexit)
                  0001037e    00000004     startup_mspm0g3507_ticlang.o (.text.Reset_Handler)
                  00010382    00000004     libc.a : pre_init.c.obj (.text._system_pre_init)
                  00010386    00000002     --HOLE-- [fill = 0]

.cinit     0    00010388    00000070     
                  00010388    0000004a     (.cinit..data.load) [load image, compression = lzss]
                  000103d2    00000002     --HOLE-- [fill = 0]
                  000103d4    0000000c     (__TI_handler_table)
                  000103e0    00000008     (.cinit..bss.load) [load image, compression = zero_init]
                  000103e8    00000010     (__TI_cinit_table)

.rodata    0    000000c0    0000de60     
                  000000c0    00002ee0     Animations.o (.rodata.shotgunShoot3)
                  00002fa0    00002a30     Animations.o (.rodata.shotgunShoot5)
                  000059d0    00002850     Animations.o (.rodata.shotgunShoot4)
                  00008220    000017e8     Animations.o (.rodata.shotgunShoot2)
                  00009a08    00001608     Animations.o (.rodata.shotgunShoot1)
                  0000b010    000012c0     Animations.o (.rodata.shotgunNormal)
                  0000c2d0    00001140     Sound.o (.rodata.shootShotgun)
                  0000d410    00000800     fix16_fast_trig_lut.o (.rodata.fastSineLookupTable)
                  0000dc10    00000240     Lab9Main.o (.rodata.worldMap)
                  0000de50    00000048     Animations.o (.rodata.crosshair)
                  0000de98    0000003b     ST7735.o (.rodata.Rcmd1)
                  0000ded3    0000002b     ST7735.o (.rodata.Rcmd3)
                  0000defe    0000000d     ST7735.o (.rodata.Rcmd2green)
                  0000df0b    0000000d     ST7735.o (.rodata.Rcmd2red)
                  0000df18    00000001     Animations.o (.rodata.crosshairHeight)
                  0000df19    00000001     Animations.o (.rodata.crosshairWidth)
                  0000df1a    00000006     --HOLE-- [fill = 0]

.init_array 
*          0    00000000    00000000     UNINITIALIZED

.binit     0    00000000    00000000     

.bss       0    20200000    0000501f     UNINITIALIZED
                  20200000    00005000     (.common:displayBuffer)
                  20205000    00000008     (.common:soundToPlay)
                  20205008    00000004     (.common:TExaSLogic)
                  2020500c    00000004     (.common:TExaSadc)
                  20205010    00000004     (.common:backgroundIdx)
                  20205014    00000004     (.common:soundIdx)
                  20205018    00000002     (.common:Player)
                  2020501a    00000001     ST7735.o (.bss.ColStart)
                  2020501b    00000001     ST7735.o (.bss.Rotation)
                  2020501c    00000001     ST7735.o (.bss.RowStart)
                  2020501d    00000001     ST7735.o (.bss.TabColor)
                  2020501e    00000001     (.common:soundCalled)

.sysmem    0    20205020    00000200     UNINITIALIZED
                  20205020    00000010     libc.a : memory.c.obj (.sysmem)
                  20205030    000001f0     --HOLE--

.data      0    20205220    0000006c     UNINITIALIZED
                  20205220    00000040     Animations.o (.data.shotgunShoot)
                  20205260    00000008     Lab9Main.o (.data.dir)
                  20205268    00000008     Lab9Main.o (.data.plane)
                  20205270    00000008     Lab9Main.o (.data.pos)
                  20205278    00000004     Clock.o (.data.BusFreq)
                  2020527c    00000004     ST7735.o (.data.StX)
                  20205280    00000004     ST7735.o (.data.StY)
                  20205284    00000002     ST7735.o (.data.StTextColor)
                  20205286    00000002     ST7735.o (.data._height)
                  20205288    00000002     ST7735.o (.data._width)
                  2020528a    00000001     Switch.o (.data.gunShot)
                  2020528b    00000001     Animations.o (.data.shootFrame)

.stack     0    20207e00    00000200     UNINITIALIZED
                  20207e00    00000004     libc.a : boot_cortex_m.c.obj (.stack)
                  20207e04    000001fc     --HOLE--

__llvm_prf_cnts 
*          0    20200000    00000000     UNINITIALIZED

__llvm_prf_bits 
*          0    20200000    00000000     UNINITIALIZED

MODULE SUMMARY

       Module                         code   ro data   rw data
       ------                         ----   -------   -------
    .\
       Animations.o                   52     49754     65     
       render3D.o                     2890   0         20480  
       Sound.o                        280    4416      17     
       ST7735.o                       1986   128       18     
       Lab9Main.o                     90     576       24     
       Clock.o                        516    0         4      
       SPI.o                          440    0         0      
       JoystickLeft.o                 316    0         0      
       Timer.o                        316    0         0      
       JoystickRight.o                212    0         0      
       LaunchPad.o                    196    0         0      
       DAC6.o                         144    0         0      
       Switch.o                       136    0         1      
       TExaS.o                        64     0         8      
       Entities.o                     16     0         2      
    +--+------------------------------+------+---------+---------+
       Total:                         7654   54874     20619  
                                                              
    .\Math\fix\
       fix16_fast_trig_lut.o          252    2048      0      
       fix16.o                        680    0         0      
    +--+------------------------------+------+---------+---------+
       Total:                         932    2048      0      
                                                              
    .\Math\lib_fixmatrix\
       fixvector2d.o                  88     0         0      
    +--+------------------------------+------+---------+---------+
       Total:                         88     0         0      
                                                              
    .\ticlang\
       startup_mspm0g3507_ticlang.o   60     192       0      
    +--+------------------------------+------+---------+---------+
       Total:                         60     192       0      
                                                              
    C:\ti\ccs2040\ccs\tools\compiler\ti-cgt-armllvm_4.0.4.LTS\lib\armv6m-ti-none-eabi/c/libc.a
       copy_decompress_lzss.c.obj     124    0         0      
       autoinit.c.obj                 60     0         0      
       boot_cortex_m.c.obj            40     0         0      
       copy_decompress_none.c.obj     18     0         0      
       memcpy16.S.obj                 18     0         0      
       copy_zero_init.c.obj           16     0         0      
       memset16.S.obj                 14     0         0      
       exit.c.obj                     6      0         0      
       pre_init.c.obj                 4      0         0      
    +--+------------------------------+------+---------+---------+
       Total:                         300    0         0      
                                                              
    C:\ti\ccs2040\ccs\tools\compiler\ti-cgt-armllvm_4.0.4.LTS\lib\armv6m-ti-none-eabi/c/libsysbm.a
       hostexit.c.obj                 4      0         0      
    +--+------------------------------+------+---------+---------+
       Total:                         4      0         0      
                                                              
    C:\ti\ccs2040\ccs\tools\compiler\ti-cgt-armllvm_4.0.4.LTS\lib\armv6m-ti-none-eabi/libclang_rt.builtins.a
       aeabi_idivmod.S.obj            86     0         0      
       aeabi_uidivmod.S.obj           64     0         0      
       muldsi3.S.obj                  58     0         0      
       muldi3.S.obj                   36     0         0      
       aeabi_memset.S.obj             12     0         0      
       aeabi_memcpy.S.obj             8      0         0      
       aeabi_div0.c.obj               2      0         0      
    +--+------------------------------+------+---------+---------+
       Total:                         266    0         0      
                                                              
       Heap:                          0      0         512    
       Stack:                         0      0         512    
       Linker Generated:              0      110       0      
    +--+------------------------------+------+---------+---------+
       Grand Total:                   9304   57224     21643  


LINKER GENERATED COPY TABLES

__TI_cinit_table @ 000103e8 records: 2, size/record: 8, table size: 16
	.data: load addr=00010388, load size=0000004a bytes, run addr=20205220, run size=0000006c bytes, compression=lzss
	.bss: load addr=000103e0, load size=00000008 bytes, run addr=20200000, run size=0000501f bytes, compression=zero_init


LINKER GENERATED HANDLER TABLE

__TI_handler_table @ 000103d4 records: 3, size/record: 4, table size: 12
	index: 0, handler: __TI_decompress_lzss
	index: 1, handler: __TI_decompress_none
	index: 2, handler: __TI_zero_init


GLOBAL SYMBOLS: SORTED ALPHABETICALLY BY Name 

address   name                                
-------   ----                                
00010231  ADC0_IRQHandler                     
00010231  ADC1_IRQHandler                     
00010231  AES_IRQHandler                      
0000ff71  ActivatePortA_B                     
20205278  BusFreq                             
0001037a  C$$EXIT                             
00010231  CANFD0_IRQHandler                   
000102e1  Clock_Delay                         
00010019  Clock_Delay1ms                      
0001033d  Clock_Freq                          
0000ee35  Clock_Init80MHz                     
00010231  DAC0_IRQHandler                     
0000fbf5  DAC6_Init                           
0000febd  DAC6_Out                            
00010231  DMA_IRQHandler                      
00010231  Default_Handler                     
000102f1  Delay                               
00010231  GROUP0_IRQHandler                   
00010231  GROUP1_IRQHandler                   
0001037b  HOSTexit                            
0001024d  HardFault_Handler                   
00010231  I2C0_IRQHandler                     
00010231  I2C1_IRQHandler                     
0000f98d  JoystickLeft_Init                   
0000fa65  JoystickLeft_getX                   
0000facd  JoystickLeft_getY                   
0000f9f9  JoystickRight_Init                  
0000fb35  JoystickRight_getX                  
0000f825  LaunchPad_Init                      
00010231  NMI_Handler                         
00010361  PLL_Init                            
00010231  PendSV_Handler                      
20205018  Player                              
00010301  Player_Shoot                        
00010231  RTC_IRQHandler                      
0001037f  Reset_Handler                       
00010231  SPI0_IRQHandler                     
00010231  SPI1_IRQHandler                     
0000f255  SPI_Init                            
0000fce9  SPI_OutCommand                      
0000ffa9  SPI_OutData                         
0000fdbd  SPI_Reset                           
0000ea31  ST7735_DrawBitmap                   
0000efe9  ST7735_DrawTransparentBitmapOnBuffer
0000f13d  ST7735_FillRect                     
00010145  ST7735_FillScreen                   
0000f671  ST7735_InitR                        
0001004d  ST7735_SetCursor                    
0000f34d  ST7735_SetRotation                  
00010231  SVC_Handler                         
000100b5  Sound_Init                          
00010281  Sound_Shoot                         
0000fdfd  Sound_Start                         
20205284  StTextColor                         
2020527c  StX                                 
20205280  StY                                 
0001019d  Switch_Init                         
00010295  Switch_Language                     
000102a9  Switch_Shoot                        
0000fc49  SysTick_Handler                     
0000fd79  SysTick_IntArm                      
20205008  TExaSLogic                          
2020500c  TExaSadc                            
00010231  TIMA0_IRQHandler                    
00010231  TIMA1_IRQHandler                    
00010231  TIMG0_IRQHandler                    
0000ffe1  TIMG12_IRQHandler                   
00010231  TIMG6_IRQHandler                    
0000fe3d  TIMG7_IRQHandler                    
00010081  TIMG8_IRQHandler                    
000102bd  TI_memcpy_small                     
0001032f  TI_memset_small                     
0000f709  TimerG12_IntArm                     
0000f525  TimerG8_IntArm                      
00010231  UART0_IRQHandler                    
00010231  UART1_IRQHandler                    
00010231  UART2_IRQHandler                    
00010231  UART3_IRQHandler                    
20208000  __STACK_END                         
00000200  __STACK_SIZE                        
00000200  __SYSMEM_SIZE                       
00000000  __TI_ATRegion0_region_sz            
00000000  __TI_ATRegion0_src_addr             
00000000  __TI_ATRegion0_trg_addr             
00000000  __TI_ATRegion1_region_sz            
00000000  __TI_ATRegion1_src_addr             
00000000  __TI_ATRegion1_trg_addr             
00000000  __TI_ATRegion2_region_sz            
00000000  __TI_ATRegion2_src_addr             
00000000  __TI_ATRegion2_trg_addr             
000103e8  __TI_CINIT_Base                     
000103f8  __TI_CINIT_Limit                    
000103f8  __TI_CINIT_Warm                     
000103d4  __TI_Handler_Table_Base             
000103e0  __TI_Handler_Table_Limit            
0000fef9  __TI_auto_init_nobinit_nopinit      
0000f8a1  __TI_decompress_lzss                
000102cf  __TI_decompress_none                
ffffffff  __TI_pprof_out_hndl                 
ffffffff  __TI_prof_data_size                 
ffffffff  __TI_prof_data_start                
00000000  __TI_static_base__                  
00010311  __TI_zero_init                      
0000fb9d  __aeabi_idiv                        
0000f66f  __aeabi_idiv0                       
0000fb9d  __aeabi_idivmod                     
000101ed  __aeabi_lmul                        
00010349  __aeabi_memclr                      
00010349  __aeabi_memclr4                     
00010349  __aeabi_memclr8                     
0001036d  __aeabi_memcpy                      
0001036d  __aeabi_memcpy4                     
0001036d  __aeabi_memcpy8                     
0000fe7d  __aeabi_uidiv                       
0000fe7d  __aeabi_uidivmod                    
ffffffff  __binit__                           
UNDEFED   __mpu_init                          
000101ed  __muldi3                            
0000ff35  __muldsi3                           
20207e00  __stack                             
20200000  __start___llvm_prf_bits             
20200000  __start___llvm_prf_cnts             
20200000  __stop___llvm_prf_bits              
20200000  __stop___llvm_prf_cnts              
000101c5  _c_int00_noargs                     
20205020  _sys_memory                         
UNDEFED   _system_post_cinit                  
00010383  _system_pre_init                    
00010375  abort                               
20205010  backgroundIdx                       
ffffffff  binit                               
0000de50  crosshair                           
0000df18  crosshairHeight                     
0000df19  crosshairWidth                      
20205260  dir                                 
20200000  displayBuffer                       
0000fd31  fix16_add                           
0000ec41  fix16_div                           
00010269  fix16_fast_cos                      
0000f441  fix16_fast_sin                      
0000f91d  fix16_mul                           
2020528a  gunShot                             
00000000  interruptVectors                    
0000fc99  main                                
20205268  plane                               
20205270  pos                                 
0000df21  raycast                             
2020528b  shootFrame                          
0000c2d0  shootShotgun                        
0000b010  shotgunNormal                       
20205220  shotgunShoot                        
00009a08  shotgunShoot1                       
00008220  shotgunShoot2                       
000000c0  shotgunShoot3                       
000059d0  shotgunShoot4                       
00002fa0  shotgunShoot5                       
2020501e  soundCalled                         
20205014  soundIdx                            
20205000  soundToPlay                         
00010115  v2d_add                             
00010171  v2d_mul_s                           
0000dc10  worldMap                            


GLOBAL SYMBOLS: SORTED BY Symbol Address 

address   name                                
-------   ----                                
00000000  __TI_ATRegion0_region_sz            
00000000  __TI_ATRegion0_src_addr             
00000000  __TI_ATRegion0_trg_addr             
00000000  __TI_ATRegion1_region_sz            
00000000  __TI_ATRegion1_src_addr             
00000000  __TI_ATRegion1_trg_addr             
00000000  __TI_ATRegion2_region_sz            
00000000  __TI_ATRegion2_src_addr             
00000000  __TI_ATRegion2_trg_addr             
00000000  __TI_static_base__                  
00000000  interruptVectors                    
000000c0  shotgunShoot3                       
00000200  __STACK_SIZE                        
00000200  __SYSMEM_SIZE                       
00002fa0  shotgunShoot5                       
000059d0  shotgunShoot4                       
00008220  shotgunShoot2                       
00009a08  shotgunShoot1                       
0000b010  shotgunNormal                       
0000c2d0  shootShotgun                        
0000dc10  worldMap                            
0000de50  crosshair                           
0000df18  crosshairHeight                     
0000df19  crosshairWidth                      
0000df21  raycast                             
0000ea31  ST7735_DrawBitmap                   
0000ec41  fix16_div                           
0000ee35  Clock_Init80MHz                     
0000efe9  ST7735_DrawTransparentBitmapOnBuffer
0000f13d  ST7735_FillRect                     
0000f255  SPI_Init                            
0000f34d  ST7735_SetRotation                  
0000f441  fix16_fast_sin                      
0000f525  TimerG8_IntArm                      
0000f66f  __aeabi_idiv0                       
0000f671  ST7735_InitR                        
0000f709  TimerG12_IntArm                     
0000f825  LaunchPad_Init                      
0000f8a1  __TI_decompress_lzss                
0000f91d  fix16_mul                           
0000f98d  JoystickLeft_Init                   
0000f9f9  JoystickRight_Init                  
0000fa65  JoystickLeft_getX                   
0000facd  JoystickLeft_getY                   
0000fb35  JoystickRight_getX                  
0000fb9d  __aeabi_idiv                        
0000fb9d  __aeabi_idivmod                     
0000fbf5  DAC6_Init                           
0000fc49  SysTick_Handler                     
0000fc99  main                                
0000fce9  SPI_OutCommand                      
0000fd31  fix16_add                           
0000fd79  SysTick_IntArm                      
0000fdbd  SPI_Reset                           
0000fdfd  Sound_Start                         
0000fe3d  TIMG7_IRQHandler                    
0000fe7d  __aeabi_uidiv                       
0000fe7d  __aeabi_uidivmod                    
0000febd  DAC6_Out                            
0000fef9  __TI_auto_init_nobinit_nopinit      
0000ff35  __muldsi3                           
0000ff71  ActivatePortA_B                     
0000ffa9  SPI_OutData                         
0000ffe1  TIMG12_IRQHandler                   
00010019  Clock_Delay1ms                      
0001004d  ST7735_SetCursor                    
00010081  TIMG8_IRQHandler                    
000100b5  Sound_Init                          
00010115  v2d_add                             
00010145  ST7735_FillScreen                   
00010171  v2d_mul_s                           
0001019d  Switch_Init                         
000101c5  _c_int00_noargs                     
000101ed  __aeabi_lmul                        
000101ed  __muldi3                            
00010231  ADC0_IRQHandler                     
00010231  ADC1_IRQHandler                     
00010231  AES_IRQHandler                      
00010231  CANFD0_IRQHandler                   
00010231  DAC0_IRQHandler                     
00010231  DMA_IRQHandler                      
00010231  Default_Handler                     
00010231  GROUP0_IRQHandler                   
00010231  GROUP1_IRQHandler                   
00010231  I2C0_IRQHandler                     
00010231  I2C1_IRQHandler                     
00010231  NMI_Handler                         
00010231  PendSV_Handler                      
00010231  RTC_IRQHandler                      
00010231  SPI0_IRQHandler                     
00010231  SPI1_IRQHandler                     
00010231  SVC_Handler                         
00010231  TIMA0_IRQHandler                    
00010231  TIMA1_IRQHandler                    
00010231  TIMG0_IRQHandler                    
00010231  TIMG6_IRQHandler                    
00010231  UART0_IRQHandler                    
00010231  UART1_IRQHandler                    
00010231  UART2_IRQHandler                    
00010231  UART3_IRQHandler                    
0001024d  HardFault_Handler                   
00010269  fix16_fast_cos                      
00010281  Sound_Shoot                         
00010295  Switch_Language                     
000102a9  Switch_Shoot                        
000102bd  TI_memcpy_small                     
000102cf  __TI_decompress_none                
000102e1  Clock_Delay                         
000102f1  Delay                               
00010301  Player_Shoot                        
00010311  __TI_zero_init                      
0001032f  TI_memset_small                     
0001033d  Clock_Freq                          
00010349  __aeabi_memclr                      
00010349  __aeabi_memclr4                     
00010349  __aeabi_memclr8                     
00010361  PLL_Init                            
0001036d  __aeabi_memcpy                      
0001036d  __aeabi_memcpy4                     
0001036d  __aeabi_memcpy8                     
00010375  abort                               
0001037a  C$$EXIT                             
0001037b  HOSTexit                            
0001037f  Reset_Handler                       
00010383  _system_pre_init                    
000103d4  __TI_Handler_Table_Base             
000103e0  __TI_Handler_Table_Limit            
000103e8  __TI_CINIT_Base                     
000103f8  __TI_CINIT_Limit                    
000103f8  __TI_CINIT_Warm                     
20200000  __start___llvm_prf_bits             
20200000  __start___llvm_prf_cnts             
20200000  __stop___llvm_prf_bits              
20200000  __stop___llvm_prf_cnts              
20200000  displayBuffer                       
20205000  soundToPlay                         
20205008  TExaSLogic                          
2020500c  TExaSadc                            
20205010  backgroundIdx                       
20205014  soundIdx                            
20205018  Player                              
2020501e  soundCalled                         
20205020  _sys_memory                         
20205220  shotgunShoot                        
20205260  dir                                 
20205268  plane                               
20205270  pos                                 
20205278  BusFreq                             
2020527c  StX                                 
20205280  StY                                 
20205284  StTextColor                         
2020528a  gunShot                             
2020528b  shootFrame                          
20207e00  __stack                             
20208000  __STACK_END                         
ffffffff  __TI_pprof_out_hndl                 
ffffffff  __TI_prof_data_size                 
ffffffff  __TI_prof_data_start                
ffffffff  __binit__                           
ffffffff  binit                               
UNDEFED   __mpu_init                          
UNDEFED   _system_post_cinit                  

[162 symbols]
