******************************************************************************
            TI ARM Clang Linker PC v4.0.4                      
******************************************************************************
>> Linked Mon Apr 20 05:39:50 2026

OUTPUT FILE NAME:   <ECE319K_Lab9.out>
ENTRY POINT SYMBOL: "_c_int00_noargs"  address: 0001ea6d


MEMORY CONFIGURATION

         name            origin    length      used     unused   attr    fill
----------------------  --------  ---------  --------  --------  ----  --------
  FLASH                 00000000   00020000  0001ed98  00001268  R  X
  SRAM                  20200000   00008000  00005705  000028fb  RW X
  BCR_CONFIG            41c00000   00000080  00000000  00000080  R   
  BSL_CONFIG            41c00100   00000080  00000000  00000080  R   


SEGMENT ALLOCATION MAP

run origin  load origin   length   init length attrs members
----------  ----------- ---------- ----------- ----- -------
00000000    00000000    0001ed98   0001ed98    r-x
  00000000    00000000    000000c0   000000c0    r-- .intvecs
  000000c0    000000c0    0001b078   0001b078    r-- .rodata
  0001b138    0001b138    00003bb0   00003bb0    r-x .text
  0001ece8    0001ece8    000000b0   000000b0    r-- .cinit
20200000    20200000    00005508   00000000    rw-
  20200000    20200000    0000501f   00000000    rw- .bss
  20205020    20205020    000002e6   00000000    rw- .data
  20205308    20205308    00000200   00000000    rw- .sysmem
20207e00    20207e00    00000200   00000000    rw-
  20207e00    20207e00    00000200   00000000    rw- .stack


SECTION ALLOCATION MAP

 output                                  attributes/
section   page    origin      length       input sections
--------  ----  ----------  ----------   ----------------
.intvecs   0    00000000    000000c0     
                  00000000    000000c0     startup_mspm0g3507_ticlang.o (.intvecs)

.text      0    0001b138    00003bb0     
                  0001b138    0000187c     render3D.o (.text.raycast)
                  0001c9b4    00000210     ST7735.o (.text.ST7735_DrawBitmap)
                  0001cbc4    000001f4     fix16.o (.text.fix16_div)
                  0001cdb8    000001b4     Clock.o (.text.Clock_Init80MHz)
                  0001cf6c    000001a4     ST7735.o (.text.ST7735_DrawCharS)
                  0001d110    00000170     Entities.o (.text.TIMG12_IRQHandler)
                  0001d280    00000164     ST7735.o (.text.ST7735_DrawTransparentBitmapOnBuffer)
                  0001d3e4    00000118     ST7735.o (.text.ST7735_FillRect)
                  0001d4fc    0000010c     Lab9Main.o (.text.main)
                  0001d608    000000f8     SPI.o (.text.SPI_Init)
                  0001d700    000000f8     render3D.o (.text.sortSprites)
                  0001d7f8    000000f4     ST7735.o (.text.ST7735_SetRotation)
                  0001d8ec    000000e4     Animations.o (.text.TIMG8_IRQHandler)
                  0001d9d0    000000e4     fix16_fast_trig_lut.o (.text.fix16_fast_sin)
                  0001dab4    000000d0     ST7735.o (.text.ST7735_OutCharTransparent)
                  0001db84    000000b0     ST7735.o (.text.ST7735_DrawFastHLine)
                  0001dc34    000000a8     Timer.o (.text.TimerG8_IntArm)
                  0001dcdc    000000a2     ST7735.o (.text.commandList)
                  0001dd7e    00000002     libclang_rt.builtins.a : aeabi_div0.c.obj (.text.__aeabi_idiv0)
                  0001dd80    00000098     ST7735.o (.text.ST7735_InitR)
                  0001de18    00000094     Timer.o (.text.TimerG12_IntArm)
                  0001deac    00000088     AMDAC4.o (.text.AMDAC4_Out)
                  0001df34    00000088     ST7735.o (.text.setAddrWindow)
                  0001dfbc    00000084     ST7735.o (.text.ST7735_DrawStringTransparent)
                  0001e040    0000007c     LaunchPad.o (.text.LaunchPad_Init)
                  0001e0bc    0000007c     libc.a : copy_decompress_lzss.c.obj (.text:decompress:lzss)
                  0001e138    00000070     ST7735.o (.text.ST7735_DrawPixel)
                  0001e1a8    0000006e     fix16.o (.text.fix16_mul)
                  0001e216    00000002     --HOLE-- [fill = 0]
                  0001e218    0000006c     JoystickLeft.o (.text.JoystickLeft_Init)
                  0001e284    0000006c     JoystickRight.o (.text.JoystickRight_Init)
                  0001e2f0    00000068     JoystickLeft.o (.text.JoystickLeft_getX)
                  0001e358    00000068     JoystickLeft.o (.text.JoystickLeft_getY)
                  0001e3c0    00000068     JoystickRight.o (.text.JoystickRight_getX)
                  0001e428    00000056     libclang_rt.builtins.a : aeabi_idivmod.S.obj (.text.__aeabi_idivmod)
                  0001e47e    00000002     --HOLE-- [fill = 0]
                  0001e480    00000054     DAC6.o (.text.DAC6_Init)
                  0001e4d4    00000050     Sound.o (.text.SysTick_Handler)
                  0001e524    00000048     AMDAC4.o (.text.AMDAC4_Init)
                  0001e56c    00000048     SPI.o (.text.SPI_OutCommand)
                  0001e5b4    00000046     fix16.o (.text.fix16_add)
                  0001e5fa    00000002     --HOLE-- [fill = 0]
                  0001e5fc    00000044     Sound.o (.text.SysTick_IntArm)
                  0001e640    00000040     HPDAC4.o (.text.HPDAC4_Init)
                  0001e680    00000040     SPI.o (.text.SPI_Reset)
                  0001e6c0    00000040     Sound.o (.text.Sound_Start)
                  0001e700    00000040     TExaS.o (.text.TIMG7_IRQHandler)
                  0001e740    00000040     libclang_rt.builtins.a : aeabi_uidivmod.S.obj (.text.__aeabi_uidivmod)
                  0001e780    0000003c     DAC6.o (.text.DAC6_Out)
                  0001e7bc    0000003c     libc.a : autoinit.c.obj (.text:__TI_auto_init_nobinit_nopinit)
                  0001e7f8    0000003a     libclang_rt.builtins.a : muldsi3.S.obj (.text.__muldsi3)
                  0001e832    00000002     --HOLE-- [fill = 0]
                  0001e834    00000038     LaunchPad.o (.text.ActivatePortA_B)
                  0001e86c    00000038     SPI.o (.text.SPI_OutData)
                  0001e8a4    00000034     Clock.o (.text.Clock_Delay1ms)
                  0001e8d8    00000034     ST7735.o (.text.ST7735_SetCursor)
                  0001e90c    00000030     ST7735.o (.text.commonInit)
                  0001e93c    0000002e     fixvector2d.o (.text.v2d_add)
                  0001e96a    00000002     --HOLE-- [fill = 0]
                  0001e96c    0000002c     HPDAC4.o (.text.HPDAC4_Out)
                  0001e998    0000002c     Entities.o (.text.Player_Damaged)
                  0001e9c4    0000002c     ST7735.o (.text.ST7735_FillScreen)
                  0001e9f0    0000002a     fixvector2d.o (.text.v2d_mul_s)
                  0001ea1a    00000002     --HOLE-- [fill = 0]
                  0001ea1c    00000028     Sound.o (.text.Sound_Init)
                  0001ea44    00000028     Switch.o (.text.Switch_Init)
                  0001ea6c    00000028     libc.a : boot_cortex_m.c.obj (.text:_c_int00_noargs)
                  0001ea94    00000026     ST7735.o (.text.ST7735_OutStringTransparent)
                  0001eaba    00000002     --HOLE-- [fill = 0]
                  0001eabc    00000024     libclang_rt.builtins.a : muldi3.S.obj (.text.__muldi3)
                  0001eae0    00000020     render3D.o (.text.fix16_abs)
                  0001eb00    0000001e     HPDAC4.o (.text.HPDAC4_HPOut)
                  0001eb1e    0000001e     ST7735.o (.text.pushColor)
                  0001eb3c    0000001c     startup_mspm0g3507_ticlang.o (.text.Default_Handler)
                  0001eb58    0000001c     startup_mspm0g3507_ticlang.o (.text.HardFault_Handler)
                  0001eb74    00000018     AMDAC4.o (.text.AMDAC4_AmmoOut)
                  0001eb8c    00000018     Entities.o (.text.Player_Init)
                  0001eba4    00000018     fix16_fast_trig_lut.o (.text.fix16_fast_cos)
                  0001ebbc    00000014     Sound.o (.text.Sound_Chamber)
                  0001ebd0    00000014     Sound.o (.text.Sound_Reload)
                  0001ebe4    00000014     Sound.o (.text.Sound_Shoot)
                  0001ebf8    00000014     Switch.o (.text.Switch_Shoot)
                  0001ec0c    00000012     libc.a : memcpy16.S.obj (.text:TI_memcpy_small)
                  0001ec1e    00000012            : copy_decompress_none.c.obj (.text:decompress:none)
                  0001ec30    00000010     Clock.o (.text.Clock_Delay)
                  0001ec40    00000010     LaunchPad.o (.text.Delay)
                  0001ec50    00000010     Entities.o (.text.Player_Reload)
                  0001ec60    00000010     Entities.o (.text.Player_Shoot)
                  0001ec70    00000010     libc.a : copy_zero_init.c.obj (.text:decompress:ZI)
                  0001ec80    0000000e     render3D.o (.text.fix16_to_int)
                  0001ec8e    0000000e     libc.a : memset16.S.obj (.text:TI_memset_small)
                  0001ec9c    0000000c     Clock.o (.text.Clock_Freq)
                  0001eca8    0000000c     libclang_rt.builtins.a : aeabi_memset.S.obj (.text.__aeabi_memclr)
                  0001ecb4    0000000c     render3D.o (.text.fix16_from_int)
                  0001ecc0    0000000a     Lab9Main.o (.text.PLL_Init)
                  0001ecca    00000002     --HOLE-- [fill = 0]
                  0001eccc    00000008     libclang_rt.builtins.a : aeabi_memcpy.S.obj (.text.__aeabi_memcpy)
                  0001ecd4    00000006     libc.a : exit.c.obj (.text:abort)
                  0001ecda    00000004     libsysbm.a : hostexit.c.obj (.text.HOSTexit)
                  0001ecde    00000004     startup_mspm0g3507_ticlang.o (.text.Reset_Handler)
                  0001ece2    00000004     libc.a : pre_init.c.obj (.text._system_pre_init)
                  0001ece6    00000002     --HOLE-- [fill = 0]

.cinit     0    0001ece8    000000b0     
                  0001ece8    00000088     (.cinit..data.load) [load image, compression = lzss]
                  0001ed70    0000000c     (__TI_handler_table)
                  0001ed7c    00000008     (.cinit..bss.load) [load image, compression = zero_init]
                  0001ed84    00000010     (__TI_cinit_table)
                  0001ed94    00000004     --HOLE-- [fill = 0]

.rodata    0    000000c0    0001b078     
                  000000c0    00003f00     Animations.o (.rodata.zombie2)
                  00003fc0    00003b00     Animations.o (.rodata.zombie1)
                  00007ac0    00002ee0     Animations.o (.rodata.shotgunShoot3)
                  0000a9a0    00002940     Animations.o (.rodata.reload3)
                  0000d2e0    00002850     Animations.o (.rodata.shotgunShoot4)
                  0000fb30    000023a0     Animations.o (.rodata.reload2)
                  00011ed0    00002080     Animations.o (.rodata.reload1)
                  00013f50    00001c11     Sound.o (.rodata.chamber)
                  00015b61    00000001     Animations.o (.rodata.crosshairHeight)
                  00015b62    000017e8     Animations.o (.rodata.shotgunShoot2)
                  0001734a    000012c0     Animations.o (.rodata.shotgunNormal)
                  0001860a    00001140     Sound.o (.rodata.shootGun)
                  0001974a    000009aa     Sound.o (.rodata.reload)
                  0001a0f4    00000800     fix16_fast_trig_lut.o (.rodata.fastSineLookupTable)
                  0001a8f4    000004fb     ST7735.o (.rodata.Font)
                  0001adef    00000240     Lab9Main.o (.rodata.worldMap)
                  0001b02f    00000001     Animations.o (.rodata.crosshairWidth)
                  0001b030    00000048     Animations.o (.rodata.crosshair)
                  0001b078    0000003b     ST7735.o (.rodata.Rcmd1)
                  0001b0b3    0000002b     ST7735.o (.rodata.Rcmd3)
                  0001b0de    00000016     ST7735.o (.rodata.str1.2132471336006292093.1)
                  0001b0f4    00000011     Lab9Main.o (.rodata.str1.17612660480073915159.1)
                  0001b105    0000000d     ST7735.o (.rodata.Rcmd2green)
                  0001b112    0000000d     ST7735.o (.rodata.Rcmd2red)
                  0001b11f    0000000b     Lab9Main.o (.rodata.str1.11818004548092502666.1)
                  0001b12a    00000009     Lab9Main.o (.rodata.str1.1552820457024920173.1)
                  0001b133    00000005     --HOLE-- [fill = 0]

.init_array 
*          0    00000000    00000000     UNINITIALIZED

.binit     0    00000000    00000000     

.bss       0    20200000    0000501f     UNINITIALIZED
                  20200000    00005000     (.common:displayBuffer)
                  20205000    00000008     (.common:soundToPlay)
                  20205008    00000006     (.common:Player)
                  2020500e    00000001     ST7735.o (.bss.ColStart)
                  2020500f    00000001     ST7735.o (.bss.Rotation)
                  20205010    00000004     (.common:TExaSLogic)
                  20205014    00000004     (.common:TExaSadc)
                  20205018    00000004     (.common:soundIdx)
                  2020501c    00000001     ST7735.o (.bss.RowStart)
                  2020501d    00000001     ST7735.o (.bss.TabColor)
                  2020501e    00000001     (.common:soundCalled)

.data      0    20205020    000002e6     UNINITIALIZED
                  20205020    00000180     Entities.o (.data.zombies)
                  202051a0    000000a8     Animations.o (.data.shotgunReload)
                  20205248    00000040     Animations.o (.data.shotgunShoot)
                  20205288    00000040     Entities.o (.data.zombieCooldowns)
                  202052c8    00000008     Lab9Main.o (.data.dir)
                  202052d0    00000008     Lab9Main.o (.data.plane)
                  202052d8    00000008     Lab9Main.o (.data.pos)
                  202052e0    00000008     Animations.o (.data.shotgunNeutral)
                  202052e8    00000004     Clock.o (.data.BusFreq)
                  202052ec    00000004     ST7735.o (.data.StX)
                  202052f0    00000004     ST7735.o (.data.StY)
                  202052f4    00000004     Animations.o (.data.shotgun)
                  202052f8    00000004     Entities.o (.data.zombieCount)
                  202052fc    00000002     ST7735.o (.data.StTextColor)
                  202052fe    00000002     ST7735.o (.data._height)
                  20205300    00000002     ST7735.o (.data._width)
                  20205302    00000001     Animations.o (.data.frame)
                  20205303    00000001     Entities.o (.data.gunRaysShot)
                  20205304    00000001     Entities.o (.data.gunReload)
                  20205305    00000001     Entities.o (.data.gunShot)

.sysmem    0    20205308    00000200     UNINITIALIZED
                  20205308    00000010     libc.a : memory.c.obj (.sysmem)
                  20205318    000001f0     --HOLE--

.stack     0    20207e00    00000200     UNINITIALIZED
                  20207e00    00000004     libc.a : boot_cortex_m.c.obj (.stack)
                  20207e04    000001fc     --HOLE--

__llvm_prf_cnts 
*          0    20200000    00000000     UNINITIALIZED

__llvm_prf_bits 
*          0    20200000    00000000     UNINITIALIZED

MODULE SUMMARY

       Module                         code    ro data   rw data
       ------                         ----    -------   -------
    .\
       Animations.o                   228     92546     245    
       render3D.o                     6574    0         20480  
       Sound.o                        312     14075     13     
       ST7735.o                       3118    1425      18     
       Entities.o                     468     0         461    
       Lab9Main.o                     278     613       24     
       Clock.o                        516     0         4      
       SPI.o                          440     0         0      
       JoystickLeft.o                 316     0         0      
       Timer.o                        316     0         0      
       AMDAC4.o                       232     0         0      
       JoystickRight.o                212     0         0      
       LaunchPad.o                    196     0         0      
       DAC6.o                         144     0         0      
       HPDAC4.o                       138     0         0      
       TExaS.o                        64      0         8      
       Switch.o                       60      0         0      
    +--+------------------------------+-------+---------+---------+
       Total:                         13612   108659    21253  
                                                               
    .\Math\fix\
       fix16_fast_trig_lut.o          252     2048      0      
       fix16.o                        680     0         0      
    +--+------------------------------+-------+---------+---------+
       Total:                         932     2048      0      
                                                               
    .\Math\lib_fixmatrix\
       fixvector2d.o                  88      0         0      
    +--+------------------------------+-------+---------+---------+
       Total:                         88      0         0      
                                                               
    .\ticlang\
       startup_mspm0g3507_ticlang.o   60      192       0      
    +--+------------------------------+-------+---------+---------+
       Total:                         60      192       0      
                                                               
    C:\ti\ccs2040\ccs\tools\compiler\ti-cgt-armllvm_4.0.4.LTS\lib\armv6m-ti-none-eabi/c/libc.a
       copy_decompress_lzss.c.obj     124     0         0      
       autoinit.c.obj                 60      0         0      
       boot_cortex_m.c.obj            40      0         0      
       copy_decompress_none.c.obj     18      0         0      
       memcpy16.S.obj                 18      0         0      
       copy_zero_init.c.obj           16      0         0      
       memset16.S.obj                 14      0         0      
       exit.c.obj                     6       0         0      
       pre_init.c.obj                 4       0         0      
    +--+------------------------------+-------+---------+---------+
       Total:                         300     0         0      
                                                               
    C:\ti\ccs2040\ccs\tools\compiler\ti-cgt-armllvm_4.0.4.LTS\lib\armv6m-ti-none-eabi/c/libsysbm.a
       hostexit.c.obj                 4       0         0      
    +--+------------------------------+-------+---------+---------+
       Total:                         4       0         0      
                                                               
    C:\ti\ccs2040\ccs\tools\compiler\ti-cgt-armllvm_4.0.4.LTS\lib\armv6m-ti-none-eabi/libclang_rt.builtins.a
       aeabi_idivmod.S.obj            86      0         0      
       aeabi_uidivmod.S.obj           64      0         0      
       muldsi3.S.obj                  58      0         0      
       muldi3.S.obj                   36      0         0      
       aeabi_memset.S.obj             12      0         0      
       aeabi_memcpy.S.obj             8       0         0      
       aeabi_div0.c.obj               2       0         0      
    +--+------------------------------+-------+---------+---------+
       Total:                         266     0         0      
                                                               
       Heap:                          0       0         512    
       Stack:                         0       0         512    
       Linker Generated:              0       172       0      
    +--+------------------------------+-------+---------+---------+
       Grand Total:                   15262   111071    22277  


LINKER GENERATED COPY TABLES

__TI_cinit_table @ 0001ed84 records: 2, size/record: 8, table size: 16
	.data: load addr=0001ece8, load size=00000088 bytes, run addr=20205020, run size=000002e6 bytes, compression=lzss
	.bss: load addr=0001ed7c, load size=00000008 bytes, run addr=20200000, run size=0000501f bytes, compression=zero_init


LINKER GENERATED HANDLER TABLE

__TI_handler_table @ 0001ed70 records: 3, size/record: 4, table size: 12
	index: 0, handler: __TI_decompress_lzss
	index: 1, handler: __TI_decompress_none
	index: 2, handler: __TI_zero_init


GLOBAL SYMBOLS: SORTED ALPHABETICALLY BY Name 

address   name                                
-------   ----                                
0001eb3d  ADC0_IRQHandler                     
0001eb3d  ADC1_IRQHandler                     
0001eb3d  AES_IRQHandler                      
0001eb75  AMDAC4_AmmoOut                      
0001e525  AMDAC4_Init                         
0001dead  AMDAC4_Out                          
0001e835  ActivatePortA_B                     
202052e8  BusFreq                             
0001ecda  C$$EXIT                             
0001eb3d  CANFD0_IRQHandler                   
0001ec31  Clock_Delay                         
0001e8a5  Clock_Delay1ms                      
0001ec9d  Clock_Freq                          
0001cdb9  Clock_Init80MHz                     
0001eb3d  DAC0_IRQHandler                     
0001e481  DAC6_Init                           
0001e781  DAC6_Out                            
0001eb3d  DMA_IRQHandler                      
0001eb3d  Default_Handler                     
0001ec41  Delay                               
0001eb3d  GROUP0_IRQHandler                   
0001eb3d  GROUP1_IRQHandler                   
0001ecdb  HOSTexit                            
0001eb01  HPDAC4_HPOut                        
0001e641  HPDAC4_Init                         
0001e96d  HPDAC4_Out                          
0001eb59  HardFault_Handler                   
0001eb3d  I2C0_IRQHandler                     
0001eb3d  I2C1_IRQHandler                     
0001e219  JoystickLeft_Init                   
0001e2f1  JoystickLeft_getX                   
0001e359  JoystickLeft_getY                   
0001e285  JoystickRight_Init                  
0001e3c1  JoystickRight_getX                  
0001e041  LaunchPad_Init                      
0001eb3d  NMI_Handler                         
0001ecc1  PLL_Init                            
0001eb3d  PendSV_Handler                      
20205008  Player                              
0001e999  Player_Damaged                      
0001eb8d  Player_Init                         
0001ec51  Player_Reload                       
0001ec61  Player_Shoot                        
0001eb3d  RTC_IRQHandler                      
0001ecdf  Reset_Handler                       
0001eb3d  SPI0_IRQHandler                     
0001eb3d  SPI1_IRQHandler                     
0001d609  SPI_Init                            
0001e56d  SPI_OutCommand                      
0001e86d  SPI_OutData                         
0001e681  SPI_Reset                           
0001c9b5  ST7735_DrawBitmap                   
0001cf6d  ST7735_DrawCharS                    
0001db85  ST7735_DrawFastHLine                
0001e139  ST7735_DrawPixel                    
0001dfbd  ST7735_DrawStringTransparent        
0001d281  ST7735_DrawTransparentBitmapOnBuffer
0001d3e5  ST7735_FillRect                     
0001e9c5  ST7735_FillScreen                   
0001dd81  ST7735_InitR                        
0001dab5  ST7735_OutCharTransparent           
0001ea95  ST7735_OutStringTransparent         
0001e8d9  ST7735_SetCursor                    
0001d7f9  ST7735_SetRotation                  
0001eb3d  SVC_Handler                         
0001ebbd  Sound_Chamber                       
0001ea1d  Sound_Init                          
0001ebd1  Sound_Reload                        
0001ebe5  Sound_Shoot                         
0001e6c1  Sound_Start                         
202052fc  StTextColor                         
202052ec  StX                                 
202052f0  StY                                 
0001ea45  Switch_Init                         
0001ebf9  Switch_Shoot                        
0001e4d5  SysTick_Handler                     
0001e5fd  SysTick_IntArm                      
20205010  TExaSLogic                          
20205014  TExaSadc                            
0001eb3d  TIMA0_IRQHandler                    
0001eb3d  TIMA1_IRQHandler                    
0001eb3d  TIMG0_IRQHandler                    
0001d111  TIMG12_IRQHandler                   
0001eb3d  TIMG6_IRQHandler                    
0001e701  TIMG7_IRQHandler                    
0001d8ed  TIMG8_IRQHandler                    
0001ec0d  TI_memcpy_small                     
0001ec8f  TI_memset_small                     
0001de19  TimerG12_IntArm                     
0001dc35  TimerG8_IntArm                      
0001eb3d  UART0_IRQHandler                    
0001eb3d  UART1_IRQHandler                    
0001eb3d  UART2_IRQHandler                    
0001eb3d  UART3_IRQHandler                    
20208000  __STACK_END                         
00000200  __STACK_SIZE                        
00000200  __SYSMEM_SIZE                       
00000000  __TI_ATRegion0_region_sz            
00000000  __TI_ATRegion0_src_addr             
00000000  __TI_ATRegion0_trg_addr             
00000000  __TI_ATRegion1_region_sz            
00000000  __TI_ATRegion1_src_addr             
00000000  __TI_ATRegion1_trg_addr             
00000000  __TI_ATRegion2_region_sz            
00000000  __TI_ATRegion2_src_addr             
00000000  __TI_ATRegion2_trg_addr             
0001ed84  __TI_CINIT_Base                     
0001ed94  __TI_CINIT_Limit                    
0001ed94  __TI_CINIT_Warm                     
0001ed70  __TI_Handler_Table_Base             
0001ed7c  __TI_Handler_Table_Limit            
0001e7bd  __TI_auto_init_nobinit_nopinit      
0001e0bd  __TI_decompress_lzss                
0001ec1f  __TI_decompress_none                
ffffffff  __TI_pprof_out_hndl                 
ffffffff  __TI_prof_data_size                 
ffffffff  __TI_prof_data_start                
00000000  __TI_static_base__                  
0001ec71  __TI_zero_init                      
0001e429  __aeabi_idiv                        
0001dd7f  __aeabi_idiv0                       
0001e429  __aeabi_idivmod                     
0001eabd  __aeabi_lmul                        
0001eca9  __aeabi_memclr                      
0001eca9  __aeabi_memclr4                     
0001eca9  __aeabi_memclr8                     
0001eccd  __aeabi_memcpy                      
0001eccd  __aeabi_memcpy4                     
0001eccd  __aeabi_memcpy8                     
0001e741  __aeabi_uidiv                       
0001e741  __aeabi_uidivmod                    
ffffffff  __binit__                           
UNDEFED   __mpu_init                          
0001eabd  __muldi3                            
0001e7f9  __muldsi3                           
20207e00  __stack                             
20200000  __start___llvm_prf_bits             
20200000  __start___llvm_prf_cnts             
20200000  __stop___llvm_prf_bits              
20200000  __stop___llvm_prf_cnts              
0001ea6d  _c_int00_noargs                     
20205308  _sys_memory                         
UNDEFED   _system_post_cinit                  
0001ece3  _system_pre_init                    
0001ecd5  abort                               
ffffffff  binit                               
00013f50  chamber                             
0001b030  crosshair                           
00015b61  crosshairHeight                     
0001b02f  crosshairWidth                      
202052c8  dir                                 
20200000  displayBuffer                       
0001e5b5  fix16_add                           
0001cbc5  fix16_div                           
0001eba5  fix16_fast_cos                      
0001d9d1  fix16_fast_sin                      
0001e1a9  fix16_mul                           
20205302  frame                               
20205303  gunRaysShot                         
20205304  gunReload                           
20205305  gunShot                             
00000000  interruptVectors                    
0001d4fd  main                                
202052d0  plane                               
202052d8  pos                                 
0001b139  raycast                             
0001974a  reload                              
00011ed0  reload1                             
0000fb30  reload2                             
0000a9a0  reload3                             
0001860a  shootGun                            
202052f4  shotgun                             
202052e0  shotgunNeutral                      
0001734a  shotgunNormal                       
202051a0  shotgunReload                       
20205248  shotgunShoot                        
00015b62  shotgunShoot2                       
00007ac0  shotgunShoot3                       
0000d2e0  shotgunShoot4                       
0001d701  sortSprites                         
2020501e  soundCalled                         
20205018  soundIdx                            
20205000  soundToPlay                         
0001e93d  v2d_add                             
0001e9f1  v2d_mul_s                           
0001adef  worldMap                            
00003fc0  zombie1                             
000000c0  zombie2                             
20205288  zombieCooldowns                     
202052f8  zombieCount                         
20205020  zombies                             


GLOBAL SYMBOLS: SORTED BY Symbol Address 

address   name                                
-------   ----                                
00000000  __TI_ATRegion0_region_sz            
00000000  __TI_ATRegion0_src_addr             
00000000  __TI_ATRegion0_trg_addr             
00000000  __TI_ATRegion1_region_sz            
00000000  __TI_ATRegion1_src_addr             
00000000  __TI_ATRegion1_trg_addr             
00000000  __TI_ATRegion2_region_sz            
00000000  __TI_ATRegion2_src_addr             
00000000  __TI_ATRegion2_trg_addr             
00000000  __TI_static_base__                  
00000000  interruptVectors                    
000000c0  zombie2                             
00000200  __STACK_SIZE                        
00000200  __SYSMEM_SIZE                       
00003fc0  zombie1                             
00007ac0  shotgunShoot3                       
0000a9a0  reload3                             
0000d2e0  shotgunShoot4                       
0000fb30  reload2                             
00011ed0  reload1                             
00013f50  chamber                             
00015b61  crosshairHeight                     
00015b62  shotgunShoot2                       
0001734a  shotgunNormal                       
0001860a  shootGun                            
0001974a  reload                              
0001adef  worldMap                            
0001b02f  crosshairWidth                      
0001b030  crosshair                           
0001b139  raycast                             
0001c9b5  ST7735_DrawBitmap                   
0001cbc5  fix16_div                           
0001cdb9  Clock_Init80MHz                     
0001cf6d  ST7735_DrawCharS                    
0001d111  TIMG12_IRQHandler                   
0001d281  ST7735_DrawTransparentBitmapOnBuffer
0001d3e5  ST7735_FillRect                     
0001d4fd  main                                
0001d609  SPI_Init                            
0001d701  sortSprites                         
0001d7f9  ST7735_SetRotation                  
0001d8ed  TIMG8_IRQHandler                    
0001d9d1  fix16_fast_sin                      
0001dab5  ST7735_OutCharTransparent           
0001db85  ST7735_DrawFastHLine                
0001dc35  TimerG8_IntArm                      
0001dd7f  __aeabi_idiv0                       
0001dd81  ST7735_InitR                        
0001de19  TimerG12_IntArm                     
0001dead  AMDAC4_Out                          
0001dfbd  ST7735_DrawStringTransparent        
0001e041  LaunchPad_Init                      
0001e0bd  __TI_decompress_lzss                
0001e139  ST7735_DrawPixel                    
0001e1a9  fix16_mul                           
0001e219  JoystickLeft_Init                   
0001e285  JoystickRight_Init                  
0001e2f1  JoystickLeft_getX                   
0001e359  JoystickLeft_getY                   
0001e3c1  JoystickRight_getX                  
0001e429  __aeabi_idiv                        
0001e429  __aeabi_idivmod                     
0001e481  DAC6_Init                           
0001e4d5  SysTick_Handler                     
0001e525  AMDAC4_Init                         
0001e56d  SPI_OutCommand                      
0001e5b5  fix16_add                           
0001e5fd  SysTick_IntArm                      
0001e641  HPDAC4_Init                         
0001e681  SPI_Reset                           
0001e6c1  Sound_Start                         
0001e701  TIMG7_IRQHandler                    
0001e741  __aeabi_uidiv                       
0001e741  __aeabi_uidivmod                    
0001e781  DAC6_Out                            
0001e7bd  __TI_auto_init_nobinit_nopinit      
0001e7f9  __muldsi3                           
0001e835  ActivatePortA_B                     
0001e86d  SPI_OutData                         
0001e8a5  Clock_Delay1ms                      
0001e8d9  ST7735_SetCursor                    
0001e93d  v2d_add                             
0001e96d  HPDAC4_Out                          
0001e999  Player_Damaged                      
0001e9c5  ST7735_FillScreen                   
0001e9f1  v2d_mul_s                           
0001ea1d  Sound_Init                          
0001ea45  Switch_Init                         
0001ea6d  _c_int00_noargs                     
0001ea95  ST7735_OutStringTransparent         
0001eabd  __aeabi_lmul                        
0001eabd  __muldi3                            
0001eb01  HPDAC4_HPOut                        
0001eb3d  ADC0_IRQHandler                     
0001eb3d  ADC1_IRQHandler                     
0001eb3d  AES_IRQHandler                      
0001eb3d  CANFD0_IRQHandler                   
0001eb3d  DAC0_IRQHandler                     
0001eb3d  DMA_IRQHandler                      
0001eb3d  Default_Handler                     
0001eb3d  GROUP0_IRQHandler                   
0001eb3d  GROUP1_IRQHandler                   
0001eb3d  I2C0_IRQHandler                     
0001eb3d  I2C1_IRQHandler                     
0001eb3d  NMI_Handler                         
0001eb3d  PendSV_Handler                      
0001eb3d  RTC_IRQHandler                      
0001eb3d  SPI0_IRQHandler                     
0001eb3d  SPI1_IRQHandler                     
0001eb3d  SVC_Handler                         
0001eb3d  TIMA0_IRQHandler                    
0001eb3d  TIMA1_IRQHandler                    
0001eb3d  TIMG0_IRQHandler                    
0001eb3d  TIMG6_IRQHandler                    
0001eb3d  UART0_IRQHandler                    
0001eb3d  UART1_IRQHandler                    
0001eb3d  UART2_IRQHandler                    
0001eb3d  UART3_IRQHandler                    
0001eb59  HardFault_Handler                   
0001eb75  AMDAC4_AmmoOut                      
0001eb8d  Player_Init                         
0001eba5  fix16_fast_cos                      
0001ebbd  Sound_Chamber                       
0001ebd1  Sound_Reload                        
0001ebe5  Sound_Shoot                         
0001ebf9  Switch_Shoot                        
0001ec0d  TI_memcpy_small                     
0001ec1f  __TI_decompress_none                
0001ec31  Clock_Delay                         
0001ec41  Delay                               
0001ec51  Player_Reload                       
0001ec61  Player_Shoot                        
0001ec71  __TI_zero_init                      
0001ec8f  TI_memset_small                     
0001ec9d  Clock_Freq                          
0001eca9  __aeabi_memclr                      
0001eca9  __aeabi_memclr4                     
0001eca9  __aeabi_memclr8                     
0001ecc1  PLL_Init                            
0001eccd  __aeabi_memcpy                      
0001eccd  __aeabi_memcpy4                     
0001eccd  __aeabi_memcpy8                     
0001ecd5  abort                               
0001ecda  C$$EXIT                             
0001ecdb  HOSTexit                            
0001ecdf  Reset_Handler                       
0001ece3  _system_pre_init                    
0001ed70  __TI_Handler_Table_Base             
0001ed7c  __TI_Handler_Table_Limit            
0001ed84  __TI_CINIT_Base                     
0001ed94  __TI_CINIT_Limit                    
0001ed94  __TI_CINIT_Warm                     
20200000  __start___llvm_prf_bits             
20200000  __start___llvm_prf_cnts             
20200000  __stop___llvm_prf_bits              
20200000  __stop___llvm_prf_cnts              
20200000  displayBuffer                       
20205000  soundToPlay                         
20205008  Player                              
20205010  TExaSLogic                          
20205014  TExaSadc                            
20205018  soundIdx                            
2020501e  soundCalled                         
20205020  zombies                             
202051a0  shotgunReload                       
20205248  shotgunShoot                        
20205288  zombieCooldowns                     
202052c8  dir                                 
202052d0  plane                               
202052d8  pos                                 
202052e0  shotgunNeutral                      
202052e8  BusFreq                             
202052ec  StX                                 
202052f0  StY                                 
202052f4  shotgun                             
202052f8  zombieCount                         
202052fc  StTextColor                         
20205302  frame                               
20205303  gunRaysShot                         
20205304  gunReload                           
20205305  gunShot                             
20205308  _sys_memory                         
20207e00  __stack                             
20208000  __STACK_END                         
ffffffff  __TI_pprof_out_hndl                 
ffffffff  __TI_prof_data_size                 
ffffffff  __TI_prof_data_start                
ffffffff  __binit__                           
ffffffff  binit                               
UNDEFED   __mpu_init                          
UNDEFED   _system_post_cinit                  

[191 symbols]
