******************************************************************************
            TI ARM Clang Linker PC v4.0.4                      
******************************************************************************
>> Linked Tue Apr 21 02:49:20 2026

OUTPUT FILE NAME:   <ECE319K_Lab9.out>
ENTRY POINT SYMBOL: "_c_int00_noargs"  address: 0001b481


MEMORY CONFIGURATION

         name            origin    length      used     unused   attr    fill
----------------------  --------  ---------  --------  --------  ----  --------
  FLASH                 00000000   00020000  0001c778  00003888  R  X
  SRAM                  20200000   00008000  00006f82  0000107e  RW X
  BCR_CONFIG            41c00000   00000080  00000000  00000080  R   
  BSL_CONFIG            41c00100   00000080  00000000  00000080  R   


SEGMENT ALLOCATION MAP

run origin  load origin   length   init length attrs members
----------  ----------- ---------- ----------- ----- -------
00000000    00000000    0001c778   0001c778    r-x
  00000000    00000000    000000c0   000000c0    r-- .intvecs
  000000c0    000000c0    00017af8   00017af8    r-- .rodata
  00017bb8    00017bb8    00003b98   00003b98    r-x .text
  0001b750    0001b750    00001028   00001028    r-- .cinit
20200000    20200000    00006d88   00000000    rw-
  20200000    20200000    000050a4   00000000    rw- .bss
  202050a4    202050a4    00001ade   00000000    rw- .data
  20206b88    20206b88    00000200   00000000    rw- .sysmem
20207e00    20207e00    00000200   00000000    rw-
  20207e00    20207e00    00000200   00000000    rw- .stack


SECTION ALLOCATION MAP

 output                                  attributes/
section   page    origin      length       input sections
--------  ----  ----------  ----------   ----------------
.intvecs   0    00000000    000000c0     
                  00000000    000000c0     startup_mspm0g3507_ticlang.o (.intvecs)

.text      0    00017bb8    00003b98     
                  00017bb8    00001210     render3D.o (.text.raycast)
                  00018dc8    00000240     Entities.o (.text.TIMG12_IRQHandler)
                  00019008    00000210     ST7735.o (.text.ST7735_DrawBitmap)
                  00019218    000001f4     fix16.o (.text.fix16_div)
                  0001940c    000001b4     Clock.o (.text.Clock_Init80MHz)
                  000195c0    000001a4     ST7735.o (.text.ST7735_DrawCharS)
                  00019764    00000174     Entities.o (.text.Player_Shoot)
                  000198d8    00000164     ST7735.o (.text.ST7735_DrawTransparentBitmapOnBuffer)
                  00019a3c    00000160     Lab9Main.o (.text.main)
                  00019b9c    00000124     fix16_sqrt.o (.text.fix16_sqrt)
                  00019cc0    00000118     ST7735.o (.text.ST7735_FillRect)
                  00019dd8    00000104     ST7735.o (.text.ST7735_DrawBitmapTransparent)
                  00019edc    000000f8     SPI.o (.text.SPI_Init)
                  00019fd4    000000f8     render3D.o (.text.sortSprites)
                  0001a0cc    000000f4     ST7735.o (.text.ST7735_SetRotation)
                  0001a1c0    000000e4     Animations.o (.text.TIMG8_IRQHandler)
                  0001a2a4    000000e4     fix16_fast_trig_lut.o (.text.fix16_fast_sin)
                  0001a388    000000d0     ST7735.o (.text.ST7735_OutCharTransparent)
                  0001a458    000000b0     ST7735.o (.text.ST7735_DrawFastHLine)
                  0001a508    000000a8     Timer.o (.text.TimerG8_IntArm)
                  0001a5b0    000000a2     ST7735.o (.text.commandList)
                  0001a652    00000002     libclang_rt.builtins.a : aeabi_div0.c.obj (.text.__aeabi_idiv0)
                  0001a654    00000098     ST7735.o (.text.ST7735_InitR)
                  0001a6ec    00000094     Timer.o (.text.TimerG12_IntArm)
                  0001a780    00000088     AMDAC4.o (.text.AMDAC4_Out)
                  0001a808    00000088     Entities.o (.text.Spawn_Zombie)
                  0001a890    00000088     ST7735.o (.text.setAddrWindow)
                  0001a918    00000084     ST7735.o (.text.ST7735_DrawStringTransparent)
                  0001a99c    00000080     Entities.o (.text.Zombie_Damaged)
                  0001aa1c    0000007c     LaunchPad.o (.text.LaunchPad_Init)
                  0001aa98    0000007c     libc.a : copy_decompress_lzss.c.obj (.text:decompress:lzss)
                  0001ab14    00000070     ST7735.o (.text.ST7735_DrawPixel)
                  0001ab84    0000006e     fix16.o (.text.fix16_mul)
                  0001abf2    00000002     libc.a : _lock.c.obj (.text._nop)
                  0001abf4    0000006c     JoystickLeft.o (.text.JoystickLeft_Init)
                  0001ac60    0000006c     JoystickRight.o (.text.JoystickRight_Init)
                  0001accc    00000068     JoystickLeft.o (.text.JoystickLeft_getX)
                  0001ad34    00000068     JoystickLeft.o (.text.JoystickLeft_getY)
                  0001ad9c    00000068     JoystickRight.o (.text.JoystickRight_getX)
                  0001ae04    00000056     libclang_rt.builtins.a : aeabi_idivmod.S.obj (.text.__aeabi_idivmod)
                  0001ae5a    00000002     --HOLE-- [fill = 0]
                  0001ae5c    00000054     DAC6.o (.text.DAC6_Init)
                  0001aeb0    00000050     Sound.o (.text.SysTick_Handler)
                  0001af00    00000048     AMDAC4.o (.text.AMDAC4_Init)
                  0001af48    00000048     SPI.o (.text.SPI_OutCommand)
                  0001af90    00000046     fix16.o (.text.fix16_add)
                  0001afd6    00000002     --HOLE-- [fill = 0]
                  0001afd8    00000044     Sound.o (.text.SysTick_IntArm)
                  0001b01c    00000040     HPDAC4.o (.text.HPDAC4_Init)
                  0001b05c    00000040     SPI.o (.text.SPI_Reset)
                  0001b09c    00000040     Sound.o (.text.Sound_Start)
                  0001b0dc    00000040     TExaS.o (.text.TIMG7_IRQHandler)
                  0001b11c    00000040     libclang_rt.builtins.a : aeabi_uidivmod.S.obj (.text.__aeabi_uidivmod)
                  0001b15c    0000003c     DAC6.o (.text.DAC6_Out)
                  0001b198    0000003c     libc.a : autoinit.c.obj (.text:__TI_auto_init_nobinit_nopinit)
                  0001b1d4    0000003a     libclang_rt.builtins.a : muldsi3.S.obj (.text.__muldsi3)
                  0001b20e    00000002     --HOLE-- [fill = 0]
                  0001b210    00000038     LaunchPad.o (.text.ActivatePortA_B)
                  0001b248    00000038     SPI.o (.text.SPI_OutData)
                  0001b280    00000038     libc.a : rand.c.obj (.text.rand)
                  0001b2b8    00000034     Clock.o (.text.Clock_Delay1ms)
                  0001b2ec    00000034     ST7735.o (.text.ST7735_SetCursor)
                  0001b320    00000030     ST7735.o (.text.commonInit)
                  0001b350    0000002e     fixvector2d.o (.text.v2d_add)
                  0001b37e    00000002     --HOLE-- [fill = 0]
                  0001b380    0000002c     HPDAC4.o (.text.HPDAC4_Out)
                  0001b3ac    0000002c     Entities.o (.text.Player_Damaged)
                  0001b3d8    0000002c     ST7735.o (.text.ST7735_FillScreen)
                  0001b404    0000002a     fixvector2d.o (.text.v2d_mul_s)
                  0001b42e    00000002     --HOLE-- [fill = 0]
                  0001b430    00000028     Sound.o (.text.Sound_Init)
                  0001b458    00000028     Switch.o (.text.Switch_Init)
                  0001b480    00000028     libc.a : boot_cortex_m.c.obj (.text:_c_int00_noargs)
                  0001b4a8    00000026     ST7735.o (.text.ST7735_OutStringTransparent)
                  0001b4ce    00000002     --HOLE-- [fill = 0]
                  0001b4d0    00000024     libclang_rt.builtins.a : muldi3.S.obj (.text.__muldi3)
                  0001b4f4    00000020     Language.o (.text.Language_Switch)
                  0001b514    00000020     render3D.o (.text.fix16_abs)
                  0001b534    0000001e     HPDAC4.o (.text.HPDAC4_HPOut)
                  0001b552    0000001e     ST7735.o (.text.pushColor)
                  0001b570    0000001c     startup_mspm0g3507_ticlang.o (.text.Default_Handler)
                  0001b58c    0000001c     startup_mspm0g3507_ticlang.o (.text.HardFault_Handler)
                  0001b5a8    00000018     AMDAC4.o (.text.AMDAC4_AmmoOut)
                  0001b5c0    00000018     Entities.o (.text.Player_Init)
                  0001b5d8    00000018     fix16_fast_trig_lut.o (.text.fix16_fast_cos)
                  0001b5f0    00000014     Sound.o (.text.Sound_Chamber)
                  0001b604    00000014     Sound.o (.text.Sound_Damaged)
                  0001b618    00000014     Sound.o (.text.Sound_Reload)
                  0001b62c    00000014     Sound.o (.text.Sound_Shoot)
                  0001b640    00000014     Switch.o (.text.Switch_Language)
                  0001b654    00000014     Switch.o (.text.Switch_Shoot)
                  0001b668    00000012     libc.a : memcpy16.S.obj (.text:TI_memcpy_small)
                  0001b67a    00000012            : copy_decompress_none.c.obj (.text:decompress:none)
                  0001b68c    00000010     Clock.o (.text.Clock_Delay)
                  0001b69c    00000010     LaunchPad.o (.text.Delay)
                  0001b6ac    00000010     Entities.o (.text.Player_Reload)
                  0001b6bc    00000010     libc.a : copy_zero_init.c.obj (.text:decompress:ZI)
                  0001b6cc    0000000e     Entities.o (.text.fix16_to_int)
                  0001b6da    0000000e     render3D.o (.text.fix16_to_int)
                  0001b6e8    0000000e     libc.a : memset16.S.obj (.text:TI_memset_small)
                  0001b6f6    00000002     --HOLE-- [fill = 0]
                  0001b6f8    0000000c     Clock.o (.text.Clock_Freq)
                  0001b704    0000000c     Language.o (.text.Language_Init)
                  0001b710    0000000c     libclang_rt.builtins.a : aeabi_memset.S.obj (.text.__aeabi_memclr)
                  0001b71c    0000000c     render3D.o (.text.fix16_from_int)
                  0001b728    0000000a     Lab9Main.o (.text.PLL_Init)
                  0001b732    00000002     --HOLE-- [fill = 0]
                  0001b734    00000008     libclang_rt.builtins.a : aeabi_memcpy.S.obj (.text.__aeabi_memcpy)
                  0001b73c    00000006     libc.a : exit.c.obj (.text:abort)
                  0001b742    00000004     libsysbm.a : hostexit.c.obj (.text.HOSTexit)
                  0001b746    00000004     startup_mspm0g3507_ticlang.o (.text.Reset_Handler)
                  0001b74a    00000004     libc.a : pre_init.c.obj (.text._system_pre_init)
                  0001b74e    00000002     --HOLE-- [fill = 0]

.cinit     0    0001b750    00001028     
                  0001b750    00001001     (.cinit..data.load) [load image, compression = lzss]
                  0001c751    00000003     --HOLE-- [fill = 0]
                  0001c754    0000000c     (__TI_handler_table)
                  0001c760    00000008     (.cinit..bss.load) [load image, compression = zero_init]
                  0001c768    00000010     (__TI_cinit_table)

.rodata    0    000000c0    00017af8     
                  000000c0    00003b00     images.o (.rodata.zombie1)
                  00003bc0    00002ee0     images.o (.rodata.shotgunShoot3)
                  00006aa0    00002940     images.o (.rodata.reload3)
                  000093e0    00002850     images.o (.rodata.shotgunShoot4)
                  0000bc30    000023a0     images.o (.rodata.reload2)
                  0000dfd0    00002080     images.o (.rodata.reload1)
                  00010050    00001c11     Sound.o (.rodata.chamber)
                  00011c61    00000001     images.o (.rodata.crosshairHeight)
                  00011c62    000017e8     images.o (.rodata.shotgunShoot2)
                  0001344a    000012c0     images.o (.rodata.shotgunNormal)
                  0001470a    00001140     Sound.o (.rodata.shootGun)
                  0001584a    000009aa     Sound.o (.rodata.reload)
                  000161f4    00000966     Sound.o (.rodata.damaged)
                  00016b5a    00000800     fix16_fast_trig_lut.o (.rodata.fastSineLookupTable)
                  0001735a    000004fb     ST7735.o (.rodata.Font)
                  00017855    00000240     Lab9Main.o (.rodata.worldMap)
                  00017a95    00000001     images.o (.rodata.crosshairWidth)
                  00017a96    00000048     images.o (.rodata.crosshair)
                  00017ade    0000003b     ST7735.o (.rodata.Rcmd1)
                  00017b19    0000002b     ST7735.o (.rodata.Rcmd3)
                  00017b44    00000016     ST7735.o (.rodata.str1.2132471336006292093.1)
                  00017b5a    00000011     Language.o (.rodata.str1.12342158081114120698.1)
                  00017b6b    0000000f     Language.o (.rodata.str1.5333028195687833906.1)
                  00017b7a    0000000d     ST7735.o (.rodata.Rcmd2green)
                  00017b87    0000000d     ST7735.o (.rodata.Rcmd2red)
                  00017b94    0000000b     Language.o (.rodata.str1.5714278379454200997.1)
                  00017b9f    0000000a     Language.o (.rodata.str1.7950458361806698135.1)
                  00017ba9    00000003     --HOLE-- [fill = 0]
                  00017bac    00000004     Lab9Main.o (.rodata.mapHeight)
                  00017bb0    00000004     Lab9Main.o (.rodata.mapWidth)
                  00017bb4    00000004     --HOLE-- [fill = 0]

.init_array 
*          0    00000000    00000000     UNINITIALIZED

.binit     0    00000000    00000000     

.bss       0    20200000    000050a4     UNINITIALIZED
                  20200000    00005000     (.common:displayBuffer)
                  20205000    00000040     (.common:spriteDistance)
                  20205040    00000040     (.common:spriteOrder)
                  20205080    00000008     (.common:soundToPlay)
                  20205088    00000006     (.common:Player)
                  2020508e    00000001     ST7735.o (.bss.ColStart)
                  2020508f    00000001     ST7735.o (.bss.Rotation)
                  20205090    00000004     (.common:TExaSLogic)
                  20205094    00000004     (.common:TExaSadc)
                  20205098    00000004     (.common:score)
                  2020509c    00000004     (.common:soundIdx)
                  202050a0    00000001     ST7735.o (.bss.RowStart)
                  202050a1    00000001     ST7735.o (.bss.TabColor)
                  202050a2    00000001     (.common:currentLanguage)
                  202050a3    00000001     (.common:soundCalled)

.data      0    202050a4    00001ade     UNINITIALIZED
                  202050a4    00000d5c     images.o (.data.youDiedSpanish)
                  20205e00    00000a64     images.o (.data.youDiedEnglish)
                  20206864    000001c0     Entities.o (.data.zombies)
                  20206a24    000000a8     Animations.o (.data.shotgunReload)
                  20206acc    00000040     Animations.o (.data.shotgunShoot)
                  20206b0c    00000028     Language.o (.data.myLanguages)
                  20206b34    00000008     Lab9Main.o (.data.dir)
                  20206b3c    00000008     Lab9Main.o (.data.plane)
                  20206b44    00000008     Lab9Main.o (.data.pos)
                  20206b4c    00000008     Animations.o (.data.shotgunNeutral)
                  20206b54    00000004     Clock.o (.data.BusFreq)
                  20206b58    00000004     ST7735.o (.data.StX)
                  20206b5c    00000004     ST7735.o (.data.StY)
                  20206b60    00000004     libc.a : _lock.c.obj (.data._lock)
                  20206b64    00000004            : _lock.c.obj (.data._unlock)
                  20206b68    00000004            : rand.c.obj (.data.next)
                  20206b6c    00000004     Animations.o (.data.shotgun)
                  20206b70    00000004     Entities.o (.data.spawnCoefficient)
                  20206b74    00000004     Entities.o (.data.zombieCount)
                  20206b78    00000002     ST7735.o (.data.StTextColor)
                  20206b7a    00000002     ST7735.o (.data._height)
                  20206b7c    00000002     ST7735.o (.data._width)
                  20206b7e    00000001     Animations.o (.data.frame)
                  20206b7f    00000001     Entities.o (.data.gunRaysShot)
                  20206b80    00000001     Entities.o (.data.gunReload)
                  20206b81    00000001     Entities.o (.data.gunShot)

.sysmem    0    20206b88    00000200     UNINITIALIZED
                  20206b88    00000010     libc.a : memory.c.obj (.sysmem)
                  20206b98    000001f0     --HOLE--

.stack     0    20207e00    00000200     UNINITIALIZED
                  20207e00    00000004     libc.a : boot_cortex_m.c.obj (.stack)
                  20207e04    000001fc     --HOLE--

__llvm_prf_cnts 
*          0    20200000    00000000     UNINITIALIZED

__llvm_prf_bits 
*          0    20200000    00000000     UNINITIALIZED

MODULE SUMMARY

       Module                         code    ro data   rw data
       ------                         ----    -------   -------
    .\
       render3D.o                     4930    0         20608  
       Sound.o                        332     16481     13     
       ST7735.o                       3378    1425      18     
       Entities.o                     1310    0         469    
       Lab9Main.o                     362     584       24     
       Clock.o                        516     0         4      
       Animations.o                   228     0         245    
       SPI.o                          440     0         0      
       JoystickLeft.o                 316     0         0      
       Timer.o                        316     0         0      
       AMDAC4.o                       232     0         0      
       JoystickRight.o                212     0         0      
       LaunchPad.o                    196     0         0      
       DAC6.o                         144     0         0      
       HPDAC4.o                       138     0         0      
       Language.o                     44      53        41     
       Switch.o                       80      0         0      
       TExaS.o                        64      0         8      
    +--+------------------------------+-------+---------+---------+
       Total:                         13238   18543     21430  
                                                               
    .\Math\fix\
       fix16_fast_trig_lut.o          252     2048      0      
       fix16.o                        680     0         0      
       fix16_sqrt.o                   292     0         0      
    +--+------------------------------+-------+---------+---------+
       Total:                         1224    2048      0      
                                                               
    .\Math\lib_fixmatrix\
       fixvector2d.o                  88      0         0      
    +--+------------------------------+-------+---------+---------+
       Total:                         88      0         0      
                                                               
    .\images\
       images.o                       0       76418     6080   
    +--+------------------------------+-------+---------+---------+
       Total:                         0       76418     6080   
                                                               
    .\ticlang\
       startup_mspm0g3507_ticlang.o   60      192       0      
    +--+------------------------------+-------+---------+---------+
       Total:                         60      192       0      
                                                               
    C:\ti\ccs2040\ccs\tools\compiler\ti-cgt-armllvm_4.0.4.LTS\lib\armv6m-ti-none-eabi/c/libc.a
       copy_decompress_lzss.c.obj     124     0         0      
       autoinit.c.obj                 60      0         0      
       rand.c.obj                     56      0         4      
       boot_cortex_m.c.obj            40      0         0      
       copy_decompress_none.c.obj     18      0         0      
       memcpy16.S.obj                 18      0         0      
       copy_zero_init.c.obj           16      0         0      
       memset16.S.obj                 14      0         0      
       _lock.c.obj                    2       0         8      
       exit.c.obj                     6       0         0      
       pre_init.c.obj                 4       0         0      
    +--+------------------------------+-------+---------+---------+
       Total:                         358     0         12     
                                                               
    C:\ti\ccs2040\ccs\tools\compiler\ti-cgt-armllvm_4.0.4.LTS\lib\armv6m-ti-none-eabi/c/libsysbm.a
       hostexit.c.obj                 4       0         0      
    +--+------------------------------+-------+---------+---------+
       Total:                         4       0         0      
                                                               
    C:\ti\ccs2040\ccs\tools\compiler\ti-cgt-armllvm_4.0.4.LTS\lib\armv6m-ti-none-eabi/libclang_rt.builtins.a
       aeabi_idivmod.S.obj            86      0         0      
       aeabi_uidivmod.S.obj           64      0         0      
       muldsi3.S.obj                  58      0         0      
       muldi3.S.obj                   36      0         0      
       aeabi_memset.S.obj             12      0         0      
       aeabi_memcpy.S.obj             8       0         0      
       aeabi_div0.c.obj               2       0         0      
    +--+------------------------------+-------+---------+---------+
       Total:                         266     0         0      
                                                               
       Heap:                          0       0         512    
       Stack:                         0       0         512    
       Linker Generated:              0       4133      0      
    +--+------------------------------+-------+---------+---------+
       Grand Total:                   15238   101334    28546  


LINKER GENERATED COPY TABLES

__TI_cinit_table @ 0001c768 records: 2, size/record: 8, table size: 16
	.data: load addr=0001b750, load size=00001001 bytes, run addr=202050a4, run size=00001ade bytes, compression=lzss
	.bss: load addr=0001c760, load size=00000008 bytes, run addr=20200000, run size=000050a4 bytes, compression=zero_init


LINKER GENERATED HANDLER TABLE

__TI_handler_table @ 0001c754 records: 3, size/record: 4, table size: 12
	index: 0, handler: __TI_decompress_lzss
	index: 1, handler: __TI_decompress_none
	index: 2, handler: __TI_zero_init


GLOBAL SYMBOLS: SORTED ALPHABETICALLY BY Name 

address   name                                
-------   ----                                
0001b571  ADC0_IRQHandler                     
0001b571  ADC1_IRQHandler                     
0001b571  AES_IRQHandler                      
0001b5a9  AMDAC4_AmmoOut                      
0001af01  AMDAC4_Init                         
0001a781  AMDAC4_Out                          
0001b211  ActivatePortA_B                     
20206b54  BusFreq                             
0001b742  C$$EXIT                             
0001b571  CANFD0_IRQHandler                   
0001b68d  Clock_Delay                         
0001b2b9  Clock_Delay1ms                      
0001b6f9  Clock_Freq                          
0001940d  Clock_Init80MHz                     
0001b571  DAC0_IRQHandler                     
0001ae5d  DAC6_Init                           
0001b15d  DAC6_Out                            
0001b571  DMA_IRQHandler                      
0001b571  Default_Handler                     
0001b69d  Delay                               
0001b571  GROUP0_IRQHandler                   
0001b571  GROUP1_IRQHandler                   
0001b743  HOSTexit                            
0001b535  HPDAC4_HPOut                        
0001b01d  HPDAC4_Init                         
0001b381  HPDAC4_Out                          
0001b58d  HardFault_Handler                   
0001b571  I2C0_IRQHandler                     
0001b571  I2C1_IRQHandler                     
0001abf5  JoystickLeft_Init                   
0001accd  JoystickLeft_getX                   
0001ad35  JoystickLeft_getY                   
0001ac61  JoystickRight_Init                  
0001ad9d  JoystickRight_getX                  
0001b705  Language_Init                       
0001b4f5  Language_Switch                     
0001aa1d  LaunchPad_Init                      
0001b571  NMI_Handler                         
0001b729  PLL_Init                            
0001b571  PendSV_Handler                      
20205088  Player                              
0001b3ad  Player_Damaged                      
0001b5c1  Player_Init                         
0001b6ad  Player_Reload                       
00019765  Player_Shoot                        
0001b571  RTC_IRQHandler                      
0001b747  Reset_Handler                       
0001b571  SPI0_IRQHandler                     
0001b571  SPI1_IRQHandler                     
00019edd  SPI_Init                            
0001af49  SPI_OutCommand                      
0001b249  SPI_OutData                         
0001b05d  SPI_Reset                           
00019009  ST7735_DrawBitmap                   
00019dd9  ST7735_DrawBitmapTransparent        
000195c1  ST7735_DrawCharS                    
0001a459  ST7735_DrawFastHLine                
0001ab15  ST7735_DrawPixel                    
0001a919  ST7735_DrawStringTransparent        
000198d9  ST7735_DrawTransparentBitmapOnBuffer
00019cc1  ST7735_FillRect                     
0001b3d9  ST7735_FillScreen                   
0001a655  ST7735_InitR                        
0001a389  ST7735_OutCharTransparent           
0001b4a9  ST7735_OutStringTransparent         
0001b2ed  ST7735_SetCursor                    
0001a0cd  ST7735_SetRotation                  
0001b571  SVC_Handler                         
0001b5f1  Sound_Chamber                       
0001b605  Sound_Damaged                       
0001b431  Sound_Init                          
0001b619  Sound_Reload                        
0001b62d  Sound_Shoot                         
0001b09d  Sound_Start                         
0001a809  Spawn_Zombie                        
20206b78  StTextColor                         
20206b58  StX                                 
20206b5c  StY                                 
0001b459  Switch_Init                         
0001b641  Switch_Language                     
0001b655  Switch_Shoot                        
0001aeb1  SysTick_Handler                     
0001afd9  SysTick_IntArm                      
20205090  TExaSLogic                          
20205094  TExaSadc                            
0001b571  TIMA0_IRQHandler                    
0001b571  TIMA1_IRQHandler                    
0001b571  TIMG0_IRQHandler                    
00018dc9  TIMG12_IRQHandler                   
0001b571  TIMG6_IRQHandler                    
0001b0dd  TIMG7_IRQHandler                    
0001a1c1  TIMG8_IRQHandler                    
0001b669  TI_memcpy_small                     
0001b6e9  TI_memset_small                     
0001a6ed  TimerG12_IntArm                     
0001a509  TimerG8_IntArm                      
0001b571  UART0_IRQHandler                    
0001b571  UART1_IRQHandler                    
0001b571  UART2_IRQHandler                    
0001b571  UART3_IRQHandler                    
0001a99d  Zombie_Damaged                      
20208000  __STACK_END                         
00000200  __STACK_SIZE                        
00000200  __SYSMEM_SIZE                       
00000000  __TI_ATRegion0_region_sz            
00000000  __TI_ATRegion0_src_addr             
00000000  __TI_ATRegion0_trg_addr             
00000000  __TI_ATRegion1_region_sz            
00000000  __TI_ATRegion1_src_addr             
00000000  __TI_ATRegion1_trg_addr             
00000000  __TI_ATRegion2_region_sz            
00000000  __TI_ATRegion2_src_addr             
00000000  __TI_ATRegion2_trg_addr             
0001c768  __TI_CINIT_Base                     
0001c778  __TI_CINIT_Limit                    
0001c778  __TI_CINIT_Warm                     
0001c754  __TI_Handler_Table_Base             
0001c760  __TI_Handler_Table_Limit            
0001b199  __TI_auto_init_nobinit_nopinit      
0001aa99  __TI_decompress_lzss                
0001b67b  __TI_decompress_none                
ffffffff  __TI_pprof_out_hndl                 
ffffffff  __TI_prof_data_size                 
ffffffff  __TI_prof_data_start                
00000000  __TI_static_base__                  
0001b6bd  __TI_zero_init                      
0001ae05  __aeabi_idiv                        
0001a653  __aeabi_idiv0                       
0001ae05  __aeabi_idivmod                     
0001b4d1  __aeabi_lmul                        
0001b711  __aeabi_memclr                      
0001b711  __aeabi_memclr4                     
0001b711  __aeabi_memclr8                     
0001b735  __aeabi_memcpy                      
0001b735  __aeabi_memcpy4                     
0001b735  __aeabi_memcpy8                     
0001b11d  __aeabi_uidiv                       
0001b11d  __aeabi_uidivmod                    
ffffffff  __binit__                           
UNDEFED   __mpu_init                          
0001b4d1  __muldi3                            
0001b1d5  __muldsi3                           
20207e00  __stack                             
20200000  __start___llvm_prf_bits             
20200000  __start___llvm_prf_cnts             
20200000  __stop___llvm_prf_bits              
20200000  __stop___llvm_prf_cnts              
0001b481  _c_int00_noargs                     
20206b60  _lock                               
0001abf3  _nop                                
20206b88  _sys_memory                         
UNDEFED   _system_post_cinit                  
0001b74b  _system_pre_init                    
20206b64  _unlock                             
0001b73d  abort                               
ffffffff  binit                               
00010050  chamber                             
00017a96  crosshair                           
00011c61  crosshairHeight                     
00017a95  crosshairWidth                      
202050a2  currentLanguage                     
000161f4  damaged                             
20206b34  dir                                 
20200000  displayBuffer                       
0001af91  fix16_add                           
00019219  fix16_div                           
0001b5d9  fix16_fast_cos                      
0001a2a5  fix16_fast_sin                      
0001ab85  fix16_mul                           
00019b9d  fix16_sqrt                          
20206b7e  frame                               
20206b7f  gunRaysShot                         
20206b80  gunReload                           
20206b81  gunShot                             
00000000  interruptVectors                    
00019a3d  main                                
00017bac  mapHeight                           
00017bb0  mapWidth                            
20206b0c  myLanguages                         
20206b3c  plane                               
20206b44  pos                                 
0001b281  rand                                
00017bb9  raycast                             
0001584a  reload                              
0000dfd0  reload1                             
0000bc30  reload2                             
00006aa0  reload3                             
20205098  score                               
0001470a  shootGun                            
20206b6c  shotgun                             
20206b4c  shotgunNeutral                      
0001344a  shotgunNormal                       
20206a24  shotgunReload                       
20206acc  shotgunShoot                        
00011c62  shotgunShoot2                       
00003bc0  shotgunShoot3                       
000093e0  shotgunShoot4                       
00019fd5  sortSprites                         
202050a3  soundCalled                         
2020509c  soundIdx                            
20205080  soundToPlay                         
20206b70  spawnCoefficient                    
20205000  spriteDistance                      
20205040  spriteOrder                         
0001b351  v2d_add                             
0001b405  v2d_mul_s                           
00017855  worldMap                            
20205e00  youDiedEnglish                      
202050a4  youDiedSpanish                      
000000c0  zombie1                             
20206b74  zombieCount                         
20206864  zombies                             


GLOBAL SYMBOLS: SORTED BY Symbol Address 

address   name                                
-------   ----                                
00000000  __TI_ATRegion0_region_sz            
00000000  __TI_ATRegion0_src_addr             
00000000  __TI_ATRegion0_trg_addr             
00000000  __TI_ATRegion1_region_sz            
00000000  __TI_ATRegion1_src_addr             
00000000  __TI_ATRegion1_trg_addr             
00000000  __TI_ATRegion2_region_sz            
00000000  __TI_ATRegion2_src_addr             
00000000  __TI_ATRegion2_trg_addr             
00000000  __TI_static_base__                  
00000000  interruptVectors                    
000000c0  zombie1                             
00000200  __STACK_SIZE                        
00000200  __SYSMEM_SIZE                       
00003bc0  shotgunShoot3                       
00006aa0  reload3                             
000093e0  shotgunShoot4                       
0000bc30  reload2                             
0000dfd0  reload1                             
00010050  chamber                             
00011c61  crosshairHeight                     
00011c62  shotgunShoot2                       
0001344a  shotgunNormal                       
0001470a  shootGun                            
0001584a  reload                              
000161f4  damaged                             
00017855  worldMap                            
00017a95  crosshairWidth                      
00017a96  crosshair                           
00017bac  mapHeight                           
00017bb0  mapWidth                            
00017bb9  raycast                             
00018dc9  TIMG12_IRQHandler                   
00019009  ST7735_DrawBitmap                   
00019219  fix16_div                           
0001940d  Clock_Init80MHz                     
000195c1  ST7735_DrawCharS                    
00019765  Player_Shoot                        
000198d9  ST7735_DrawTransparentBitmapOnBuffer
00019a3d  main                                
00019b9d  fix16_sqrt                          
00019cc1  ST7735_FillRect                     
00019dd9  ST7735_DrawBitmapTransparent        
00019edd  SPI_Init                            
00019fd5  sortSprites                         
0001a0cd  ST7735_SetRotation                  
0001a1c1  TIMG8_IRQHandler                    
0001a2a5  fix16_fast_sin                      
0001a389  ST7735_OutCharTransparent           
0001a459  ST7735_DrawFastHLine                
0001a509  TimerG8_IntArm                      
0001a653  __aeabi_idiv0                       
0001a655  ST7735_InitR                        
0001a6ed  TimerG12_IntArm                     
0001a781  AMDAC4_Out                          
0001a809  Spawn_Zombie                        
0001a919  ST7735_DrawStringTransparent        
0001a99d  Zombie_Damaged                      
0001aa1d  LaunchPad_Init                      
0001aa99  __TI_decompress_lzss                
0001ab15  ST7735_DrawPixel                    
0001ab85  fix16_mul                           
0001abf3  _nop                                
0001abf5  JoystickLeft_Init                   
0001ac61  JoystickRight_Init                  
0001accd  JoystickLeft_getX                   
0001ad35  JoystickLeft_getY                   
0001ad9d  JoystickRight_getX                  
0001ae05  __aeabi_idiv                        
0001ae05  __aeabi_idivmod                     
0001ae5d  DAC6_Init                           
0001aeb1  SysTick_Handler                     
0001af01  AMDAC4_Init                         
0001af49  SPI_OutCommand                      
0001af91  fix16_add                           
0001afd9  SysTick_IntArm                      
0001b01d  HPDAC4_Init                         
0001b05d  SPI_Reset                           
0001b09d  Sound_Start                         
0001b0dd  TIMG7_IRQHandler                    
0001b11d  __aeabi_uidiv                       
0001b11d  __aeabi_uidivmod                    
0001b15d  DAC6_Out                            
0001b199  __TI_auto_init_nobinit_nopinit      
0001b1d5  __muldsi3                           
0001b211  ActivatePortA_B                     
0001b249  SPI_OutData                         
0001b281  rand                                
0001b2b9  Clock_Delay1ms                      
0001b2ed  ST7735_SetCursor                    
0001b351  v2d_add                             
0001b381  HPDAC4_Out                          
0001b3ad  Player_Damaged                      
0001b3d9  ST7735_FillScreen                   
0001b405  v2d_mul_s                           
0001b431  Sound_Init                          
0001b459  Switch_Init                         
0001b481  _c_int00_noargs                     
0001b4a9  ST7735_OutStringTransparent         
0001b4d1  __aeabi_lmul                        
0001b4d1  __muldi3                            
0001b4f5  Language_Switch                     
0001b535  HPDAC4_HPOut                        
0001b571  ADC0_IRQHandler                     
0001b571  ADC1_IRQHandler                     
0001b571  AES_IRQHandler                      
0001b571  CANFD0_IRQHandler                   
0001b571  DAC0_IRQHandler                     
0001b571  DMA_IRQHandler                      
0001b571  Default_Handler                     
0001b571  GROUP0_IRQHandler                   
0001b571  GROUP1_IRQHandler                   
0001b571  I2C0_IRQHandler                     
0001b571  I2C1_IRQHandler                     
0001b571  NMI_Handler                         
0001b571  PendSV_Handler                      
0001b571  RTC_IRQHandler                      
0001b571  SPI0_IRQHandler                     
0001b571  SPI1_IRQHandler                     
0001b571  SVC_Handler                         
0001b571  TIMA0_IRQHandler                    
0001b571  TIMA1_IRQHandler                    
0001b571  TIMG0_IRQHandler                    
0001b571  TIMG6_IRQHandler                    
0001b571  UART0_IRQHandler                    
0001b571  UART1_IRQHandler                    
0001b571  UART2_IRQHandler                    
0001b571  UART3_IRQHandler                    
0001b58d  HardFault_Handler                   
0001b5a9  AMDAC4_AmmoOut                      
0001b5c1  Player_Init                         
0001b5d9  fix16_fast_cos                      
0001b5f1  Sound_Chamber                       
0001b605  Sound_Damaged                       
0001b619  Sound_Reload                        
0001b62d  Sound_Shoot                         
0001b641  Switch_Language                     
0001b655  Switch_Shoot                        
0001b669  TI_memcpy_small                     
0001b67b  __TI_decompress_none                
0001b68d  Clock_Delay                         
0001b69d  Delay                               
0001b6ad  Player_Reload                       
0001b6bd  __TI_zero_init                      
0001b6e9  TI_memset_small                     
0001b6f9  Clock_Freq                          
0001b705  Language_Init                       
0001b711  __aeabi_memclr                      
0001b711  __aeabi_memclr4                     
0001b711  __aeabi_memclr8                     
0001b729  PLL_Init                            
0001b735  __aeabi_memcpy                      
0001b735  __aeabi_memcpy4                     
0001b735  __aeabi_memcpy8                     
0001b73d  abort                               
0001b742  C$$EXIT                             
0001b743  HOSTexit                            
0001b747  Reset_Handler                       
0001b74b  _system_pre_init                    
0001c754  __TI_Handler_Table_Base             
0001c760  __TI_Handler_Table_Limit            
0001c768  __TI_CINIT_Base                     
0001c778  __TI_CINIT_Limit                    
0001c778  __TI_CINIT_Warm                     
20200000  __start___llvm_prf_bits             
20200000  __start___llvm_prf_cnts             
20200000  __stop___llvm_prf_bits              
20200000  __stop___llvm_prf_cnts              
20200000  displayBuffer                       
20205000  spriteDistance                      
20205040  spriteOrder                         
20205080  soundToPlay                         
20205088  Player                              
20205090  TExaSLogic                          
20205094  TExaSadc                            
20205098  score                               
2020509c  soundIdx                            
202050a2  currentLanguage                     
202050a3  soundCalled                         
202050a4  youDiedSpanish                      
20205e00  youDiedEnglish                      
20206864  zombies                             
20206a24  shotgunReload                       
20206acc  shotgunShoot                        
20206b0c  myLanguages                         
20206b34  dir                                 
20206b3c  plane                               
20206b44  pos                                 
20206b4c  shotgunNeutral                      
20206b54  BusFreq                             
20206b58  StX                                 
20206b5c  StY                                 
20206b60  _lock                               
20206b64  _unlock                             
20206b6c  shotgun                             
20206b70  spawnCoefficient                    
20206b74  zombieCount                         
20206b78  StTextColor                         
20206b7e  frame                               
20206b7f  gunRaysShot                         
20206b80  gunReload                           
20206b81  gunShot                             
20206b88  _sys_memory                         
20207e00  __stack                             
20208000  __STACK_END                         
ffffffff  __TI_pprof_out_hndl                 
ffffffff  __TI_prof_data_size                 
ffffffff  __TI_prof_data_start                
ffffffff  __binit__                           
ffffffff  binit                               
UNDEFED   __mpu_init                          
UNDEFED   _system_post_cinit                  

[212 symbols]
