******************************************************************************
            TI ARM Clang Linker PC v4.0.4                      
******************************************************************************
>> Linked Sun Apr 19 16:52:59 2026

OUTPUT FILE NAME:   <ECE319K_Lab9.out>
ENTRY POINT SYMBOL: "_c_int00_noargs"  address: 000021d1


MEMORY CONFIGURATION

         name            origin    length      used     unused   attr    fill
----------------------  --------  ---------  --------  --------  ----  --------
  FLASH                 00000000   00020000  0001ff70  00000090  R  X
  SRAM                  20200000   00008000  00005543  00002abd  RW X
  BCR_CONFIG            41c00000   00000080  00000000  00000080  R   
  BSL_CONFIG            41c00100   00000080  00000000  00000080  R   


SEGMENT ALLOCATION MAP

run origin  load origin   length   init length attrs members
----------  ----------- ---------- ----------- ----- -------
00000000    00000000    000000c0   000000c0    r--
  00000000    00000000    000000c0   000000c0    r-- .intvecs
00000000    00000000    00002398   00002398    r-x
  00000000    00000000    00002398   00002398    r-x .text
000000c0    000000c0    0001feb0   0001feb0    r--
  000000c0    000000c0    0001fe30   0001fe30    r-- .rodata
  0001fef0    0001fef0    00000080   00000080    r-- .cinit
20200000    20200000    00005344   00000000    rw-
  20200000    20200000    0000501f   00000000    rw- .bss
  20205020    20205020    00000200   00000000    rw- .sysmem
  20205220    20205220    00000124   00000000    rw- .data
20207e00    20207e00    00000200   00000000    rw-
  20207e00    20207e00    00000200   00000000    rw- .stack


SECTION ALLOCATION MAP

 output                                  attributes/
section   page    origin      length       input sections
--------  ----  ----------  ----------   ----------------
.intvecs   0    00000000    000000c0     
                  00000000    000000c0     startup_mspm0g3507_ticlang.o (.intvecs)

.text      0    00000000    00002398     FAILED TO ALLOCATE
.cinit     0    0001fef0    00000080     
                  0001fef0    00000055     (.cinit..data.load) [load image, compression = lzss]
                  0001ff45    00000003     --HOLE-- [fill = 0]
                  0001ff48    0000000c     (__TI_handler_table)
                  0001ff54    00000008     (.cinit..bss.load) [load image, compression = zero_init]
                  0001ff5c    00000010     (__TI_cinit_table)
                  0001ff6c    00000004     --HOLE-- [fill = 0]

.rodata    0    000000c0    0001fe30     
                  000000c0    00008cb0     Sound.o (.rodata.background_music)
                  00008d70    00002ee0     Animations.o (.rodata.shotgunShoot3)
                  0000bc50    00002d51     Sound.o (.rodata.shootShotgun)
                  0000e9a1    00000001     Animations.o (.rodata.crosshairHeight)
                  0000e9a2    00002a30     Animations.o (.rodata.shotgunShoot5)
                  000113d2    00002940     Animations.o (.rodata.reload3)
                  00013d12    00002850     Animations.o (.rodata.shotgunShoot4)
                  00016562    000023a0     Animations.o (.rodata.reload2)
                  00018902    00002080     Animations.o (.rodata.reload1)
                  0001a982    000017e8     Animations.o (.rodata.shotgunShoot2)
                  0001c16a    00001608     Animations.o (.rodata.shotgunShoot1)
                  0001d772    000012c0     Animations.o (.rodata.shotgunNormal)
                  0001ea32    000009aa     Sound.o (.rodata.reload)
                  0001f3dc    00000800     fix16_fast_trig_lut.o (.rodata.fastSineLookupTable)
                  0001fbdc    00000240     Lab9Main.o (.rodata.worldMap)
                  0001fe1c    00000048     Animations.o (.rodata.crosshair)
                  0001fe64    0000003b     ST7735.o (.rodata.Rcmd1)
                  0001fe9f    0000002b     ST7735.o (.rodata.Rcmd3)
                  0001feca    0000000d     ST7735.o (.rodata.Rcmd2green)
                  0001fed7    0000000d     ST7735.o (.rodata.Rcmd2red)
                  0001fee4    00000008     render3D.o (.rodata.cst8)
                  0001feec    00000001     Animations.o (.rodata.crosshairWidth)
                  0001feed    00000003     --HOLE-- [fill = 0]

.init_array 
*          0    00000000    00000000     UNINITIALIZED

.binit     0    00000000    00000000     

.bss       0    20200000    0000501f     UNINITIALIZED
                  20200000    00005000     (.common:displayBuffer)
                  20205000    00000008     (.common:soundToPlay)
                  20205008    00000004     (.common:TExaSLogic)
                  2020500c    00000004     (.common:TExaSadc)
                  20205010    00000004     (.common:backgroundIdx)
                  20205014    00000004     (.common:soundIdx)
                  20205018    00000002     (.common:Player)
                  2020501a    00000001     ST7735.o (.bss.ColStart)
                  2020501b    00000001     ST7735.o (.bss.Rotation)
                  2020501c    00000001     ST7735.o (.bss.RowStart)
                  2020501d    00000001     ST7735.o (.bss.TabColor)
                  2020501e    00000001     (.common:soundCalled)

.sysmem    0    20205020    00000200     UNINITIALIZED
                  20205020    00000010     libc.a : memory.c.obj (.sysmem)
                  20205030    000001f0     --HOLE--

.data      0    20205220    00000124     UNINITIALIZED
                  20205220    000000a8     Animations.o (.data.shotgunReload)
                  202052c8    00000040     Animations.o (.data.shotgunShoot)
                  20205308    00000010     Animations.o (.data..L_MergedGlobals)
                  20205318    00000008     Lab9Main.o (.data.dir)
                  20205320    00000008     Lab9Main.o (.data.plane)
                  20205328    00000008     Lab9Main.o (.data.pos)
                  20205330    00000004     Clock.o (.data.BusFreq)
                  20205334    00000004     ST7735.o (.data.StX)
                  20205338    00000004     ST7735.o (.data.StY)
                  2020533c    00000002     ST7735.o (.data.StTextColor)
                  2020533e    00000002     ST7735.o (.data._height)
                  20205340    00000002     ST7735.o (.data._width)
                  20205342    00000001     Switch.o (.data.gunReload)
                  20205343    00000001     Switch.o (.data.gunShot)

.stack     0    20207e00    00000200     UNINITIALIZED
                  20207e00    00000004     libc.a : boot_cortex_m.c.obj (.stack)
                  20207e04    000001fc     --HOLE--

__llvm_prf_cnts 
*          0    20200000    00000000     UNINITIALIZED

__llvm_prf_bits 
*          0    20200000    00000000     UNINITIALIZED

MODULE SUMMARY

       Module                         code   ro data   rw data
       ------                         ----   -------   -------
    .\
       Animations.o                   0      77754     248    
       Sound.o                        0      50091     17     
       render3D.o                     0      8         20480  
       Lab9Main.o                     0      576       24     
       ST7735.o                       0      128       18     
       TExaS.o                        0      0         8      
       Clock.o                        0      0         4      
       Entities.o                     0      0         2      
       Switch.o                       0      0         2      
    +--+------------------------------+------+---------+---------+
       Total:                         0      128557    20803  
                                                              
    .\Math\fix\
       fix16_fast_trig_lut.o          0      2048      0      
    +--+------------------------------+------+---------+---------+
       Total:                         0      2048      0      
                                                              
    .\ticlang\
       startup_mspm0g3507_ticlang.o   0      192       0      
    +--+------------------------------+------+---------+---------+
       Total:                         0      192       0      
                                                              
       Heap:                          0      0         512    
       Stack:                         0      0         512    
       Linker Generated:              0      121       0      
    +--+------------------------------+------+---------+---------+
       Grand Total:                   0      130918    21827  


LINKER GENERATED COPY TABLES

__TI_cinit_table @ 0001ff5c records: 2, size/record: 8, table size: 16
	.data: load addr=0001fef0, load size=00000055 bytes, run addr=20205220, run size=00000124 bytes, compression=lzss
	.bss: load addr=0001ff54, load size=00000008 bytes, run addr=20200000, run size=0000501f bytes, compression=zero_init


LINKER GENERATED HANDLER TABLE

__TI_handler_table @ 0001ff48 records: 3, size/record: 4, table size: 12
	index: 0, handler: __TI_decompress_lzss
	index: 1, handler: __TI_decompress_none
	index: 2, handler: __TI_zero_init


GLOBAL SYMBOLS: SORTED ALPHABETICALLY BY Name 

address   name                                
-------   ----                                
0000221d  ADC0_IRQHandler                     
0000221d  ADC1_IRQHandler                     
0000221d  AES_IRQHandler                      
00002255  AMDAC4_AmmoOut                      
00001cd9  AMDAC4_Init                         
00001659  AMDAC4_Out                          
00001fe9  ActivatePortA_B                     
20205330  BusFreq                             
00002386  C$$EXIT                             
0000221d  CANFD0_IRQHandler                   
000022e5  Clock_Delay                         
00002059  Clock_Delay1ms                      
00002355  Clock_Freq                          
00000c65  Clock_Init80MHz                     
0000221d  DAC0_IRQHandler                     
00001c85  DAC6_Init                           
00001f35  DAC6_Out                            
0000221d  DMA_IRQHandler                      
0000221d  Default_Handler                     
000022f5  Delay                               
0000221d  GROUP0_IRQHandler                   
0000221d  GROUP1_IRQHandler                   
00002387  HOSTexit                            
00001df5  HPDAC4_Init                         
00002239  HardFault_Handler                   
0000221d  I2C0_IRQHandler                     
0000221d  I2C1_IRQHandler                     
00001959  JoystickLeft_Init                   
00001a31  JoystickLeft_getX                   
00001a99  JoystickLeft_getY                   
000019c5  JoystickRight_Init                  
00001b01  JoystickRight_getX                  
000017f1  LaunchPad_Init                      
0000221d  NMI_Handler                         
0000236d  PLL_Init                            
0000221d  PendSV_Handler                      
20205018  Player                              
00002305  Player_Init                         
00002315  Player_Reload                       
00002325  Player_Shoot                        
0000221d  RTC_IRQHandler                      
0000238b  Reset_Handler                       
0000221d  SPI0_IRQHandler                     
0000221d  SPI1_IRQHandler                     
00001085  SPI_Init                            
00001d21  SPI_OutCommand                      
00002021  SPI_OutData                         
00001e35  SPI_Reset                           
00000861  ST7735_DrawBitmap                   
00000e19  ST7735_DrawTransparentBitmapOnBuffer
00000f6d  ST7735_FillRect                     
00002151  ST7735_FillScreen                   
000014a1  ST7735_InitR                        
0000208d  ST7735_SetCursor                    
0000117d  ST7735_SetRotation                  
0000221d  SVC_Handler                         
000020c1  Sound_Init                          
00002285  Sound_Reload                        
00002299  Sound_Shoot                         
00001e75  Sound_Start                         
2020533c  StTextColor                         
20205334  StX                                 
20205338  StY                                 
000021a9  Switch_Init                         
000022ad  Switch_Shoot                        
000016e1  SysTick_Handler                     
00001db1  SysTick_IntArm                      
20205008  TExaSLogic                          
2020500c  TExaSadc                            
0000221d  TIMA0_IRQHandler                    
0000221d  TIMA1_IRQHandler                    
0000221d  TIMG0_IRQHandler                    
000015cd  TIMG12_IRQHandler                   
0000221d  TIMG6_IRQHandler                    
00001eb5  TIMG7_IRQHandler                    
00001b69  TIMG8_IRQHandler                    
000022c1  TI_memcpy_small                     
00002345  TI_memset_small                     
00001539  TimerG12_IntArm                     
00001355  TimerG8_IntArm                      
0000221d  UART0_IRQHandler                    
0000221d  UART1_IRQHandler                    
0000221d  UART2_IRQHandler                    
0000221d  UART3_IRQHandler                    
20208000  __STACK_END                         
00000200  __STACK_SIZE                        
00000200  __SYSMEM_SIZE                       
00000000  __TI_ATRegion0_region_sz            
00000000  __TI_ATRegion0_src_addr             
00000000  __TI_ATRegion0_trg_addr             
00000000  __TI_ATRegion1_region_sz            
00000000  __TI_ATRegion1_src_addr             
00000000  __TI_ATRegion1_trg_addr             
00000000  __TI_ATRegion2_region_sz            
00000000  __TI_ATRegion2_src_addr             
00000000  __TI_ATRegion2_trg_addr             
0001ff5c  __TI_CINIT_Base                     
0001ff6c  __TI_CINIT_Limit                    
0001ff6c  __TI_CINIT_Warm                     
0001ff48  __TI_Handler_Table_Base             
0001ff54  __TI_Handler_Table_Limit            
00001f71  __TI_auto_init_nobinit_nopinit      
0000186d  __TI_decompress_lzss                
000022d3  __TI_decompress_none                
ffffffff  __TI_pprof_out_hndl                 
ffffffff  __TI_prof_data_size                 
ffffffff  __TI_prof_data_start                
00000000  __TI_static_base__                  
00002335  __TI_zero_init                      
00001c2d  __aeabi_idiv                        
0000149f  __aeabi_idiv0                       
00001c2d  __aeabi_idivmod                     
000021f9  __aeabi_lmul                        
00002361  __aeabi_memclr                      
00002361  __aeabi_memclr4                     
00002361  __aeabi_memclr8                     
00002379  __aeabi_memcpy                      
00002379  __aeabi_memcpy4                     
00002379  __aeabi_memcpy8                     
00001ef5  __aeabi_uidiv                       
00001ef5  __aeabi_uidivmod                    
ffffffff  __binit__                           
UNDEFED   __mpu_init                          
000021f9  __muldi3                            
00001fad  __muldsi3                           
20207e00  __stack                             
20200000  __start___llvm_prf_bits             
20200000  __start___llvm_prf_cnts             
20200000  __stop___llvm_prf_bits              
20200000  __stop___llvm_prf_cnts              
000021d1  _c_int00_noargs                     
20205020  _sys_memory                         
UNDEFED   _system_post_cinit                  
0000238f  _system_pre_init                    
00002381  abort                               
20205010  backgroundIdx                       
000000c0  background_music                    
ffffffff  binit                               
0001fe1c  crosshair                           
0000e9a1  crosshairHeight                     
0001feec  crosshairWidth                      
20205318  dir                                 
20200000  displayBuffer                       
00001d69  fix16_add                           
00000a71  fix16_div                           
0000226d  fix16_fast_cos                      
00001271  fix16_fast_sin                      
000018e9  fix16_mul                           
20205308  frame                               
20205342  gunReload                           
20205343  gunShot                             
00000000  interruptVectors                    
00001bcd  main                                
20205320  plane                               
20205328  pos                                 
00000001  raycast                             
0001ea32  reload                              
00018902  reload1                             
00016562  reload2                             
000113d2  reload3                             
0000bc50  shootShotgun                        
2020530c  shotgun                             
20205310  shotgunNeutral                      
0001d772  shotgunNormal                       
20205220  shotgunReload                       
202052c8  shotgunShoot                        
0001c16a  shotgunShoot1                       
0001a982  shotgunShoot2                       
00008d70  shotgunShoot3                       
00013d12  shotgunShoot4                       
0000e9a2  shotgunShoot5                       
2020501e  soundCalled                         
20205014  soundIdx                            
20205000  soundToPlay                         
00002121  v2d_add                             
0000217d  v2d_mul_s                           
0001fbdc  worldMap                            


GLOBAL SYMBOLS: SORTED BY Symbol Address 

address   name                                
-------   ----                                
00000000  __TI_ATRegion0_region_sz            
00000000  __TI_ATRegion0_src_addr             
00000000  __TI_ATRegion0_trg_addr             
00000000  __TI_ATRegion1_region_sz            
00000000  __TI_ATRegion1_src_addr             
00000000  __TI_ATRegion1_trg_addr             
00000000  __TI_ATRegion2_region_sz            
00000000  __TI_ATRegion2_src_addr             
00000000  __TI_ATRegion2_trg_addr             
00000000  __TI_static_base__                  
00000000  interruptVectors                    
00000001  raycast                             
000000c0  background_music                    
00000200  __STACK_SIZE                        
00000200  __SYSMEM_SIZE                       
00000861  ST7735_DrawBitmap                   
00000a71  fix16_div                           
00000c65  Clock_Init80MHz                     
00000e19  ST7735_DrawTransparentBitmapOnBuffer
00000f6d  ST7735_FillRect                     
00001085  SPI_Init                            
0000117d  ST7735_SetRotation                  
00001271  fix16_fast_sin                      
00001355  TimerG8_IntArm                      
0000149f  __aeabi_idiv0                       
000014a1  ST7735_InitR                        
00001539  TimerG12_IntArm                     
000015cd  TIMG12_IRQHandler                   
00001659  AMDAC4_Out                          
000016e1  SysTick_Handler                     
000017f1  LaunchPad_Init                      
0000186d  __TI_decompress_lzss                
000018e9  fix16_mul                           
00001959  JoystickLeft_Init                   
000019c5  JoystickRight_Init                  
00001a31  JoystickLeft_getX                   
00001a99  JoystickLeft_getY                   
00001b01  JoystickRight_getX                  
00001b69  TIMG8_IRQHandler                    
00001bcd  main                                
00001c2d  __aeabi_idiv                        
00001c2d  __aeabi_idivmod                     
00001c85  DAC6_Init                           
00001cd9  AMDAC4_Init                         
00001d21  SPI_OutCommand                      
00001d69  fix16_add                           
00001db1  SysTick_IntArm                      
00001df5  HPDAC4_Init                         
00001e35  SPI_Reset                           
00001e75  Sound_Start                         
00001eb5  TIMG7_IRQHandler                    
00001ef5  __aeabi_uidiv                       
00001ef5  __aeabi_uidivmod                    
00001f35  DAC6_Out                            
00001f71  __TI_auto_init_nobinit_nopinit      
00001fad  __muldsi3                           
00001fe9  ActivatePortA_B                     
00002021  SPI_OutData                         
00002059  Clock_Delay1ms                      
0000208d  ST7735_SetCursor                    
000020c1  Sound_Init                          
00002121  v2d_add                             
00002151  ST7735_FillScreen                   
0000217d  v2d_mul_s                           
000021a9  Switch_Init                         
000021d1  _c_int00_noargs                     
000021f9  __aeabi_lmul                        
000021f9  __muldi3                            
0000221d  ADC0_IRQHandler                     
0000221d  ADC1_IRQHandler                     
0000221d  AES_IRQHandler                      
0000221d  CANFD0_IRQHandler                   
0000221d  DAC0_IRQHandler                     
0000221d  DMA_IRQHandler                      
0000221d  Default_Handler                     
0000221d  GROUP0_IRQHandler                   
0000221d  GROUP1_IRQHandler                   
0000221d  I2C0_IRQHandler                     
0000221d  I2C1_IRQHandler                     
0000221d  NMI_Handler                         
0000221d  PendSV_Handler                      
0000221d  RTC_IRQHandler                      
0000221d  SPI0_IRQHandler                     
0000221d  SPI1_IRQHandler                     
0000221d  SVC_Handler                         
0000221d  TIMA0_IRQHandler                    
0000221d  TIMA1_IRQHandler                    
0000221d  TIMG0_IRQHandler                    
0000221d  TIMG6_IRQHandler                    
0000221d  UART0_IRQHandler                    
0000221d  UART1_IRQHandler                    
0000221d  UART2_IRQHandler                    
0000221d  UART3_IRQHandler                    
00002239  HardFault_Handler                   
00002255  AMDAC4_AmmoOut                      
0000226d  fix16_fast_cos                      
00002285  Sound_Reload                        
00002299  Sound_Shoot                         
000022ad  Switch_Shoot                        
000022c1  TI_memcpy_small                     
000022d3  __TI_decompress_none                
000022e5  Clock_Delay                         
000022f5  Delay                               
00002305  Player_Init                         
00002315  Player_Reload                       
00002325  Player_Shoot                        
00002335  __TI_zero_init                      
00002345  TI_memset_small                     
00002355  Clock_Freq                          
00002361  __aeabi_memclr                      
00002361  __aeabi_memclr4                     
00002361  __aeabi_memclr8                     
0000236d  PLL_Init                            
00002379  __aeabi_memcpy                      
00002379  __aeabi_memcpy4                     
00002379  __aeabi_memcpy8                     
00002381  abort                               
00002386  C$$EXIT                             
00002387  HOSTexit                            
0000238b  Reset_Handler                       
0000238f  _system_pre_init                    
00008d70  shotgunShoot3                       
0000bc50  shootShotgun                        
0000e9a1  crosshairHeight                     
0000e9a2  shotgunShoot5                       
000113d2  reload3                             
00013d12  shotgunShoot4                       
00016562  reload2                             
00018902  reload1                             
0001a982  shotgunShoot2                       
0001c16a  shotgunShoot1                       
0001d772  shotgunNormal                       
0001ea32  reload                              
0001fbdc  worldMap                            
0001fe1c  crosshair                           
0001feec  crosshairWidth                      
0001ff48  __TI_Handler_Table_Base             
0001ff54  __TI_Handler_Table_Limit            
0001ff5c  __TI_CINIT_Base                     
0001ff6c  __TI_CINIT_Limit                    
0001ff6c  __TI_CINIT_Warm                     
20200000  __start___llvm_prf_bits             
20200000  __start___llvm_prf_cnts             
20200000  __stop___llvm_prf_bits              
20200000  __stop___llvm_prf_cnts              
20200000  displayBuffer                       
20205000  soundToPlay                         
20205008  TExaSLogic                          
2020500c  TExaSadc                            
20205010  backgroundIdx                       
20205014  soundIdx                            
20205018  Player                              
2020501e  soundCalled                         
20205020  _sys_memory                         
20205220  shotgunReload                       
202052c8  shotgunShoot                        
20205308  frame                               
2020530c  shotgun                             
20205310  shotgunNeutral                      
20205318  dir                                 
20205320  plane                               
20205328  pos                                 
20205330  BusFreq                             
20205334  StX                                 
20205338  StY                                 
2020533c  StTextColor                         
20205342  gunReload                           
20205343  gunShot                             
20207e00  __stack                             
20208000  __STACK_END                         
ffffffff  __TI_pprof_out_hndl                 
ffffffff  __TI_prof_data_size                 
ffffffff  __TI_prof_data_start                
ffffffff  __binit__                           
ffffffff  binit                               
UNDEFED   __mpu_init                          
UNDEFED   _system_post_cinit                  

[177 symbols]
