******************************************************************************
            TI ARM Clang Linker PC v4.0.4                      
******************************************************************************
>> Linked Mon Apr 20 20:04:51 2026

OUTPUT FILE NAME:   <ECE319K_Lab9.out>
ENTRY POINT SYMBOL: "_c_int00_noargs"  address: 0001e591


MEMORY CONFIGURATION

         name            origin    length      used     unused   attr    fill
----------------------  --------  ---------  --------  --------  ----  --------
  FLASH                 00000000   00020000  0001e8b0  00001750  R  X
  SRAM                  20200000   00008000  00005785  0000287b  RW X
  BCR_CONFIG            41c00000   00000080  00000000  00000080  R   
  BSL_CONFIG            41c00100   00000080  00000000  00000080  R   


SEGMENT ALLOCATION MAP

run origin  load origin   length   init length attrs members
----------  ----------- ---------- ----------- ----- -------
00000000    00000000    0001e8b0   0001e8b0    r-x
  00000000    00000000    000000c0   000000c0    r-- .intvecs
  000000c0    000000c0    0001b078   0001b078    r-- .rodata
  0001b138    0001b138    000036c8   000036c8    r-x .text
  0001e800    0001e800    000000b0   000000b0    r-- .cinit
20200000    20200000    00005588   00000000    rw-
  20200000    20200000    0000509f   00000000    rw- .bss
  202050a0    202050a0    000002e6   00000000    rw- .data
  20205388    20205388    00000200   00000000    rw- .sysmem
20207e00    20207e00    00000200   00000000    rw-
  20207e00    20207e00    00000200   00000000    rw- .stack


SECTION ALLOCATION MAP

 output                                  attributes/
section   page    origin      length       input sections
--------  ----  ----------  ----------   ----------------
.intvecs   0    00000000    000000c0     
                  00000000    000000c0     startup_mspm0g3507_ticlang.o (.intvecs)

.text      0    0001b138    000036c8     
                  0001b138    00001210     render3D.o (.text.raycast)
                  0001c348    00000210     ST7735.o (.text.ST7735_DrawBitmap)
                  0001c558    000001f4     fix16.o (.text.fix16_div)
                  0001c74c    000001b4     Clock.o (.text.Clock_Init80MHz)
                  0001c900    000001a4     ST7735.o (.text.ST7735_DrawCharS)
                  0001caa4    00000170     Entities.o (.text.TIMG12_IRQHandler)
                  0001cc14    00000164     Entities.o (.text.Player_Shoot)
                  0001cd78    00000164     ST7735.o (.text.ST7735_DrawTransparentBitmapOnBuffer)
                  0001cedc    00000118     ST7735.o (.text.ST7735_FillRect)
                  0001cff4    0000010c     Lab9Main.o (.text.main)
                  0001d100    000000f8     SPI.o (.text.SPI_Init)
                  0001d1f8    000000f8     render3D.o (.text.sortSprites)
                  0001d2f0    000000f4     ST7735.o (.text.ST7735_SetRotation)
                  0001d3e4    000000e4     Animations.o (.text.TIMG8_IRQHandler)
                  0001d4c8    000000e4     fix16_fast_trig_lut.o (.text.fix16_fast_sin)
                  0001d5ac    000000d0     ST7735.o (.text.ST7735_OutCharTransparent)
                  0001d67c    000000b0     ST7735.o (.text.ST7735_DrawFastHLine)
                  0001d72c    000000a8     Timer.o (.text.TimerG8_IntArm)
                  0001d7d4    000000a2     ST7735.o (.text.commandList)
                  0001d876    00000002     libclang_rt.builtins.a : aeabi_div0.c.obj (.text.__aeabi_idiv0)
                  0001d878    00000098     ST7735.o (.text.ST7735_InitR)
                  0001d910    00000094     Timer.o (.text.TimerG12_IntArm)
                  0001d9a4    00000088     AMDAC4.o (.text.AMDAC4_Out)
                  0001da2c    00000088     ST7735.o (.text.setAddrWindow)
                  0001dab4    00000084     ST7735.o (.text.ST7735_DrawStringTransparent)
                  0001db38    0000007c     LaunchPad.o (.text.LaunchPad_Init)
                  0001dbb4    0000007c     libc.a : copy_decompress_lzss.c.obj (.text:decompress:lzss)
                  0001dc30    00000070     ST7735.o (.text.ST7735_DrawPixel)
                  0001dca0    0000006e     fix16.o (.text.fix16_mul)
                  0001dd0e    00000002     --HOLE-- [fill = 0]
                  0001dd10    0000006c     JoystickLeft.o (.text.JoystickLeft_Init)
                  0001dd7c    0000006c     JoystickRight.o (.text.JoystickRight_Init)
                  0001dde8    00000068     JoystickLeft.o (.text.JoystickLeft_getX)
                  0001de50    00000068     JoystickLeft.o (.text.JoystickLeft_getY)
                  0001deb8    00000068     JoystickRight.o (.text.JoystickRight_getX)
                  0001df20    00000056     libclang_rt.builtins.a : aeabi_idivmod.S.obj (.text.__aeabi_idivmod)
                  0001df76    00000002     --HOLE-- [fill = 0]
                  0001df78    00000054     DAC6.o (.text.DAC6_Init)
                  0001dfcc    00000050     Sound.o (.text.SysTick_Handler)
                  0001e01c    00000048     AMDAC4.o (.text.AMDAC4_Init)
                  0001e064    00000048     SPI.o (.text.SPI_OutCommand)
                  0001e0ac    00000046     fix16.o (.text.fix16_add)
                  0001e0f2    00000002     --HOLE-- [fill = 0]
                  0001e0f4    00000044     Sound.o (.text.SysTick_IntArm)
                  0001e138    00000040     HPDAC4.o (.text.HPDAC4_Init)
                  0001e178    00000040     SPI.o (.text.SPI_Reset)
                  0001e1b8    00000040     Sound.o (.text.Sound_Start)
                  0001e1f8    00000040     TExaS.o (.text.TIMG7_IRQHandler)
                  0001e238    00000040     libclang_rt.builtins.a : aeabi_uidivmod.S.obj (.text.__aeabi_uidivmod)
                  0001e278    0000003c     DAC6.o (.text.DAC6_Out)
                  0001e2b4    0000003c     libc.a : autoinit.c.obj (.text:__TI_auto_init_nobinit_nopinit)
                  0001e2f0    0000003a     libclang_rt.builtins.a : muldsi3.S.obj (.text.__muldsi3)
                  0001e32a    00000002     --HOLE-- [fill = 0]
                  0001e32c    00000038     LaunchPad.o (.text.ActivatePortA_B)
                  0001e364    00000038     SPI.o (.text.SPI_OutData)
                  0001e39c    00000034     Clock.o (.text.Clock_Delay1ms)
                  0001e3d0    00000034     ST7735.o (.text.ST7735_SetCursor)
                  0001e404    00000030     ST7735.o (.text.commonInit)
                  0001e434    0000002e     Entities.o (.text.Zombie_Damaged)
                  0001e462    0000002e     fixvector2d.o (.text.v2d_add)
                  0001e490    0000002c     HPDAC4.o (.text.HPDAC4_Out)
                  0001e4bc    0000002c     Entities.o (.text.Player_Damaged)
                  0001e4e8    0000002c     ST7735.o (.text.ST7735_FillScreen)
                  0001e514    0000002a     fixvector2d.o (.text.v2d_mul_s)
                  0001e53e    00000002     --HOLE-- [fill = 0]
                  0001e540    00000028     Sound.o (.text.Sound_Init)
                  0001e568    00000028     Switch.o (.text.Switch_Init)
                  0001e590    00000028     libc.a : boot_cortex_m.c.obj (.text:_c_int00_noargs)
                  0001e5b8    00000026     ST7735.o (.text.ST7735_OutStringTransparent)
                  0001e5de    00000002     --HOLE-- [fill = 0]
                  0001e5e0    00000024     libclang_rt.builtins.a : muldi3.S.obj (.text.__muldi3)
                  0001e604    00000020     render3D.o (.text.fix16_abs)
                  0001e624    0000001e     HPDAC4.o (.text.HPDAC4_HPOut)
                  0001e642    0000001e     ST7735.o (.text.pushColor)
                  0001e660    0000001c     startup_mspm0g3507_ticlang.o (.text.Default_Handler)
                  0001e67c    0000001c     startup_mspm0g3507_ticlang.o (.text.HardFault_Handler)
                  0001e698    00000018     AMDAC4.o (.text.AMDAC4_AmmoOut)
                  0001e6b0    00000018     Entities.o (.text.Player_Init)
                  0001e6c8    00000018     fix16_fast_trig_lut.o (.text.fix16_fast_cos)
                  0001e6e0    00000014     Sound.o (.text.Sound_Chamber)
                  0001e6f4    00000014     Sound.o (.text.Sound_Reload)
                  0001e708    00000014     Sound.o (.text.Sound_Shoot)
                  0001e71c    00000014     Switch.o (.text.Switch_Shoot)
                  0001e730    00000012     libc.a : memcpy16.S.obj (.text:TI_memcpy_small)
                  0001e742    00000012            : copy_decompress_none.c.obj (.text:decompress:none)
                  0001e754    00000010     Clock.o (.text.Clock_Delay)
                  0001e764    00000010     LaunchPad.o (.text.Delay)
                  0001e774    00000010     Entities.o (.text.Player_Reload)
                  0001e784    00000010     libc.a : copy_zero_init.c.obj (.text:decompress:ZI)
                  0001e794    0000000e     render3D.o (.text.fix16_to_int)
                  0001e7a2    0000000e     libc.a : memset16.S.obj (.text:TI_memset_small)
                  0001e7b0    0000000c     Clock.o (.text.Clock_Freq)
                  0001e7bc    0000000c     libclang_rt.builtins.a : aeabi_memset.S.obj (.text.__aeabi_memclr)
                  0001e7c8    0000000c     render3D.o (.text.fix16_from_int)
                  0001e7d4    0000000a     Lab9Main.o (.text.PLL_Init)
                  0001e7de    00000002     --HOLE-- [fill = 0]
                  0001e7e0    00000008     libclang_rt.builtins.a : aeabi_memcpy.S.obj (.text.__aeabi_memcpy)
                  0001e7e8    00000006     libc.a : exit.c.obj (.text:abort)
                  0001e7ee    00000004     libsysbm.a : hostexit.c.obj (.text.HOSTexit)
                  0001e7f2    00000004     startup_mspm0g3507_ticlang.o (.text.Reset_Handler)
                  0001e7f6    00000004     libc.a : pre_init.c.obj (.text._system_pre_init)
                  0001e7fa    00000006     --HOLE-- [fill = 0]

.cinit     0    0001e800    000000b0     
                  0001e800    00000088     (.cinit..data.load) [load image, compression = lzss]
                  0001e888    0000000c     (__TI_handler_table)
                  0001e894    00000008     (.cinit..bss.load) [load image, compression = zero_init]
                  0001e89c    00000010     (__TI_cinit_table)
                  0001e8ac    00000004     --HOLE-- [fill = 0]

.rodata    0    000000c0    0001b078     
                  000000c0    00003f00     Animations.o (.rodata.zombie2)
                  00003fc0    00003b00     Animations.o (.rodata.zombie1)
                  00007ac0    00002ee0     Animations.o (.rodata.shotgunShoot3)
                  0000a9a0    00002940     Animations.o (.rodata.reload3)
                  0000d2e0    00002850     Animations.o (.rodata.shotgunShoot4)
                  0000fb30    000023a0     Animations.o (.rodata.reload2)
                  00011ed0    00002080     Animations.o (.rodata.reload1)
                  00013f50    00001c11     Sound.o (.rodata.chamber)
                  00015b61    00000001     Animations.o (.rodata.crosshairHeight)
                  00015b62    000017e8     Animations.o (.rodata.shotgunShoot2)
                  0001734a    000012c0     Animations.o (.rodata.shotgunNormal)
                  0001860a    00001140     Sound.o (.rodata.shootGun)
                  0001974a    000009aa     Sound.o (.rodata.reload)
                  0001a0f4    00000800     fix16_fast_trig_lut.o (.rodata.fastSineLookupTable)
                  0001a8f4    000004fb     ST7735.o (.rodata.Font)
                  0001adef    00000240     Lab9Main.o (.rodata.worldMap)
                  0001b02f    00000001     Animations.o (.rodata.crosshairWidth)
                  0001b030    00000048     Animations.o (.rodata.crosshair)
                  0001b078    0000003b     ST7735.o (.rodata.Rcmd1)
                  0001b0b3    0000002b     ST7735.o (.rodata.Rcmd3)
                  0001b0de    00000016     ST7735.o (.rodata.str1.2132471336006292093.1)
                  0001b0f4    00000011     Lab9Main.o (.rodata.str1.17612660480073915159.1)
                  0001b105    0000000d     ST7735.o (.rodata.Rcmd2green)
                  0001b112    0000000d     ST7735.o (.rodata.Rcmd2red)
                  0001b11f    0000000b     Lab9Main.o (.rodata.str1.11818004548092502666.1)
                  0001b12a    00000009     Lab9Main.o (.rodata.str1.1552820457024920173.1)
                  0001b133    00000005     --HOLE-- [fill = 0]

.init_array 
*          0    00000000    00000000     UNINITIALIZED

.binit     0    00000000    00000000     

.bss       0    20200000    0000509f     UNINITIALIZED
                  20200000    00005000     (.common:displayBuffer)
                  20205000    00000040     (.common:spriteDistance)
                  20205040    00000040     (.common:spriteOrder)
                  20205080    00000008     (.common:soundToPlay)
                  20205088    00000006     (.common:Player)
                  2020508e    00000001     ST7735.o (.bss.ColStart)
                  2020508f    00000001     ST7735.o (.bss.Rotation)
                  20205090    00000004     (.common:TExaSLogic)
                  20205094    00000004     (.common:TExaSadc)
                  20205098    00000004     (.common:soundIdx)
                  2020509c    00000001     ST7735.o (.bss.RowStart)
                  2020509d    00000001     ST7735.o (.bss.TabColor)
                  2020509e    00000001     (.common:soundCalled)

.data      0    202050a0    000002e6     UNINITIALIZED
                  202050a0    00000180     Entities.o (.data.zombies)
                  20205220    000000a8     Animations.o (.data.shotgunReload)
                  202052c8    00000040     Animations.o (.data.shotgunShoot)
                  20205308    00000040     Entities.o (.data.zombieCooldowns)
                  20205348    00000008     Lab9Main.o (.data.dir)
                  20205350    00000008     Lab9Main.o (.data.plane)
                  20205358    00000008     Lab9Main.o (.data.pos)
                  20205360    00000008     Animations.o (.data.shotgunNeutral)
                  20205368    00000004     Clock.o (.data.BusFreq)
                  2020536c    00000004     ST7735.o (.data.StX)
                  20205370    00000004     ST7735.o (.data.StY)
                  20205374    00000004     Animations.o (.data.shotgun)
                  20205378    00000004     Entities.o (.data.zombieCount)
                  2020537c    00000002     ST7735.o (.data.StTextColor)
                  2020537e    00000002     ST7735.o (.data._height)
                  20205380    00000002     ST7735.o (.data._width)
                  20205382    00000001     Animations.o (.data.frame)
                  20205383    00000001     Entities.o (.data.gunRaysShot)
                  20205384    00000001     Entities.o (.data.gunReload)
                  20205385    00000001     Entities.o (.data.gunShot)

.sysmem    0    20205388    00000200     UNINITIALIZED
                  20205388    00000010     libc.a : memory.c.obj (.sysmem)
                  20205398    000001f0     --HOLE--

.stack     0    20207e00    00000200     UNINITIALIZED
                  20207e00    00000004     libc.a : boot_cortex_m.c.obj (.stack)
                  20207e04    000001fc     --HOLE--

__llvm_prf_cnts 
*          0    20200000    00000000     UNINITIALIZED

__llvm_prf_bits 
*          0    20200000    00000000     UNINITIALIZED

MODULE SUMMARY

       Module                         code    ro data   rw data
       ------                         ----    -------   -------
    .\
       Animations.o                   228     92546     245    
       render3D.o                     4930    0         20608  
       Sound.o                        312     14075     13     
       ST7735.o                       3118    1425      18     
       Entities.o                     854     0         461    
       Lab9Main.o                     278     613       24     
       Clock.o                        516     0         4      
       SPI.o                          440     0         0      
       JoystickLeft.o                 316     0         0      
       Timer.o                        316     0         0      
       AMDAC4.o                       232     0         0      
       JoystickRight.o                212     0         0      
       LaunchPad.o                    196     0         0      
       DAC6.o                         144     0         0      
       HPDAC4.o                       138     0         0      
       TExaS.o                        64      0         8      
       Switch.o                       60      0         0      
    +--+------------------------------+-------+---------+---------+
       Total:                         12354   108659    21381  
                                                               
    .\Math\fix\
       fix16_fast_trig_lut.o          252     2048      0      
       fix16.o                        680     0         0      
    +--+------------------------------+-------+---------+---------+
       Total:                         932     2048      0      
                                                               
    .\Math\lib_fixmatrix\
       fixvector2d.o                  88      0         0      
    +--+------------------------------+-------+---------+---------+
       Total:                         88      0         0      
                                                               
    .\ticlang\
       startup_mspm0g3507_ticlang.o   60      192       0      
    +--+------------------------------+-------+---------+---------+
       Total:                         60      192       0      
                                                               
    C:\ti\ccs2040\ccs\tools\compiler\ti-cgt-armllvm_4.0.4.LTS\lib\armv6m-ti-none-eabi/c/libc.a
       copy_decompress_lzss.c.obj     124     0         0      
       autoinit.c.obj                 60      0         0      
       boot_cortex_m.c.obj            40      0         0      
       copy_decompress_none.c.obj     18      0         0      
       memcpy16.S.obj                 18      0         0      
       copy_zero_init.c.obj           16      0         0      
       memset16.S.obj                 14      0         0      
       exit.c.obj                     6       0         0      
       pre_init.c.obj                 4       0         0      
    +--+------------------------------+-------+---------+---------+
       Total:                         300     0         0      
                                                               
    C:\ti\ccs2040\ccs\tools\compiler\ti-cgt-armllvm_4.0.4.LTS\lib\armv6m-ti-none-eabi/c/libsysbm.a
       hostexit.c.obj                 4       0         0      
    +--+------------------------------+-------+---------+---------+
       Total:                         4       0         0      
                                                               
    C:\ti\ccs2040\ccs\tools\compiler\ti-cgt-armllvm_4.0.4.LTS\lib\armv6m-ti-none-eabi/libclang_rt.builtins.a
       aeabi_idivmod.S.obj            86      0         0      
       aeabi_uidivmod.S.obj           64      0         0      
       muldsi3.S.obj                  58      0         0      
       muldi3.S.obj                   36      0         0      
       aeabi_memset.S.obj             12      0         0      
       aeabi_memcpy.S.obj             8       0         0      
       aeabi_div0.c.obj               2       0         0      
    +--+------------------------------+-------+---------+---------+
       Total:                         266     0         0      
                                                               
       Heap:                          0       0         512    
       Stack:                         0       0         512    
       Linker Generated:              0       172       0      
    +--+------------------------------+-------+---------+---------+
       Grand Total:                   14004   111071    22405  


LINKER GENERATED COPY TABLES

__TI_cinit_table @ 0001e89c records: 2, size/record: 8, table size: 16
	.data: load addr=0001e800, load size=00000088 bytes, run addr=202050a0, run size=000002e6 bytes, compression=lzss
	.bss: load addr=0001e894, load size=00000008 bytes, run addr=20200000, run size=0000509f bytes, compression=zero_init


LINKER GENERATED HANDLER TABLE

__TI_handler_table @ 0001e888 records: 3, size/record: 4, table size: 12
	index: 0, handler: __TI_decompress_lzss
	index: 1, handler: __TI_decompress_none
	index: 2, handler: __TI_zero_init


GLOBAL SYMBOLS: SORTED ALPHABETICALLY BY Name 

address   name                                
-------   ----                                
0001e661  ADC0_IRQHandler                     
0001e661  ADC1_IRQHandler                     
0001e661  AES_IRQHandler                      
0001e699  AMDAC4_AmmoOut                      
0001e01d  AMDAC4_Init                         
0001d9a5  AMDAC4_Out                          
0001e32d  ActivatePortA_B                     
20205368  BusFreq                             
0001e7ee  C$$EXIT                             
0001e661  CANFD0_IRQHandler                   
0001e755  Clock_Delay                         
0001e39d  Clock_Delay1ms                      
0001e7b1  Clock_Freq                          
0001c74d  Clock_Init80MHz                     
0001e661  DAC0_IRQHandler                     
0001df79  DAC6_Init                           
0001e279  DAC6_Out                            
0001e661  DMA_IRQHandler                      
0001e661  Default_Handler                     
0001e765  Delay                               
0001e661  GROUP0_IRQHandler                   
0001e661  GROUP1_IRQHandler                   
0001e7ef  HOSTexit                            
0001e625  HPDAC4_HPOut                        
0001e139  HPDAC4_Init                         
0001e491  HPDAC4_Out                          
0001e67d  HardFault_Handler                   
0001e661  I2C0_IRQHandler                     
0001e661  I2C1_IRQHandler                     
0001dd11  JoystickLeft_Init                   
0001dde9  JoystickLeft_getX                   
0001de51  JoystickLeft_getY                   
0001dd7d  JoystickRight_Init                  
0001deb9  JoystickRight_getX                  
0001db39  LaunchPad_Init                      
0001e661  NMI_Handler                         
0001e7d5  PLL_Init                            
0001e661  PendSV_Handler                      
20205088  Player                              
0001e4bd  Player_Damaged                      
0001e6b1  Player_Init                         
0001e775  Player_Reload                       
0001cc15  Player_Shoot                        
0001e661  RTC_IRQHandler                      
0001e7f3  Reset_Handler                       
0001e661  SPI0_IRQHandler                     
0001e661  SPI1_IRQHandler                     
0001d101  SPI_Init                            
0001e065  SPI_OutCommand                      
0001e365  SPI_OutData                         
0001e179  SPI_Reset                           
0001c349  ST7735_DrawBitmap                   
0001c901  ST7735_DrawCharS                    
0001d67d  ST7735_DrawFastHLine                
0001dc31  ST7735_DrawPixel                    
0001dab5  ST7735_DrawStringTransparent        
0001cd79  ST7735_DrawTransparentBitmapOnBuffer
0001cedd  ST7735_FillRect                     
0001e4e9  ST7735_FillScreen                   
0001d879  ST7735_InitR                        
0001d5ad  ST7735_OutCharTransparent           
0001e5b9  ST7735_OutStringTransparent         
0001e3d1  ST7735_SetCursor                    
0001d2f1  ST7735_SetRotation                  
0001e661  SVC_Handler                         
0001e6e1  Sound_Chamber                       
0001e541  Sound_Init                          
0001e6f5  Sound_Reload                        
0001e709  Sound_Shoot                         
0001e1b9  Sound_Start                         
2020537c  StTextColor                         
2020536c  StX                                 
20205370  StY                                 
0001e569  Switch_Init                         
0001e71d  Switch_Shoot                        
0001dfcd  SysTick_Handler                     
0001e0f5  SysTick_IntArm                      
20205090  TExaSLogic                          
20205094  TExaSadc                            
0001e661  TIMA0_IRQHandler                    
0001e661  TIMA1_IRQHandler                    
0001e661  TIMG0_IRQHandler                    
0001caa5  TIMG12_IRQHandler                   
0001e661  TIMG6_IRQHandler                    
0001e1f9  TIMG7_IRQHandler                    
0001d3e5  TIMG8_IRQHandler                    
0001e731  TI_memcpy_small                     
0001e7a3  TI_memset_small                     
0001d911  TimerG12_IntArm                     
0001d72d  TimerG8_IntArm                      
0001e661  UART0_IRQHandler                    
0001e661  UART1_IRQHandler                    
0001e661  UART2_IRQHandler                    
0001e661  UART3_IRQHandler                    
0001e435  Zombie_Damaged                      
20208000  __STACK_END                         
00000200  __STACK_SIZE                        
00000200  __SYSMEM_SIZE                       
00000000  __TI_ATRegion0_region_sz            
00000000  __TI_ATRegion0_src_addr             
00000000  __TI_ATRegion0_trg_addr             
00000000  __TI_ATRegion1_region_sz            
00000000  __TI_ATRegion1_src_addr             
00000000  __TI_ATRegion1_trg_addr             
00000000  __TI_ATRegion2_region_sz            
00000000  __TI_ATRegion2_src_addr             
00000000  __TI_ATRegion2_trg_addr             
0001e89c  __TI_CINIT_Base                     
0001e8ac  __TI_CINIT_Limit                    
0001e8ac  __TI_CINIT_Warm                     
0001e888  __TI_Handler_Table_Base             
0001e894  __TI_Handler_Table_Limit            
0001e2b5  __TI_auto_init_nobinit_nopinit      
0001dbb5  __TI_decompress_lzss                
0001e743  __TI_decompress_none                
ffffffff  __TI_pprof_out_hndl                 
ffffffff  __TI_prof_data_size                 
ffffffff  __TI_prof_data_start                
00000000  __TI_static_base__                  
0001e785  __TI_zero_init                      
0001df21  __aeabi_idiv                        
0001d877  __aeabi_idiv0                       
0001df21  __aeabi_idivmod                     
0001e5e1  __aeabi_lmul                        
0001e7bd  __aeabi_memclr                      
0001e7bd  __aeabi_memclr4                     
0001e7bd  __aeabi_memclr8                     
0001e7e1  __aeabi_memcpy                      
0001e7e1  __aeabi_memcpy4                     
0001e7e1  __aeabi_memcpy8                     
0001e239  __aeabi_uidiv                       
0001e239  __aeabi_uidivmod                    
ffffffff  __binit__                           
UNDEFED   __mpu_init                          
0001e5e1  __muldi3                            
0001e2f1  __muldsi3                           
20207e00  __stack                             
20200000  __start___llvm_prf_bits             
20200000  __start___llvm_prf_cnts             
20200000  __stop___llvm_prf_bits              
20200000  __stop___llvm_prf_cnts              
0001e591  _c_int00_noargs                     
20205388  _sys_memory                         
UNDEFED   _system_post_cinit                  
0001e7f7  _system_pre_init                    
0001e7e9  abort                               
ffffffff  binit                               
00013f50  chamber                             
0001b030  crosshair                           
00015b61  crosshairHeight                     
0001b02f  crosshairWidth                      
20205348  dir                                 
20200000  displayBuffer                       
0001e0ad  fix16_add                           
0001c559  fix16_div                           
0001e6c9  fix16_fast_cos                      
0001d4c9  fix16_fast_sin                      
0001dca1  fix16_mul                           
20205382  frame                               
20205383  gunRaysShot                         
20205384  gunReload                           
20205385  gunShot                             
00000000  interruptVectors                    
0001cff5  main                                
20205350  plane                               
20205358  pos                                 
0001b139  raycast                             
0001974a  reload                              
00011ed0  reload1                             
0000fb30  reload2                             
0000a9a0  reload3                             
0001860a  shootGun                            
20205374  shotgun                             
20205360  shotgunNeutral                      
0001734a  shotgunNormal                       
20205220  shotgunReload                       
202052c8  shotgunShoot                        
00015b62  shotgunShoot2                       
00007ac0  shotgunShoot3                       
0000d2e0  shotgunShoot4                       
0001d1f9  sortSprites                         
2020509e  soundCalled                         
20205098  soundIdx                            
20205080  soundToPlay                         
20205000  spriteDistance                      
20205040  spriteOrder                         
0001e463  v2d_add                             
0001e515  v2d_mul_s                           
0001adef  worldMap                            
00003fc0  zombie1                             
000000c0  zombie2                             
20205308  zombieCooldowns                     
20205378  zombieCount                         
202050a0  zombies                             


GLOBAL SYMBOLS: SORTED BY Symbol Address 

address   name                                
-------   ----                                
00000000  __TI_ATRegion0_region_sz            
00000000  __TI_ATRegion0_src_addr             
00000000  __TI_ATRegion0_trg_addr             
00000000  __TI_ATRegion1_region_sz            
00000000  __TI_ATRegion1_src_addr             
00000000  __TI_ATRegion1_trg_addr             
00000000  __TI_ATRegion2_region_sz            
00000000  __TI_ATRegion2_src_addr             
00000000  __TI_ATRegion2_trg_addr             
00000000  __TI_static_base__                  
00000000  interruptVectors                    
000000c0  zombie2                             
00000200  __STACK_SIZE                        
00000200  __SYSMEM_SIZE                       
00003fc0  zombie1                             
00007ac0  shotgunShoot3                       
0000a9a0  reload3                             
0000d2e0  shotgunShoot4                       
0000fb30  reload2                             
00011ed0  reload1                             
00013f50  chamber                             
00015b61  crosshairHeight                     
00015b62  shotgunShoot2                       
0001734a  shotgunNormal                       
0001860a  shootGun                            
0001974a  reload                              
0001adef  worldMap                            
0001b02f  crosshairWidth                      
0001b030  crosshair                           
0001b139  raycast                             
0001c349  ST7735_DrawBitmap                   
0001c559  fix16_div                           
0001c74d  Clock_Init80MHz                     
0001c901  ST7735_DrawCharS                    
0001caa5  TIMG12_IRQHandler                   
0001cc15  Player_Shoot                        
0001cd79  ST7735_DrawTransparentBitmapOnBuffer
0001cedd  ST7735_FillRect                     
0001cff5  main                                
0001d101  SPI_Init                            
0001d1f9  sortSprites                         
0001d2f1  ST7735_SetRotation                  
0001d3e5  TIMG8_IRQHandler                    
0001d4c9  fix16_fast_sin                      
0001d5ad  ST7735_OutCharTransparent           
0001d67d  ST7735_DrawFastHLine                
0001d72d  TimerG8_IntArm                      
0001d877  __aeabi_idiv0                       
0001d879  ST7735_InitR                        
0001d911  TimerG12_IntArm                     
0001d9a5  AMDAC4_Out                          
0001dab5  ST7735_DrawStringTransparent        
0001db39  LaunchPad_Init                      
0001dbb5  __TI_decompress_lzss                
0001dc31  ST7735_DrawPixel                    
0001dca1  fix16_mul                           
0001dd11  JoystickLeft_Init                   
0001dd7d  JoystickRight_Init                  
0001dde9  JoystickLeft_getX                   
0001de51  JoystickLeft_getY                   
0001deb9  JoystickRight_getX                  
0001df21  __aeabi_idiv                        
0001df21  __aeabi_idivmod                     
0001df79  DAC6_Init                           
0001dfcd  SysTick_Handler                     
0001e01d  AMDAC4_Init                         
0001e065  SPI_OutCommand                      
0001e0ad  fix16_add                           
0001e0f5  SysTick_IntArm                      
0001e139  HPDAC4_Init                         
0001e179  SPI_Reset                           
0001e1b9  Sound_Start                         
0001e1f9  TIMG7_IRQHandler                    
0001e239  __aeabi_uidiv                       
0001e239  __aeabi_uidivmod                    
0001e279  DAC6_Out                            
0001e2b5  __TI_auto_init_nobinit_nopinit      
0001e2f1  __muldsi3                           
0001e32d  ActivatePortA_B                     
0001e365  SPI_OutData                         
0001e39d  Clock_Delay1ms                      
0001e3d1  ST7735_SetCursor                    
0001e435  Zombie_Damaged                      
0001e463  v2d_add                             
0001e491  HPDAC4_Out                          
0001e4bd  Player_Damaged                      
0001e4e9  ST7735_FillScreen                   
0001e515  v2d_mul_s                           
0001e541  Sound_Init                          
0001e569  Switch_Init                         
0001e591  _c_int00_noargs                     
0001e5b9  ST7735_OutStringTransparent         
0001e5e1  __aeabi_lmul                        
0001e5e1  __muldi3                            
0001e625  HPDAC4_HPOut                        
0001e661  ADC0_IRQHandler                     
0001e661  ADC1_IRQHandler                     
0001e661  AES_IRQHandler                      
0001e661  CANFD0_IRQHandler                   
0001e661  DAC0_IRQHandler                     
0001e661  DMA_IRQHandler                      
0001e661  Default_Handler                     
0001e661  GROUP0_IRQHandler                   
0001e661  GROUP1_IRQHandler                   
0001e661  I2C0_IRQHandler                     
0001e661  I2C1_IRQHandler                     
0001e661  NMI_Handler                         
0001e661  PendSV_Handler                      
0001e661  RTC_IRQHandler                      
0001e661  SPI0_IRQHandler                     
0001e661  SPI1_IRQHandler                     
0001e661  SVC_Handler                         
0001e661  TIMA0_IRQHandler                    
0001e661  TIMA1_IRQHandler                    
0001e661  TIMG0_IRQHandler                    
0001e661  TIMG6_IRQHandler                    
0001e661  UART0_IRQHandler                    
0001e661  UART1_IRQHandler                    
0001e661  UART2_IRQHandler                    
0001e661  UART3_IRQHandler                    
0001e67d  HardFault_Handler                   
0001e699  AMDAC4_AmmoOut                      
0001e6b1  Player_Init                         
0001e6c9  fix16_fast_cos                      
0001e6e1  Sound_Chamber                       
0001e6f5  Sound_Reload                        
0001e709  Sound_Shoot                         
0001e71d  Switch_Shoot                        
0001e731  TI_memcpy_small                     
0001e743  __TI_decompress_none                
0001e755  Clock_Delay                         
0001e765  Delay                               
0001e775  Player_Reload                       
0001e785  __TI_zero_init                      
0001e7a3  TI_memset_small                     
0001e7b1  Clock_Freq                          
0001e7bd  __aeabi_memclr                      
0001e7bd  __aeabi_memclr4                     
0001e7bd  __aeabi_memclr8                     
0001e7d5  PLL_Init                            
0001e7e1  __aeabi_memcpy                      
0001e7e1  __aeabi_memcpy4                     
0001e7e1  __aeabi_memcpy8                     
0001e7e9  abort                               
0001e7ee  C$$EXIT                             
0001e7ef  HOSTexit                            
0001e7f3  Reset_Handler                       
0001e7f7  _system_pre_init                    
0001e888  __TI_Handler_Table_Base             
0001e894  __TI_Handler_Table_Limit            
0001e89c  __TI_CINIT_Base                     
0001e8ac  __TI_CINIT_Limit                    
0001e8ac  __TI_CINIT_Warm                     
20200000  __start___llvm_prf_bits             
20200000  __start___llvm_prf_cnts             
20200000  __stop___llvm_prf_bits              
20200000  __stop___llvm_prf_cnts              
20200000  displayBuffer                       
20205000  spriteDistance                      
20205040  spriteOrder                         
20205080  soundToPlay                         
20205088  Player                              
20205090  TExaSLogic                          
20205094  TExaSadc                            
20205098  soundIdx                            
2020509e  soundCalled                         
202050a0  zombies                             
20205220  shotgunReload                       
202052c8  shotgunShoot                        
20205308  zombieCooldowns                     
20205348  dir                                 
20205350  plane                               
20205358  pos                                 
20205360  shotgunNeutral                      
20205368  BusFreq                             
2020536c  StX                                 
20205370  StY                                 
20205374  shotgun                             
20205378  zombieCount                         
2020537c  StTextColor                         
20205382  frame                               
20205383  gunRaysShot                         
20205384  gunReload                           
20205385  gunShot                             
20205388  _sys_memory                         
20207e00  __stack                             
20208000  __STACK_END                         
ffffffff  __TI_pprof_out_hndl                 
ffffffff  __TI_prof_data_size                 
ffffffff  __TI_prof_data_start                
ffffffff  __binit__                           
ffffffff  binit                               
UNDEFED   __mpu_init                          
UNDEFED   _system_post_cinit                  

[194 symbols]
