******************************************************************************
            TI ARM Clang Linker PC v4.0.4                      
******************************************************************************
>> Linked Sun Apr 19 18:00:19 2026

OUTPUT FILE NAME:   <ECE319K_Lab9.out>
ENTRY POINT SYMBOL: "_c_int00_noargs"  address: 00018e01


MEMORY CONFIGURATION

         name            origin    length      used     unused   attr    fill
----------------------  --------  ---------  --------  --------  ----  --------
  FLASH                 00000000   00020000  00019060  00006fa0  R  X
  SRAM                  20200000   00008000  00005543  00002abd  RW X
  BCR_CONFIG            41c00000   00000080  00000000  00000080  R   
  BSL_CONFIG            41c00100   00000080  00000000  00000080  R   


SEGMENT ALLOCATION MAP

run origin  load origin   length   init length attrs members
----------  ----------- ---------- ----------- ----- -------
00000000    00000000    00019060   00019060    r-x
  00000000    00000000    000000c0   000000c0    r-- .intvecs
  000000c0    000000c0    00016be0   00016be0    r-- .rodata
  00016ca0    00016ca0    00002328   00002328    r-x .text
  00018fc8    00018fc8    00000098   00000098    r-- .cinit
20200000    20200000    00005344   00000000    rw-
  20200000    20200000    0000501f   00000000    rw- .bss
  20205020    20205020    00000200   00000000    rw- .sysmem
  20205220    20205220    00000124   00000000    rw- .data
20207e00    20207e00    00000200   00000000    rw-
  20207e00    20207e00    00000200   00000000    rw- .stack


SECTION ALLOCATION MAP

 output                                  attributes/
section   page    origin      length       input sections
--------  ----  ----------  ----------   ----------------
.intvecs   0    00000000    000000c0     
                  00000000    000000c0     startup_mspm0g3507_ticlang.o (.intvecs)

.text      0    00016ca0    00002328     
                  00016ca0    00000860     render3D.o (.text.raycast)
                  00017500    00000210     ST7735.o (.text.ST7735_DrawBitmap)
                  00017710    000001f4     fix16.o (.text.fix16_div)
                  00017904    000001b4     Clock.o (.text.Clock_Init80MHz)
                  00017ab8    00000178     ST7735.o (.text.ST7735_DrawTransparentBitmapOnBuffer)
                  00017c30    00000118     ST7735.o (.text.ST7735_FillRect)
                  00017d48    000000f8     SPI.o (.text.SPI_Init)
                  00017e40    000000f4     ST7735.o (.text.ST7735_SetRotation)
                  00017f34    000000e4     fix16_fast_trig_lut.o (.text.fix16_fast_sin)
                  00018018    000000a8     Timer.o (.text.TimerG8_IntArm)
                  000180c0    000000a2     ST7735.o (.text.commandList)
                  00018162    00000002     libclang_rt.builtins.a : aeabi_div0.c.obj (.text.__aeabi_idiv0)
                  00018164    00000098     ST7735.o (.text.ST7735_InitR)
                  000181fc    00000094     Timer.o (.text.TimerG12_IntArm)
                  00018290    00000088     AMDAC4.o (.text.AMDAC4_Out)
                  00018318    00000088     ST7735.o (.text.setAddrWindow)
                  000183a0    0000007c     LaunchPad.o (.text.LaunchPad_Init)
                  0001841c    0000007c     libc.a : copy_decompress_lzss.c.obj (.text:decompress:lzss)
                  00018498    00000074     Switch.o (.text.TIMG12_IRQHandler)
                  0001850c    0000006e     fix16.o (.text.fix16_mul)
                  0001857a    00000002     --HOLE-- [fill = 0]
                  0001857c    0000006c     JoystickLeft.o (.text.JoystickLeft_Init)
                  000185e8    0000006c     JoystickRight.o (.text.JoystickRight_Init)
                  00018654    00000068     JoystickLeft.o (.text.JoystickLeft_getX)
                  000186bc    00000068     JoystickLeft.o (.text.JoystickLeft_getY)
                  00018724    00000068     JoystickRight.o (.text.JoystickRight_getX)
                  0001878c    00000064     Animations.o (.text.TIMG8_IRQHandler)
                  000187f0    0000005c     Lab9Main.o (.text.main)
                  0001884c    00000056     libclang_rt.builtins.a : aeabi_idivmod.S.obj (.text.__aeabi_idivmod)
                  000188a2    00000002     --HOLE-- [fill = 0]
                  000188a4    00000054     DAC6.o (.text.DAC6_Init)
                  000188f8    00000050     Sound.o (.text.SysTick_Handler)
                  00018948    00000048     AMDAC4.o (.text.AMDAC4_Init)
                  00018990    00000048     SPI.o (.text.SPI_OutCommand)
                  000189d8    00000046     fix16.o (.text.fix16_add)
                  00018a1e    00000002     --HOLE-- [fill = 0]
                  00018a20    00000044     Sound.o (.text.SysTick_IntArm)
                  00018a64    00000040     SPI.o (.text.SPI_Reset)
                  00018aa4    00000040     Sound.o (.text.Sound_Start)
                  00018ae4    00000040     TExaS.o (.text.TIMG7_IRQHandler)
                  00018b24    00000040     libclang_rt.builtins.a : aeabi_uidivmod.S.obj (.text.__aeabi_uidivmod)
                  00018b64    0000003c     DAC6.o (.text.DAC6_Out)
                  00018ba0    0000003c     libc.a : autoinit.c.obj (.text:__TI_auto_init_nobinit_nopinit)
                  00018bdc    0000003a     libclang_rt.builtins.a : muldsi3.S.obj (.text.__muldsi3)
                  00018c16    00000002     --HOLE-- [fill = 0]
                  00018c18    00000038     LaunchPad.o (.text.ActivatePortA_B)
                  00018c50    00000038     SPI.o (.text.SPI_OutData)
                  00018c88    00000034     Clock.o (.text.Clock_Delay1ms)
                  00018cbc    00000034     ST7735.o (.text.ST7735_SetCursor)
                  00018cf0    00000030     Sound.o (.text.Sound_Init)
                  00018d20    00000030     ST7735.o (.text.commonInit)
                  00018d50    0000002e     fixvector2d.o (.text.v2d_add)
                  00018d7e    00000002     --HOLE-- [fill = 0]
                  00018d80    0000002c     ST7735.o (.text.ST7735_FillScreen)
                  00018dac    0000002a     fixvector2d.o (.text.v2d_mul_s)
                  00018dd6    00000002     --HOLE-- [fill = 0]
                  00018dd8    00000028     Switch.o (.text.Switch_Init)
                  00018e00    00000028     libc.a : boot_cortex_m.c.obj (.text:_c_int00_noargs)
                  00018e28    00000024     libclang_rt.builtins.a : muldi3.S.obj (.text.__muldi3)
                  00018e4c    0000001c     startup_mspm0g3507_ticlang.o (.text.Default_Handler)
                  00018e68    0000001c     startup_mspm0g3507_ticlang.o (.text.HardFault_Handler)
                  00018e84    00000018     AMDAC4.o (.text.AMDAC4_AmmoOut)
                  00018e9c    00000018     fix16_fast_trig_lut.o (.text.fix16_fast_cos)
                  00018eb4    00000014     Sound.o (.text.Sound_Reload)
                  00018ec8    00000014     Sound.o (.text.Sound_Shoot)
                  00018edc    00000014     Switch.o (.text.Switch_Shoot)
                  00018ef0    00000012     libc.a : memcpy16.S.obj (.text:TI_memcpy_small)
                  00018f02    00000012            : copy_decompress_none.c.obj (.text:decompress:none)
                  00018f14    00000010     Clock.o (.text.Clock_Delay)
                  00018f24    00000010     LaunchPad.o (.text.Delay)
                  00018f34    00000010     Entities.o (.text.Player_Init)
                  00018f44    00000010     Entities.o (.text.Player_Reload)
                  00018f54    00000010     Entities.o (.text.Player_Shoot)
                  00018f64    00000010     libc.a : copy_zero_init.c.obj (.text:decompress:ZI)
                  00018f74    0000000e            : memset16.S.obj (.text:TI_memset_small)
                  00018f82    00000002     --HOLE-- [fill = 0]
                  00018f84    0000000c     Clock.o (.text.Clock_Freq)
                  00018f90    0000000c     libclang_rt.builtins.a : aeabi_memset.S.obj (.text.__aeabi_memclr)
                  00018f9c    0000000a     Lab9Main.o (.text.PLL_Init)
                  00018fa6    00000002     --HOLE-- [fill = 0]
                  00018fa8    00000008     libclang_rt.builtins.a : aeabi_memcpy.S.obj (.text.__aeabi_memcpy)
                  00018fb0    00000006     libc.a : exit.c.obj (.text:abort)
                  00018fb6    00000004     libsysbm.a : hostexit.c.obj (.text.HOSTexit)
                  00018fba    00000004     startup_mspm0g3507_ticlang.o (.text.Reset_Handler)
                  00018fbe    00000004     libc.a : pre_init.c.obj (.text._system_pre_init)
                  00018fc2    00000006     --HOLE-- [fill = 0]

.cinit     0    00018fc8    00000098     
                  00018fc8    00000071     (.cinit..data.load) [load image, compression = lzss]
                  00019039    00000003     --HOLE-- [fill = 0]
                  0001903c    0000000c     (__TI_handler_table)
                  00019048    00000008     (.cinit..bss.load) [load image, compression = zero_init]
                  00019050    00000010     (__TI_cinit_table)

.rodata    0    000000c0    00016be0     
                  000000c0    00002ee0     Animations.o (.rodata.shotgunShoot3)
                  00002fa0    00002d51     Sound.o (.rodata.shootShotgun)
                  00005cf1    00000001     Animations.o (.rodata.crosshairHeight)
                  00005cf2    00002a30     Animations.o (.rodata.shotgunShoot5)
                  00008722    00002940     Animations.o (.rodata.reload3)
                  0000b062    00002850     Animations.o (.rodata.shotgunShoot4)
                  0000d8b2    000023a0     Animations.o (.rodata.reload2)
                  0000fc52    00002080     Animations.o (.rodata.reload1)
                  00011cd2    000017e8     Animations.o (.rodata.shotgunShoot2)
                  000134ba    00001608     Animations.o (.rodata.shotgunShoot1)
                  00014ac2    000012c0     Animations.o (.rodata.shotgunNormal)
                  00015d82    00000800     fix16_fast_trig_lut.o (.rodata.fastSineLookupTable)
                  00016582    00000409     Sound.o (.rodata.reload)
                  0001698b    00000240     Lab9Main.o (.rodata.worldMap)
                  00016bcb    00000001     Animations.o (.rodata.crosshairWidth)
                  00016bcc    00000048     Animations.o (.rodata.crosshair)
                  00016c14    0000003b     ST7735.o (.rodata.Rcmd1)
                  00016c4f    0000002b     ST7735.o (.rodata.Rcmd3)
                  00016c7a    0000000d     ST7735.o (.rodata.Rcmd2green)
                  00016c87    0000000d     ST7735.o (.rodata.Rcmd2red)
                  00016c94    00000008     render3D.o (.rodata.cst8)
                  00016c9c    00000004     --HOLE-- [fill = 0]

.init_array 
*          0    00000000    00000000     UNINITIALIZED

.binit     0    00000000    00000000     

.bss       0    20200000    0000501f     UNINITIALIZED
                  20200000    00005000     (.common:displayBuffer)
                  20205000    00000008     (.common:soundToPlay)
                  20205008    00000004     (.common:TExaSLogic)
                  2020500c    00000004     (.common:TExaSadc)
                  20205010    00000004     (.common:backgroundIdx)
                  20205014    00000004     (.common:soundIdx)
                  20205018    00000002     (.common:Player)
                  2020501a    00000001     ST7735.o (.bss.ColStart)
                  2020501b    00000001     ST7735.o (.bss.Rotation)
                  2020501c    00000001     ST7735.o (.bss.RowStart)
                  2020501d    00000001     ST7735.o (.bss.TabColor)
                  2020501e    00000001     (.common:soundCalled)

.sysmem    0    20205020    00000200     UNINITIALIZED
                  20205020    00000010     libc.a : memory.c.obj (.sysmem)
                  20205030    000001f0     --HOLE--

.data      0    20205220    00000124     UNINITIALIZED
                  20205220    000000a8     Animations.o (.data.shotgunReload)
                  202052c8    00000040     Animations.o (.data.shotgunShoot)
                  20205308    00000010     Animations.o (.data..L_MergedGlobals)
                  20205318    00000008     Lab9Main.o (.data.dir)
                  20205320    00000008     Lab9Main.o (.data.plane)
                  20205328    00000008     Lab9Main.o (.data.pos)
                  20205330    00000004     Clock.o (.data.BusFreq)
                  20205334    00000004     ST7735.o (.data.StX)
                  20205338    00000004     ST7735.o (.data.StY)
                  2020533c    00000002     ST7735.o (.data.StTextColor)
                  2020533e    00000002     ST7735.o (.data._height)
                  20205340    00000002     ST7735.o (.data._width)
                  20205342    00000001     Switch.o (.data.gunReload)
                  20205343    00000001     Switch.o (.data.gunShot)

.stack     0    20207e00    00000200     UNINITIALIZED
                  20207e00    00000004     libc.a : boot_cortex_m.c.obj (.stack)
                  20207e04    000001fc     --HOLE--

__llvm_prf_cnts 
*          0    20200000    00000000     UNINITIALIZED

__llvm_prf_bits 
*          0    20200000    00000000     UNINITIALIZED

MODULE SUMMARY

       Module                         code   ro data   rw data
       ------                         ----   -------   -------
    .\
       Animations.o                   100    77754     248    
       render3D.o                     2144   8         20480  
       Sound.o                        300    12634     17     
       ST7735.o                       2022   128       18     
       Lab9Main.o                     102    576       24     
       Clock.o                        516    0         4      
       SPI.o                          440    0         0      
       JoystickLeft.o                 316    0         0      
       Timer.o                        316    0         0      
       AMDAC4.o                       232    0         0      
       JoystickRight.o                212    0         0      
       LaunchPad.o                    196    0         0      
       Switch.o                       176    0         2      
       DAC6.o                         144    0         0      
       TExaS.o                        64     0         8      
       Entities.o                     48     0         2      
    +--+------------------------------+------+---------+---------+
       Total:                         7328   91100     20803  
                                                              
    .\Math\fix\
       fix16_fast_trig_lut.o          252    2048      0      
       fix16.o                        680    0         0      
    +--+------------------------------+------+---------+---------+
       Total:                         932    2048      0      
                                                              
    .\Math\lib_fixmatrix\
       fixvector2d.o                  88     0         0      
    +--+------------------------------+------+---------+---------+
       Total:                         88     0         0      
                                                              
    .\ticlang\
       startup_mspm0g3507_ticlang.o   60     192       0      
    +--+------------------------------+------+---------+---------+
       Total:                         60     192       0      
                                                              
    C:\ti\ccs2040\ccs\tools\compiler\ti-cgt-armllvm_4.0.4.LTS\lib\armv6m-ti-none-eabi/c/libc.a
       copy_decompress_lzss.c.obj     124    0         0      
       autoinit.c.obj                 60     0         0      
       boot_cortex_m.c.obj            40     0         0      
       copy_decompress_none.c.obj     18     0         0      
       memcpy16.S.obj                 18     0         0      
       copy_zero_init.c.obj           16     0         0      
       memset16.S.obj                 14     0         0      
       exit.c.obj                     6      0         0      
       pre_init.c.obj                 4      0         0      
    +--+------------------------------+------+---------+---------+
       Total:                         300    0         0      
                                                              
    C:\ti\ccs2040\ccs\tools\compiler\ti-cgt-armllvm_4.0.4.LTS\lib\armv6m-ti-none-eabi/c/libsysbm.a
       hostexit.c.obj                 4      0         0      
    +--+------------------------------+------+---------+---------+
       Total:                         4      0         0      
                                                              
    C:\ti\ccs2040\ccs\tools\compiler\ti-cgt-armllvm_4.0.4.LTS\lib\armv6m-ti-none-eabi/libclang_rt.builtins.a
       aeabi_idivmod.S.obj            86     0         0      
       aeabi_uidivmod.S.obj           64     0         0      
       muldsi3.S.obj                  58     0         0      
       muldi3.S.obj                   36     0         0      
       aeabi_memset.S.obj             12     0         0      
       aeabi_memcpy.S.obj             8      0         0      
       aeabi_div0.c.obj               2      0         0      
    +--+------------------------------+------+---------+---------+
       Total:                         266    0         0      
                                                              
       Heap:                          0      0         512    
       Stack:                         0      0         512    
       Linker Generated:              0      149       0      
    +--+------------------------------+------+---------+---------+
       Grand Total:                   8978   93489     21827  


LINKER GENERATED COPY TABLES

__TI_cinit_table @ 00019050 records: 2, size/record: 8, table size: 16
	.data: load addr=00018fc8, load size=00000071 bytes, run addr=20205220, run size=00000124 bytes, compression=lzss
	.bss: load addr=00019048, load size=00000008 bytes, run addr=20200000, run size=0000501f bytes, compression=zero_init


LINKER GENERATED HANDLER TABLE

__TI_handler_table @ 0001903c records: 3, size/record: 4, table size: 12
	index: 0, handler: __TI_decompress_lzss
	index: 1, handler: __TI_decompress_none
	index: 2, handler: __TI_zero_init


GLOBAL SYMBOLS: SORTED ALPHABETICALLY BY Name 

address   name                                
-------   ----                                
00018e4d  ADC0_IRQHandler                     
00018e4d  ADC1_IRQHandler                     
00018e4d  AES_IRQHandler                      
00018e85  AMDAC4_AmmoOut                      
00018949  AMDAC4_Init                         
00018291  AMDAC4_Out                          
00018c19  ActivatePortA_B                     
20205330  BusFreq                             
00018fb6  C$$EXIT                             
00018e4d  CANFD0_IRQHandler                   
00018f15  Clock_Delay                         
00018c89  Clock_Delay1ms                      
00018f85  Clock_Freq                          
00017905  Clock_Init80MHz                     
00018e4d  DAC0_IRQHandler                     
000188a5  DAC6_Init                           
00018b65  DAC6_Out                            
00018e4d  DMA_IRQHandler                      
00018e4d  Default_Handler                     
00018f25  Delay                               
00018e4d  GROUP0_IRQHandler                   
00018e4d  GROUP1_IRQHandler                   
00018fb7  HOSTexit                            
00018e69  HardFault_Handler                   
00018e4d  I2C0_IRQHandler                     
00018e4d  I2C1_IRQHandler                     
0001857d  JoystickLeft_Init                   
00018655  JoystickLeft_getX                   
000186bd  JoystickLeft_getY                   
000185e9  JoystickRight_Init                  
00018725  JoystickRight_getX                  
000183a1  LaunchPad_Init                      
00018e4d  NMI_Handler                         
00018f9d  PLL_Init                            
00018e4d  PendSV_Handler                      
20205018  Player                              
00018f35  Player_Init                         
00018f45  Player_Reload                       
00018f55  Player_Shoot                        
00018e4d  RTC_IRQHandler                      
00018fbb  Reset_Handler                       
00018e4d  SPI0_IRQHandler                     
00018e4d  SPI1_IRQHandler                     
00017d49  SPI_Init                            
00018991  SPI_OutCommand                      
00018c51  SPI_OutData                         
00018a65  SPI_Reset                           
00017501  ST7735_DrawBitmap                   
00017ab9  ST7735_DrawTransparentBitmapOnBuffer
00017c31  ST7735_FillRect                     
00018d81  ST7735_FillScreen                   
00018165  ST7735_InitR                        
00018cbd  ST7735_SetCursor                    
00017e41  ST7735_SetRotation                  
00018e4d  SVC_Handler                         
00018cf1  Sound_Init                          
00018eb5  Sound_Reload                        
00018ec9  Sound_Shoot                         
00018aa5  Sound_Start                         
2020533c  StTextColor                         
20205334  StX                                 
20205338  StY                                 
00018dd9  Switch_Init                         
00018edd  Switch_Shoot                        
000188f9  SysTick_Handler                     
00018a21  SysTick_IntArm                      
20205008  TExaSLogic                          
2020500c  TExaSadc                            
00018e4d  TIMA0_IRQHandler                    
00018e4d  TIMA1_IRQHandler                    
00018e4d  TIMG0_IRQHandler                    
00018499  TIMG12_IRQHandler                   
00018e4d  TIMG6_IRQHandler                    
00018ae5  TIMG7_IRQHandler                    
0001878d  TIMG8_IRQHandler                    
00018ef1  TI_memcpy_small                     
00018f75  TI_memset_small                     
000181fd  TimerG12_IntArm                     
00018019  TimerG8_IntArm                      
00018e4d  UART0_IRQHandler                    
00018e4d  UART1_IRQHandler                    
00018e4d  UART2_IRQHandler                    
00018e4d  UART3_IRQHandler                    
20208000  __STACK_END                         
00000200  __STACK_SIZE                        
00000200  __SYSMEM_SIZE                       
00000000  __TI_ATRegion0_region_sz            
00000000  __TI_ATRegion0_src_addr             
00000000  __TI_ATRegion0_trg_addr             
00000000  __TI_ATRegion1_region_sz            
00000000  __TI_ATRegion1_src_addr             
00000000  __TI_ATRegion1_trg_addr             
00000000  __TI_ATRegion2_region_sz            
00000000  __TI_ATRegion2_src_addr             
00000000  __TI_ATRegion2_trg_addr             
00019050  __TI_CINIT_Base                     
00019060  __TI_CINIT_Limit                    
00019060  __TI_CINIT_Warm                     
0001903c  __TI_Handler_Table_Base             
00019048  __TI_Handler_Table_Limit            
00018ba1  __TI_auto_init_nobinit_nopinit      
0001841d  __TI_decompress_lzss                
00018f03  __TI_decompress_none                
ffffffff  __TI_pprof_out_hndl                 
ffffffff  __TI_prof_data_size                 
ffffffff  __TI_prof_data_start                
00000000  __TI_static_base__                  
00018f65  __TI_zero_init                      
0001884d  __aeabi_idiv                        
00018163  __aeabi_idiv0                       
0001884d  __aeabi_idivmod                     
00018e29  __aeabi_lmul                        
00018f91  __aeabi_memclr                      
00018f91  __aeabi_memclr4                     
00018f91  __aeabi_memclr8                     
00018fa9  __aeabi_memcpy                      
00018fa9  __aeabi_memcpy4                     
00018fa9  __aeabi_memcpy8                     
00018b25  __aeabi_uidiv                       
00018b25  __aeabi_uidivmod                    
ffffffff  __binit__                           
UNDEFED   __mpu_init                          
00018e29  __muldi3                            
00018bdd  __muldsi3                           
20207e00  __stack                             
20200000  __start___llvm_prf_bits             
20200000  __start___llvm_prf_cnts             
20200000  __stop___llvm_prf_bits              
20200000  __stop___llvm_prf_cnts              
00018e01  _c_int00_noargs                     
20205020  _sys_memory                         
UNDEFED   _system_post_cinit                  
00018fbf  _system_pre_init                    
00018fb1  abort                               
20205010  backgroundIdx                       
ffffffff  binit                               
00016bcc  crosshair                           
00005cf1  crosshairHeight                     
00016bcb  crosshairWidth                      
20205318  dir                                 
20200000  displayBuffer                       
000189d9  fix16_add                           
00017711  fix16_div                           
00018e9d  fix16_fast_cos                      
00017f35  fix16_fast_sin                      
0001850d  fix16_mul                           
20205308  frame                               
20205342  gunReload                           
20205343  gunShot                             
00000000  interruptVectors                    
000187f1  main                                
20205320  plane                               
20205328  pos                                 
00016ca1  raycast                             
00016582  reload                              
0000fc52  reload1                             
0000d8b2  reload2                             
00008722  reload3                             
00002fa0  shootShotgun                        
2020530c  shotgun                             
20205310  shotgunNeutral                      
00014ac2  shotgunNormal                       
20205220  shotgunReload                       
202052c8  shotgunShoot                        
000134ba  shotgunShoot1                       
00011cd2  shotgunShoot2                       
000000c0  shotgunShoot3                       
0000b062  shotgunShoot4                       
00005cf2  shotgunShoot5                       
2020501e  soundCalled                         
20205014  soundIdx                            
20205000  soundToPlay                         
00018d51  v2d_add                             
00018dad  v2d_mul_s                           
0001698b  worldMap                            


GLOBAL SYMBOLS: SORTED BY Symbol Address 

address   name                                
-------   ----                                
00000000  __TI_ATRegion0_region_sz            
00000000  __TI_ATRegion0_src_addr             
00000000  __TI_ATRegion0_trg_addr             
00000000  __TI_ATRegion1_region_sz            
00000000  __TI_ATRegion1_src_addr             
00000000  __TI_ATRegion1_trg_addr             
00000000  __TI_ATRegion2_region_sz            
00000000  __TI_ATRegion2_src_addr             
00000000  __TI_ATRegion2_trg_addr             
00000000  __TI_static_base__                  
00000000  interruptVectors                    
000000c0  shotgunShoot3                       
00000200  __STACK_SIZE                        
00000200  __SYSMEM_SIZE                       
00002fa0  shootShotgun                        
00005cf1  crosshairHeight                     
00005cf2  shotgunShoot5                       
00008722  reload3                             
0000b062  shotgunShoot4                       
0000d8b2  reload2                             
0000fc52  reload1                             
00011cd2  shotgunShoot2                       
000134ba  shotgunShoot1                       
00014ac2  shotgunNormal                       
00016582  reload                              
0001698b  worldMap                            
00016bcb  crosshairWidth                      
00016bcc  crosshair                           
00016ca1  raycast                             
00017501  ST7735_DrawBitmap                   
00017711  fix16_div                           
00017905  Clock_Init80MHz                     
00017ab9  ST7735_DrawTransparentBitmapOnBuffer
00017c31  ST7735_FillRect                     
00017d49  SPI_Init                            
00017e41  ST7735_SetRotation                  
00017f35  fix16_fast_sin                      
00018019  TimerG8_IntArm                      
00018163  __aeabi_idiv0                       
00018165  ST7735_InitR                        
000181fd  TimerG12_IntArm                     
00018291  AMDAC4_Out                          
000183a1  LaunchPad_Init                      
0001841d  __TI_decompress_lzss                
00018499  TIMG12_IRQHandler                   
0001850d  fix16_mul                           
0001857d  JoystickLeft_Init                   
000185e9  JoystickRight_Init                  
00018655  JoystickLeft_getX                   
000186bd  JoystickLeft_getY                   
00018725  JoystickRight_getX                  
0001878d  TIMG8_IRQHandler                    
000187f1  main                                
0001884d  __aeabi_idiv                        
0001884d  __aeabi_idivmod                     
000188a5  DAC6_Init                           
000188f9  SysTick_Handler                     
00018949  AMDAC4_Init                         
00018991  SPI_OutCommand                      
000189d9  fix16_add                           
00018a21  SysTick_IntArm                      
00018a65  SPI_Reset                           
00018aa5  Sound_Start                         
00018ae5  TIMG7_IRQHandler                    
00018b25  __aeabi_uidiv                       
00018b25  __aeabi_uidivmod                    
00018b65  DAC6_Out                            
00018ba1  __TI_auto_init_nobinit_nopinit      
00018bdd  __muldsi3                           
00018c19  ActivatePortA_B                     
00018c51  SPI_OutData                         
00018c89  Clock_Delay1ms                      
00018cbd  ST7735_SetCursor                    
00018cf1  Sound_Init                          
00018d51  v2d_add                             
00018d81  ST7735_FillScreen                   
00018dad  v2d_mul_s                           
00018dd9  Switch_Init                         
00018e01  _c_int00_noargs                     
00018e29  __aeabi_lmul                        
00018e29  __muldi3                            
00018e4d  ADC0_IRQHandler                     
00018e4d  ADC1_IRQHandler                     
00018e4d  AES_IRQHandler                      
00018e4d  CANFD0_IRQHandler                   
00018e4d  DAC0_IRQHandler                     
00018e4d  DMA_IRQHandler                      
00018e4d  Default_Handler                     
00018e4d  GROUP0_IRQHandler                   
00018e4d  GROUP1_IRQHandler                   
00018e4d  I2C0_IRQHandler                     
00018e4d  I2C1_IRQHandler                     
00018e4d  NMI_Handler                         
00018e4d  PendSV_Handler                      
00018e4d  RTC_IRQHandler                      
00018e4d  SPI0_IRQHandler                     
00018e4d  SPI1_IRQHandler                     
00018e4d  SVC_Handler                         
00018e4d  TIMA0_IRQHandler                    
00018e4d  TIMA1_IRQHandler                    
00018e4d  TIMG0_IRQHandler                    
00018e4d  TIMG6_IRQHandler                    
00018e4d  UART0_IRQHandler                    
00018e4d  UART1_IRQHandler                    
00018e4d  UART2_IRQHandler                    
00018e4d  UART3_IRQHandler                    
00018e69  HardFault_Handler                   
00018e85  AMDAC4_AmmoOut                      
00018e9d  fix16_fast_cos                      
00018eb5  Sound_Reload                        
00018ec9  Sound_Shoot                         
00018edd  Switch_Shoot                        
00018ef1  TI_memcpy_small                     
00018f03  __TI_decompress_none                
00018f15  Clock_Delay                         
00018f25  Delay                               
00018f35  Player_Init                         
00018f45  Player_Reload                       
00018f55  Player_Shoot                        
00018f65  __TI_zero_init                      
00018f75  TI_memset_small                     
00018f85  Clock_Freq                          
00018f91  __aeabi_memclr                      
00018f91  __aeabi_memclr4                     
00018f91  __aeabi_memclr8                     
00018f9d  PLL_Init                            
00018fa9  __aeabi_memcpy                      
00018fa9  __aeabi_memcpy4                     
00018fa9  __aeabi_memcpy8                     
00018fb1  abort                               
00018fb6  C$$EXIT                             
00018fb7  HOSTexit                            
00018fbb  Reset_Handler                       
00018fbf  _system_pre_init                    
0001903c  __TI_Handler_Table_Base             
00019048  __TI_Handler_Table_Limit            
00019050  __TI_CINIT_Base                     
00019060  __TI_CINIT_Limit                    
00019060  __TI_CINIT_Warm                     
20200000  __start___llvm_prf_bits             
20200000  __start___llvm_prf_cnts             
20200000  __stop___llvm_prf_bits              
20200000  __stop___llvm_prf_cnts              
20200000  displayBuffer                       
20205000  soundToPlay                         
20205008  TExaSLogic                          
2020500c  TExaSadc                            
20205010  backgroundIdx                       
20205014  soundIdx                            
20205018  Player                              
2020501e  soundCalled                         
20205020  _sys_memory                         
20205220  shotgunReload                       
202052c8  shotgunShoot                        
20205308  frame                               
2020530c  shotgun                             
20205310  shotgunNeutral                      
20205318  dir                                 
20205320  plane                               
20205328  pos                                 
20205330  BusFreq                             
20205334  StX                                 
20205338  StY                                 
2020533c  StTextColor                         
20205342  gunReload                           
20205343  gunShot                             
20207e00  __stack                             
20208000  __STACK_END                         
ffffffff  __TI_pprof_out_hndl                 
ffffffff  __TI_prof_data_size                 
ffffffff  __TI_prof_data_start                
ffffffff  __binit__                           
ffffffff  binit                               
UNDEFED   __mpu_init                          
UNDEFED   _system_post_cinit                  

[175 symbols]
