******************************************************************************
            TI ARM Clang Linker PC v4.0.4                      
******************************************************************************
>> Linked Sat Apr 18 02:19:02 2026

OUTPUT FILE NAME:   <ECE319K_Lab9.out>
ENTRY POINT SYMBOL: "_c_int00_noargs"  address: 0000b68d


MEMORY CONFIGURATION

         name            origin    length      used     unused   attr    fill
----------------------  --------  ---------  --------  --------  ----  --------
  FLASH                 00000000   00020000  0000b850  000147b0  R  X
  SRAM                  20200000   00008000  00005447  00002bb9  RW X
  BCR_CONFIG            41c00000   00000080  00000000  00000080  R   
  BSL_CONFIG            41c00100   00000080  00000000  00000080  R   


SEGMENT ALLOCATION MAP

run origin  load origin   length   init length attrs members
----------  ----------- ---------- ----------- ----- -------
00000000    00000000    0000b850   0000b850    r-x
  00000000    00000000    000000c0   000000c0    r-- .intvecs
  000000c0    000000c0    00009770   00009770    r-- .rodata
  00009830    00009830    00001fd8   00001fd8    r-x .text
  0000b808    0000b808    00000048   00000048    r-- .cinit
20200000    20200000    0000524a   00000000    rw-
  20200000    20200000    0000501d   00000000    rw- .bss
  20205020    20205020    00000200   00000000    rw- .sysmem
  20205220    20205220    0000002a   00000000    rw- .data
20207e00    20207e00    00000200   00000000    rw-
  20207e00    20207e00    00000200   00000000    rw- .stack


SECTION ALLOCATION MAP

 output                                  attributes/
section   page    origin      length       input sections
--------  ----  ----------  ----------   ----------------
.intvecs   0    00000000    000000c0     
                  00000000    000000c0     startup_mspm0g3507_ticlang.o (.intvecs)

.text      0    00009830    00001fd8     
                  00009830    000009cc     render3D.o (.text.raycast)
                  0000a1fc    00000210     ST7735.o (.text.ST7735_DrawBitmap)
                  0000a40c    000001f4     fix16.o (.text.fix16_div)
                  0000a600    000001b4     Clock.o (.text.Clock_Init80MHz)
                  0000a7b4    00000118     ST7735.o (.text.ST7735_FillRect)
                  0000a8cc    000000f8     SPI.o (.text.SPI_Init)
                  0000a9c4    000000f4     ST7735.o (.text.ST7735_SetRotation)
                  0000aab8    000000e4     fix16_fast_trig_lut.o (.text.fix16_fast_sin)
                  0000ab9c    000000a2     ST7735.o (.text.commandList)
                  0000ac3e    00000002     libclang_rt.builtins.a : aeabi_div0.c.obj (.text.__aeabi_idiv0)
                  0000ac40    000000a0     Sound.o (.text.SysTick_Handler)
                  0000ace0    00000098     ST7735.o (.text.ST7735_InitR)
                  0000ad78    00000088     ST7735.o (.text.setAddrWindow)
                  0000ae00    0000007c     LaunchPad.o (.text.LaunchPad_Init)
                  0000ae7c    0000007c     libc.a : copy_decompress_lzss.c.obj (.text:decompress:lzss)
                  0000aef8    0000006e     fix16.o (.text.fix16_mul)
                  0000af66    00000002     --HOLE-- [fill = 0]
                  0000af68    0000006c     JoystickLeft.o (.text.JoystickLeft_Init)
                  0000afd4    0000006c     JoystickRight.o (.text.JoystickRight_Init)
                  0000b040    00000068     JoystickLeft.o (.text.JoystickLeft_getX)
                  0000b0a8    00000068     JoystickLeft.o (.text.JoystickLeft_getY)
                  0000b110    00000068     JoystickRight.o (.text.JoystickRight_getX)
                  0000b178    00000056     libclang_rt.builtins.a : aeabi_idivmod.S.obj (.text.__aeabi_idivmod)
                  0000b1ce    00000002     --HOLE-- [fill = 0]
                  0000b1d0    00000054     DAC6.o (.text.DAC6_Init)
                  0000b224    00000048     SPI.o (.text.SPI_OutCommand)
                  0000b26c    00000046     fix16.o (.text.fix16_add)
                  0000b2b2    00000002     --HOLE-- [fill = 0]
                  0000b2b4    00000044     Sound.o (.text.SysTick_IntArm)
                  0000b2f8    00000040     SPI.o (.text.SPI_Reset)
                  0000b338    00000040     TExaS.o (.text.TIMG7_IRQHandler)
                  0000b378    00000040     libclang_rt.builtins.a : aeabi_uidivmod.S.obj (.text.__aeabi_uidivmod)
                  0000b3b8    0000003c     DAC6.o (.text.DAC6_Out)
                  0000b3f4    0000003c     libc.a : autoinit.c.obj (.text:__TI_auto_init_nobinit_nopinit)
                  0000b430    0000003a     libclang_rt.builtins.a : muldsi3.S.obj (.text.__muldsi3)
                  0000b46a    00000002     --HOLE-- [fill = 0]
                  0000b46c    00000038     LaunchPad.o (.text.ActivatePortA_B)
                  0000b4a4    00000038     SPI.o (.text.SPI_OutData)
                  0000b4dc    00000038     Lab9Main.o (.text.main)
                  0000b514    00000034     Clock.o (.text.Clock_Delay1ms)
                  0000b548    00000034     ST7735.o (.text.ST7735_SetCursor)
                  0000b57c    00000030     Sound.o (.text.Sound_Init)
                  0000b5ac    00000030     ST7735.o (.text.commonInit)
                  0000b5dc    0000002e     fixvector2d.o (.text.v2d_add)
                  0000b60a    00000002     --HOLE-- [fill = 0]
                  0000b60c    0000002c     ST7735.o (.text.ST7735_FillScreen)
                  0000b638    0000002a     fixvector2d.o (.text.v2d_mul_s)
                  0000b662    00000002     --HOLE-- [fill = 0]
                  0000b664    00000028     Lab9Main.o (.text.TIMG12_IRQHandler)
                  0000b68c    00000028     libc.a : boot_cortex_m.c.obj (.text:_c_int00_noargs)
                  0000b6b4    00000024     libclang_rt.builtins.a : muldi3.S.obj (.text.__muldi3)
                  0000b6d8    00000020     render3D.o (.text.fix16_abs)
                  0000b6f8    0000001c     startup_mspm0g3507_ticlang.o (.text.Default_Handler)
                  0000b714    0000001c     startup_mspm0g3507_ticlang.o (.text.HardFault_Handler)
                  0000b730    00000018     fix16_fast_trig_lut.o (.text.fix16_fast_cos)
                  0000b748    00000012     libc.a : memcpy16.S.obj (.text:TI_memcpy_small)
                  0000b75a    00000012            : copy_decompress_none.c.obj (.text:decompress:none)
                  0000b76c    00000010     Clock.o (.text.Clock_Delay)
                  0000b77c    00000010     LaunchPad.o (.text.Delay)
                  0000b78c    00000010     libc.a : copy_zero_init.c.obj (.text:decompress:ZI)
                  0000b79c    0000000e     render3D.o (.text.fix16_to_int)
                  0000b7aa    0000000e     libc.a : memset16.S.obj (.text:TI_memset_small)
                  0000b7b8    0000000c     Clock.o (.text.Clock_Freq)
                  0000b7c4    0000000c     libclang_rt.builtins.a : aeabi_memset.S.obj (.text.__aeabi_memclr)
                  0000b7d0    0000000c     render3D.o (.text.fix16_from_int)
                  0000b7dc    0000000a     Lab9Main.o (.text.PLL_Init)
                  0000b7e6    00000002     --HOLE-- [fill = 0]
                  0000b7e8    00000008     libclang_rt.builtins.a : aeabi_memcpy.S.obj (.text.__aeabi_memcpy)
                  0000b7f0    00000006     libc.a : exit.c.obj (.text:abort)
                  0000b7f6    00000004     libsysbm.a : hostexit.c.obj (.text.HOSTexit)
                  0000b7fa    00000004     startup_mspm0g3507_ticlang.o (.text.Reset_Handler)
                  0000b7fe    00000004     libc.a : pre_init.c.obj (.text._system_pre_init)
                  0000b802    00000006     --HOLE-- [fill = 0]

.cinit     0    0000b808    00000048     
                  0000b808    0000001f     (.cinit..data.load) [load image, compression = lzss]
                  0000b827    00000001     --HOLE-- [fill = 0]
                  0000b828    0000000c     (__TI_handler_table)
                  0000b834    00000008     (.cinit..bss.load) [load image, compression = zero_init]
                  0000b83c    00000010     (__TI_cinit_table)
                  0000b84c    00000004     --HOLE-- [fill = 0]

.rodata    0    000000c0    00009770     
                  000000c0    00008cb0     Sound.o (.rodata.background_music)
                  00008d70    00000800     fix16_fast_trig_lut.o (.rodata.fastSineLookupTable)
                  00009570    00000240     Lab9Main.o (.rodata.worldMap)
                  000097b0    0000003b     ST7735.o (.rodata.Rcmd1)
                  000097eb    0000002b     ST7735.o (.rodata.Rcmd3)
                  00009816    0000000d     ST7735.o (.rodata.Rcmd2green)
                  00009823    0000000d     ST7735.o (.rodata.Rcmd2red)

.init_array 
*          0    00000000    00000000     UNINITIALIZED

.binit     0    00000000    00000000     

.bss       0    20200000    0000501d     UNINITIALIZED
                  20200000    00005000     (.common:displayBuffer)
                  20205000    00000008     (.common:soundToPlay)
                  20205008    00000004     (.common:TExaSLogic)
                  2020500c    00000004     (.common:TExaSadc)
                  20205010    00000004     (.common:backgroundIdx)
                  20205014    00000004     (.common:soundIdx)
                  20205018    00000001     ST7735.o (.bss.ColStart)
                  20205019    00000001     ST7735.o (.bss.Rotation)
                  2020501a    00000001     ST7735.o (.bss.RowStart)
                  2020501b    00000001     ST7735.o (.bss.TabColor)
                  2020501c    00000001     (.common:soundCalled)

.sysmem    0    20205020    00000200     UNINITIALIZED
                  20205020    00000010     libc.a : memory.c.obj (.sysmem)
                  20205030    000001f0     --HOLE--

.data      0    20205220    0000002a     UNINITIALIZED
                  20205220    00000008     Lab9Main.o (.data.dir)
                  20205228    00000008     Lab9Main.o (.data.plane)
                  20205230    00000008     Lab9Main.o (.data.pos)
                  20205238    00000004     Clock.o (.data.BusFreq)
                  2020523c    00000004     ST7735.o (.data.StX)
                  20205240    00000004     ST7735.o (.data.StY)
                  20205244    00000002     ST7735.o (.data.StTextColor)
                  20205246    00000002     ST7735.o (.data._height)
                  20205248    00000002     ST7735.o (.data._width)

.stack     0    20207e00    00000200     UNINITIALIZED
                  20207e00    00000004     libc.a : boot_cortex_m.c.obj (.stack)
                  20207e04    000001fc     --HOLE--

__llvm_prf_cnts 
*          0    20200000    00000000     UNINITIALIZED

__llvm_prf_bits 
*          0    20200000    00000000     UNINITIALIZED

MODULE SUMMARY

       Module                         code   ro data   rw data
       ------                         ----   -------   -------
    .\
       Sound.o                        276    36016     17     
       render3D.o                     2566   0         20480  
       ST7735.o                       1646   128       18     
       Lab9Main.o                     106    576       24     
       Clock.o                        516    0         4      
       SPI.o                          440    0         0      
       JoystickLeft.o                 316    0         0      
       JoystickRight.o                212    0         0      
       LaunchPad.o                    196    0         0      
       DAC6.o                         144    0         0      
       TExaS.o                        64     0         8      
    +--+------------------------------+------+---------+---------+
       Total:                         6482   36720     20551  
                                                              
    .\Math\fix\
       fix16_fast_trig_lut.o          252    2048      0      
       fix16.o                        680    0         0      
    +--+------------------------------+------+---------+---------+
       Total:                         932    2048      0      
                                                              
    .\Math\lib_fixmatrix\
       fixvector2d.o                  88     0         0      
    +--+------------------------------+------+---------+---------+
       Total:                         88     0         0      
                                                              
    .\ticlang\
       startup_mspm0g3507_ticlang.o   60     192       0      
    +--+------------------------------+------+---------+---------+
       Total:                         60     192       0      
                                                              
    C:\ti\ccs2040\ccs\tools\compiler\ti-cgt-armllvm_4.0.4.LTS\lib\armv6m-ti-none-eabi/c/libc.a
       copy_decompress_lzss.c.obj     124    0         0      
       autoinit.c.obj                 60     0         0      
       boot_cortex_m.c.obj            40     0         0      
       copy_decompress_none.c.obj     18     0         0      
       memcpy16.S.obj                 18     0         0      
       copy_zero_init.c.obj           16     0         0      
       memset16.S.obj                 14     0         0      
       exit.c.obj                     6      0         0      
       pre_init.c.obj                 4      0         0      
    +--+------------------------------+------+---------+---------+
       Total:                         300    0         0      
                                                              
    C:\ti\ccs2040\ccs\tools\compiler\ti-cgt-armllvm_4.0.4.LTS\lib\armv6m-ti-none-eabi/c/libsysbm.a
       hostexit.c.obj                 4      0         0      
    +--+------------------------------+------+---------+---------+
       Total:                         4      0         0      
                                                              
    C:\ti\ccs2040\ccs\tools\compiler\ti-cgt-armllvm_4.0.4.LTS\lib\armv6m-ti-none-eabi/libclang_rt.builtins.a
       aeabi_idivmod.S.obj            86     0         0      
       aeabi_uidivmod.S.obj           64     0         0      
       muldsi3.S.obj                  58     0         0      
       muldi3.S.obj                   36     0         0      
       aeabi_memset.S.obj             12     0         0      
       aeabi_memcpy.S.obj             8      0         0      
       aeabi_div0.c.obj               2      0         0      
    +--+------------------------------+------+---------+---------+
       Total:                         266    0         0      
                                                              
       Heap:                          0      0         512    
       Stack:                         0      0         512    
       Linker Generated:              0      67        0      
    +--+------------------------------+------+---------+---------+
       Grand Total:                   8132   39027     21575  


LINKER GENERATED COPY TABLES

__TI_cinit_table @ 0000b83c records: 2, size/record: 8, table size: 16
	.data: load addr=0000b808, load size=0000001f bytes, run addr=20205220, run size=0000002a bytes, compression=lzss
	.bss: load addr=0000b834, load size=00000008 bytes, run addr=20200000, run size=0000501d bytes, compression=zero_init


LINKER GENERATED HANDLER TABLE

__TI_handler_table @ 0000b828 records: 3, size/record: 4, table size: 12
	index: 0, handler: __TI_decompress_lzss
	index: 1, handler: __TI_decompress_none
	index: 2, handler: __TI_zero_init


GLOBAL SYMBOLS: SORTED ALPHABETICALLY BY Name 

address   name                          
-------   ----                          
0000b6f9  ADC0_IRQHandler               
0000b6f9  ADC1_IRQHandler               
0000b6f9  AES_IRQHandler                
0000b46d  ActivatePortA_B               
20205238  BusFreq                       
0000b7f6  C$$EXIT                       
0000b6f9  CANFD0_IRQHandler             
0000b76d  Clock_Delay                   
0000b515  Clock_Delay1ms                
0000b7b9  Clock_Freq                    
0000a601  Clock_Init80MHz               
0000b6f9  DAC0_IRQHandler               
0000b1d1  DAC6_Init                     
0000b3b9  DAC6_Out                      
0000b6f9  DMA_IRQHandler                
0000b6f9  Default_Handler               
0000b77d  Delay                         
0000b6f9  GROUP0_IRQHandler             
0000b6f9  GROUP1_IRQHandler             
0000b7f7  HOSTexit                      
0000b715  HardFault_Handler             
0000b6f9  I2C0_IRQHandler               
0000b6f9  I2C1_IRQHandler               
0000af69  JoystickLeft_Init             
0000b041  JoystickLeft_getX             
0000b0a9  JoystickLeft_getY             
0000afd5  JoystickRight_Init            
0000b111  JoystickRight_getX            
0000ae01  LaunchPad_Init                
0000b6f9  NMI_Handler                   
0000b7dd  PLL_Init                      
0000b6f9  PendSV_Handler                
0000b6f9  RTC_IRQHandler                
0000b7fb  Reset_Handler                 
0000b6f9  SPI0_IRQHandler               
0000b6f9  SPI1_IRQHandler               
0000a8cd  SPI_Init                      
0000b225  SPI_OutCommand                
0000b4a5  SPI_OutData                   
0000b2f9  SPI_Reset                     
0000a1fd  ST7735_DrawBitmap             
0000a7b5  ST7735_FillRect               
0000b60d  ST7735_FillScreen             
0000ace1  ST7735_InitR                  
0000b549  ST7735_SetCursor              
0000a9c5  ST7735_SetRotation            
0000b6f9  SVC_Handler                   
0000b57d  Sound_Init                    
20205244  StTextColor                   
2020523c  StX                           
20205240  StY                           
0000ac41  SysTick_Handler               
0000b2b5  SysTick_IntArm                
20205008  TExaSLogic                    
2020500c  TExaSadc                      
0000b6f9  TIMA0_IRQHandler              
0000b6f9  TIMA1_IRQHandler              
0000b6f9  TIMG0_IRQHandler              
0000b665  TIMG12_IRQHandler             
0000b6f9  TIMG6_IRQHandler              
0000b339  TIMG7_IRQHandler              
0000b6f9  TIMG8_IRQHandler              
0000b749  TI_memcpy_small               
0000b7ab  TI_memset_small               
0000b6f9  UART0_IRQHandler              
0000b6f9  UART1_IRQHandler              
0000b6f9  UART2_IRQHandler              
0000b6f9  UART3_IRQHandler              
20208000  __STACK_END                   
00000200  __STACK_SIZE                  
00000200  __SYSMEM_SIZE                 
00000000  __TI_ATRegion0_region_sz      
00000000  __TI_ATRegion0_src_addr       
00000000  __TI_ATRegion0_trg_addr       
00000000  __TI_ATRegion1_region_sz      
00000000  __TI_ATRegion1_src_addr       
00000000  __TI_ATRegion1_trg_addr       
00000000  __TI_ATRegion2_region_sz      
00000000  __TI_ATRegion2_src_addr       
00000000  __TI_ATRegion2_trg_addr       
0000b83c  __TI_CINIT_Base               
0000b84c  __TI_CINIT_Limit              
0000b84c  __TI_CINIT_Warm               
0000b828  __TI_Handler_Table_Base       
0000b834  __TI_Handler_Table_Limit      
0000b3f5  __TI_auto_init_nobinit_nopinit
0000ae7d  __TI_decompress_lzss          
0000b75b  __TI_decompress_none          
ffffffff  __TI_pprof_out_hndl           
ffffffff  __TI_prof_data_size           
ffffffff  __TI_prof_data_start          
00000000  __TI_static_base__            
0000b78d  __TI_zero_init                
0000b179  __aeabi_idiv                  
0000ac3f  __aeabi_idiv0                 
0000b179  __aeabi_idivmod               
0000b6b5  __aeabi_lmul                  
0000b7c5  __aeabi_memclr                
0000b7c5  __aeabi_memclr4               
0000b7c5  __aeabi_memclr8               
0000b7e9  __aeabi_memcpy                
0000b7e9  __aeabi_memcpy4               
0000b7e9  __aeabi_memcpy8               
0000b379  __aeabi_uidiv                 
0000b379  __aeabi_uidivmod              
ffffffff  __binit__                     
UNDEFED   __mpu_init                    
0000b6b5  __muldi3                      
0000b431  __muldsi3                     
20207e00  __stack                       
20200000  __start___llvm_prf_bits       
20200000  __start___llvm_prf_cnts       
20200000  __stop___llvm_prf_bits        
20200000  __stop___llvm_prf_cnts        
0000b68d  _c_int00_noargs               
20205020  _sys_memory                   
UNDEFED   _system_post_cinit            
0000b7ff  _system_pre_init              
0000b7f1  abort                         
20205010  backgroundIdx                 
000000c0  background_music              
ffffffff  binit                         
20205220  dir                           
20200000  displayBuffer                 
0000b26d  fix16_add                     
0000a40d  fix16_div                     
0000b731  fix16_fast_cos                
0000aab9  fix16_fast_sin                
0000aef9  fix16_mul                     
00000000  interruptVectors              
0000b4dd  main                          
20205228  plane                         
20205230  pos                           
00009831  raycast                       
2020501c  soundCalled                   
20205014  soundIdx                      
20205000  soundToPlay                   
0000b5dd  v2d_add                       
0000b639  v2d_mul_s                     
00009570  worldMap                      


GLOBAL SYMBOLS: SORTED BY Symbol Address 

address   name                          
-------   ----                          
00000000  __TI_ATRegion0_region_sz      
00000000  __TI_ATRegion0_src_addr       
00000000  __TI_ATRegion0_trg_addr       
00000000  __TI_ATRegion1_region_sz      
00000000  __TI_ATRegion1_src_addr       
00000000  __TI_ATRegion1_trg_addr       
00000000  __TI_ATRegion2_region_sz      
00000000  __TI_ATRegion2_src_addr       
00000000  __TI_ATRegion2_trg_addr       
00000000  __TI_static_base__            
00000000  interruptVectors              
000000c0  background_music              
00000200  __STACK_SIZE                  
00000200  __SYSMEM_SIZE                 
00009570  worldMap                      
00009831  raycast                       
0000a1fd  ST7735_DrawBitmap             
0000a40d  fix16_div                     
0000a601  Clock_Init80MHz               
0000a7b5  ST7735_FillRect               
0000a8cd  SPI_Init                      
0000a9c5  ST7735_SetRotation            
0000aab9  fix16_fast_sin                
0000ac3f  __aeabi_idiv0                 
0000ac41  SysTick_Handler               
0000ace1  ST7735_InitR                  
0000ae01  LaunchPad_Init                
0000ae7d  __TI_decompress_lzss          
0000aef9  fix16_mul                     
0000af69  JoystickLeft_Init             
0000afd5  JoystickRight_Init            
0000b041  JoystickLeft_getX             
0000b0a9  JoystickLeft_getY             
0000b111  JoystickRight_getX            
0000b179  __aeabi_idiv                  
0000b179  __aeabi_idivmod               
0000b1d1  DAC6_Init                     
0000b225  SPI_OutCommand                
0000b26d  fix16_add                     
0000b2b5  SysTick_IntArm                
0000b2f9  SPI_Reset                     
0000b339  TIMG7_IRQHandler              
0000b379  __aeabi_uidiv                 
0000b379  __aeabi_uidivmod              
0000b3b9  DAC6_Out                      
0000b3f5  __TI_auto_init_nobinit_nopinit
0000b431  __muldsi3                     
0000b46d  ActivatePortA_B               
0000b4a5  SPI_OutData                   
0000b4dd  main                          
0000b515  Clock_Delay1ms                
0000b549  ST7735_SetCursor              
0000b57d  Sound_Init                    
0000b5dd  v2d_add                       
0000b60d  ST7735_FillScreen             
0000b639  v2d_mul_s                     
0000b665  TIMG12_IRQHandler             
0000b68d  _c_int00_noargs               
0000b6b5  __aeabi_lmul                  
0000b6b5  __muldi3                      
0000b6f9  ADC0_IRQHandler               
0000b6f9  ADC1_IRQHandler               
0000b6f9  AES_IRQHandler                
0000b6f9  CANFD0_IRQHandler             
0000b6f9  DAC0_IRQHandler               
0000b6f9  DMA_IRQHandler                
0000b6f9  Default_Handler               
0000b6f9  GROUP0_IRQHandler             
0000b6f9  GROUP1_IRQHandler             
0000b6f9  I2C0_IRQHandler               
0000b6f9  I2C1_IRQHandler               
0000b6f9  NMI_Handler                   
0000b6f9  PendSV_Handler                
0000b6f9  RTC_IRQHandler                
0000b6f9  SPI0_IRQHandler               
0000b6f9  SPI1_IRQHandler               
0000b6f9  SVC_Handler                   
0000b6f9  TIMA0_IRQHandler              
0000b6f9  TIMA1_IRQHandler              
0000b6f9  TIMG0_IRQHandler              
0000b6f9  TIMG6_IRQHandler              
0000b6f9  TIMG8_IRQHandler              
0000b6f9  UART0_IRQHandler              
0000b6f9  UART1_IRQHandler              
0000b6f9  UART2_IRQHandler              
0000b6f9  UART3_IRQHandler              
0000b715  HardFault_Handler             
0000b731  fix16_fast_cos                
0000b749  TI_memcpy_small               
0000b75b  __TI_decompress_none          
0000b76d  Clock_Delay                   
0000b77d  Delay                         
0000b78d  __TI_zero_init                
0000b7ab  TI_memset_small               
0000b7b9  Clock_Freq                    
0000b7c5  __aeabi_memclr                
0000b7c5  __aeabi_memclr4               
0000b7c5  __aeabi_memclr8               
0000b7dd  PLL_Init                      
0000b7e9  __aeabi_memcpy                
0000b7e9  __aeabi_memcpy4               
0000b7e9  __aeabi_memcpy8               
0000b7f1  abort                         
0000b7f6  C$$EXIT                       
0000b7f7  HOSTexit                      
0000b7fb  Reset_Handler                 
0000b7ff  _system_pre_init              
0000b828  __TI_Handler_Table_Base       
0000b834  __TI_Handler_Table_Limit      
0000b83c  __TI_CINIT_Base               
0000b84c  __TI_CINIT_Limit              
0000b84c  __TI_CINIT_Warm               
20200000  __start___llvm_prf_bits       
20200000  __start___llvm_prf_cnts       
20200000  __stop___llvm_prf_bits        
20200000  __stop___llvm_prf_cnts        
20200000  displayBuffer                 
20205000  soundToPlay                   
20205008  TExaSLogic                    
2020500c  TExaSadc                      
20205010  backgroundIdx                 
20205014  soundIdx                      
2020501c  soundCalled                   
20205020  _sys_memory                   
20205220  dir                           
20205228  plane                         
20205230  pos                           
20205238  BusFreq                       
2020523c  StX                           
20205240  StY                           
20205244  StTextColor                   
20207e00  __stack                       
20208000  __STACK_END                   
ffffffff  __TI_pprof_out_hndl           
ffffffff  __TI_prof_data_size           
ffffffff  __TI_prof_data_start          
ffffffff  __binit__                     
ffffffff  binit                         
UNDEFED   __mpu_init                    
UNDEFED   _system_post_cinit            

[140 symbols]
