******************************************************************************
            TI ARM Clang Linker PC v4.0.4                      
******************************************************************************
>> Linked Sun Apr 19 04:16:01 2026

OUTPUT FILE NAME:   <ECE319K_Lab9.out>
ENTRY POINT SYMBOL: "_c_int00_noargs"  address: 00018ddd


MEMORY CONFIGURATION

         name            origin    length      used     unused   attr    fill
----------------------  --------  ---------  --------  --------  ----  --------
  FLASH                 00000000   00020000  00019038  00006fc8  R  X
  SRAM                  20200000   00008000  00005543  00002abd  RW X
  BCR_CONFIG            41c00000   00000080  00000000  00000080  R   
  BSL_CONFIG            41c00100   00000080  00000000  00000080  R   


SEGMENT ALLOCATION MAP

run origin  load origin   length   init length attrs members
----------  ----------- ---------- ----------- ----- -------
00000000    00000000    00019038   00019038    r-x
  00000000    00000000    000000c0   000000c0    r-- .intvecs
  000000c0    000000c0    00016be0   00016be0    r-- .rodata
  00016ca0    00016ca0    00002300   00002300    r-x .text
  00018fa0    00018fa0    00000098   00000098    r-- .cinit
20200000    20200000    00005344   00000000    rw-
  20200000    20200000    0000501f   00000000    rw- .bss
  20205020    20205020    00000200   00000000    rw- .sysmem
  20205220    20205220    00000124   00000000    rw- .data
20207e00    20207e00    00000200   00000000    rw-
  20207e00    20207e00    00000200   00000000    rw- .stack


SECTION ALLOCATION MAP

 output                                  attributes/
section   page    origin      length       input sections
--------  ----  ----------  ----------   ----------------
.intvecs   0    00000000    000000c0     
                  00000000    000000c0     startup_mspm0g3507_ticlang.o (.intvecs)

.text      0    00016ca0    00002300     
                  00016ca0    00000860     render3D.o (.text.raycast)
                  00017500    00000210     ST7735.o (.text.ST7735_DrawBitmap)
                  00017710    000001f4     fix16.o (.text.fix16_div)
                  00017904    000001b4     Clock.o (.text.Clock_Init80MHz)
                  00017ab8    00000154     ST7735.o (.text.ST7735_DrawTransparentBitmapOnBuffer)
                  00017c0c    00000118     ST7735.o (.text.ST7735_FillRect)
                  00017d24    000000f8     SPI.o (.text.SPI_Init)
                  00017e1c    000000f4     ST7735.o (.text.ST7735_SetRotation)
                  00017f10    000000e4     fix16_fast_trig_lut.o (.text.fix16_fast_sin)
                  00017ff4    000000a8     Timer.o (.text.TimerG8_IntArm)
                  0001809c    000000a2     ST7735.o (.text.commandList)
                  0001813e    00000002     libclang_rt.builtins.a : aeabi_div0.c.obj (.text.__aeabi_idiv0)
                  00018140    00000098     ST7735.o (.text.ST7735_InitR)
                  000181d8    00000094     Timer.o (.text.TimerG12_IntArm)
                  0001826c    00000088     AMDAC4.o (.text.AMDAC4_Out)
                  000182f4    00000088     ST7735.o (.text.setAddrWindow)
                  0001837c    0000007c     LaunchPad.o (.text.LaunchPad_Init)
                  000183f8    0000007c     libc.a : copy_decompress_lzss.c.obj (.text:decompress:lzss)
                  00018474    00000074     Switch.o (.text.TIMG12_IRQHandler)
                  000184e8    0000006e     fix16.o (.text.fix16_mul)
                  00018556    00000002     --HOLE-- [fill = 0]
                  00018558    0000006c     JoystickLeft.o (.text.JoystickLeft_Init)
                  000185c4    0000006c     JoystickRight.o (.text.JoystickRight_Init)
                  00018630    00000068     JoystickLeft.o (.text.JoystickLeft_getX)
                  00018698    00000068     JoystickLeft.o (.text.JoystickLeft_getY)
                  00018700    00000068     JoystickRight.o (.text.JoystickRight_getX)
                  00018768    00000064     Animations.o (.text.TIMG8_IRQHandler)
                  000187cc    0000005c     Lab9Main.o (.text.main)
                  00018828    00000056     libclang_rt.builtins.a : aeabi_idivmod.S.obj (.text.__aeabi_idivmod)
                  0001887e    00000002     --HOLE-- [fill = 0]
                  00018880    00000054     DAC6.o (.text.DAC6_Init)
                  000188d4    00000050     Sound.o (.text.SysTick_Handler)
                  00018924    00000048     AMDAC4.o (.text.AMDAC4_Init)
                  0001896c    00000048     SPI.o (.text.SPI_OutCommand)
                  000189b4    00000046     fix16.o (.text.fix16_add)
                  000189fa    00000002     --HOLE-- [fill = 0]
                  000189fc    00000044     Sound.o (.text.SysTick_IntArm)
                  00018a40    00000040     SPI.o (.text.SPI_Reset)
                  00018a80    00000040     Sound.o (.text.Sound_Start)
                  00018ac0    00000040     TExaS.o (.text.TIMG7_IRQHandler)
                  00018b00    00000040     libclang_rt.builtins.a : aeabi_uidivmod.S.obj (.text.__aeabi_uidivmod)
                  00018b40    0000003c     DAC6.o (.text.DAC6_Out)
                  00018b7c    0000003c     libc.a : autoinit.c.obj (.text:__TI_auto_init_nobinit_nopinit)
                  00018bb8    0000003a     libclang_rt.builtins.a : muldsi3.S.obj (.text.__muldsi3)
                  00018bf2    00000002     --HOLE-- [fill = 0]
                  00018bf4    00000038     LaunchPad.o (.text.ActivatePortA_B)
                  00018c2c    00000038     SPI.o (.text.SPI_OutData)
                  00018c64    00000034     Clock.o (.text.Clock_Delay1ms)
                  00018c98    00000034     ST7735.o (.text.ST7735_SetCursor)
                  00018ccc    00000030     Sound.o (.text.Sound_Init)
                  00018cfc    00000030     ST7735.o (.text.commonInit)
                  00018d2c    0000002e     fixvector2d.o (.text.v2d_add)
                  00018d5a    00000002     --HOLE-- [fill = 0]
                  00018d5c    0000002c     ST7735.o (.text.ST7735_FillScreen)
                  00018d88    0000002a     fixvector2d.o (.text.v2d_mul_s)
                  00018db2    00000002     --HOLE-- [fill = 0]
                  00018db4    00000028     Switch.o (.text.Switch_Init)
                  00018ddc    00000028     libc.a : boot_cortex_m.c.obj (.text:_c_int00_noargs)
                  00018e04    00000024     libclang_rt.builtins.a : muldi3.S.obj (.text.__muldi3)
                  00018e28    0000001c     startup_mspm0g3507_ticlang.o (.text.Default_Handler)
                  00018e44    0000001c     startup_mspm0g3507_ticlang.o (.text.HardFault_Handler)
                  00018e60    00000018     AMDAC4.o (.text.AMDAC4_AmmoOut)
                  00018e78    00000018     fix16_fast_trig_lut.o (.text.fix16_fast_cos)
                  00018e90    00000014     Sound.o (.text.Sound_Reload)
                  00018ea4    00000014     Sound.o (.text.Sound_Shoot)
                  00018eb8    00000014     Switch.o (.text.Switch_Shoot)
                  00018ecc    00000012     libc.a : memcpy16.S.obj (.text:TI_memcpy_small)
                  00018ede    00000012            : copy_decompress_none.c.obj (.text:decompress:none)
                  00018ef0    00000010     Clock.o (.text.Clock_Delay)
                  00018f00    00000010     LaunchPad.o (.text.Delay)
                  00018f10    00000010     Entities.o (.text.Player_Init)
                  00018f20    00000010     Entities.o (.text.Player_Reload)
                  00018f30    00000010     Entities.o (.text.Player_Shoot)
                  00018f40    00000010     libc.a : copy_zero_init.c.obj (.text:decompress:ZI)
                  00018f50    0000000e            : memset16.S.obj (.text:TI_memset_small)
                  00018f5e    00000002     --HOLE-- [fill = 0]
                  00018f60    0000000c     Clock.o (.text.Clock_Freq)
                  00018f6c    0000000c     libclang_rt.builtins.a : aeabi_memset.S.obj (.text.__aeabi_memclr)
                  00018f78    0000000a     Lab9Main.o (.text.PLL_Init)
                  00018f82    00000002     --HOLE-- [fill = 0]
                  00018f84    00000008     libclang_rt.builtins.a : aeabi_memcpy.S.obj (.text.__aeabi_memcpy)
                  00018f8c    00000006     libc.a : exit.c.obj (.text:abort)
                  00018f92    00000004     libsysbm.a : hostexit.c.obj (.text.HOSTexit)
                  00018f96    00000004     startup_mspm0g3507_ticlang.o (.text.Reset_Handler)
                  00018f9a    00000004     libc.a : pre_init.c.obj (.text._system_pre_init)
                  00018f9e    00000002     --HOLE-- [fill = 0]

.cinit     0    00018fa0    00000098     
                  00018fa0    00000071     (.cinit..data.load) [load image, compression = lzss]
                  00019011    00000003     --HOLE-- [fill = 0]
                  00019014    0000000c     (__TI_handler_table)
                  00019020    00000008     (.cinit..bss.load) [load image, compression = zero_init]
                  00019028    00000010     (__TI_cinit_table)

.rodata    0    000000c0    00016be0     
                  000000c0    00002ee0     Animations.o (.rodata.shotgunShoot3)
                  00002fa0    00002d51     Sound.o (.rodata.shootShotgun)
                  00005cf1    00000001     Animations.o (.rodata.crosshairHeight)
                  00005cf2    00002a30     Animations.o (.rodata.shotgunShoot5)
                  00008722    00002940     Animations.o (.rodata.reload3)
                  0000b062    00002850     Animations.o (.rodata.shotgunShoot4)
                  0000d8b2    000023a0     Animations.o (.rodata.reload2)
                  0000fc52    00002080     Animations.o (.rodata.reload1)
                  00011cd2    000017e8     Animations.o (.rodata.shotgunShoot2)
                  000134ba    00001608     Animations.o (.rodata.shotgunShoot1)
                  00014ac2    000012c0     Animations.o (.rodata.shotgunNormal)
                  00015d82    00000800     fix16_fast_trig_lut.o (.rodata.fastSineLookupTable)
                  00016582    00000409     Sound.o (.rodata.reload)
                  0001698b    00000240     Lab9Main.o (.rodata.worldMap)
                  00016bcb    00000001     Animations.o (.rodata.crosshairWidth)
                  00016bcc    00000048     Animations.o (.rodata.crosshair)
                  00016c14    0000003b     ST7735.o (.rodata.Rcmd1)
                  00016c4f    0000002b     ST7735.o (.rodata.Rcmd3)
                  00016c7a    0000000d     ST7735.o (.rodata.Rcmd2green)
                  00016c87    0000000d     ST7735.o (.rodata.Rcmd2red)
                  00016c94    00000008     render3D.o (.rodata.cst8)
                  00016c9c    00000004     --HOLE-- [fill = 0]

.init_array 
*          0    00000000    00000000     UNINITIALIZED

.binit     0    00000000    00000000     

.bss       0    20200000    0000501f     UNINITIALIZED
                  20200000    00005000     (.common:displayBuffer)
                  20205000    00000008     (.common:soundToPlay)
                  20205008    00000004     (.common:TExaSLogic)
                  2020500c    00000004     (.common:TExaSadc)
                  20205010    00000004     (.common:backgroundIdx)
                  20205014    00000004     (.common:soundIdx)
                  20205018    00000002     (.common:Player)
                  2020501a    00000001     ST7735.o (.bss.ColStart)
                  2020501b    00000001     ST7735.o (.bss.Rotation)
                  2020501c    00000001     ST7735.o (.bss.RowStart)
                  2020501d    00000001     ST7735.o (.bss.TabColor)
                  2020501e    00000001     (.common:soundCalled)

.sysmem    0    20205020    00000200     UNINITIALIZED
                  20205020    00000010     libc.a : memory.c.obj (.sysmem)
                  20205030    000001f0     --HOLE--

.data      0    20205220    00000124     UNINITIALIZED
                  20205220    000000a8     Animations.o (.data.shotgunReload)
                  202052c8    00000040     Animations.o (.data.shotgunShoot)
                  20205308    00000010     Animations.o (.data..L_MergedGlobals)
                  20205318    00000008     Lab9Main.o (.data.dir)
                  20205320    00000008     Lab9Main.o (.data.plane)
                  20205328    00000008     Lab9Main.o (.data.pos)
                  20205330    00000004     Clock.o (.data.BusFreq)
                  20205334    00000004     ST7735.o (.data.StX)
                  20205338    00000004     ST7735.o (.data.StY)
                  2020533c    00000002     ST7735.o (.data.StTextColor)
                  2020533e    00000002     ST7735.o (.data._height)
                  20205340    00000002     ST7735.o (.data._width)
                  20205342    00000001     Switch.o (.data.gunReload)
                  20205343    00000001     Switch.o (.data.gunShot)

.stack     0    20207e00    00000200     UNINITIALIZED
                  20207e00    00000004     libc.a : boot_cortex_m.c.obj (.stack)
                  20207e04    000001fc     --HOLE--

__llvm_prf_cnts 
*          0    20200000    00000000     UNINITIALIZED

__llvm_prf_bits 
*          0    20200000    00000000     UNINITIALIZED

MODULE SUMMARY

       Module                         code   ro data   rw data
       ------                         ----   -------   -------
    .\
       Animations.o                   100    77754     248    
       render3D.o                     2144   8         20480  
       Sound.o                        300    12634     17     
       ST7735.o                       1986   128       18     
       Lab9Main.o                     102    576       24     
       Clock.o                        516    0         4      
       SPI.o                          440    0         0      
       JoystickLeft.o                 316    0         0      
       Timer.o                        316    0         0      
       AMDAC4.o                       232    0         0      
       JoystickRight.o                212    0         0      
       LaunchPad.o                    196    0         0      
       Switch.o                       176    0         2      
       DAC6.o                         144    0         0      
       TExaS.o                        64     0         8      
       Entities.o                     48     0         2      
    +--+------------------------------+------+---------+---------+
       Total:                         7292   91100     20803  
                                                              
    .\Math\fix\
       fix16_fast_trig_lut.o          252    2048      0      
       fix16.o                        680    0         0      
    +--+------------------------------+------+---------+---------+
       Total:                         932    2048      0      
                                                              
    .\Math\lib_fixmatrix\
       fixvector2d.o                  88     0         0      
    +--+------------------------------+------+---------+---------+
       Total:                         88     0         0      
                                                              
    .\ticlang\
       startup_mspm0g3507_ticlang.o   60     192       0      
    +--+------------------------------+------+---------+---------+
       Total:                         60     192       0      
                                                              
    C:\ti\ccs2040\ccs\tools\compiler\ti-cgt-armllvm_4.0.4.LTS\lib\armv6m-ti-none-eabi/c/libc.a
       copy_decompress_lzss.c.obj     124    0         0      
       autoinit.c.obj                 60     0         0      
       boot_cortex_m.c.obj            40     0         0      
       copy_decompress_none.c.obj     18     0         0      
       memcpy16.S.obj                 18     0         0      
       copy_zero_init.c.obj           16     0         0      
       memset16.S.obj                 14     0         0      
       exit.c.obj                     6      0         0      
       pre_init.c.obj                 4      0         0      
    +--+------------------------------+------+---------+---------+
       Total:                         300    0         0      
                                                              
    C:\ti\ccs2040\ccs\tools\compiler\ti-cgt-armllvm_4.0.4.LTS\lib\armv6m-ti-none-eabi/c/libsysbm.a
       hostexit.c.obj                 4      0         0      
    +--+------------------------------+------+---------+---------+
       Total:                         4      0         0      
                                                              
    C:\ti\ccs2040\ccs\tools\compiler\ti-cgt-armllvm_4.0.4.LTS\lib\armv6m-ti-none-eabi/libclang_rt.builtins.a
       aeabi_idivmod.S.obj            86     0         0      
       aeabi_uidivmod.S.obj           64     0         0      
       muldsi3.S.obj                  58     0         0      
       muldi3.S.obj                   36     0         0      
       aeabi_memset.S.obj             12     0         0      
       aeabi_memcpy.S.obj             8      0         0      
       aeabi_div0.c.obj               2      0         0      
    +--+------------------------------+------+---------+---------+
       Total:                         266    0         0      
                                                              
       Heap:                          0      0         512    
       Stack:                         0      0         512    
       Linker Generated:              0      149       0      
    +--+------------------------------+------+---------+---------+
       Grand Total:                   8942   93489     21827  


LINKER GENERATED COPY TABLES

__TI_cinit_table @ 00019028 records: 2, size/record: 8, table size: 16
	.data: load addr=00018fa0, load size=00000071 bytes, run addr=20205220, run size=00000124 bytes, compression=lzss
	.bss: load addr=00019020, load size=00000008 bytes, run addr=20200000, run size=0000501f bytes, compression=zero_init


LINKER GENERATED HANDLER TABLE

__TI_handler_table @ 00019014 records: 3, size/record: 4, table size: 12
	index: 0, handler: __TI_decompress_lzss
	index: 1, handler: __TI_decompress_none
	index: 2, handler: __TI_zero_init


GLOBAL SYMBOLS: SORTED ALPHABETICALLY BY Name 

address   name                                
-------   ----                                
00018e29  ADC0_IRQHandler                     
00018e29  ADC1_IRQHandler                     
00018e29  AES_IRQHandler                      
00018e61  AMDAC4_AmmoOut                      
00018925  AMDAC4_Init                         
0001826d  AMDAC4_Out                          
00018bf5  ActivatePortA_B                     
20205330  BusFreq                             
00018f92  C$$EXIT                             
00018e29  CANFD0_IRQHandler                   
00018ef1  Clock_Delay                         
00018c65  Clock_Delay1ms                      
00018f61  Clock_Freq                          
00017905  Clock_Init80MHz                     
00018e29  DAC0_IRQHandler                     
00018881  DAC6_Init                           
00018b41  DAC6_Out                            
00018e29  DMA_IRQHandler                      
00018e29  Default_Handler                     
00018f01  Delay                               
00018e29  GROUP0_IRQHandler                   
00018e29  GROUP1_IRQHandler                   
00018f93  HOSTexit                            
00018e45  HardFault_Handler                   
00018e29  I2C0_IRQHandler                     
00018e29  I2C1_IRQHandler                     
00018559  JoystickLeft_Init                   
00018631  JoystickLeft_getX                   
00018699  JoystickLeft_getY                   
000185c5  JoystickRight_Init                  
00018701  JoystickRight_getX                  
0001837d  LaunchPad_Init                      
00018e29  NMI_Handler                         
00018f79  PLL_Init                            
00018e29  PendSV_Handler                      
20205018  Player                              
00018f11  Player_Init                         
00018f21  Player_Reload                       
00018f31  Player_Shoot                        
00018e29  RTC_IRQHandler                      
00018f97  Reset_Handler                       
00018e29  SPI0_IRQHandler                     
00018e29  SPI1_IRQHandler                     
00017d25  SPI_Init                            
0001896d  SPI_OutCommand                      
00018c2d  SPI_OutData                         
00018a41  SPI_Reset                           
00017501  ST7735_DrawBitmap                   
00017ab9  ST7735_DrawTransparentBitmapOnBuffer
00017c0d  ST7735_FillRect                     
00018d5d  ST7735_FillScreen                   
00018141  ST7735_InitR                        
00018c99  ST7735_SetCursor                    
00017e1d  ST7735_SetRotation                  
00018e29  SVC_Handler                         
00018ccd  Sound_Init                          
00018e91  Sound_Reload                        
00018ea5  Sound_Shoot                         
00018a81  Sound_Start                         
2020533c  StTextColor                         
20205334  StX                                 
20205338  StY                                 
00018db5  Switch_Init                         
00018eb9  Switch_Shoot                        
000188d5  SysTick_Handler                     
000189fd  SysTick_IntArm                      
20205008  TExaSLogic                          
2020500c  TExaSadc                            
00018e29  TIMA0_IRQHandler                    
00018e29  TIMA1_IRQHandler                    
00018e29  TIMG0_IRQHandler                    
00018475  TIMG12_IRQHandler                   
00018e29  TIMG6_IRQHandler                    
00018ac1  TIMG7_IRQHandler                    
00018769  TIMG8_IRQHandler                    
00018ecd  TI_memcpy_small                     
00018f51  TI_memset_small                     
000181d9  TimerG12_IntArm                     
00017ff5  TimerG8_IntArm                      
00018e29  UART0_IRQHandler                    
00018e29  UART1_IRQHandler                    
00018e29  UART2_IRQHandler                    
00018e29  UART3_IRQHandler                    
20208000  __STACK_END                         
00000200  __STACK_SIZE                        
00000200  __SYSMEM_SIZE                       
00000000  __TI_ATRegion0_region_sz            
00000000  __TI_ATRegion0_src_addr             
00000000  __TI_ATRegion0_trg_addr             
00000000  __TI_ATRegion1_region_sz            
00000000  __TI_ATRegion1_src_addr             
00000000  __TI_ATRegion1_trg_addr             
00000000  __TI_ATRegion2_region_sz            
00000000  __TI_ATRegion2_src_addr             
00000000  __TI_ATRegion2_trg_addr             
00019028  __TI_CINIT_Base                     
00019038  __TI_CINIT_Limit                    
00019038  __TI_CINIT_Warm                     
00019014  __TI_Handler_Table_Base             
00019020  __TI_Handler_Table_Limit            
00018b7d  __TI_auto_init_nobinit_nopinit      
000183f9  __TI_decompress_lzss                
00018edf  __TI_decompress_none                
ffffffff  __TI_pprof_out_hndl                 
ffffffff  __TI_prof_data_size                 
ffffffff  __TI_prof_data_start                
00000000  __TI_static_base__                  
00018f41  __TI_zero_init                      
00018829  __aeabi_idiv                        
0001813f  __aeabi_idiv0                       
00018829  __aeabi_idivmod                     
00018e05  __aeabi_lmul                        
00018f6d  __aeabi_memclr                      
00018f6d  __aeabi_memclr4                     
00018f6d  __aeabi_memclr8                     
00018f85  __aeabi_memcpy                      
00018f85  __aeabi_memcpy4                     
00018f85  __aeabi_memcpy8                     
00018b01  __aeabi_uidiv                       
00018b01  __aeabi_uidivmod                    
ffffffff  __binit__                           
UNDEFED   __mpu_init                          
00018e05  __muldi3                            
00018bb9  __muldsi3                           
20207e00  __stack                             
20200000  __start___llvm_prf_bits             
20200000  __start___llvm_prf_cnts             
20200000  __stop___llvm_prf_bits              
20200000  __stop___llvm_prf_cnts              
00018ddd  _c_int00_noargs                     
20205020  _sys_memory                         
UNDEFED   _system_post_cinit                  
00018f9b  _system_pre_init                    
00018f8d  abort                               
20205010  backgroundIdx                       
ffffffff  binit                               
00016bcc  crosshair                           
00005cf1  crosshairHeight                     
00016bcb  crosshairWidth                      
20205318  dir                                 
20200000  displayBuffer                       
000189b5  fix16_add                           
00017711  fix16_div                           
00018e79  fix16_fast_cos                      
00017f11  fix16_fast_sin                      
000184e9  fix16_mul                           
20205308  frame                               
20205342  gunReload                           
20205343  gunShot                             
00000000  interruptVectors                    
000187cd  main                                
20205320  plane                               
20205328  pos                                 
00016ca1  raycast                             
00016582  reload                              
0000fc52  reload1                             
0000d8b2  reload2                             
00008722  reload3                             
00002fa0  shootShotgun                        
2020530c  shotgun                             
20205310  shotgunNeutral                      
00014ac2  shotgunNormal                       
20205220  shotgunReload                       
202052c8  shotgunShoot                        
000134ba  shotgunShoot1                       
00011cd2  shotgunShoot2                       
000000c0  shotgunShoot3                       
0000b062  shotgunShoot4                       
00005cf2  shotgunShoot5                       
2020501e  soundCalled                         
20205014  soundIdx                            
20205000  soundToPlay                         
00018d2d  v2d_add                             
00018d89  v2d_mul_s                           
0001698b  worldMap                            


GLOBAL SYMBOLS: SORTED BY Symbol Address 

address   name                                
-------   ----                                
00000000  __TI_ATRegion0_region_sz            
00000000  __TI_ATRegion0_src_addr             
00000000  __TI_ATRegion0_trg_addr             
00000000  __TI_ATRegion1_region_sz            
00000000  __TI_ATRegion1_src_addr             
00000000  __TI_ATRegion1_trg_addr             
00000000  __TI_ATRegion2_region_sz            
00000000  __TI_ATRegion2_src_addr             
00000000  __TI_ATRegion2_trg_addr             
00000000  __TI_static_base__                  
00000000  interruptVectors                    
000000c0  shotgunShoot3                       
00000200  __STACK_SIZE                        
00000200  __SYSMEM_SIZE                       
00002fa0  shootShotgun                        
00005cf1  crosshairHeight                     
00005cf2  shotgunShoot5                       
00008722  reload3                             
0000b062  shotgunShoot4                       
0000d8b2  reload2                             
0000fc52  reload1                             
00011cd2  shotgunShoot2                       
000134ba  shotgunShoot1                       
00014ac2  shotgunNormal                       
00016582  reload                              
0001698b  worldMap                            
00016bcb  crosshairWidth                      
00016bcc  crosshair                           
00016ca1  raycast                             
00017501  ST7735_DrawBitmap                   
00017711  fix16_div                           
00017905  Clock_Init80MHz                     
00017ab9  ST7735_DrawTransparentBitmapOnBuffer
00017c0d  ST7735_FillRect                     
00017d25  SPI_Init                            
00017e1d  ST7735_SetRotation                  
00017f11  fix16_fast_sin                      
00017ff5  TimerG8_IntArm                      
0001813f  __aeabi_idiv0                       
00018141  ST7735_InitR                        
000181d9  TimerG12_IntArm                     
0001826d  AMDAC4_Out                          
0001837d  LaunchPad_Init                      
000183f9  __TI_decompress_lzss                
00018475  TIMG12_IRQHandler                   
000184e9  fix16_mul                           
00018559  JoystickLeft_Init                   
000185c5  JoystickRight_Init                  
00018631  JoystickLeft_getX                   
00018699  JoystickLeft_getY                   
00018701  JoystickRight_getX                  
00018769  TIMG8_IRQHandler                    
000187cd  main                                
00018829  __aeabi_idiv                        
00018829  __aeabi_idivmod                     
00018881  DAC6_Init                           
000188d5  SysTick_Handler                     
00018925  AMDAC4_Init                         
0001896d  SPI_OutCommand                      
000189b5  fix16_add                           
000189fd  SysTick_IntArm                      
00018a41  SPI_Reset                           
00018a81  Sound_Start                         
00018ac1  TIMG7_IRQHandler                    
00018b01  __aeabi_uidiv                       
00018b01  __aeabi_uidivmod                    
00018b41  DAC6_Out                            
00018b7d  __TI_auto_init_nobinit_nopinit      
00018bb9  __muldsi3                           
00018bf5  ActivatePortA_B                     
00018c2d  SPI_OutData                         
00018c65  Clock_Delay1ms                      
00018c99  ST7735_SetCursor                    
00018ccd  Sound_Init                          
00018d2d  v2d_add                             
00018d5d  ST7735_FillScreen                   
00018d89  v2d_mul_s                           
00018db5  Switch_Init                         
00018ddd  _c_int00_noargs                     
00018e05  __aeabi_lmul                        
00018e05  __muldi3                            
00018e29  ADC0_IRQHandler                     
00018e29  ADC1_IRQHandler                     
00018e29  AES_IRQHandler                      
00018e29  CANFD0_IRQHandler                   
00018e29  DAC0_IRQHandler                     
00018e29  DMA_IRQHandler                      
00018e29  Default_Handler                     
00018e29  GROUP0_IRQHandler                   
00018e29  GROUP1_IRQHandler                   
00018e29  I2C0_IRQHandler                     
00018e29  I2C1_IRQHandler                     
00018e29  NMI_Handler                         
00018e29  PendSV_Handler                      
00018e29  RTC_IRQHandler                      
00018e29  SPI0_IRQHandler                     
00018e29  SPI1_IRQHandler                     
00018e29  SVC_Handler                         
00018e29  TIMA0_IRQHandler                    
00018e29  TIMA1_IRQHandler                    
00018e29  TIMG0_IRQHandler                    
00018e29  TIMG6_IRQHandler                    
00018e29  UART0_IRQHandler                    
00018e29  UART1_IRQHandler                    
00018e29  UART2_IRQHandler                    
00018e29  UART3_IRQHandler                    
00018e45  HardFault_Handler                   
00018e61  AMDAC4_AmmoOut                      
00018e79  fix16_fast_cos                      
00018e91  Sound_Reload                        
00018ea5  Sound_Shoot                         
00018eb9  Switch_Shoot                        
00018ecd  TI_memcpy_small                     
00018edf  __TI_decompress_none                
00018ef1  Clock_Delay                         
00018f01  Delay                               
00018f11  Player_Init                         
00018f21  Player_Reload                       
00018f31  Player_Shoot                        
00018f41  __TI_zero_init                      
00018f51  TI_memset_small                     
00018f61  Clock_Freq                          
00018f6d  __aeabi_memclr                      
00018f6d  __aeabi_memclr4                     
00018f6d  __aeabi_memclr8                     
00018f79  PLL_Init                            
00018f85  __aeabi_memcpy                      
00018f85  __aeabi_memcpy4                     
00018f85  __aeabi_memcpy8                     
00018f8d  abort                               
00018f92  C$$EXIT                             
00018f93  HOSTexit                            
00018f97  Reset_Handler                       
00018f9b  _system_pre_init                    
00019014  __TI_Handler_Table_Base             
00019020  __TI_Handler_Table_Limit            
00019028  __TI_CINIT_Base                     
00019038  __TI_CINIT_Limit                    
00019038  __TI_CINIT_Warm                     
20200000  __start___llvm_prf_bits             
20200000  __start___llvm_prf_cnts             
20200000  __stop___llvm_prf_bits              
20200000  __stop___llvm_prf_cnts              
20200000  displayBuffer                       
20205000  soundToPlay                         
20205008  TExaSLogic                          
2020500c  TExaSadc                            
20205010  backgroundIdx                       
20205014  soundIdx                            
20205018  Player                              
2020501e  soundCalled                         
20205020  _sys_memory                         
20205220  shotgunReload                       
202052c8  shotgunShoot                        
20205308  frame                               
2020530c  shotgun                             
20205310  shotgunNeutral                      
20205318  dir                                 
20205320  plane                               
20205328  pos                                 
20205330  BusFreq                             
20205334  StX                                 
20205338  StY                                 
2020533c  StTextColor                         
20205342  gunReload                           
20205343  gunShot                             
20207e00  __stack                             
20208000  __STACK_END                         
ffffffff  __TI_pprof_out_hndl                 
ffffffff  __TI_prof_data_size                 
ffffffff  __TI_prof_data_start                
ffffffff  __binit__                           
ffffffff  binit                               
UNDEFED   __mpu_init                          
UNDEFED   _system_post_cinit                  

[175 symbols]
