******************************************************************************
            TI ARM Clang Linker PC v4.0.4                      
******************************************************************************
>> Linked Mon Apr 20 23:02:41 2026

OUTPUT FILE NAME:   <ECE319K_Lab9.out>
ENTRY POINT SYMBOL: "_c_int00_noargs"  address: 0001b16d


MEMORY CONFIGURATION

         name            origin    length      used     unused   attr    fill
----------------------  --------  ---------  --------  --------  ----  --------
  FLASH                 00000000   00020000  0001c450  00003bb0  R  X
  SRAM                  20200000   00008000  00006f6e  00001092  RW X
  BCR_CONFIG            41c00000   00000080  00000000  00000080  R   
  BSL_CONFIG            41c00100   00000080  00000000  00000080  R   


SEGMENT ALLOCATION MAP

run origin  load origin   length   init length attrs members
----------  ----------- ---------- ----------- ----- -------
00000000    00000000    0001c450   0001c450    r-x
  00000000    00000000    000000c0   000000c0    r-- .intvecs
  000000c0    000000c0    00017af0   00017af0    r-- .rodata
  00017bb0    00017bb0    00003880   00003880    r-x .text
  0001b430    0001b430    00001020   00001020    r-- .cinit
20200000    20200000    00006d70   00000000    rw-
  20200000    20200000    000050a0   00000000    rw- .bss
  202050a0    202050a0    00001ace   00000000    rw- .data
  20206b70    20206b70    00000200   00000000    rw- .sysmem
20207e00    20207e00    00000200   00000000    rw-
  20207e00    20207e00    00000200   00000000    rw- .stack


SECTION ALLOCATION MAP

 output                                  attributes/
section   page    origin      length       input sections
--------  ----  ----------  ----------   ----------------
.intvecs   0    00000000    000000c0     
                  00000000    000000c0     startup_mspm0g3507_ticlang.o (.intvecs)

.text      0    00017bb0    00003880     
                  00017bb0    00001210     render3D.o (.text.raycast)
                  00018dc0    00000210     ST7735.o (.text.ST7735_DrawBitmap)
                  00018fd0    000001f4     fix16.o (.text.fix16_div)
                  000191c4    000001b4     Clock.o (.text.Clock_Init80MHz)
                  00019378    000001a4     ST7735.o (.text.ST7735_DrawCharS)
                  0001951c    00000184     Entities.o (.text.TIMG12_IRQHandler)
                  000196a0    00000164     ST7735.o (.text.ST7735_DrawTransparentBitmapOnBuffer)
                  00019804    00000160     Lab9Main.o (.text.main)
                  00019964    00000154     Entities.o (.text.Player_Shoot)
                  00019ab8    00000118     ST7735.o (.text.ST7735_FillRect)
                  00019bd0    00000104     ST7735.o (.text.ST7735_DrawBitmapTransparent)
                  00019cd4    000000f8     SPI.o (.text.SPI_Init)
                  00019dcc    000000f8     render3D.o (.text.sortSprites)
                  00019ec4    000000f4     ST7735.o (.text.ST7735_SetRotation)
                  00019fb8    000000e4     Animations.o (.text.TIMG8_IRQHandler)
                  0001a09c    000000e4     fix16_fast_trig_lut.o (.text.fix16_fast_sin)
                  0001a180    000000d0     ST7735.o (.text.ST7735_OutCharTransparent)
                  0001a250    000000b0     ST7735.o (.text.ST7735_DrawFastHLine)
                  0001a300    000000a8     Timer.o (.text.TimerG8_IntArm)
                  0001a3a8    000000a2     ST7735.o (.text.commandList)
                  0001a44a    00000002     libclang_rt.builtins.a : aeabi_div0.c.obj (.text.__aeabi_idiv0)
                  0001a44c    00000098     ST7735.o (.text.ST7735_InitR)
                  0001a4e4    00000094     Timer.o (.text.TimerG12_IntArm)
                  0001a578    00000088     AMDAC4.o (.text.AMDAC4_Out)
                  0001a600    00000088     ST7735.o (.text.setAddrWindow)
                  0001a688    00000084     ST7735.o (.text.ST7735_DrawStringTransparent)
                  0001a70c    0000007c     LaunchPad.o (.text.LaunchPad_Init)
                  0001a788    0000007c     libc.a : copy_decompress_lzss.c.obj (.text:decompress:lzss)
                  0001a804    00000070     ST7735.o (.text.ST7735_DrawPixel)
                  0001a874    0000006e     fix16.o (.text.fix16_mul)
                  0001a8e2    00000002     --HOLE-- [fill = 0]
                  0001a8e4    0000006c     JoystickLeft.o (.text.JoystickLeft_Init)
                  0001a950    0000006c     JoystickRight.o (.text.JoystickRight_Init)
                  0001a9bc    00000068     JoystickLeft.o (.text.JoystickLeft_getX)
                  0001aa24    00000068     JoystickLeft.o (.text.JoystickLeft_getY)
                  0001aa8c    00000068     JoystickRight.o (.text.JoystickRight_getX)
                  0001aaf4    00000056     libclang_rt.builtins.a : aeabi_idivmod.S.obj (.text.__aeabi_idivmod)
                  0001ab4a    00000002     --HOLE-- [fill = 0]
                  0001ab4c    00000054     DAC6.o (.text.DAC6_Init)
                  0001aba0    00000050     Sound.o (.text.SysTick_Handler)
                  0001abf0    00000048     AMDAC4.o (.text.AMDAC4_Init)
                  0001ac38    00000048     SPI.o (.text.SPI_OutCommand)
                  0001ac80    00000046     fix16.o (.text.fix16_add)
                  0001acc6    00000002     --HOLE-- [fill = 0]
                  0001acc8    00000044     Sound.o (.text.SysTick_IntArm)
                  0001ad0c    00000040     HPDAC4.o (.text.HPDAC4_Init)
                  0001ad4c    00000040     SPI.o (.text.SPI_Reset)
                  0001ad8c    00000040     Sound.o (.text.Sound_Start)
                  0001adcc    00000040     TExaS.o (.text.TIMG7_IRQHandler)
                  0001ae0c    00000040     libclang_rt.builtins.a : aeabi_uidivmod.S.obj (.text.__aeabi_uidivmod)
                  0001ae4c    0000003c     DAC6.o (.text.DAC6_Out)
                  0001ae88    0000003c     libc.a : autoinit.c.obj (.text:__TI_auto_init_nobinit_nopinit)
                  0001aec4    0000003a     libclang_rt.builtins.a : muldsi3.S.obj (.text.__muldsi3)
                  0001aefe    00000002     --HOLE-- [fill = 0]
                  0001af00    00000038     LaunchPad.o (.text.ActivatePortA_B)
                  0001af38    00000038     SPI.o (.text.SPI_OutData)
                  0001af70    00000034     Clock.o (.text.Clock_Delay1ms)
                  0001afa4    00000034     ST7735.o (.text.ST7735_SetCursor)
                  0001afd8    00000032     Entities.o (.text.Zombie_Damaged)
                  0001b00a    00000002     --HOLE-- [fill = 0]
                  0001b00c    00000030     ST7735.o (.text.commonInit)
                  0001b03c    0000002e     fixvector2d.o (.text.v2d_add)
                  0001b06a    00000002     --HOLE-- [fill = 0]
                  0001b06c    0000002c     HPDAC4.o (.text.HPDAC4_Out)
                  0001b098    0000002c     Entities.o (.text.Player_Damaged)
                  0001b0c4    0000002c     ST7735.o (.text.ST7735_FillScreen)
                  0001b0f0    0000002a     fixvector2d.o (.text.v2d_mul_s)
                  0001b11a    00000002     --HOLE-- [fill = 0]
                  0001b11c    00000028     Sound.o (.text.Sound_Init)
                  0001b144    00000028     Switch.o (.text.Switch_Init)
                  0001b16c    00000028     libc.a : boot_cortex_m.c.obj (.text:_c_int00_noargs)
                  0001b194    00000026     ST7735.o (.text.ST7735_OutStringTransparent)
                  0001b1ba    00000002     --HOLE-- [fill = 0]
                  0001b1bc    00000024     libclang_rt.builtins.a : muldi3.S.obj (.text.__muldi3)
                  0001b1e0    00000020     Language.o (.text.Language_Switch)
                  0001b200    00000020     render3D.o (.text.fix16_abs)
                  0001b220    0000001e     HPDAC4.o (.text.HPDAC4_HPOut)
                  0001b23e    0000001e     ST7735.o (.text.pushColor)
                  0001b25c    0000001c     startup_mspm0g3507_ticlang.o (.text.Default_Handler)
                  0001b278    0000001c     startup_mspm0g3507_ticlang.o (.text.HardFault_Handler)
                  0001b294    00000018     AMDAC4.o (.text.AMDAC4_AmmoOut)
                  0001b2ac    00000018     Entities.o (.text.Player_Init)
                  0001b2c4    00000018     fix16_fast_trig_lut.o (.text.fix16_fast_cos)
                  0001b2dc    00000014     Sound.o (.text.Sound_Chamber)
                  0001b2f0    00000014     Sound.o (.text.Sound_Damaged)
                  0001b304    00000014     Sound.o (.text.Sound_Reload)
                  0001b318    00000014     Sound.o (.text.Sound_Shoot)
                  0001b32c    00000014     Switch.o (.text.Switch_Language)
                  0001b340    00000014     Switch.o (.text.Switch_Shoot)
                  0001b354    00000012     libc.a : memcpy16.S.obj (.text:TI_memcpy_small)
                  0001b366    00000012            : copy_decompress_none.c.obj (.text:decompress:none)
                  0001b378    00000010     Clock.o (.text.Clock_Delay)
                  0001b388    00000010     LaunchPad.o (.text.Delay)
                  0001b398    00000010     Entities.o (.text.Player_Reload)
                  0001b3a8    00000010     libc.a : copy_zero_init.c.obj (.text:decompress:ZI)
                  0001b3b8    0000000e     render3D.o (.text.fix16_to_int)
                  0001b3c6    0000000e     libc.a : memset16.S.obj (.text:TI_memset_small)
                  0001b3d4    0000000c     Clock.o (.text.Clock_Freq)
                  0001b3e0    0000000c     Language.o (.text.Language_Init)
                  0001b3ec    0000000c     libclang_rt.builtins.a : aeabi_memset.S.obj (.text.__aeabi_memclr)
                  0001b3f8    0000000c     render3D.o (.text.fix16_from_int)
                  0001b404    0000000a     Lab9Main.o (.text.PLL_Init)
                  0001b40e    00000002     --HOLE-- [fill = 0]
                  0001b410    00000008     libclang_rt.builtins.a : aeabi_memcpy.S.obj (.text.__aeabi_memcpy)
                  0001b418    00000006     libc.a : exit.c.obj (.text:abort)
                  0001b41e    00000004     libsysbm.a : hostexit.c.obj (.text.HOSTexit)
                  0001b422    00000004     startup_mspm0g3507_ticlang.o (.text.Reset_Handler)
                  0001b426    00000004     libc.a : pre_init.c.obj (.text._system_pre_init)
                  0001b42a    00000006     --HOLE-- [fill = 0]

.cinit     0    0001b430    00001020     
                  0001b430    00000ff8     (.cinit..data.load) [load image, compression = lzss]
                  0001c428    0000000c     (__TI_handler_table)
                  0001c434    00000008     (.cinit..bss.load) [load image, compression = zero_init]
                  0001c43c    00000010     (__TI_cinit_table)
                  0001c44c    00000004     --HOLE-- [fill = 0]

.rodata    0    000000c0    00017af0     
                  000000c0    00003b00     images.o (.rodata.zombie1)
                  00003bc0    00002ee0     images.o (.rodata.shotgunShoot3)
                  00006aa0    00002940     images.o (.rodata.reload3)
                  000093e0    00002850     images.o (.rodata.shotgunShoot4)
                  0000bc30    000023a0     images.o (.rodata.reload2)
                  0000dfd0    00002080     images.o (.rodata.reload1)
                  00010050    00001c11     Sound.o (.rodata.chamber)
                  00011c61    00000001     images.o (.rodata.crosshairHeight)
                  00011c62    000017e8     images.o (.rodata.shotgunShoot2)
                  0001344a    000012c0     images.o (.rodata.shotgunNormal)
                  0001470a    00001140     Sound.o (.rodata.shootGun)
                  0001584a    000009aa     Sound.o (.rodata.reload)
                  000161f4    00000966     Sound.o (.rodata.damaged)
                  00016b5a    00000800     fix16_fast_trig_lut.o (.rodata.fastSineLookupTable)
                  0001735a    000004fb     ST7735.o (.rodata.Font)
                  00017855    00000240     Lab9Main.o (.rodata.worldMap)
                  00017a95    00000001     images.o (.rodata.crosshairWidth)
                  00017a96    00000048     images.o (.rodata.crosshair)
                  00017ade    0000003b     ST7735.o (.rodata.Rcmd1)
                  00017b19    0000002b     ST7735.o (.rodata.Rcmd3)
                  00017b44    00000016     ST7735.o (.rodata.str1.2132471336006292093.1)
                  00017b5a    00000011     Language.o (.rodata.str1.12342158081114120698.1)
                  00017b6b    0000000f     Language.o (.rodata.str1.5333028195687833906.1)
                  00017b7a    0000000d     ST7735.o (.rodata.Rcmd2green)
                  00017b87    0000000d     ST7735.o (.rodata.Rcmd2red)
                  00017b94    0000000b     Language.o (.rodata.str1.5714278379454200997.1)
                  00017b9f    0000000a     Language.o (.rodata.str1.7950458361806698135.1)
                  00017ba9    00000007     --HOLE-- [fill = 0]

.init_array 
*          0    00000000    00000000     UNINITIALIZED

.binit     0    00000000    00000000     

.bss       0    20200000    000050a0     UNINITIALIZED
                  20200000    00005000     (.common:displayBuffer)
                  20205000    00000040     (.common:spriteDistance)
                  20205040    00000040     (.common:spriteOrder)
                  20205080    00000008     (.common:soundToPlay)
                  20205088    00000006     (.common:Player)
                  2020508e    00000001     ST7735.o (.bss.ColStart)
                  2020508f    00000001     ST7735.o (.bss.Rotation)
                  20205090    00000004     (.common:TExaSLogic)
                  20205094    00000004     (.common:TExaSadc)
                  20205098    00000004     (.common:soundIdx)
                  2020509c    00000001     ST7735.o (.bss.RowStart)
                  2020509d    00000001     ST7735.o (.bss.TabColor)
                  2020509e    00000001     (.common:currentLanguage)
                  2020509f    00000001     (.common:soundCalled)

.data      0    202050a0    00001ace     UNINITIALIZED
                  202050a0    00000d5c     images.o (.data.youDiedSpanish)
                  20205dfc    00000a64     images.o (.data.youDiedEnglish)
                  20206860    00000180     Entities.o (.data.zombies)
                  202069e0    000000a8     Animations.o (.data.shotgunReload)
                  20206a88    00000040     Animations.o (.data.shotgunShoot)
                  20206ac8    00000040     Entities.o (.data.zombieCooldowns)
                  20206b08    00000028     Language.o (.data.myLanguages)
                  20206b30    00000008     Lab9Main.o (.data.dir)
                  20206b38    00000008     Lab9Main.o (.data.plane)
                  20206b40    00000008     Lab9Main.o (.data.pos)
                  20206b48    00000008     Animations.o (.data.shotgunNeutral)
                  20206b50    00000004     Clock.o (.data.BusFreq)
                  20206b54    00000004     ST7735.o (.data.StX)
                  20206b58    00000004     ST7735.o (.data.StY)
                  20206b5c    00000004     Animations.o (.data.shotgun)
                  20206b60    00000004     Entities.o (.data.zombieCount)
                  20206b64    00000002     ST7735.o (.data.StTextColor)
                  20206b66    00000002     ST7735.o (.data._height)
                  20206b68    00000002     ST7735.o (.data._width)
                  20206b6a    00000001     Animations.o (.data.frame)
                  20206b6b    00000001     Entities.o (.data.gunRaysShot)
                  20206b6c    00000001     Entities.o (.data.gunReload)
                  20206b6d    00000001     Entities.o (.data.gunShot)

.sysmem    0    20206b70    00000200     UNINITIALIZED
                  20206b70    00000010     libc.a : memory.c.obj (.sysmem)
                  20206b80    000001f0     --HOLE--

.stack     0    20207e00    00000200     UNINITIALIZED
                  20207e00    00000004     libc.a : boot_cortex_m.c.obj (.stack)
                  20207e04    000001fc     --HOLE--

__llvm_prf_cnts 
*          0    20200000    00000000     UNINITIALIZED

__llvm_prf_bits 
*          0    20200000    00000000     UNINITIALIZED

MODULE SUMMARY

       Module                         code    ro data   rw data
       ------                         ----    -------   -------
    .\
       render3D.o                     4930    0         20608  
       Sound.o                        332     16481     13     
       ST7735.o                       3378    1425      18     
       Entities.o                     862     0         461    
       Lab9Main.o                     362     576       24     
       Clock.o                        516     0         4      
       Animations.o                   228     0         245    
       SPI.o                          440     0         0      
       JoystickLeft.o                 316     0         0      
       Timer.o                        316     0         0      
       AMDAC4.o                       232     0         0      
       JoystickRight.o                212     0         0      
       LaunchPad.o                    196     0         0      
       DAC6.o                         144     0         0      
       HPDAC4.o                       138     0         0      
       Language.o                     44      53        41     
       Switch.o                       80      0         0      
       TExaS.o                        64      0         8      
    +--+------------------------------+-------+---------+---------+
       Total:                         12790   18535     21422  
                                                               
    .\Math\fix\
       fix16_fast_trig_lut.o          252     2048      0      
       fix16.o                        680     0         0      
    +--+------------------------------+-------+---------+---------+
       Total:                         932     2048      0      
                                                               
    .\Math\lib_fixmatrix\
       fixvector2d.o                  88      0         0      
    +--+------------------------------+-------+---------+---------+
       Total:                         88      0         0      
                                                               
    .\images\
       images.o                       0       76418     6080   
    +--+------------------------------+-------+---------+---------+
       Total:                         0       76418     6080   
                                                               
    .\ticlang\
       startup_mspm0g3507_ticlang.o   60      192       0      
    +--+------------------------------+-------+---------+---------+
       Total:                         60      192       0      
                                                               
    C:\ti\ccs2040\ccs\tools\compiler\ti-cgt-armllvm_4.0.4.LTS\lib\armv6m-ti-none-eabi/c/libc.a
       copy_decompress_lzss.c.obj     124     0         0      
       autoinit.c.obj                 60      0         0      
       boot_cortex_m.c.obj            40      0         0      
       copy_decompress_none.c.obj     18      0         0      
       memcpy16.S.obj                 18      0         0      
       copy_zero_init.c.obj           16      0         0      
       memset16.S.obj                 14      0         0      
       exit.c.obj                     6       0         0      
       pre_init.c.obj                 4       0         0      
    +--+------------------------------+-------+---------+---------+
       Total:                         300     0         0      
                                                               
    C:\ti\ccs2040\ccs\tools\compiler\ti-cgt-armllvm_4.0.4.LTS\lib\armv6m-ti-none-eabi/c/libsysbm.a
       hostexit.c.obj                 4       0         0      
    +--+------------------------------+-------+---------+---------+
       Total:                         4       0         0      
                                                               
    C:\ti\ccs2040\ccs\tools\compiler\ti-cgt-armllvm_4.0.4.LTS\lib\armv6m-ti-none-eabi/libclang_rt.builtins.a
       aeabi_idivmod.S.obj            86      0         0      
       aeabi_uidivmod.S.obj           64      0         0      
       muldsi3.S.obj                  58      0         0      
       muldi3.S.obj                   36      0         0      
       aeabi_memset.S.obj             12      0         0      
       aeabi_memcpy.S.obj             8       0         0      
       aeabi_div0.c.obj               2       0         0      
    +--+------------------------------+-------+---------+---------+
       Total:                         266     0         0      
                                                               
       Heap:                          0       0         512    
       Stack:                         0       0         512    
       Linker Generated:              0       4124      0      
    +--+------------------------------+-------+---------+---------+
       Grand Total:                   14440   101317    28526  


LINKER GENERATED COPY TABLES

__TI_cinit_table @ 0001c43c records: 2, size/record: 8, table size: 16
	.data: load addr=0001b430, load size=00000ff8 bytes, run addr=202050a0, run size=00001ace bytes, compression=lzss
	.bss: load addr=0001c434, load size=00000008 bytes, run addr=20200000, run size=000050a0 bytes, compression=zero_init


LINKER GENERATED HANDLER TABLE

__TI_handler_table @ 0001c428 records: 3, size/record: 4, table size: 12
	index: 0, handler: __TI_decompress_lzss
	index: 1, handler: __TI_decompress_none
	index: 2, handler: __TI_zero_init


GLOBAL SYMBOLS: SORTED ALPHABETICALLY BY Name 

address   name                                
-------   ----                                
0001b25d  ADC0_IRQHandler                     
0001b25d  ADC1_IRQHandler                     
0001b25d  AES_IRQHandler                      
0001b295  AMDAC4_AmmoOut                      
0001abf1  AMDAC4_Init                         
0001a579  AMDAC4_Out                          
0001af01  ActivatePortA_B                     
20206b50  BusFreq                             
0001b41e  C$$EXIT                             
0001b25d  CANFD0_IRQHandler                   
0001b379  Clock_Delay                         
0001af71  Clock_Delay1ms                      
0001b3d5  Clock_Freq                          
000191c5  Clock_Init80MHz                     
0001b25d  DAC0_IRQHandler                     
0001ab4d  DAC6_Init                           
0001ae4d  DAC6_Out                            
0001b25d  DMA_IRQHandler                      
0001b25d  Default_Handler                     
0001b389  Delay                               
0001b25d  GROUP0_IRQHandler                   
0001b25d  GROUP1_IRQHandler                   
0001b41f  HOSTexit                            
0001b221  HPDAC4_HPOut                        
0001ad0d  HPDAC4_Init                         
0001b06d  HPDAC4_Out                          
0001b279  HardFault_Handler                   
0001b25d  I2C0_IRQHandler                     
0001b25d  I2C1_IRQHandler                     
0001a8e5  JoystickLeft_Init                   
0001a9bd  JoystickLeft_getX                   
0001aa25  JoystickLeft_getY                   
0001a951  JoystickRight_Init                  
0001aa8d  JoystickRight_getX                  
0001b3e1  Language_Init                       
0001b1e1  Language_Switch                     
0001a70d  LaunchPad_Init                      
0001b25d  NMI_Handler                         
0001b405  PLL_Init                            
0001b25d  PendSV_Handler                      
20205088  Player                              
0001b099  Player_Damaged                      
0001b2ad  Player_Init                         
0001b399  Player_Reload                       
00019965  Player_Shoot                        
0001b25d  RTC_IRQHandler                      
0001b423  Reset_Handler                       
0001b25d  SPI0_IRQHandler                     
0001b25d  SPI1_IRQHandler                     
00019cd5  SPI_Init                            
0001ac39  SPI_OutCommand                      
0001af39  SPI_OutData                         
0001ad4d  SPI_Reset                           
00018dc1  ST7735_DrawBitmap                   
00019bd1  ST7735_DrawBitmapTransparent        
00019379  ST7735_DrawCharS                    
0001a251  ST7735_DrawFastHLine                
0001a805  ST7735_DrawPixel                    
0001a689  ST7735_DrawStringTransparent        
000196a1  ST7735_DrawTransparentBitmapOnBuffer
00019ab9  ST7735_FillRect                     
0001b0c5  ST7735_FillScreen                   
0001a44d  ST7735_InitR                        
0001a181  ST7735_OutCharTransparent           
0001b195  ST7735_OutStringTransparent         
0001afa5  ST7735_SetCursor                    
00019ec5  ST7735_SetRotation                  
0001b25d  SVC_Handler                         
0001b2dd  Sound_Chamber                       
0001b2f1  Sound_Damaged                       
0001b11d  Sound_Init                          
0001b305  Sound_Reload                        
0001b319  Sound_Shoot                         
0001ad8d  Sound_Start                         
20206b64  StTextColor                         
20206b54  StX                                 
20206b58  StY                                 
0001b145  Switch_Init                         
0001b32d  Switch_Language                     
0001b341  Switch_Shoot                        
0001aba1  SysTick_Handler                     
0001acc9  SysTick_IntArm                      
20205090  TExaSLogic                          
20205094  TExaSadc                            
0001b25d  TIMA0_IRQHandler                    
0001b25d  TIMA1_IRQHandler                    
0001b25d  TIMG0_IRQHandler                    
0001951d  TIMG12_IRQHandler                   
0001b25d  TIMG6_IRQHandler                    
0001adcd  TIMG7_IRQHandler                    
00019fb9  TIMG8_IRQHandler                    
0001b355  TI_memcpy_small                     
0001b3c7  TI_memset_small                     
0001a4e5  TimerG12_IntArm                     
0001a301  TimerG8_IntArm                      
0001b25d  UART0_IRQHandler                    
0001b25d  UART1_IRQHandler                    
0001b25d  UART2_IRQHandler                    
0001b25d  UART3_IRQHandler                    
0001afd9  Zombie_Damaged                      
20208000  __STACK_END                         
00000200  __STACK_SIZE                        
00000200  __SYSMEM_SIZE                       
00000000  __TI_ATRegion0_region_sz            
00000000  __TI_ATRegion0_src_addr             
00000000  __TI_ATRegion0_trg_addr             
00000000  __TI_ATRegion1_region_sz            
00000000  __TI_ATRegion1_src_addr             
00000000  __TI_ATRegion1_trg_addr             
00000000  __TI_ATRegion2_region_sz            
00000000  __TI_ATRegion2_src_addr             
00000000  __TI_ATRegion2_trg_addr             
0001c43c  __TI_CINIT_Base                     
0001c44c  __TI_CINIT_Limit                    
0001c44c  __TI_CINIT_Warm                     
0001c428  __TI_Handler_Table_Base             
0001c434  __TI_Handler_Table_Limit            
0001ae89  __TI_auto_init_nobinit_nopinit      
0001a789  __TI_decompress_lzss                
0001b367  __TI_decompress_none                
ffffffff  __TI_pprof_out_hndl                 
ffffffff  __TI_prof_data_size                 
ffffffff  __TI_prof_data_start                
00000000  __TI_static_base__                  
0001b3a9  __TI_zero_init                      
0001aaf5  __aeabi_idiv                        
0001a44b  __aeabi_idiv0                       
0001aaf5  __aeabi_idivmod                     
0001b1bd  __aeabi_lmul                        
0001b3ed  __aeabi_memclr                      
0001b3ed  __aeabi_memclr4                     
0001b3ed  __aeabi_memclr8                     
0001b411  __aeabi_memcpy                      
0001b411  __aeabi_memcpy4                     
0001b411  __aeabi_memcpy8                     
0001ae0d  __aeabi_uidiv                       
0001ae0d  __aeabi_uidivmod                    
ffffffff  __binit__                           
UNDEFED   __mpu_init                          
0001b1bd  __muldi3                            
0001aec5  __muldsi3                           
20207e00  __stack                             
20200000  __start___llvm_prf_bits             
20200000  __start___llvm_prf_cnts             
20200000  __stop___llvm_prf_bits              
20200000  __stop___llvm_prf_cnts              
0001b16d  _c_int00_noargs                     
20206b70  _sys_memory                         
UNDEFED   _system_post_cinit                  
0001b427  _system_pre_init                    
0001b419  abort                               
ffffffff  binit                               
00010050  chamber                             
00017a96  crosshair                           
00011c61  crosshairHeight                     
00017a95  crosshairWidth                      
2020509e  currentLanguage                     
000161f4  damaged                             
20206b30  dir                                 
20200000  displayBuffer                       
0001ac81  fix16_add                           
00018fd1  fix16_div                           
0001b2c5  fix16_fast_cos                      
0001a09d  fix16_fast_sin                      
0001a875  fix16_mul                           
20206b6a  frame                               
20206b6b  gunRaysShot                         
20206b6c  gunReload                           
20206b6d  gunShot                             
00000000  interruptVectors                    
00019805  main                                
20206b08  myLanguages                         
20206b38  plane                               
20206b40  pos                                 
00017bb1  raycast                             
0001584a  reload                              
0000dfd0  reload1                             
0000bc30  reload2                             
00006aa0  reload3                             
0001470a  shootGun                            
20206b5c  shotgun                             
20206b48  shotgunNeutral                      
0001344a  shotgunNormal                       
202069e0  shotgunReload                       
20206a88  shotgunShoot                        
00011c62  shotgunShoot2                       
00003bc0  shotgunShoot3                       
000093e0  shotgunShoot4                       
00019dcd  sortSprites                         
2020509f  soundCalled                         
20205098  soundIdx                            
20205080  soundToPlay                         
20205000  spriteDistance                      
20205040  spriteOrder                         
0001b03d  v2d_add                             
0001b0f1  v2d_mul_s                           
00017855  worldMap                            
20205dfc  youDiedEnglish                      
202050a0  youDiedSpanish                      
000000c0  zombie1                             
20206ac8  zombieCooldowns                     
20206b60  zombieCount                         
20206860  zombies                             


GLOBAL SYMBOLS: SORTED BY Symbol Address 

address   name                                
-------   ----                                
00000000  __TI_ATRegion0_region_sz            
00000000  __TI_ATRegion0_src_addr             
00000000  __TI_ATRegion0_trg_addr             
00000000  __TI_ATRegion1_region_sz            
00000000  __TI_ATRegion1_src_addr             
00000000  __TI_ATRegion1_trg_addr             
00000000  __TI_ATRegion2_region_sz            
00000000  __TI_ATRegion2_src_addr             
00000000  __TI_ATRegion2_trg_addr             
00000000  __TI_static_base__                  
00000000  interruptVectors                    
000000c0  zombie1                             
00000200  __STACK_SIZE                        
00000200  __SYSMEM_SIZE                       
00003bc0  shotgunShoot3                       
00006aa0  reload3                             
000093e0  shotgunShoot4                       
0000bc30  reload2                             
0000dfd0  reload1                             
00010050  chamber                             
00011c61  crosshairHeight                     
00011c62  shotgunShoot2                       
0001344a  shotgunNormal                       
0001470a  shootGun                            
0001584a  reload                              
000161f4  damaged                             
00017855  worldMap                            
00017a95  crosshairWidth                      
00017a96  crosshair                           
00017bb1  raycast                             
00018dc1  ST7735_DrawBitmap                   
00018fd1  fix16_div                           
000191c5  Clock_Init80MHz                     
00019379  ST7735_DrawCharS                    
0001951d  TIMG12_IRQHandler                   
000196a1  ST7735_DrawTransparentBitmapOnBuffer
00019805  main                                
00019965  Player_Shoot                        
00019ab9  ST7735_FillRect                     
00019bd1  ST7735_DrawBitmapTransparent        
00019cd5  SPI_Init                            
00019dcd  sortSprites                         
00019ec5  ST7735_SetRotation                  
00019fb9  TIMG8_IRQHandler                    
0001a09d  fix16_fast_sin                      
0001a181  ST7735_OutCharTransparent           
0001a251  ST7735_DrawFastHLine                
0001a301  TimerG8_IntArm                      
0001a44b  __aeabi_idiv0                       
0001a44d  ST7735_InitR                        
0001a4e5  TimerG12_IntArm                     
0001a579  AMDAC4_Out                          
0001a689  ST7735_DrawStringTransparent        
0001a70d  LaunchPad_Init                      
0001a789  __TI_decompress_lzss                
0001a805  ST7735_DrawPixel                    
0001a875  fix16_mul                           
0001a8e5  JoystickLeft_Init                   
0001a951  JoystickRight_Init                  
0001a9bd  JoystickLeft_getX                   
0001aa25  JoystickLeft_getY                   
0001aa8d  JoystickRight_getX                  
0001aaf5  __aeabi_idiv                        
0001aaf5  __aeabi_idivmod                     
0001ab4d  DAC6_Init                           
0001aba1  SysTick_Handler                     
0001abf1  AMDAC4_Init                         
0001ac39  SPI_OutCommand                      
0001ac81  fix16_add                           
0001acc9  SysTick_IntArm                      
0001ad0d  HPDAC4_Init                         
0001ad4d  SPI_Reset                           
0001ad8d  Sound_Start                         
0001adcd  TIMG7_IRQHandler                    
0001ae0d  __aeabi_uidiv                       
0001ae0d  __aeabi_uidivmod                    
0001ae4d  DAC6_Out                            
0001ae89  __TI_auto_init_nobinit_nopinit      
0001aec5  __muldsi3                           
0001af01  ActivatePortA_B                     
0001af39  SPI_OutData                         
0001af71  Clock_Delay1ms                      
0001afa5  ST7735_SetCursor                    
0001afd9  Zombie_Damaged                      
0001b03d  v2d_add                             
0001b06d  HPDAC4_Out                          
0001b099  Player_Damaged                      
0001b0c5  ST7735_FillScreen                   
0001b0f1  v2d_mul_s                           
0001b11d  Sound_Init                          
0001b145  Switch_Init                         
0001b16d  _c_int00_noargs                     
0001b195  ST7735_OutStringTransparent         
0001b1bd  __aeabi_lmul                        
0001b1bd  __muldi3                            
0001b1e1  Language_Switch                     
0001b221  HPDAC4_HPOut                        
0001b25d  ADC0_IRQHandler                     
0001b25d  ADC1_IRQHandler                     
0001b25d  AES_IRQHandler                      
0001b25d  CANFD0_IRQHandler                   
0001b25d  DAC0_IRQHandler                     
0001b25d  DMA_IRQHandler                      
0001b25d  Default_Handler                     
0001b25d  GROUP0_IRQHandler                   
0001b25d  GROUP1_IRQHandler                   
0001b25d  I2C0_IRQHandler                     
0001b25d  I2C1_IRQHandler                     
0001b25d  NMI_Handler                         
0001b25d  PendSV_Handler                      
0001b25d  RTC_IRQHandler                      
0001b25d  SPI0_IRQHandler                     
0001b25d  SPI1_IRQHandler                     
0001b25d  SVC_Handler                         
0001b25d  TIMA0_IRQHandler                    
0001b25d  TIMA1_IRQHandler                    
0001b25d  TIMG0_IRQHandler                    
0001b25d  TIMG6_IRQHandler                    
0001b25d  UART0_IRQHandler                    
0001b25d  UART1_IRQHandler                    
0001b25d  UART2_IRQHandler                    
0001b25d  UART3_IRQHandler                    
0001b279  HardFault_Handler                   
0001b295  AMDAC4_AmmoOut                      
0001b2ad  Player_Init                         
0001b2c5  fix16_fast_cos                      
0001b2dd  Sound_Chamber                       
0001b2f1  Sound_Damaged                       
0001b305  Sound_Reload                        
0001b319  Sound_Shoot                         
0001b32d  Switch_Language                     
0001b341  Switch_Shoot                        
0001b355  TI_memcpy_small                     
0001b367  __TI_decompress_none                
0001b379  Clock_Delay                         
0001b389  Delay                               
0001b399  Player_Reload                       
0001b3a9  __TI_zero_init                      
0001b3c7  TI_memset_small                     
0001b3d5  Clock_Freq                          
0001b3e1  Language_Init                       
0001b3ed  __aeabi_memclr                      
0001b3ed  __aeabi_memclr4                     
0001b3ed  __aeabi_memclr8                     
0001b405  PLL_Init                            
0001b411  __aeabi_memcpy                      
0001b411  __aeabi_memcpy4                     
0001b411  __aeabi_memcpy8                     
0001b419  abort                               
0001b41e  C$$EXIT                             
0001b41f  HOSTexit                            
0001b423  Reset_Handler                       
0001b427  _system_pre_init                    
0001c428  __TI_Handler_Table_Base             
0001c434  __TI_Handler_Table_Limit            
0001c43c  __TI_CINIT_Base                     
0001c44c  __TI_CINIT_Limit                    
0001c44c  __TI_CINIT_Warm                     
20200000  __start___llvm_prf_bits             
20200000  __start___llvm_prf_cnts             
20200000  __stop___llvm_prf_bits              
20200000  __stop___llvm_prf_cnts              
20200000  displayBuffer                       
20205000  spriteDistance                      
20205040  spriteOrder                         
20205080  soundToPlay                         
20205088  Player                              
20205090  TExaSLogic                          
20205094  TExaSadc                            
20205098  soundIdx                            
2020509e  currentLanguage                     
2020509f  soundCalled                         
202050a0  youDiedSpanish                      
20205dfc  youDiedEnglish                      
20206860  zombies                             
202069e0  shotgunReload                       
20206a88  shotgunShoot                        
20206ac8  zombieCooldowns                     
20206b08  myLanguages                         
20206b30  dir                                 
20206b38  plane                               
20206b40  pos                                 
20206b48  shotgunNeutral                      
20206b50  BusFreq                             
20206b54  StX                                 
20206b58  StY                                 
20206b5c  shotgun                             
20206b60  zombieCount                         
20206b64  StTextColor                         
20206b6a  frame                               
20206b6b  gunRaysShot                         
20206b6c  gunReload                           
20206b6d  gunShot                             
20206b70  _sys_memory                         
20207e00  __stack                             
20208000  __STACK_END                         
ffffffff  __TI_pprof_out_hndl                 
ffffffff  __TI_prof_data_size                 
ffffffff  __TI_prof_data_start                
ffffffff  __binit__                           
ffffffff  binit                               
UNDEFED   __mpu_init                          
UNDEFED   _system_post_cinit                  

[203 symbols]
