******************************************************************************
            TI ARM Clang Linker PC v4.0.4                      
******************************************************************************
>> Linked Mon Apr 20 02:24:08 2026

OUTPUT FILE NAME:   <ECE319K_Lab9.out>
ENTRY POINT SYMBOL: "_c_int00_noargs"  address: 0001a699


MEMORY CONFIGURATION

         name            origin    length      used     unused   attr    fill
----------------------  --------  ---------  --------  --------  ----  --------
  FLASH                 00000000   00020000  0001a908  000056f8  R  X
  SRAM                  20200000   00008000  0000563b  000029c5  RW X
  BCR_CONFIG            41c00000   00000080  00000000  00000080  R   
  BSL_CONFIG            41c00100   00000080  00000000  00000080  R   


SEGMENT ALLOCATION MAP

run origin  load origin   length   init length attrs members
----------  ----------- ---------- ----------- ----- -------
00000000    00000000    0001a908   0001a908    r-x
  00000000    00000000    000000c0   000000c0    r-- .intvecs
  000000c0    000000c0    00017448   00017448    r-- .rodata
  00017508    00017508    00003358   00003358    r-x .text
  0001a860    0001a860    000000a8   000000a8    r-- .cinit
20200000    20200000    00005440   00000000    rw-
  20200000    20200000    00005016   00000000    rw- .bss
  20205018    20205018    00000225   00000000    rw- .data
  20205240    20205240    00000200   00000000    rw- .sysmem
20207e00    20207e00    00000200   00000000    rw-
  20207e00    20207e00    00000200   00000000    rw- .stack


SECTION ALLOCATION MAP

 output                                  attributes/
section   page    origin      length       input sections
--------  ----  ----------  ----------   ----------------
.intvecs   0    00000000    000000c0     
                  00000000    000000c0     startup_mspm0g3507_ticlang.o (.intvecs)

.text      0    00017508    00003358     
                  00017508    00001800     render3D.o (.text.raycast)
                  00018d08    00000210     ST7735.o (.text.ST7735_DrawBitmap)
                  00018f18    000001f4     fix16.o (.text.fix16_div)
                  0001910c    000001b4     Clock.o (.text.Clock_Init80MHz)
                  000192c0    00000164     ST7735.o (.text.ST7735_DrawTransparentBitmapOnBuffer)
                  00019424    00000118     ST7735.o (.text.ST7735_FillRect)
                  0001953c    000000f8     SPI.o (.text.SPI_Init)
                  00019634    000000f8     render3D.o (.text.sortSprites)
                  0001972c    000000f4     ST7735.o (.text.ST7735_SetRotation)
                  00019820    000000e4     fix16_fast_trig_lut.o (.text.fix16_fast_sin)
                  00019904    000000a8     Timer.o (.text.TimerG8_IntArm)
                  000199ac    000000a2     ST7735.o (.text.commandList)
                  00019a4e    00000002     Sound.o (.text.Sound_Reload)
                  00019a50    00000098     ST7735.o (.text.ST7735_InitR)
                  00019ae8    00000094     Timer.o (.text.TimerG12_IntArm)
                  00019b7c    0000008c     Switch.o (.text.TIMG12_IRQHandler)
                  00019c08    00000088     AMDAC4.o (.text.AMDAC4_Out)
                  00019c90    00000088     Animations.o (.text.TIMG8_IRQHandler)
                  00019d18    00000088     ST7735.o (.text.setAddrWindow)
                  00019da0    0000007c     LaunchPad.o (.text.LaunchPad_Init)
                  00019e1c    0000007c     libc.a : copy_decompress_lzss.c.obj (.text:decompress:lzss)
                  00019e98    0000006e     fix16.o (.text.fix16_mul)
                  00019f06    00000002     Sound.o (.text.Sound_Shoot)
                  00019f08    0000006c     JoystickLeft.o (.text.JoystickLeft_Init)
                  00019f74    0000006c     JoystickRight.o (.text.JoystickRight_Init)
                  00019fe0    00000068     JoystickLeft.o (.text.JoystickLeft_getX)
                  0001a048    00000068     JoystickLeft.o (.text.JoystickLeft_getY)
                  0001a0b0    00000068     JoystickRight.o (.text.JoystickRight_getX)
                  0001a118    00000060     Lab9Main.o (.text.main)
                  0001a178    00000056     libclang_rt.builtins.a : aeabi_idivmod.S.obj (.text.__aeabi_idivmod)
                  0001a1ce    00000002     Sound.o (.text.SysTick_Handler)
                  0001a1d0    00000054     DAC6.o (.text.DAC6_Init)
                  0001a224    00000048     AMDAC4.o (.text.AMDAC4_Init)
                  0001a26c    00000048     SPI.o (.text.SPI_OutCommand)
                  0001a2b4    00000046     fix16.o (.text.fix16_add)
                  0001a2fa    00000002     libclang_rt.builtins.a : aeabi_div0.c.obj (.text.__aeabi_idiv0)
                  0001a2fc    00000044     Sound.o (.text.SysTick_IntArm)
                  0001a340    00000040     HPDAC4.o (.text.HPDAC4_Init)
                  0001a380    00000040     SPI.o (.text.SPI_Reset)
                  0001a3c0    00000040     TExaS.o (.text.TIMG7_IRQHandler)
                  0001a400    00000040     libclang_rt.builtins.a : aeabi_uidivmod.S.obj (.text.__aeabi_uidivmod)
                  0001a440    0000003c     libc.a : autoinit.c.obj (.text:__TI_auto_init_nobinit_nopinit)
                  0001a47c    0000003a     libclang_rt.builtins.a : muldsi3.S.obj (.text.__muldsi3)
                  0001a4b6    00000002     --HOLE-- [fill = 0]
                  0001a4b8    00000038     LaunchPad.o (.text.ActivatePortA_B)
                  0001a4f0    00000038     SPI.o (.text.SPI_OutData)
                  0001a528    00000034     Clock.o (.text.Clock_Delay1ms)
                  0001a55c    00000034     ST7735.o (.text.ST7735_SetCursor)
                  0001a590    00000030     ST7735.o (.text.commonInit)
                  0001a5c0    0000002e     fixvector2d.o (.text.v2d_add)
                  0001a5ee    00000002     --HOLE-- [fill = 0]
                  0001a5f0    0000002c     ST7735.o (.text.ST7735_FillScreen)
                  0001a61c    0000002a     fixvector2d.o (.text.v2d_mul_s)
                  0001a646    00000002     --HOLE-- [fill = 0]
                  0001a648    00000028     Sound.o (.text.Sound_Init)
                  0001a670    00000028     Switch.o (.text.Switch_Init)
                  0001a698    00000028     libc.a : boot_cortex_m.c.obj (.text:_c_int00_noargs)
                  0001a6c0    00000024     libclang_rt.builtins.a : muldi3.S.obj (.text.__muldi3)
                  0001a6e4    00000020     render3D.o (.text.fix16_abs)
                  0001a704    0000001c     startup_mspm0g3507_ticlang.o (.text.Default_Handler)
                  0001a720    0000001c     startup_mspm0g3507_ticlang.o (.text.HardFault_Handler)
                  0001a73c    00000018     AMDAC4.o (.text.AMDAC4_AmmoOut)
                  0001a754    00000018     fix16_fast_trig_lut.o (.text.fix16_fast_cos)
                  0001a76c    00000014     Switch.o (.text.Switch_Shoot)
                  0001a780    00000012     libc.a : memcpy16.S.obj (.text:TI_memcpy_small)
                  0001a792    00000012            : copy_decompress_none.c.obj (.text:decompress:none)
                  0001a7a4    00000010     Clock.o (.text.Clock_Delay)
                  0001a7b4    00000010     LaunchPad.o (.text.Delay)
                  0001a7c4    00000010     Entities.o (.text.Player_Init)
                  0001a7d4    00000010     Entities.o (.text.Player_Reload)
                  0001a7e4    00000010     Entities.o (.text.Player_Shoot)
                  0001a7f4    00000010     libc.a : copy_zero_init.c.obj (.text:decompress:ZI)
                  0001a804    0000000e     render3D.o (.text.fix16_to_int)
                  0001a812    0000000e     libc.a : memset16.S.obj (.text:TI_memset_small)
                  0001a820    0000000c     Clock.o (.text.Clock_Freq)
                  0001a82c    0000000c     libclang_rt.builtins.a : aeabi_memset.S.obj (.text.__aeabi_memclr)
                  0001a838    0000000c     render3D.o (.text.fix16_from_int)
                  0001a844    00000008     libclang_rt.builtins.a : aeabi_memcpy.S.obj (.text.__aeabi_memcpy)
                  0001a84c    00000006     libc.a : exit.c.obj (.text:abort)
                  0001a852    00000004     libsysbm.a : hostexit.c.obj (.text.HOSTexit)
                  0001a856    00000004     startup_mspm0g3507_ticlang.o (.text.Reset_Handler)
                  0001a85a    00000004     libc.a : pre_init.c.obj (.text._system_pre_init)
                  0001a85e    00000002     --HOLE-- [fill = 0]

.cinit     0    0001a860    000000a8     
                  0001a860    0000007f     (.cinit..data.load) [load image, compression = lzss]
                  0001a8df    00000001     --HOLE-- [fill = 0]
                  0001a8e0    0000000c     (__TI_handler_table)
                  0001a8ec    00000008     (.cinit..bss.load) [load image, compression = zero_init]
                  0001a8f4    00000010     (__TI_cinit_table)
                  0001a904    00000004     --HOLE-- [fill = 0]

.rodata    0    000000c0    00017448     
                  000000c0    00003f00     Animations.o (.rodata.zombie2)
                  00003fc0    00003b00     Animations.o (.rodata.zombie1)
                  00007ac0    00002ee0     Animations.o (.rodata.shotgunShoot3)
                  0000a9a0    00002940     Animations.o (.rodata.reload3)
                  0000d2e0    00002850     Animations.o (.rodata.shotgunShoot4)
                  0000fb30    000023a0     Animations.o (.rodata.reload2)
                  00011ed0    00002080     Animations.o (.rodata.reload1)
                  00013f50    000017e8     Animations.o (.rodata.shotgunShoot2)
                  00015738    000012c0     Animations.o (.rodata.shotgunNormal)
                  000169f8    00000800     fix16_fast_trig_lut.o (.rodata.fastSineLookupTable)
                  000171f8    00000240     Lab9Main.o (.rodata.worldMap)
                  00017438    00000048     Animations.o (.rodata.crosshair)
                  00017480    0000003b     ST7735.o (.rodata.Rcmd1)
                  000174bb    0000002b     ST7735.o (.rodata.Rcmd3)
                  000174e6    0000000d     ST7735.o (.rodata.Rcmd2green)
                  000174f3    0000000d     ST7735.o (.rodata.Rcmd2red)
                  00017500    00000001     Animations.o (.rodata.crosshairHeight)
                  00017501    00000001     Animations.o (.rodata.crosshairWidth)
                  00017502    00000006     --HOLE-- [fill = 0]

.init_array 
*          0    00000000    00000000     UNINITIALIZED

.binit     0    00000000    00000000     

.bss       0    20200000    00005016     UNINITIALIZED
                  20200000    00005000     (.common:displayBuffer)
                  20205000    00000004     (.common:TExaSLogic)
                  20205004    00000004     (.common:TExaSadc)
                  20205008    00000004     (.common:backgroundIdx)
                  2020500c    00000004     (.common:soundIdx)
                  20205010    00000002     (.common:Player)
                  20205012    00000001     ST7735.o (.bss.ColStart)
                  20205013    00000001     ST7735.o (.bss.Rotation)
                  20205014    00000001     ST7735.o (.bss.RowStart)
                  20205015    00000001     ST7735.o (.bss.TabColor)

.data      0    20205018    00000225     UNINITIALIZED
                  20205018    00000100     Entities.o (.data.zombies)
                  20205118    000000a8     Animations.o (.data.shotgunReload)
                  202051c0    00000040     Animations.o (.data.shotgunShoot)
                  20205200    00000008     Lab9Main.o (.data.dir)
                  20205208    00000008     Lab9Main.o (.data.plane)
                  20205210    00000008     Lab9Main.o (.data.pos)
                  20205218    00000008     Animations.o (.data.shotgunNeutral)
                  20205220    00000004     Clock.o (.data.BusFreq)
                  20205224    00000004     ST7735.o (.data.StX)
                  20205228    00000004     ST7735.o (.data.StY)
                  2020522c    00000004     Animations.o (.data.shotgun)
                  20205230    00000004     Entities.o (.data.zombieCount)
                  20205234    00000002     ST7735.o (.data.StTextColor)
                  20205236    00000002     ST7735.o (.data._height)
                  20205238    00000002     ST7735.o (.data._width)
                  2020523a    00000001     Animations.o (.data.frame)
                  2020523b    00000001     Switch.o (.data.gunReload)
                  2020523c    00000001     Switch.o (.data.gunShot)

.sysmem    0    20205240    00000200     UNINITIALIZED
                  20205240    00000010     libc.a : memory.c.obj (.sysmem)
                  20205250    000001f0     --HOLE--

.stack     0    20207e00    00000200     UNINITIALIZED
                  20207e00    00000004     libc.a : boot_cortex_m.c.obj (.stack)
                  20207e04    000001fc     --HOLE--

__llvm_prf_cnts 
*          0    20200000    00000000     UNINITIALIZED

__llvm_prf_bits 
*          0    20200000    00000000     UNINITIALIZED

MODULE SUMMARY

       Module                         code    ro data   rw data
       ------                         ----    -------   -------
    .\
       Animations.o                   136     92546     245    
       render3D.o                     6450    0         20480  
       ST7735.o                       2002    128       18     
       Lab9Main.o                     96      576       24     
       Clock.o                        516     0         4      
       SPI.o                          440     0         0      
       JoystickLeft.o                 316     0         0      
       Timer.o                        316     0         0      
       Entities.o                     48      0         262    
       AMDAC4.o                       232     0         0      
       JoystickRight.o                212     0         0      
       Switch.o                       200     0         2      
       LaunchPad.o                    196     0         0      
       Sound.o                        114     0         8      
       DAC6.o                         84      0         0      
       TExaS.o                        64      0         8      
       HPDAC4.o                       64      0         0      
    +--+------------------------------+-------+---------+---------+
       Total:                         11486   93250     21051  
                                                               
    .\Math\fix\
       fix16_fast_trig_lut.o          252     2048      0      
       fix16.o                        680     0         0      
    +--+------------------------------+-------+---------+---------+
       Total:                         932     2048      0      
                                                               
    .\Math\lib_fixmatrix\
       fixvector2d.o                  88      0         0      
    +--+------------------------------+-------+---------+---------+
       Total:                         88      0         0      
                                                               
    .\ticlang\
       startup_mspm0g3507_ticlang.o   60      192       0      
    +--+------------------------------+-------+---------+---------+
       Total:                         60      192       0      
                                                               
    C:\ti\ccs2040\ccs\tools\compiler\ti-cgt-armllvm_4.0.4.LTS\lib\armv6m-ti-none-eabi/c/libc.a
       copy_decompress_lzss.c.obj     124     0         0      
       autoinit.c.obj                 60      0         0      
       boot_cortex_m.c.obj            40      0         0      
       copy_decompress_none.c.obj     18      0         0      
       memcpy16.S.obj                 18      0         0      
       copy_zero_init.c.obj           16      0         0      
       memset16.S.obj                 14      0         0      
       exit.c.obj                     6       0         0      
       pre_init.c.obj                 4       0         0      
    +--+------------------------------+-------+---------+---------+
       Total:                         300     0         0      
                                                               
    C:\ti\ccs2040\ccs\tools\compiler\ti-cgt-armllvm_4.0.4.LTS\lib\armv6m-ti-none-eabi/c/libsysbm.a
       hostexit.c.obj                 4       0         0      
    +--+------------------------------+-------+---------+---------+
       Total:                         4       0         0      
                                                               
    C:\ti\ccs2040\ccs\tools\compiler\ti-cgt-armllvm_4.0.4.LTS\lib\armv6m-ti-none-eabi/libclang_rt.builtins.a
       aeabi_idivmod.S.obj            86      0         0      
       aeabi_uidivmod.S.obj           64      0         0      
       muldsi3.S.obj                  58      0         0      
       muldi3.S.obj                   36      0         0      
       aeabi_memset.S.obj             12      0         0      
       aeabi_memcpy.S.obj             8       0         0      
       aeabi_div0.c.obj               2       0         0      
    +--+------------------------------+-------+---------+---------+
       Total:                         266     0         0      
                                                               
       Heap:                          0       0         512    
       Stack:                         0       0         512    
       Linker Generated:              0       163       0      
    +--+------------------------------+-------+---------+---------+
       Grand Total:                   13136   95653     22075  


LINKER GENERATED COPY TABLES

__TI_cinit_table @ 0001a8f4 records: 2, size/record: 8, table size: 16
	.data: load addr=0001a860, load size=0000007f bytes, run addr=20205018, run size=00000225 bytes, compression=lzss
	.bss: load addr=0001a8ec, load size=00000008 bytes, run addr=20200000, run size=00005016 bytes, compression=zero_init


LINKER GENERATED HANDLER TABLE

__TI_handler_table @ 0001a8e0 records: 3, size/record: 4, table size: 12
	index: 0, handler: __TI_decompress_lzss
	index: 1, handler: __TI_decompress_none
	index: 2, handler: __TI_zero_init


GLOBAL SYMBOLS: SORTED ALPHABETICALLY BY Name 

address   name                                
-------   ----                                
0001a705  ADC0_IRQHandler                     
0001a705  ADC1_IRQHandler                     
0001a705  AES_IRQHandler                      
0001a73d  AMDAC4_AmmoOut                      
0001a225  AMDAC4_Init                         
00019c09  AMDAC4_Out                          
0001a4b9  ActivatePortA_B                     
20205220  BusFreq                             
0001a852  C$$EXIT                             
0001a705  CANFD0_IRQHandler                   
0001a7a5  Clock_Delay                         
0001a529  Clock_Delay1ms                      
0001a821  Clock_Freq                          
0001910d  Clock_Init80MHz                     
0001a705  DAC0_IRQHandler                     
0001a1d1  DAC6_Init                           
0001a705  DMA_IRQHandler                      
0001a705  Default_Handler                     
0001a7b5  Delay                               
0001a705  GROUP0_IRQHandler                   
0001a705  GROUP1_IRQHandler                   
0001a853  HOSTexit                            
0001a341  HPDAC4_Init                         
0001a721  HardFault_Handler                   
0001a705  I2C0_IRQHandler                     
0001a705  I2C1_IRQHandler                     
00019f09  JoystickLeft_Init                   
00019fe1  JoystickLeft_getX                   
0001a049  JoystickLeft_getY                   
00019f75  JoystickRight_Init                  
0001a0b1  JoystickRight_getX                  
00019da1  LaunchPad_Init                      
0001a705  NMI_Handler                         
0001a705  PendSV_Handler                      
20205010  Player                              
0001a7c5  Player_Init                         
0001a7d5  Player_Reload                       
0001a7e5  Player_Shoot                        
0001a705  RTC_IRQHandler                      
0001a857  Reset_Handler                       
0001a705  SPI0_IRQHandler                     
0001a705  SPI1_IRQHandler                     
0001953d  SPI_Init                            
0001a26d  SPI_OutCommand                      
0001a4f1  SPI_OutData                         
0001a381  SPI_Reset                           
00018d09  ST7735_DrawBitmap                   
000192c1  ST7735_DrawTransparentBitmapOnBuffer
00019425  ST7735_FillRect                     
0001a5f1  ST7735_FillScreen                   
00019a51  ST7735_InitR                        
0001a55d  ST7735_SetCursor                    
0001972d  ST7735_SetRotation                  
0001a705  SVC_Handler                         
0001a649  Sound_Init                          
00019a4f  Sound_Reload                        
00019f07  Sound_Shoot                         
20205234  StTextColor                         
20205224  StX                                 
20205228  StY                                 
0001a671  Switch_Init                         
0001a76d  Switch_Shoot                        
0001a1cf  SysTick_Handler                     
0001a2fd  SysTick_IntArm                      
20205000  TExaSLogic                          
20205004  TExaSadc                            
0001a705  TIMA0_IRQHandler                    
0001a705  TIMA1_IRQHandler                    
0001a705  TIMG0_IRQHandler                    
00019b7d  TIMG12_IRQHandler                   
0001a705  TIMG6_IRQHandler                    
0001a3c1  TIMG7_IRQHandler                    
00019c91  TIMG8_IRQHandler                    
0001a781  TI_memcpy_small                     
0001a813  TI_memset_small                     
00019ae9  TimerG12_IntArm                     
00019905  TimerG8_IntArm                      
0001a705  UART0_IRQHandler                    
0001a705  UART1_IRQHandler                    
0001a705  UART2_IRQHandler                    
0001a705  UART3_IRQHandler                    
20208000  __STACK_END                         
00000200  __STACK_SIZE                        
00000200  __SYSMEM_SIZE                       
00000000  __TI_ATRegion0_region_sz            
00000000  __TI_ATRegion0_src_addr             
00000000  __TI_ATRegion0_trg_addr             
00000000  __TI_ATRegion1_region_sz            
00000000  __TI_ATRegion1_src_addr             
00000000  __TI_ATRegion1_trg_addr             
00000000  __TI_ATRegion2_region_sz            
00000000  __TI_ATRegion2_src_addr             
00000000  __TI_ATRegion2_trg_addr             
0001a8f4  __TI_CINIT_Base                     
0001a904  __TI_CINIT_Limit                    
0001a904  __TI_CINIT_Warm                     
0001a8e0  __TI_Handler_Table_Base             
0001a8ec  __TI_Handler_Table_Limit            
0001a441  __TI_auto_init_nobinit_nopinit      
00019e1d  __TI_decompress_lzss                
0001a793  __TI_decompress_none                
ffffffff  __TI_pprof_out_hndl                 
ffffffff  __TI_prof_data_size                 
ffffffff  __TI_prof_data_start                
00000000  __TI_static_base__                  
0001a7f5  __TI_zero_init                      
0001a179  __aeabi_idiv                        
0001a2fb  __aeabi_idiv0                       
0001a179  __aeabi_idivmod                     
0001a6c1  __aeabi_lmul                        
0001a82d  __aeabi_memclr                      
0001a82d  __aeabi_memclr4                     
0001a82d  __aeabi_memclr8                     
0001a845  __aeabi_memcpy                      
0001a845  __aeabi_memcpy4                     
0001a845  __aeabi_memcpy8                     
0001a401  __aeabi_uidiv                       
0001a401  __aeabi_uidivmod                    
ffffffff  __binit__                           
UNDEFED   __mpu_init                          
0001a6c1  __muldi3                            
0001a47d  __muldsi3                           
20207e00  __stack                             
20200000  __start___llvm_prf_bits             
20200000  __start___llvm_prf_cnts             
20200000  __stop___llvm_prf_bits              
20200000  __stop___llvm_prf_cnts              
0001a699  _c_int00_noargs                     
20205240  _sys_memory                         
UNDEFED   _system_post_cinit                  
0001a85b  _system_pre_init                    
0001a84d  abort                               
20205008  backgroundIdx                       
ffffffff  binit                               
00017438  crosshair                           
00017500  crosshairHeight                     
00017501  crosshairWidth                      
20205200  dir                                 
20200000  displayBuffer                       
0001a2b5  fix16_add                           
00018f19  fix16_div                           
0001a755  fix16_fast_cos                      
00019821  fix16_fast_sin                      
00019e99  fix16_mul                           
2020523a  frame                               
2020523b  gunReload                           
2020523c  gunShot                             
00000000  interruptVectors                    
0001a119  main                                
20205208  plane                               
20205210  pos                                 
00017509  raycast                             
00011ed0  reload1                             
0000fb30  reload2                             
0000a9a0  reload3                             
2020522c  shotgun                             
20205218  shotgunNeutral                      
00015738  shotgunNormal                       
20205118  shotgunReload                       
202051c0  shotgunShoot                        
00013f50  shotgunShoot2                       
00007ac0  shotgunShoot3                       
0000d2e0  shotgunShoot4                       
00019635  sortSprites                         
2020500c  soundIdx                            
0001a5c1  v2d_add                             
0001a61d  v2d_mul_s                           
000171f8  worldMap                            
00003fc0  zombie1                             
000000c0  zombie2                             
20205230  zombieCount                         
20205018  zombies                             


GLOBAL SYMBOLS: SORTED BY Symbol Address 

address   name                                
-------   ----                                
00000000  __TI_ATRegion0_region_sz            
00000000  __TI_ATRegion0_src_addr             
00000000  __TI_ATRegion0_trg_addr             
00000000  __TI_ATRegion1_region_sz            
00000000  __TI_ATRegion1_src_addr             
00000000  __TI_ATRegion1_trg_addr             
00000000  __TI_ATRegion2_region_sz            
00000000  __TI_ATRegion2_src_addr             
00000000  __TI_ATRegion2_trg_addr             
00000000  __TI_static_base__                  
00000000  interruptVectors                    
000000c0  zombie2                             
00000200  __STACK_SIZE                        
00000200  __SYSMEM_SIZE                       
00003fc0  zombie1                             
00007ac0  shotgunShoot3                       
0000a9a0  reload3                             
0000d2e0  shotgunShoot4                       
0000fb30  reload2                             
00011ed0  reload1                             
00013f50  shotgunShoot2                       
00015738  shotgunNormal                       
000171f8  worldMap                            
00017438  crosshair                           
00017500  crosshairHeight                     
00017501  crosshairWidth                      
00017509  raycast                             
00018d09  ST7735_DrawBitmap                   
00018f19  fix16_div                           
0001910d  Clock_Init80MHz                     
000192c1  ST7735_DrawTransparentBitmapOnBuffer
00019425  ST7735_FillRect                     
0001953d  SPI_Init                            
00019635  sortSprites                         
0001972d  ST7735_SetRotation                  
00019821  fix16_fast_sin                      
00019905  TimerG8_IntArm                      
00019a4f  Sound_Reload                        
00019a51  ST7735_InitR                        
00019ae9  TimerG12_IntArm                     
00019b7d  TIMG12_IRQHandler                   
00019c09  AMDAC4_Out                          
00019c91  TIMG8_IRQHandler                    
00019da1  LaunchPad_Init                      
00019e1d  __TI_decompress_lzss                
00019e99  fix16_mul                           
00019f07  Sound_Shoot                         
00019f09  JoystickLeft_Init                   
00019f75  JoystickRight_Init                  
00019fe1  JoystickLeft_getX                   
0001a049  JoystickLeft_getY                   
0001a0b1  JoystickRight_getX                  
0001a119  main                                
0001a179  __aeabi_idiv                        
0001a179  __aeabi_idivmod                     
0001a1cf  SysTick_Handler                     
0001a1d1  DAC6_Init                           
0001a225  AMDAC4_Init                         
0001a26d  SPI_OutCommand                      
0001a2b5  fix16_add                           
0001a2fb  __aeabi_idiv0                       
0001a2fd  SysTick_IntArm                      
0001a341  HPDAC4_Init                         
0001a381  SPI_Reset                           
0001a3c1  TIMG7_IRQHandler                    
0001a401  __aeabi_uidiv                       
0001a401  __aeabi_uidivmod                    
0001a441  __TI_auto_init_nobinit_nopinit      
0001a47d  __muldsi3                           
0001a4b9  ActivatePortA_B                     
0001a4f1  SPI_OutData                         
0001a529  Clock_Delay1ms                      
0001a55d  ST7735_SetCursor                    
0001a5c1  v2d_add                             
0001a5f1  ST7735_FillScreen                   
0001a61d  v2d_mul_s                           
0001a649  Sound_Init                          
0001a671  Switch_Init                         
0001a699  _c_int00_noargs                     
0001a6c1  __aeabi_lmul                        
0001a6c1  __muldi3                            
0001a705  ADC0_IRQHandler                     
0001a705  ADC1_IRQHandler                     
0001a705  AES_IRQHandler                      
0001a705  CANFD0_IRQHandler                   
0001a705  DAC0_IRQHandler                     
0001a705  DMA_IRQHandler                      
0001a705  Default_Handler                     
0001a705  GROUP0_IRQHandler                   
0001a705  GROUP1_IRQHandler                   
0001a705  I2C0_IRQHandler                     
0001a705  I2C1_IRQHandler                     
0001a705  NMI_Handler                         
0001a705  PendSV_Handler                      
0001a705  RTC_IRQHandler                      
0001a705  SPI0_IRQHandler                     
0001a705  SPI1_IRQHandler                     
0001a705  SVC_Handler                         
0001a705  TIMA0_IRQHandler                    
0001a705  TIMA1_IRQHandler                    
0001a705  TIMG0_IRQHandler                    
0001a705  TIMG6_IRQHandler                    
0001a705  UART0_IRQHandler                    
0001a705  UART1_IRQHandler                    
0001a705  UART2_IRQHandler                    
0001a705  UART3_IRQHandler                    
0001a721  HardFault_Handler                   
0001a73d  AMDAC4_AmmoOut                      
0001a755  fix16_fast_cos                      
0001a76d  Switch_Shoot                        
0001a781  TI_memcpy_small                     
0001a793  __TI_decompress_none                
0001a7a5  Clock_Delay                         
0001a7b5  Delay                               
0001a7c5  Player_Init                         
0001a7d5  Player_Reload                       
0001a7e5  Player_Shoot                        
0001a7f5  __TI_zero_init                      
0001a813  TI_memset_small                     
0001a821  Clock_Freq                          
0001a82d  __aeabi_memclr                      
0001a82d  __aeabi_memclr4                     
0001a82d  __aeabi_memclr8                     
0001a845  __aeabi_memcpy                      
0001a845  __aeabi_memcpy4                     
0001a845  __aeabi_memcpy8                     
0001a84d  abort                               
0001a852  C$$EXIT                             
0001a853  HOSTexit                            
0001a857  Reset_Handler                       
0001a85b  _system_pre_init                    
0001a8e0  __TI_Handler_Table_Base             
0001a8ec  __TI_Handler_Table_Limit            
0001a8f4  __TI_CINIT_Base                     
0001a904  __TI_CINIT_Limit                    
0001a904  __TI_CINIT_Warm                     
20200000  __start___llvm_prf_bits             
20200000  __start___llvm_prf_cnts             
20200000  __stop___llvm_prf_bits              
20200000  __stop___llvm_prf_cnts              
20200000  displayBuffer                       
20205000  TExaSLogic                          
20205004  TExaSadc                            
20205008  backgroundIdx                       
2020500c  soundIdx                            
20205010  Player                              
20205018  zombies                             
20205118  shotgunReload                       
202051c0  shotgunShoot                        
20205200  dir                                 
20205208  plane                               
20205210  pos                                 
20205218  shotgunNeutral                      
20205220  BusFreq                             
20205224  StX                                 
20205228  StY                                 
2020522c  shotgun                             
20205230  zombieCount                         
20205234  StTextColor                         
2020523a  frame                               
2020523b  gunReload                           
2020523c  gunShot                             
20205240  _sys_memory                         
20207e00  __stack                             
20208000  __STACK_END                         
ffffffff  __TI_pprof_out_hndl                 
ffffffff  __TI_prof_data_size                 
ffffffff  __TI_prof_data_start                
ffffffff  __binit__                           
ffffffff  binit                               
UNDEFED   __mpu_init                          
UNDEFED   _system_post_cinit                  

[172 symbols]
