******************************************************************************
            TI ARM Clang Linker PC v4.0.4                      
******************************************************************************
>> Linked Thu Apr 16 11:30:28 2026

OUTPUT FILE NAME:   <ECE319K_Lab9.out>
ENTRY POINT SYMBOL: "_c_int00_noargs"  address: 00001919


MEMORY CONFIGURATION

         name            origin    length      used     unused   attr    fill
----------------------  --------  ---------  --------  --------  ----  --------
  FLASH                 00000000   00020000  00002578  0001da88  R  X
  SRAM                  20200000   00008000  0000041e  00007be2  RW X
  BCR_CONFIG            41c00000   00000080  00000000  00000080  R   
  BSL_CONFIG            41c00100   00000080  00000000  00000080  R   


SEGMENT ALLOCATION MAP

run origin  load origin   length   init length attrs members
----------  ----------- ---------- ----------- ----- -------
00000000    00000000    00002578   00002578    r-x
  00000000    00000000    000000c0   000000c0    r-- .intvecs
  000000c0    000000c0    000019c0   000019c0    r-x .text
  00001a80    00001a80    00000ac0   00000ac0    r-- .rodata
  00002540    00002540    00000038   00000038    r-- .cinit
20200000    20200000    00000220   00000000    rw-
  20200000    20200000    00000200   00000000    rw- .sysmem
  20200200    20200200    00000012   00000000    rw- .data
  20200214    20200214    0000000c   00000000    rw- .bss
20207e00    20207e00    00000200   00000000    rw-
  20207e00    20207e00    00000200   00000000    rw- .stack


SECTION ALLOCATION MAP

 output                                  attributes/
section   page    origin      length       input sections
--------  ----  ----------  ----------   ----------------
.intvecs   0    00000000    000000c0     
                  00000000    000000c0     startup_mspm0g3507_ticlang.o (.intvecs)

.text      0    000000c0    000019c0     
                  000000c0    000006f8     Lab9Main.o (.text.main)
                  000007b8    000001f4     fix16.o (.text.fix16_div)
                  000009ac    000001b4     Clock.o (.text.Clock_Init80MHz)
                  00000b60    00000118     ST7735.o (.text.ST7735_FillRect)
                  00000c78    000000f8     SPI.o (.text.SPI_Init)
                  00000d70    000000f4     ST7735.o (.text.ST7735_SetRotation)
                  00000e64    000000e4     fix16_fast_trig_lut.o (.text.fix16_fast_sin)
                  00000f48    000000b0     ST7735.o (.text.ST7735_DrawFastVLine)
                  00000ff8    000000a2     ST7735.o (.text.commandList)
                  0000109a    00000002     Sound.o (.text.SysTick_Handler)
                  0000109c    00000098     ST7735.o (.text.ST7735_InitR)
                  00001134    00000088     ST7735.o (.text.setAddrWindow)
                  000011bc    0000007c     LaunchPad.o (.text.LaunchPad_Init)
                  00001238    0000007c     fix16.o (.text.fix16_mul)
                  000012b4    0000007c     libc.a : copy_decompress_lzss.c.obj (.text:decompress:lzss)
                  00001330    0000006c     JoystickLeft.o (.text.JoystickLeft_Init)
                  0000139c    0000006c     JoystickRight.o (.text.JoystickRight_Init)
                  00001408    00000068     JoystickLeft.o (.text.JoystickLeft_getX)
                  00001470    00000068     JoystickLeft.o (.text.JoystickLeft_getY)
                  000014d8    00000068     JoystickRight.o (.text.JoystickRight_getX)
                  00001540    00000056     libclang_rt.builtins.a : aeabi_idivmod.S.obj (.text.__aeabi_idivmod)
                  00001596    00000002                            : aeabi_div0.c.obj (.text.__aeabi_idiv0)
                  00001598    00000048     SPI.o (.text.SPI_OutCommand)
                  000015e0    00000046     fix16.o (.text.fix16_add)
                  00001626    00000002     --HOLE-- [fill = 0]
                  00001628    00000040     SPI.o (.text.SPI_Reset)
                  00001668    00000040     TExaS.o (.text.TIMG7_IRQHandler)
                  000016a8    00000040     libclang_rt.builtins.a : aeabi_uidivmod.S.obj (.text.__aeabi_uidivmod)
                  000016e8    0000003c     libc.a : autoinit.c.obj (.text:__TI_auto_init_nobinit_nopinit)
                  00001724    0000003a     libclang_rt.builtins.a : muldsi3.S.obj (.text.__muldsi3)
                  0000175e    00000002     --HOLE-- [fill = 0]
                  00001760    00000038     LaunchPad.o (.text.ActivatePortA_B)
                  00001798    00000038     SPI.o (.text.SPI_OutData)
                  000017d0    00000034     Clock.o (.text.Clock_Delay1ms)
                  00001804    00000034     ST7735.o (.text.ST7735_SetCursor)
                  00001838    00000030     ST7735.o (.text.commonInit)
                  00001868    0000002e     fixvector2d.o (.text.v2d_add)
                  00001896    00000002     --HOLE-- [fill = 0]
                  00001898    0000002c     ST7735.o (.text.ST7735_FillScreen)
                  000018c4    0000002a     fixvector2d.o (.text.v2d_mul_s)
                  000018ee    00000002     --HOLE-- [fill = 0]
                  000018f0    00000028     Lab9Main.o (.text.TIMG12_IRQHandler)
                  00001918    00000028     libc.a : boot_cortex_m.c.obj (.text:_c_int00_noargs)
                  00001940    00000024     libclang_rt.builtins.a : muldi3.S.obj (.text.__muldi3)
                  00001964    00000020     Lab9Main.o (.text.fix16_abs)
                  00001984    0000001c     startup_mspm0g3507_ticlang.o (.text.Default_Handler)
                  000019a0    0000001c     startup_mspm0g3507_ticlang.o (.text.HardFault_Handler)
                  000019bc    00000018     fix16_fast_trig_lut.o (.text.fix16_fast_cos)
                  000019d4    00000016     libc.a : copy_zero_init.c.obj (.text:decompress:ZI:__TI_zero_init_nomemset)
                  000019ea    00000012            : memcpy16.S.obj (.text:TI_memcpy_small)
                  000019fc    00000012            : copy_decompress_none.c.obj (.text:decompress:none)
                  00001a0e    00000010     Clock.o (.text.Clock_Delay)
                  00001a1e    00000010     LaunchPad.o (.text.Delay)
                  00001a2e    0000000e     Lab9Main.o (.text.fix16_to_int)
                  00001a3c    0000000c     Clock.o (.text.Clock_Freq)
                  00001a48    0000000c     Lab9Main.o (.text.fix16_from_int)
                  00001a54    0000000a     Lab9Main.o (.text.PLL_Init)
                  00001a5e    00000002     --HOLE-- [fill = 0]
                  00001a60    00000008     libclang_rt.builtins.a : aeabi_memcpy.S.obj (.text.__aeabi_memcpy)
                  00001a68    00000006     libc.a : exit.c.obj (.text:abort)
                  00001a6e    00000004     libsysbm.a : hostexit.c.obj (.text.HOSTexit)
                  00001a72    00000004     startup_mspm0g3507_ticlang.o (.text.Reset_Handler)
                  00001a76    00000004     libc.a : pre_init.c.obj (.text._system_pre_init)
                  00001a7a    00000006     --HOLE-- [fill = 0]

.cinit     0    00002540    00000038     
                  00002540    00000012     (.cinit..data.load) [load image, compression = lzss]
                  00002552    00000002     --HOLE-- [fill = 0]
                  00002554    0000000c     (__TI_handler_table)
                  00002560    00000008     (.cinit..bss.load) [load image, compression = zero_init]
                  00002568    00000010     (__TI_cinit_table)

.rodata    0    00001a80    00000ac0     
                  00001a80    00000800     fix16_fast_trig_lut.o (.rodata.fastSineLookupTable)
                  00002280    00000240     Lab9Main.o (.rodata.worldMap)
                  000024c0    0000003b     ST7735.o (.rodata.Rcmd1)
                  000024fb    0000002b     ST7735.o (.rodata.Rcmd3)
                  00002526    0000000d     ST7735.o (.rodata.Rcmd2green)
                  00002533    0000000d     ST7735.o (.rodata.Rcmd2red)

.init_array 
*          0    00000000    00000000     UNINITIALIZED

.binit     0    00000000    00000000     

.sysmem    0    20200000    00000200     UNINITIALIZED
                  20200000    00000010     libc.a : memory.c.obj (.sysmem)
                  20200010    000001f0     --HOLE--

.data      0    20200200    00000012     UNINITIALIZED
                  20200200    00000004     Clock.o (.data.BusFreq)
                  20200204    00000004     ST7735.o (.data.StX)
                  20200208    00000004     ST7735.o (.data.StY)
                  2020020c    00000002     ST7735.o (.data.StTextColor)
                  2020020e    00000002     ST7735.o (.data._height)
                  20200210    00000002     ST7735.o (.data._width)

.bss       0    20200214    0000000c     UNINITIALIZED
                  20200214    00000004     (.common:TExaSLogic)
                  20200218    00000004     (.common:TExaSadc)
                  2020021c    00000001     ST7735.o (.bss.ColStart)
                  2020021d    00000001     ST7735.o (.bss.Rotation)
                  2020021e    00000001     ST7735.o (.bss.RowStart)
                  2020021f    00000001     ST7735.o (.bss.TabColor)

.stack     0    20207e00    00000200     UNINITIALIZED
                  20207e00    00000004     libc.a : boot_cortex_m.c.obj (.stack)
                  20207e04    000001fc     --HOLE--

__llvm_prf_cnts 
*          0    20200000    00000000     UNINITIALIZED

__llvm_prf_bits 
*          0    20200000    00000000     UNINITIALIZED

MODULE SUMMARY

       Module                         code   ro data   rw data
       ------                         ----   -------   -------
    .\
       Lab9Main.o                     1892   576       0      
       ST7735.o                       1294   128       18     
       Clock.o                        516    0         4      
       SPI.o                          440    0         0      
       JoystickLeft.o                 316    0         0      
       JoystickRight.o                212    0         0      
       LaunchPad.o                    196    0         0      
       TExaS.o                        64     0         8      
       Sound.o                        2      0         0      
    +--+------------------------------+------+---------+---------+
       Total:                         4932   704       30     
                                                              
    .\Math\fix\
       fix16_fast_trig_lut.o          252    2048      0      
       fix16.o                        694    0         0      
    +--+------------------------------+------+---------+---------+
       Total:                         946    2048      0      
                                                              
    .\Math\lib_fixmatrix\
       fixvector2d.o                  88     0         0      
    +--+------------------------------+------+---------+---------+
       Total:                         88     0         0      
                                                              
    .\ticlang\
       startup_mspm0g3507_ticlang.o   60     192       0      
    +--+------------------------------+------+---------+---------+
       Total:                         60     192       0      
                                                              
    C:\ti\ccs2040\ccs\tools\compiler\ti-cgt-armllvm_4.0.4.LTS\lib\armv6m-ti-none-eabi/c/libc.a
       copy_decompress_lzss.c.obj     124    0         0      
       autoinit.c.obj                 60     0         0      
       boot_cortex_m.c.obj            40     0         0      
       copy_zero_init.c.obj           22     0         0      
       copy_decompress_none.c.obj     18     0         0      
       memcpy16.S.obj                 18     0         0      
       exit.c.obj                     6      0         0      
       pre_init.c.obj                 4      0         0      
    +--+------------------------------+------+---------+---------+
       Total:                         292    0         0      
                                                              
    C:\ti\ccs2040\ccs\tools\compiler\ti-cgt-armllvm_4.0.4.LTS\lib\armv6m-ti-none-eabi/c/libsysbm.a
       hostexit.c.obj                 4      0         0      
    +--+------------------------------+------+---------+---------+
       Total:                         4      0         0      
                                                              
    C:\ti\ccs2040\ccs\tools\compiler\ti-cgt-armllvm_4.0.4.LTS\lib\armv6m-ti-none-eabi/libclang_rt.builtins.a
       aeabi_idivmod.S.obj            86     0         0      
       aeabi_uidivmod.S.obj           64     0         0      
       muldsi3.S.obj                  58     0         0      
       muldi3.S.obj                   36     0         0      
       aeabi_memcpy.S.obj             8      0         0      
       aeabi_div0.c.obj               2      0         0      
    +--+------------------------------+------+---------+---------+
       Total:                         254    0         0      
                                                              
       Heap:                          0      0         512    
       Stack:                         0      0         512    
       Linker Generated:              0      54        0      
    +--+------------------------------+------+---------+---------+
       Grand Total:                   6576   2998      1054   


LINKER GENERATED COPY TABLES

__TI_cinit_table @ 00002568 records: 2, size/record: 8, table size: 16
	.data: load addr=00002540, load size=00000012 bytes, run addr=20200200, run size=00000012 bytes, compression=lzss
	.bss: load addr=00002560, load size=00000008 bytes, run addr=20200214, run size=0000000c bytes, compression=zero_init


LINKER GENERATED HANDLER TABLE

__TI_handler_table @ 00002554 records: 3, size/record: 4, table size: 12
	index: 0, handler: __TI_decompress_lzss
	index: 1, handler: __TI_decompress_none
	index: 2, handler: __TI_zero_init


GLOBAL SYMBOLS: SORTED ALPHABETICALLY BY Name 

address   name                          
-------   ----                          
00001985  ADC0_IRQHandler               
00001985  ADC1_IRQHandler               
00001985  AES_IRQHandler                
00001761  ActivatePortA_B               
20200200  BusFreq                       
00001a6e  C$$EXIT                       
00001985  CANFD0_IRQHandler             
00001a0f  Clock_Delay                   
000017d1  Clock_Delay1ms                
00001a3d  Clock_Freq                    
000009ad  Clock_Init80MHz               
00001985  DAC0_IRQHandler               
00001985  DMA_IRQHandler                
00001985  Default_Handler               
00001a1f  Delay                         
00001985  GROUP0_IRQHandler             
00001985  GROUP1_IRQHandler             
00001a6f  HOSTexit                      
000019a1  HardFault_Handler             
00001985  I2C0_IRQHandler               
00001985  I2C1_IRQHandler               
00001331  JoystickLeft_Init             
00001409  JoystickLeft_getX             
00001471  JoystickLeft_getY             
0000139d  JoystickRight_Init            
000014d9  JoystickRight_getX            
000011bd  LaunchPad_Init                
00001985  NMI_Handler                   
00001a55  PLL_Init                      
00001985  PendSV_Handler                
00001985  RTC_IRQHandler                
00001a73  Reset_Handler                 
00001985  SPI0_IRQHandler               
00001985  SPI1_IRQHandler               
00000c79  SPI_Init                      
00001599  SPI_OutCommand                
00001799  SPI_OutData                   
00001629  SPI_Reset                     
00000f49  ST7735_DrawFastVLine          
00000b61  ST7735_FillRect               
00001899  ST7735_FillScreen             
0000109d  ST7735_InitR                  
00001805  ST7735_SetCursor              
00000d71  ST7735_SetRotation            
00001985  SVC_Handler                   
2020020c  StTextColor                   
20200204  StX                           
20200208  StY                           
0000109b  SysTick_Handler               
20200214  TExaSLogic                    
20200218  TExaSadc                      
00001985  TIMA0_IRQHandler              
00001985  TIMA1_IRQHandler              
00001985  TIMG0_IRQHandler              
000018f1  TIMG12_IRQHandler             
00001985  TIMG6_IRQHandler              
00001669  TIMG7_IRQHandler              
00001985  TIMG8_IRQHandler              
000019eb  TI_memcpy_small               
00001985  UART0_IRQHandler              
00001985  UART1_IRQHandler              
00001985  UART2_IRQHandler              
00001985  UART3_IRQHandler              
20208000  __STACK_END                   
00000200  __STACK_SIZE                  
00000200  __SYSMEM_SIZE                 
00000000  __TI_ATRegion0_region_sz      
00000000  __TI_ATRegion0_src_addr       
00000000  __TI_ATRegion0_trg_addr       
00000000  __TI_ATRegion1_region_sz      
00000000  __TI_ATRegion1_src_addr       
00000000  __TI_ATRegion1_trg_addr       
00000000  __TI_ATRegion2_region_sz      
00000000  __TI_ATRegion2_src_addr       
00000000  __TI_ATRegion2_trg_addr       
00002568  __TI_CINIT_Base               
00002578  __TI_CINIT_Limit              
00002578  __TI_CINIT_Warm               
00002554  __TI_Handler_Table_Base       
00002560  __TI_Handler_Table_Limit      
000016e9  __TI_auto_init_nobinit_nopinit
000012b5  __TI_decompress_lzss          
000019fd  __TI_decompress_none          
ffffffff  __TI_pprof_out_hndl           
ffffffff  __TI_prof_data_size           
ffffffff  __TI_prof_data_start          
00000000  __TI_static_base__            
000019d5  __TI_zero_init_nomemset       
00001541  __aeabi_idiv                  
00001597  __aeabi_idiv0                 
00001541  __aeabi_idivmod               
00001941  __aeabi_lmul                  
00001a61  __aeabi_memcpy                
00001a61  __aeabi_memcpy4               
00001a61  __aeabi_memcpy8               
000016a9  __aeabi_uidiv                 
000016a9  __aeabi_uidivmod              
ffffffff  __binit__                     
UNDEFED   __mpu_init                    
00001941  __muldi3                      
00001725  __muldsi3                     
20207e00  __stack                       
20200000  __start___llvm_prf_bits       
20200000  __start___llvm_prf_cnts       
20200000  __stop___llvm_prf_bits        
20200000  __stop___llvm_prf_cnts        
00001919  _c_int00_noargs               
20200000  _sys_memory                   
UNDEFED   _system_post_cinit            
00001a77  _system_pre_init              
00001a69  abort                         
ffffffff  binit                         
000015e1  fix16_add                     
000007b9  fix16_div                     
000019bd  fix16_fast_cos                
00000e65  fix16_fast_sin                
00001239  fix16_mul                     
00000000  interruptVectors              
000000c1  main                          
00001869  v2d_add                       
000018c5  v2d_mul_s                     
00002280  worldMap                      


GLOBAL SYMBOLS: SORTED BY Symbol Address 

address   name                          
-------   ----                          
00000000  __TI_ATRegion0_region_sz      
00000000  __TI_ATRegion0_src_addr       
00000000  __TI_ATRegion0_trg_addr       
00000000  __TI_ATRegion1_region_sz      
00000000  __TI_ATRegion1_src_addr       
00000000  __TI_ATRegion1_trg_addr       
00000000  __TI_ATRegion2_region_sz      
00000000  __TI_ATRegion2_src_addr       
00000000  __TI_ATRegion2_trg_addr       
00000000  __TI_static_base__            
00000000  interruptVectors              
000000c1  main                          
00000200  __STACK_SIZE                  
00000200  __SYSMEM_SIZE                 
000007b9  fix16_div                     
000009ad  Clock_Init80MHz               
00000b61  ST7735_FillRect               
00000c79  SPI_Init                      
00000d71  ST7735_SetRotation            
00000e65  fix16_fast_sin                
00000f49  ST7735_DrawFastVLine          
0000109b  SysTick_Handler               
0000109d  ST7735_InitR                  
000011bd  LaunchPad_Init                
00001239  fix16_mul                     
000012b5  __TI_decompress_lzss          
00001331  JoystickLeft_Init             
0000139d  JoystickRight_Init            
00001409  JoystickLeft_getX             
00001471  JoystickLeft_getY             
000014d9  JoystickRight_getX            
00001541  __aeabi_idiv                  
00001541  __aeabi_idivmod               
00001597  __aeabi_idiv0                 
00001599  SPI_OutCommand                
000015e1  fix16_add                     
00001629  SPI_Reset                     
00001669  TIMG7_IRQHandler              
000016a9  __aeabi_uidiv                 
000016a9  __aeabi_uidivmod              
000016e9  __TI_auto_init_nobinit_nopinit
00001725  __muldsi3                     
00001761  ActivatePortA_B               
00001799  SPI_OutData                   
000017d1  Clock_Delay1ms                
00001805  ST7735_SetCursor              
00001869  v2d_add                       
00001899  ST7735_FillScreen             
000018c5  v2d_mul_s                     
000018f1  TIMG12_IRQHandler             
00001919  _c_int00_noargs               
00001941  __aeabi_lmul                  
00001941  __muldi3                      
00001985  ADC0_IRQHandler               
00001985  ADC1_IRQHandler               
00001985  AES_IRQHandler                
00001985  CANFD0_IRQHandler             
00001985  DAC0_IRQHandler               
00001985  DMA_IRQHandler                
00001985  Default_Handler               
00001985  GROUP0_IRQHandler             
00001985  GROUP1_IRQHandler             
00001985  I2C0_IRQHandler               
00001985  I2C1_IRQHandler               
00001985  NMI_Handler                   
00001985  PendSV_Handler                
00001985  RTC_IRQHandler                
00001985  SPI0_IRQHandler               
00001985  SPI1_IRQHandler               
00001985  SVC_Handler                   
00001985  TIMA0_IRQHandler              
00001985  TIMA1_IRQHandler              
00001985  TIMG0_IRQHandler              
00001985  TIMG6_IRQHandler              
00001985  TIMG8_IRQHandler              
00001985  UART0_IRQHandler              
00001985  UART1_IRQHandler              
00001985  UART2_IRQHandler              
00001985  UART3_IRQHandler              
000019a1  HardFault_Handler             
000019bd  fix16_fast_cos                
000019d5  __TI_zero_init_nomemset       
000019eb  TI_memcpy_small               
000019fd  __TI_decompress_none          
00001a0f  Clock_Delay                   
00001a1f  Delay                         
00001a3d  Clock_Freq                    
00001a55  PLL_Init                      
00001a61  __aeabi_memcpy                
00001a61  __aeabi_memcpy4               
00001a61  __aeabi_memcpy8               
00001a69  abort                         
00001a6e  C$$EXIT                       
00001a6f  HOSTexit                      
00001a73  Reset_Handler                 
00001a77  _system_pre_init              
00002280  worldMap                      
00002554  __TI_Handler_Table_Base       
00002560  __TI_Handler_Table_Limit      
00002568  __TI_CINIT_Base               
00002578  __TI_CINIT_Limit              
00002578  __TI_CINIT_Warm               
20200000  __start___llvm_prf_bits       
20200000  __start___llvm_prf_cnts       
20200000  __stop___llvm_prf_bits        
20200000  __stop___llvm_prf_cnts        
20200000  _sys_memory                   
20200200  BusFreq                       
20200204  StX                           
20200208  StY                           
2020020c  StTextColor                   
20200214  TExaSLogic                    
20200218  TExaSadc                      
20207e00  __stack                       
20208000  __STACK_END                   
ffffffff  __TI_pprof_out_hndl           
ffffffff  __TI_prof_data_size           
ffffffff  __TI_prof_data_start          
ffffffff  __binit__                     
ffffffff  binit                         
UNDEFED   __mpu_init                    
UNDEFED   _system_post_cinit            

[122 symbols]
