******************************************************************************
            TI ARM Clang Linker PC v4.0.4                      
******************************************************************************
>> Linked Mon Apr 20 00:29:32 2026

OUTPUT FILE NAME:   <ECE319K_Lab9.out>
ENTRY POINT SYMBOL: "_c_int00_noargs"  address: 00019fd5


MEMORY CONFIGURATION

         name            origin    length      used     unused   attr    fill
----------------------  --------  ---------  --------  --------  ----  --------
  FLASH                 00000000   00020000  0001a210  00005df0  R  X
  SRAM                  20200000   00008000  00005d3b  000022c5  RW X
  BCR_CONFIG            41c00000   00000080  00000000  00000080  R   
  BSL_CONFIG            41c00100   00000080  00000000  00000080  R   


SEGMENT ALLOCATION MAP

run origin  load origin   length   init length attrs members
----------  ----------- ---------- ----------- ----- -------
00000000    00000000    0001a210   0001a210    r-x
  00000000    00000000    000000c0   000000c0    r-- .intvecs
  000000c0    000000c0    00017588   00017588    r-- .rodata
  00017648    00017648    00002b28   00002b28    r-x .text
  0001a170    0001a170    000000a0   000000a0    r-- .cinit
20200000    20200000    00005b40   00000000    rw-
  20200000    20200000    00005016   00000000    rw- .bss
  20205018    20205018    00000925   00000000    rw- .data
  20205940    20205940    00000200   00000000    rw- .sysmem
20207e00    20207e00    00000200   00000000    rw-
  20207e00    20207e00    00000200   00000000    rw- .stack


SECTION ALLOCATION MAP

 output                                  attributes/
section   page    origin      length       input sections
--------  ----  ----------  ----------   ----------------
.intvecs   0    00000000    000000c0     
                  00000000    000000c0     startup_mspm0g3507_ticlang.o (.intvecs)

.text      0    00017648    00002b28     
                  00017648    000010f4     render3D.o (.text.raycast)
                  0001873c    00000210     ST7735.o (.text.ST7735_DrawBitmap)
                  0001894c    000001f4     fix16.o (.text.fix16_div)
                  00018b40    000001b4     Clock.o (.text.Clock_Init80MHz)
                  00018cf4    00000164     ST7735.o (.text.ST7735_DrawTransparentBitmapOnBuffer)
                  00018e58    00000118     ST7735.o (.text.ST7735_FillRect)
                  00018f70    000000f8     SPI.o (.text.SPI_Init)
                  00019068    000000f4     ST7735.o (.text.ST7735_SetRotation)
                  0001915c    000000e4     fix16_fast_trig_lut.o (.text.fix16_fast_sin)
                  00019240    000000a8     Timer.o (.text.TimerG8_IntArm)
                  000192e8    000000a2     ST7735.o (.text.commandList)
                  0001938a    00000002     Sound.o (.text.Sound_Reload)
                  0001938c    00000098     ST7735.o (.text.ST7735_InitR)
                  00019424    00000094     Timer.o (.text.TimerG12_IntArm)
                  000194b8    0000008c     Switch.o (.text.TIMG12_IRQHandler)
                  00019544    00000088     AMDAC4.o (.text.AMDAC4_Out)
                  000195cc    00000088     Animations.o (.text.TIMG8_IRQHandler)
                  00019654    00000088     ST7735.o (.text.setAddrWindow)
                  000196dc    0000007c     LaunchPad.o (.text.LaunchPad_Init)
                  00019758    0000007c     libc.a : copy_decompress_lzss.c.obj (.text:decompress:lzss)
                  000197d4    0000006e     fix16.o (.text.fix16_mul)
                  00019842    00000002     Sound.o (.text.Sound_Shoot)
                  00019844    0000006c     JoystickLeft.o (.text.JoystickLeft_Init)
                  000198b0    0000006c     JoystickRight.o (.text.JoystickRight_Init)
                  0001991c    00000068     JoystickLeft.o (.text.JoystickLeft_getX)
                  00019984    00000068     JoystickLeft.o (.text.JoystickLeft_getY)
                  000199ec    00000068     JoystickRight.o (.text.JoystickRight_getX)
                  00019a54    00000060     Lab9Main.o (.text.main)
                  00019ab4    00000056     libclang_rt.builtins.a : aeabi_idivmod.S.obj (.text.__aeabi_idivmod)
                  00019b0a    00000002     Sound.o (.text.SysTick_Handler)
                  00019b0c    00000054     DAC6.o (.text.DAC6_Init)
                  00019b60    00000048     AMDAC4.o (.text.AMDAC4_Init)
                  00019ba8    00000048     SPI.o (.text.SPI_OutCommand)
                  00019bf0    00000046     fix16.o (.text.fix16_add)
                  00019c36    00000002     libclang_rt.builtins.a : aeabi_div0.c.obj (.text.__aeabi_idiv0)
                  00019c38    00000044     Sound.o (.text.SysTick_IntArm)
                  00019c7c    00000040     HPDAC4.o (.text.HPDAC4_Init)
                  00019cbc    00000040     SPI.o (.text.SPI_Reset)
                  00019cfc    00000040     TExaS.o (.text.TIMG7_IRQHandler)
                  00019d3c    00000040     libclang_rt.builtins.a : aeabi_uidivmod.S.obj (.text.__aeabi_uidivmod)
                  00019d7c    0000003c     libc.a : autoinit.c.obj (.text:__TI_auto_init_nobinit_nopinit)
                  00019db8    0000003a     libclang_rt.builtins.a : muldsi3.S.obj (.text.__muldsi3)
                  00019df2    00000002     --HOLE-- [fill = 0]
                  00019df4    00000038     LaunchPad.o (.text.ActivatePortA_B)
                  00019e2c    00000038     SPI.o (.text.SPI_OutData)
                  00019e64    00000034     Clock.o (.text.Clock_Delay1ms)
                  00019e98    00000034     ST7735.o (.text.ST7735_SetCursor)
                  00019ecc    00000030     ST7735.o (.text.commonInit)
                  00019efc    0000002e     fixvector2d.o (.text.v2d_add)
                  00019f2a    00000002     --HOLE-- [fill = 0]
                  00019f2c    0000002c     ST7735.o (.text.ST7735_FillScreen)
                  00019f58    0000002a     fixvector2d.o (.text.v2d_mul_s)
                  00019f82    00000002     --HOLE-- [fill = 0]
                  00019f84    00000028     Sound.o (.text.Sound_Init)
                  00019fac    00000028     Switch.o (.text.Switch_Init)
                  00019fd4    00000028     libc.a : boot_cortex_m.c.obj (.text:_c_int00_noargs)
                  00019ffc    00000024     libclang_rt.builtins.a : muldi3.S.obj (.text.__muldi3)
                  0001a020    0000001c     startup_mspm0g3507_ticlang.o (.text.Default_Handler)
                  0001a03c    0000001c     startup_mspm0g3507_ticlang.o (.text.HardFault_Handler)
                  0001a058    00000018     AMDAC4.o (.text.AMDAC4_AmmoOut)
                  0001a070    00000018     fix16_fast_trig_lut.o (.text.fix16_fast_cos)
                  0001a088    00000014     Switch.o (.text.Switch_Shoot)
                  0001a09c    00000012     libc.a : memcpy16.S.obj (.text:TI_memcpy_small)
                  0001a0ae    00000012            : copy_decompress_none.c.obj (.text:decompress:none)
                  0001a0c0    00000010     Clock.o (.text.Clock_Delay)
                  0001a0d0    00000010     LaunchPad.o (.text.Delay)
                  0001a0e0    00000010     Entities.o (.text.Player_Init)
                  0001a0f0    00000010     Entities.o (.text.Player_Reload)
                  0001a100    00000010     Entities.o (.text.Player_Shoot)
                  0001a110    00000010     libc.a : copy_zero_init.c.obj (.text:decompress:ZI)
                  0001a120    0000000e            : memset16.S.obj (.text:TI_memset_small)
                  0001a12e    00000002     --HOLE-- [fill = 0]
                  0001a130    0000000c     Clock.o (.text.Clock_Freq)
                  0001a13c    0000000c     libclang_rt.builtins.a : aeabi_memset.S.obj (.text.__aeabi_memclr)
                  0001a148    0000000a     Lab9Main.o (.text.PLL_Init)
                  0001a152    00000002     --HOLE-- [fill = 0]
                  0001a154    00000008     libclang_rt.builtins.a : aeabi_memcpy.S.obj (.text.__aeabi_memcpy)
                  0001a15c    00000006     libc.a : exit.c.obj (.text:abort)
                  0001a162    00000004     libsysbm.a : hostexit.c.obj (.text.HOSTexit)
                  0001a166    00000004     startup_mspm0g3507_ticlang.o (.text.Reset_Handler)
                  0001a16a    00000004     libc.a : pre_init.c.obj (.text._system_pre_init)
                  0001a16e    00000002     --HOLE-- [fill = 0]

.cinit     0    0001a170    000000a0     
                  0001a170    0000007c     (.cinit..data.load) [load image, compression = lzss]
                  0001a1ec    0000000c     (__TI_handler_table)
                  0001a1f8    00000008     (.cinit..bss.load) [load image, compression = zero_init]
                  0001a200    00000010     (__TI_cinit_table)

.rodata    0    000000c0    00017588     
                  000000c0    00003b00     Animations.o (.rodata.zombie1)
                  00003bc0    00002ee0     Animations.o (.rodata.shotgunShoot3)
                  00006aa0    00002a30     Animations.o (.rodata.shotgunShoot5)
                  000094d0    00002940     Animations.o (.rodata.reload3)
                  0000be10    00002850     Animations.o (.rodata.shotgunShoot4)
                  0000e660    000023a0     Animations.o (.rodata.reload2)
                  00010a00    00002080     Animations.o (.rodata.reload1)
                  00012a80    000017e8     Animations.o (.rodata.shotgunShoot2)
                  00014268    00001608     Animations.o (.rodata.shotgunShoot1)
                  00015870    000012c0     Animations.o (.rodata.shotgunNormal)
                  00016b30    00000800     fix16_fast_trig_lut.o (.rodata.fastSineLookupTable)
                  00017330    00000240     Lab9Main.o (.rodata.worldMap)
                  00017570    00000048     Animations.o (.rodata.crosshair)
                  000175b8    0000003b     ST7735.o (.rodata.Rcmd1)
                  000175f3    0000002b     ST7735.o (.rodata.Rcmd3)
                  0001761e    0000000d     ST7735.o (.rodata.Rcmd2green)
                  0001762b    0000000d     ST7735.o (.rodata.Rcmd2red)
                  00017638    00000008     render3D.o (.rodata.cst8)
                  00017640    00000001     Animations.o (.rodata.crosshairHeight)
                  00017641    00000001     Animations.o (.rodata.crosshairWidth)
                  00017642    00000006     --HOLE-- [fill = 0]

.init_array 
*          0    00000000    00000000     UNINITIALIZED

.binit     0    00000000    00000000     

.bss       0    20200000    00005016     UNINITIALIZED
                  20200000    00005000     (.common:displayBuffer)
                  20205000    00000004     (.common:TExaSLogic)
                  20205004    00000004     (.common:TExaSadc)
                  20205008    00000004     (.common:backgroundIdx)
                  2020500c    00000004     (.common:soundIdx)
                  20205010    00000002     (.common:Player)
                  20205012    00000001     ST7735.o (.bss.ColStart)
                  20205013    00000001     ST7735.o (.bss.Rotation)
                  20205014    00000001     ST7735.o (.bss.RowStart)
                  20205015    00000001     ST7735.o (.bss.TabColor)

.data      0    20205018    00000925     UNINITIALIZED
                  20205018    00000800     Entities.o (.data.zombies)
                  20205818    000000a8     Animations.o (.data.shotgunReload)
                  202058c0    00000040     Animations.o (.data.shotgunShoot)
                  20205900    00000008     Lab9Main.o (.data.dir)
                  20205908    00000008     Lab9Main.o (.data.plane)
                  20205910    00000008     Lab9Main.o (.data.pos)
                  20205918    00000008     Animations.o (.data.shotgunNeutral)
                  20205920    00000004     Clock.o (.data.BusFreq)
                  20205924    00000004     ST7735.o (.data.StX)
                  20205928    00000004     ST7735.o (.data.StY)
                  2020592c    00000004     Animations.o (.data.shotgun)
                  20205930    00000004     Entities.o (.data.zombieCount)
                  20205934    00000002     ST7735.o (.data.StTextColor)
                  20205936    00000002     ST7735.o (.data._height)
                  20205938    00000002     ST7735.o (.data._width)
                  2020593a    00000001     Animations.o (.data.frame)
                  2020593b    00000001     Switch.o (.data.gunReload)
                  2020593c    00000001     Switch.o (.data.gunShot)

.sysmem    0    20205940    00000200     UNINITIALIZED
                  20205940    00000010     libc.a : memory.c.obj (.sysmem)
                  20205950    000001f0     --HOLE--

.stack     0    20207e00    00000200     UNINITIALIZED
                  20207e00    00000004     libc.a : boot_cortex_m.c.obj (.stack)
                  20207e04    000001fc     --HOLE--

__llvm_prf_cnts 
*          0    20200000    00000000     UNINITIALIZED

__llvm_prf_bits 
*          0    20200000    00000000     UNINITIALIZED

MODULE SUMMARY

       Module                         code    ro data   rw data
       ------                         ----    -------   -------
    .\
       Animations.o                   136     92858     245    
       render3D.o                     4340    8         20480  
       ST7735.o                       2002    128       18     
       Entities.o                     48      0         2054   
       Lab9Main.o                     106     576       24     
       Clock.o                        516     0         4      
       SPI.o                          440     0         0      
       JoystickLeft.o                 316     0         0      
       Timer.o                        316     0         0      
       AMDAC4.o                       232     0         0      
       JoystickRight.o                212     0         0      
       Switch.o                       200     0         2      
       LaunchPad.o                    196     0         0      
       Sound.o                        114     0         8      
       DAC6.o                         84      0         0      
       TExaS.o                        64      0         8      
       HPDAC4.o                       64      0         0      
    +--+------------------------------+-------+---------+---------+
       Total:                         9386    93570     22843  
                                                               
    .\Math\fix\
       fix16_fast_trig_lut.o          252     2048      0      
       fix16.o                        680     0         0      
    +--+------------------------------+-------+---------+---------+
       Total:                         932     2048      0      
                                                               
    .\Math\lib_fixmatrix\
       fixvector2d.o                  88      0         0      
    +--+------------------------------+-------+---------+---------+
       Total:                         88      0         0      
                                                               
    .\ticlang\
       startup_mspm0g3507_ticlang.o   60      192       0      
    +--+------------------------------+-------+---------+---------+
       Total:                         60      192       0      
                                                               
    C:\ti\ccs2040\ccs\tools\compiler\ti-cgt-armllvm_4.0.4.LTS\lib\armv6m-ti-none-eabi/c/libc.a
       copy_decompress_lzss.c.obj     124     0         0      
       autoinit.c.obj                 60      0         0      
       boot_cortex_m.c.obj            40      0         0      
       copy_decompress_none.c.obj     18      0         0      
       memcpy16.S.obj                 18      0         0      
       copy_zero_init.c.obj           16      0         0      
       memset16.S.obj                 14      0         0      
       exit.c.obj                     6       0         0      
       pre_init.c.obj                 4       0         0      
    +--+------------------------------+-------+---------+---------+
       Total:                         300     0         0      
                                                               
    C:\ti\ccs2040\ccs\tools\compiler\ti-cgt-armllvm_4.0.4.LTS\lib\armv6m-ti-none-eabi/c/libsysbm.a
       hostexit.c.obj                 4       0         0      
    +--+------------------------------+-------+---------+---------+
       Total:                         4       0         0      
                                                               
    C:\ti\ccs2040\ccs\tools\compiler\ti-cgt-armllvm_4.0.4.LTS\lib\armv6m-ti-none-eabi/libclang_rt.builtins.a
       aeabi_idivmod.S.obj            86      0         0      
       aeabi_uidivmod.S.obj           64      0         0      
       muldsi3.S.obj                  58      0         0      
       muldi3.S.obj                   36      0         0      
       aeabi_memset.S.obj             12      0         0      
       aeabi_memcpy.S.obj             8       0         0      
       aeabi_div0.c.obj               2       0         0      
    +--+------------------------------+-------+---------+---------+
       Total:                         266     0         0      
                                                               
       Heap:                          0       0         512    
       Stack:                         0       0         512    
       Linker Generated:              0       160       0      
    +--+------------------------------+-------+---------+---------+
       Grand Total:                   11036   95970     23867  


LINKER GENERATED COPY TABLES

__TI_cinit_table @ 0001a200 records: 2, size/record: 8, table size: 16
	.data: load addr=0001a170, load size=0000007c bytes, run addr=20205018, run size=00000925 bytes, compression=lzss
	.bss: load addr=0001a1f8, load size=00000008 bytes, run addr=20200000, run size=00005016 bytes, compression=zero_init


LINKER GENERATED HANDLER TABLE

__TI_handler_table @ 0001a1ec records: 3, size/record: 4, table size: 12
	index: 0, handler: __TI_decompress_lzss
	index: 1, handler: __TI_decompress_none
	index: 2, handler: __TI_zero_init


GLOBAL SYMBOLS: SORTED ALPHABETICALLY BY Name 

address   name                                
-------   ----                                
0001a021  ADC0_IRQHandler                     
0001a021  ADC1_IRQHandler                     
0001a021  AES_IRQHandler                      
0001a059  AMDAC4_AmmoOut                      
00019b61  AMDAC4_Init                         
00019545  AMDAC4_Out                          
00019df5  ActivatePortA_B                     
20205920  BusFreq                             
0001a162  C$$EXIT                             
0001a021  CANFD0_IRQHandler                   
0001a0c1  Clock_Delay                         
00019e65  Clock_Delay1ms                      
0001a131  Clock_Freq                          
00018b41  Clock_Init80MHz                     
0001a021  DAC0_IRQHandler                     
00019b0d  DAC6_Init                           
0001a021  DMA_IRQHandler                      
0001a021  Default_Handler                     
0001a0d1  Delay                               
0001a021  GROUP0_IRQHandler                   
0001a021  GROUP1_IRQHandler                   
0001a163  HOSTexit                            
00019c7d  HPDAC4_Init                         
0001a03d  HardFault_Handler                   
0001a021  I2C0_IRQHandler                     
0001a021  I2C1_IRQHandler                     
00019845  JoystickLeft_Init                   
0001991d  JoystickLeft_getX                   
00019985  JoystickLeft_getY                   
000198b1  JoystickRight_Init                  
000199ed  JoystickRight_getX                  
000196dd  LaunchPad_Init                      
0001a021  NMI_Handler                         
0001a149  PLL_Init                            
0001a021  PendSV_Handler                      
20205010  Player                              
0001a0e1  Player_Init                         
0001a0f1  Player_Reload                       
0001a101  Player_Shoot                        
0001a021  RTC_IRQHandler                      
0001a167  Reset_Handler                       
0001a021  SPI0_IRQHandler                     
0001a021  SPI1_IRQHandler                     
00018f71  SPI_Init                            
00019ba9  SPI_OutCommand                      
00019e2d  SPI_OutData                         
00019cbd  SPI_Reset                           
0001873d  ST7735_DrawBitmap                   
00018cf5  ST7735_DrawTransparentBitmapOnBuffer
00018e59  ST7735_FillRect                     
00019f2d  ST7735_FillScreen                   
0001938d  ST7735_InitR                        
00019e99  ST7735_SetCursor                    
00019069  ST7735_SetRotation                  
0001a021  SVC_Handler                         
00019f85  Sound_Init                          
0001938b  Sound_Reload                        
00019843  Sound_Shoot                         
20205934  StTextColor                         
20205924  StX                                 
20205928  StY                                 
00019fad  Switch_Init                         
0001a089  Switch_Shoot                        
00019b0b  SysTick_Handler                     
00019c39  SysTick_IntArm                      
20205000  TExaSLogic                          
20205004  TExaSadc                            
0001a021  TIMA0_IRQHandler                    
0001a021  TIMA1_IRQHandler                    
0001a021  TIMG0_IRQHandler                    
000194b9  TIMG12_IRQHandler                   
0001a021  TIMG6_IRQHandler                    
00019cfd  TIMG7_IRQHandler                    
000195cd  TIMG8_IRQHandler                    
0001a09d  TI_memcpy_small                     
0001a121  TI_memset_small                     
00019425  TimerG12_IntArm                     
00019241  TimerG8_IntArm                      
0001a021  UART0_IRQHandler                    
0001a021  UART1_IRQHandler                    
0001a021  UART2_IRQHandler                    
0001a021  UART3_IRQHandler                    
20208000  __STACK_END                         
00000200  __STACK_SIZE                        
00000200  __SYSMEM_SIZE                       
00000000  __TI_ATRegion0_region_sz            
00000000  __TI_ATRegion0_src_addr             
00000000  __TI_ATRegion0_trg_addr             
00000000  __TI_ATRegion1_region_sz            
00000000  __TI_ATRegion1_src_addr             
00000000  __TI_ATRegion1_trg_addr             
00000000  __TI_ATRegion2_region_sz            
00000000  __TI_ATRegion2_src_addr             
00000000  __TI_ATRegion2_trg_addr             
0001a200  __TI_CINIT_Base                     
0001a210  __TI_CINIT_Limit                    
0001a210  __TI_CINIT_Warm                     
0001a1ec  __TI_Handler_Table_Base             
0001a1f8  __TI_Handler_Table_Limit            
00019d7d  __TI_auto_init_nobinit_nopinit      
00019759  __TI_decompress_lzss                
0001a0af  __TI_decompress_none                
ffffffff  __TI_pprof_out_hndl                 
ffffffff  __TI_prof_data_size                 
ffffffff  __TI_prof_data_start                
00000000  __TI_static_base__                  
0001a111  __TI_zero_init                      
00019ab5  __aeabi_idiv                        
00019c37  __aeabi_idiv0                       
00019ab5  __aeabi_idivmod                     
00019ffd  __aeabi_lmul                        
0001a13d  __aeabi_memclr                      
0001a13d  __aeabi_memclr4                     
0001a13d  __aeabi_memclr8                     
0001a155  __aeabi_memcpy                      
0001a155  __aeabi_memcpy4                     
0001a155  __aeabi_memcpy8                     
00019d3d  __aeabi_uidiv                       
00019d3d  __aeabi_uidivmod                    
ffffffff  __binit__                           
UNDEFED   __mpu_init                          
00019ffd  __muldi3                            
00019db9  __muldsi3                           
20207e00  __stack                             
20200000  __start___llvm_prf_bits             
20200000  __start___llvm_prf_cnts             
20200000  __stop___llvm_prf_bits              
20200000  __stop___llvm_prf_cnts              
00019fd5  _c_int00_noargs                     
20205940  _sys_memory                         
UNDEFED   _system_post_cinit                  
0001a16b  _system_pre_init                    
0001a15d  abort                               
20205008  backgroundIdx                       
ffffffff  binit                               
00017570  crosshair                           
00017640  crosshairHeight                     
00017641  crosshairWidth                      
20205900  dir                                 
20200000  displayBuffer                       
00019bf1  fix16_add                           
0001894d  fix16_div                           
0001a071  fix16_fast_cos                      
0001915d  fix16_fast_sin                      
000197d5  fix16_mul                           
2020593a  frame                               
2020593b  gunReload                           
2020593c  gunShot                             
00000000  interruptVectors                    
00019a55  main                                
20205908  plane                               
20205910  pos                                 
00017649  raycast                             
00010a00  reload1                             
0000e660  reload2                             
000094d0  reload3                             
2020592c  shotgun                             
20205918  shotgunNeutral                      
00015870  shotgunNormal                       
20205818  shotgunReload                       
202058c0  shotgunShoot                        
00014268  shotgunShoot1                       
00012a80  shotgunShoot2                       
00003bc0  shotgunShoot3                       
0000be10  shotgunShoot4                       
00006aa0  shotgunShoot5                       
2020500c  soundIdx                            
00019efd  v2d_add                             
00019f59  v2d_mul_s                           
00017330  worldMap                            
000000c0  zombie1                             
20205930  zombieCount                         
20205018  zombies                             


GLOBAL SYMBOLS: SORTED BY Symbol Address 

address   name                                
-------   ----                                
00000000  __TI_ATRegion0_region_sz            
00000000  __TI_ATRegion0_src_addr             
00000000  __TI_ATRegion0_trg_addr             
00000000  __TI_ATRegion1_region_sz            
00000000  __TI_ATRegion1_src_addr             
00000000  __TI_ATRegion1_trg_addr             
00000000  __TI_ATRegion2_region_sz            
00000000  __TI_ATRegion2_src_addr             
00000000  __TI_ATRegion2_trg_addr             
00000000  __TI_static_base__                  
00000000  interruptVectors                    
000000c0  zombie1                             
00000200  __STACK_SIZE                        
00000200  __SYSMEM_SIZE                       
00003bc0  shotgunShoot3                       
00006aa0  shotgunShoot5                       
000094d0  reload3                             
0000be10  shotgunShoot4                       
0000e660  reload2                             
00010a00  reload1                             
00012a80  shotgunShoot2                       
00014268  shotgunShoot1                       
00015870  shotgunNormal                       
00017330  worldMap                            
00017570  crosshair                           
00017640  crosshairHeight                     
00017641  crosshairWidth                      
00017649  raycast                             
0001873d  ST7735_DrawBitmap                   
0001894d  fix16_div                           
00018b41  Clock_Init80MHz                     
00018cf5  ST7735_DrawTransparentBitmapOnBuffer
00018e59  ST7735_FillRect                     
00018f71  SPI_Init                            
00019069  ST7735_SetRotation                  
0001915d  fix16_fast_sin                      
00019241  TimerG8_IntArm                      
0001938b  Sound_Reload                        
0001938d  ST7735_InitR                        
00019425  TimerG12_IntArm                     
000194b9  TIMG12_IRQHandler                   
00019545  AMDAC4_Out                          
000195cd  TIMG8_IRQHandler                    
000196dd  LaunchPad_Init                      
00019759  __TI_decompress_lzss                
000197d5  fix16_mul                           
00019843  Sound_Shoot                         
00019845  JoystickLeft_Init                   
000198b1  JoystickRight_Init                  
0001991d  JoystickLeft_getX                   
00019985  JoystickLeft_getY                   
000199ed  JoystickRight_getX                  
00019a55  main                                
00019ab5  __aeabi_idiv                        
00019ab5  __aeabi_idivmod                     
00019b0b  SysTick_Handler                     
00019b0d  DAC6_Init                           
00019b61  AMDAC4_Init                         
00019ba9  SPI_OutCommand                      
00019bf1  fix16_add                           
00019c37  __aeabi_idiv0                       
00019c39  SysTick_IntArm                      
00019c7d  HPDAC4_Init                         
00019cbd  SPI_Reset                           
00019cfd  TIMG7_IRQHandler                    
00019d3d  __aeabi_uidiv                       
00019d3d  __aeabi_uidivmod                    
00019d7d  __TI_auto_init_nobinit_nopinit      
00019db9  __muldsi3                           
00019df5  ActivatePortA_B                     
00019e2d  SPI_OutData                         
00019e65  Clock_Delay1ms                      
00019e99  ST7735_SetCursor                    
00019efd  v2d_add                             
00019f2d  ST7735_FillScreen                   
00019f59  v2d_mul_s                           
00019f85  Sound_Init                          
00019fad  Switch_Init                         
00019fd5  _c_int00_noargs                     
00019ffd  __aeabi_lmul                        
00019ffd  __muldi3                            
0001a021  ADC0_IRQHandler                     
0001a021  ADC1_IRQHandler                     
0001a021  AES_IRQHandler                      
0001a021  CANFD0_IRQHandler                   
0001a021  DAC0_IRQHandler                     
0001a021  DMA_IRQHandler                      
0001a021  Default_Handler                     
0001a021  GROUP0_IRQHandler                   
0001a021  GROUP1_IRQHandler                   
0001a021  I2C0_IRQHandler                     
0001a021  I2C1_IRQHandler                     
0001a021  NMI_Handler                         
0001a021  PendSV_Handler                      
0001a021  RTC_IRQHandler                      
0001a021  SPI0_IRQHandler                     
0001a021  SPI1_IRQHandler                     
0001a021  SVC_Handler                         
0001a021  TIMA0_IRQHandler                    
0001a021  TIMA1_IRQHandler                    
0001a021  TIMG0_IRQHandler                    
0001a021  TIMG6_IRQHandler                    
0001a021  UART0_IRQHandler                    
0001a021  UART1_IRQHandler                    
0001a021  UART2_IRQHandler                    
0001a021  UART3_IRQHandler                    
0001a03d  HardFault_Handler                   
0001a059  AMDAC4_AmmoOut                      
0001a071  fix16_fast_cos                      
0001a089  Switch_Shoot                        
0001a09d  TI_memcpy_small                     
0001a0af  __TI_decompress_none                
0001a0c1  Clock_Delay                         
0001a0d1  Delay                               
0001a0e1  Player_Init                         
0001a0f1  Player_Reload                       
0001a101  Player_Shoot                        
0001a111  __TI_zero_init                      
0001a121  TI_memset_small                     
0001a131  Clock_Freq                          
0001a13d  __aeabi_memclr                      
0001a13d  __aeabi_memclr4                     
0001a13d  __aeabi_memclr8                     
0001a149  PLL_Init                            
0001a155  __aeabi_memcpy                      
0001a155  __aeabi_memcpy4                     
0001a155  __aeabi_memcpy8                     
0001a15d  abort                               
0001a162  C$$EXIT                             
0001a163  HOSTexit                            
0001a167  Reset_Handler                       
0001a16b  _system_pre_init                    
0001a1ec  __TI_Handler_Table_Base             
0001a1f8  __TI_Handler_Table_Limit            
0001a200  __TI_CINIT_Base                     
0001a210  __TI_CINIT_Limit                    
0001a210  __TI_CINIT_Warm                     
20200000  __start___llvm_prf_bits             
20200000  __start___llvm_prf_cnts             
20200000  __stop___llvm_prf_bits              
20200000  __stop___llvm_prf_cnts              
20200000  displayBuffer                       
20205000  TExaSLogic                          
20205004  TExaSadc                            
20205008  backgroundIdx                       
2020500c  soundIdx                            
20205010  Player                              
20205018  zombies                             
20205818  shotgunReload                       
202058c0  shotgunShoot                        
20205900  dir                                 
20205908  plane                               
20205910  pos                                 
20205918  shotgunNeutral                      
20205920  BusFreq                             
20205924  StX                                 
20205928  StY                                 
2020592c  shotgun                             
20205930  zombieCount                         
20205934  StTextColor                         
2020593a  frame                               
2020593b  gunReload                           
2020593c  gunShot                             
20205940  _sys_memory                         
20207e00  __stack                             
20208000  __STACK_END                         
ffffffff  __TI_pprof_out_hndl                 
ffffffff  __TI_prof_data_size                 
ffffffff  __TI_prof_data_start                
ffffffff  __binit__                           
ffffffff  binit                               
UNDEFED   __mpu_init                          
UNDEFED   _system_post_cinit                  

[173 symbols]
