******************************************************************************
            TI ARM Clang Linker PC v4.0.4                      
******************************************************************************
>> Linked Sat Apr 18 14:26:19 2026

OUTPUT FILE NAME:   <ECE319K_Lab9.out>
ENTRY POINT SYMBOL: "_c_int00_noargs"  address: 0000cb71


MEMORY CONFIGURATION

         name            origin    length      used     unused   attr    fill
----------------------  --------  ---------  --------  --------  ----  --------
  FLASH                 00000000   00020000  0000cd30  000132d0  R  X
  SRAM                  20200000   00008000  00005447  00002bb9  RW X
  BCR_CONFIG            41c00000   00000080  00000000  00000080  R   
  BSL_CONFIG            41c00100   00000080  00000000  00000080  R   


SEGMENT ALLOCATION MAP

run origin  load origin   length   init length attrs members
----------  ----------- ---------- ----------- ----- -------
00000000    00000000    0000cd30   0000cd30    r-x
  00000000    00000000    000000c0   000000c0    r-- .intvecs
  000000c0    000000c0    0000aa30   0000aa30    r-- .rodata
  0000aaf0    0000aaf0    000021f8   000021f8    r-x .text
  0000cce8    0000cce8    00000048   00000048    r-- .cinit
20200000    20200000    0000524a   00000000    rw-
  20200000    20200000    0000501d   00000000    rw- .bss
  20205020    20205020    00000200   00000000    rw- .sysmem
  20205220    20205220    0000002a   00000000    rw- .data
20207e00    20207e00    00000200   00000000    rw-
  20207e00    20207e00    00000200   00000000    rw- .stack


SECTION ALLOCATION MAP

 output                                  attributes/
section   page    origin      length       input sections
--------  ----  ----------  ----------   ----------------
.intvecs   0    00000000    000000c0     
                  00000000    000000c0     startup_mspm0g3507_ticlang.o (.intvecs)

.text      0    0000aaf0    000021f8     
                  0000aaf0    00000ab0     render3D.o (.text.raycast)
                  0000b5a0    00000210     ST7735.o (.text.ST7735_DrawBitmap)
                  0000b7b0    000001f4     fix16.o (.text.fix16_div)
                  0000b9a4    000001b4     Clock.o (.text.Clock_Init80MHz)
                  0000bb58    00000140     ST7735.o (.text.ST7735_DrawTransparentBitmapOnBuffer)
                  0000bc98    00000118     ST7735.o (.text.ST7735_FillRect)
                  0000bdb0    000000f8     SPI.o (.text.SPI_Init)
                  0000bea8    000000f4     ST7735.o (.text.ST7735_SetRotation)
                  0000bf9c    000000e4     fix16_fast_trig_lut.o (.text.fix16_fast_sin)
                  0000c080    000000a2     ST7735.o (.text.commandList)
                  0000c122    00000002     libclang_rt.builtins.a : aeabi_div0.c.obj (.text.__aeabi_idiv0)
                  0000c124    000000a0     Sound.o (.text.SysTick_Handler)
                  0000c1c4    00000098     ST7735.o (.text.ST7735_InitR)
                  0000c25c    00000088     ST7735.o (.text.setAddrWindow)
                  0000c2e4    0000007c     LaunchPad.o (.text.LaunchPad_Init)
                  0000c360    0000007c     libc.a : copy_decompress_lzss.c.obj (.text:decompress:lzss)
                  0000c3dc    0000006e     fix16.o (.text.fix16_mul)
                  0000c44a    00000002     --HOLE-- [fill = 0]
                  0000c44c    0000006c     JoystickLeft.o (.text.JoystickLeft_Init)
                  0000c4b8    0000006c     JoystickRight.o (.text.JoystickRight_Init)
                  0000c524    00000068     JoystickLeft.o (.text.JoystickLeft_getX)
                  0000c58c    00000068     JoystickLeft.o (.text.JoystickLeft_getY)
                  0000c5f4    00000068     JoystickRight.o (.text.JoystickRight_getX)
                  0000c65c    00000056     libclang_rt.builtins.a : aeabi_idivmod.S.obj (.text.__aeabi_idivmod)
                  0000c6b2    00000002     --HOLE-- [fill = 0]
                  0000c6b4    00000054     DAC6.o (.text.DAC6_Init)
                  0000c708    00000048     SPI.o (.text.SPI_OutCommand)
                  0000c750    00000046     fix16.o (.text.fix16_add)
                  0000c796    00000002     --HOLE-- [fill = 0]
                  0000c798    00000044     Sound.o (.text.SysTick_IntArm)
                  0000c7dc    00000040     SPI.o (.text.SPI_Reset)
                  0000c81c    00000040     TExaS.o (.text.TIMG7_IRQHandler)
                  0000c85c    00000040     libclang_rt.builtins.a : aeabi_uidivmod.S.obj (.text.__aeabi_uidivmod)
                  0000c89c    0000003c     DAC6.o (.text.DAC6_Out)
                  0000c8d8    0000003c     libc.a : autoinit.c.obj (.text:__TI_auto_init_nobinit_nopinit)
                  0000c914    0000003a     libclang_rt.builtins.a : muldsi3.S.obj (.text.__muldsi3)
                  0000c94e    00000002     --HOLE-- [fill = 0]
                  0000c950    00000038     LaunchPad.o (.text.ActivatePortA_B)
                  0000c988    00000038     SPI.o (.text.SPI_OutData)
                  0000c9c0    00000038     Lab9Main.o (.text.main)
                  0000c9f8    00000034     Clock.o (.text.Clock_Delay1ms)
                  0000ca2c    00000034     ST7735.o (.text.ST7735_SetCursor)
                  0000ca60    00000030     Sound.o (.text.Sound_Init)
                  0000ca90    00000030     ST7735.o (.text.commonInit)
                  0000cac0    0000002e     fixvector2d.o (.text.v2d_add)
                  0000caee    00000002     --HOLE-- [fill = 0]
                  0000caf0    0000002c     ST7735.o (.text.ST7735_FillScreen)
                  0000cb1c    0000002a     fixvector2d.o (.text.v2d_mul_s)
                  0000cb46    00000002     --HOLE-- [fill = 0]
                  0000cb48    00000028     Lab9Main.o (.text.TIMG12_IRQHandler)
                  0000cb70    00000028     libc.a : boot_cortex_m.c.obj (.text:_c_int00_noargs)
                  0000cb98    00000024     libclang_rt.builtins.a : muldi3.S.obj (.text.__muldi3)
                  0000cbbc    00000020     render3D.o (.text.fix16_abs)
                  0000cbdc    0000001c     startup_mspm0g3507_ticlang.o (.text.Default_Handler)
                  0000cbf8    0000001c     startup_mspm0g3507_ticlang.o (.text.HardFault_Handler)
                  0000cc14    00000018     fix16_fast_trig_lut.o (.text.fix16_fast_cos)
                  0000cc2c    00000012     libc.a : memcpy16.S.obj (.text:TI_memcpy_small)
                  0000cc3e    00000012            : copy_decompress_none.c.obj (.text:decompress:none)
                  0000cc50    00000010     Clock.o (.text.Clock_Delay)
                  0000cc60    00000010     LaunchPad.o (.text.Delay)
                  0000cc70    00000010     libc.a : copy_zero_init.c.obj (.text:decompress:ZI)
                  0000cc80    0000000e     render3D.o (.text.fix16_to_int)
                  0000cc8e    0000000e     libc.a : memset16.S.obj (.text:TI_memset_small)
                  0000cc9c    0000000c     Clock.o (.text.Clock_Freq)
                  0000cca8    0000000c     libclang_rt.builtins.a : aeabi_memset.S.obj (.text.__aeabi_memclr)
                  0000ccb4    0000000c     render3D.o (.text.fix16_from_int)
                  0000ccc0    0000000a     Lab9Main.o (.text.PLL_Init)
                  0000ccca    00000002     --HOLE-- [fill = 0]
                  0000cccc    00000008     libclang_rt.builtins.a : aeabi_memcpy.S.obj (.text.__aeabi_memcpy)
                  0000ccd4    00000006     libc.a : exit.c.obj (.text:abort)
                  0000ccda    00000004     libsysbm.a : hostexit.c.obj (.text.HOSTexit)
                  0000ccde    00000004     startup_mspm0g3507_ticlang.o (.text.Reset_Handler)
                  0000cce2    00000004     libc.a : pre_init.c.obj (.text._system_pre_init)
                  0000cce6    00000002     --HOLE-- [fill = 0]

.cinit     0    0000cce8    00000048     
                  0000cce8    0000001f     (.cinit..data.load) [load image, compression = lzss]
                  0000cd07    00000001     --HOLE-- [fill = 0]
                  0000cd08    0000000c     (__TI_handler_table)
                  0000cd14    00000008     (.cinit..bss.load) [load image, compression = zero_init]
                  0000cd1c    00000010     (__TI_cinit_table)
                  0000cd2c    00000004     --HOLE-- [fill = 0]

.rodata    0    000000c0    0000aa30     
                  000000c0    00008cb0     Sound.o (.rodata.background_music)
                  00008d70    000012c0     render3D.o (.rodata.shotgunnormal)
                  0000a030    00000800     fix16_fast_trig_lut.o (.rodata.fastSineLookupTable)
                  0000a830    00000240     Lab9Main.o (.rodata.worldMap)
                  0000aa70    0000003b     ST7735.o (.rodata.Rcmd1)
                  0000aaab    0000002b     ST7735.o (.rodata.Rcmd3)
                  0000aad6    0000000d     ST7735.o (.rodata.Rcmd2green)
                  0000aae3    0000000d     ST7735.o (.rodata.Rcmd2red)

.init_array 
*          0    00000000    00000000     UNINITIALIZED

.binit     0    00000000    00000000     

.bss       0    20200000    0000501d     UNINITIALIZED
                  20200000    00005000     (.common:displayBuffer)
                  20205000    00000008     (.common:soundToPlay)
                  20205008    00000004     (.common:TExaSLogic)
                  2020500c    00000004     (.common:TExaSadc)
                  20205010    00000004     (.common:backgroundIdx)
                  20205014    00000004     (.common:soundIdx)
                  20205018    00000001     ST7735.o (.bss.ColStart)
                  20205019    00000001     ST7735.o (.bss.Rotation)
                  2020501a    00000001     ST7735.o (.bss.RowStart)
                  2020501b    00000001     ST7735.o (.bss.TabColor)
                  2020501c    00000001     (.common:soundCalled)

.sysmem    0    20205020    00000200     UNINITIALIZED
                  20205020    00000010     libc.a : memory.c.obj (.sysmem)
                  20205030    000001f0     --HOLE--

.data      0    20205220    0000002a     UNINITIALIZED
                  20205220    00000008     Lab9Main.o (.data.dir)
                  20205228    00000008     Lab9Main.o (.data.plane)
                  20205230    00000008     Lab9Main.o (.data.pos)
                  20205238    00000004     Clock.o (.data.BusFreq)
                  2020523c    00000004     ST7735.o (.data.StX)
                  20205240    00000004     ST7735.o (.data.StY)
                  20205244    00000002     ST7735.o (.data.StTextColor)
                  20205246    00000002     ST7735.o (.data._height)
                  20205248    00000002     ST7735.o (.data._width)

.stack     0    20207e00    00000200     UNINITIALIZED
                  20207e00    00000004     libc.a : boot_cortex_m.c.obj (.stack)
                  20207e04    000001fc     --HOLE--

__llvm_prf_cnts 
*          0    20200000    00000000     UNINITIALIZED

__llvm_prf_bits 
*          0    20200000    00000000     UNINITIALIZED

MODULE SUMMARY

       Module                         code   ro data   rw data
       ------                         ----   -------   -------
    .\
       Sound.o                        276    36016     17     
       render3D.o                     2794   4800      20480  
       ST7735.o                       1966   128       18     
       Lab9Main.o                     106    576       24     
       Clock.o                        516    0         4      
       SPI.o                          440    0         0      
       JoystickLeft.o                 316    0         0      
       JoystickRight.o                212    0         0      
       LaunchPad.o                    196    0         0      
       DAC6.o                         144    0         0      
       TExaS.o                        64     0         8      
    +--+------------------------------+------+---------+---------+
       Total:                         7030   41520     20551  
                                                              
    .\Math\fix\
       fix16_fast_trig_lut.o          252    2048      0      
       fix16.o                        680    0         0      
    +--+------------------------------+------+---------+---------+
       Total:                         932    2048      0      
                                                              
    .\Math\lib_fixmatrix\
       fixvector2d.o                  88     0         0      
    +--+------------------------------+------+---------+---------+
       Total:                         88     0         0      
                                                              
    .\ticlang\
       startup_mspm0g3507_ticlang.o   60     192       0      
    +--+------------------------------+------+---------+---------+
       Total:                         60     192       0      
                                                              
    C:\ti\ccs2040\ccs\tools\compiler\ti-cgt-armllvm_4.0.4.LTS\lib\armv6m-ti-none-eabi/c/libc.a
       copy_decompress_lzss.c.obj     124    0         0      
       autoinit.c.obj                 60     0         0      
       boot_cortex_m.c.obj            40     0         0      
       copy_decompress_none.c.obj     18     0         0      
       memcpy16.S.obj                 18     0         0      
       copy_zero_init.c.obj           16     0         0      
       memset16.S.obj                 14     0         0      
       exit.c.obj                     6      0         0      
       pre_init.c.obj                 4      0         0      
    +--+------------------------------+------+---------+---------+
       Total:                         300    0         0      
                                                              
    C:\ti\ccs2040\ccs\tools\compiler\ti-cgt-armllvm_4.0.4.LTS\lib\armv6m-ti-none-eabi/c/libsysbm.a
       hostexit.c.obj                 4      0         0      
    +--+------------------------------+------+---------+---------+
       Total:                         4      0         0      
                                                              
    C:\ti\ccs2040\ccs\tools\compiler\ti-cgt-armllvm_4.0.4.LTS\lib\armv6m-ti-none-eabi/libclang_rt.builtins.a
       aeabi_idivmod.S.obj            86     0         0      
       aeabi_uidivmod.S.obj           64     0         0      
       muldsi3.S.obj                  58     0         0      
       muldi3.S.obj                   36     0         0      
       aeabi_memset.S.obj             12     0         0      
       aeabi_memcpy.S.obj             8      0         0      
       aeabi_div0.c.obj               2      0         0      
    +--+------------------------------+------+---------+---------+
       Total:                         266    0         0      
                                                              
       Heap:                          0      0         512    
       Stack:                         0      0         512    
       Linker Generated:              0      67        0      
    +--+------------------------------+------+---------+---------+
       Grand Total:                   8680   43827     21575  


LINKER GENERATED COPY TABLES

__TI_cinit_table @ 0000cd1c records: 2, size/record: 8, table size: 16
	.data: load addr=0000cce8, load size=0000001f bytes, run addr=20205220, run size=0000002a bytes, compression=lzss
	.bss: load addr=0000cd14, load size=00000008 bytes, run addr=20200000, run size=0000501d bytes, compression=zero_init


LINKER GENERATED HANDLER TABLE

__TI_handler_table @ 0000cd08 records: 3, size/record: 4, table size: 12
	index: 0, handler: __TI_decompress_lzss
	index: 1, handler: __TI_decompress_none
	index: 2, handler: __TI_zero_init


GLOBAL SYMBOLS: SORTED ALPHABETICALLY BY Name 

address   name                                
-------   ----                                
0000cbdd  ADC0_IRQHandler                     
0000cbdd  ADC1_IRQHandler                     
0000cbdd  AES_IRQHandler                      
0000c951  ActivatePortA_B                     
20205238  BusFreq                             
0000ccda  C$$EXIT                             
0000cbdd  CANFD0_IRQHandler                   
0000cc51  Clock_Delay                         
0000c9f9  Clock_Delay1ms                      
0000cc9d  Clock_Freq                          
0000b9a5  Clock_Init80MHz                     
0000cbdd  DAC0_IRQHandler                     
0000c6b5  DAC6_Init                           
0000c89d  DAC6_Out                            
0000cbdd  DMA_IRQHandler                      
0000cbdd  Default_Handler                     
0000cc61  Delay                               
0000cbdd  GROUP0_IRQHandler                   
0000cbdd  GROUP1_IRQHandler                   
0000ccdb  HOSTexit                            
0000cbf9  HardFault_Handler                   
0000cbdd  I2C0_IRQHandler                     
0000cbdd  I2C1_IRQHandler                     
0000c44d  JoystickLeft_Init                   
0000c525  JoystickLeft_getX                   
0000c58d  JoystickLeft_getY                   
0000c4b9  JoystickRight_Init                  
0000c5f5  JoystickRight_getX                  
0000c2e5  LaunchPad_Init                      
0000cbdd  NMI_Handler                         
0000ccc1  PLL_Init                            
0000cbdd  PendSV_Handler                      
0000cbdd  RTC_IRQHandler                      
0000ccdf  Reset_Handler                       
0000cbdd  SPI0_IRQHandler                     
0000cbdd  SPI1_IRQHandler                     
0000bdb1  SPI_Init                            
0000c709  SPI_OutCommand                      
0000c989  SPI_OutData                         
0000c7dd  SPI_Reset                           
0000b5a1  ST7735_DrawBitmap                   
0000bb59  ST7735_DrawTransparentBitmapOnBuffer
0000bc99  ST7735_FillRect                     
0000caf1  ST7735_FillScreen                   
0000c1c5  ST7735_InitR                        
0000ca2d  ST7735_SetCursor                    
0000bea9  ST7735_SetRotation                  
0000cbdd  SVC_Handler                         
0000ca61  Sound_Init                          
20205244  StTextColor                         
2020523c  StX                                 
20205240  StY                                 
0000c125  SysTick_Handler                     
0000c799  SysTick_IntArm                      
20205008  TExaSLogic                          
2020500c  TExaSadc                            
0000cbdd  TIMA0_IRQHandler                    
0000cbdd  TIMA1_IRQHandler                    
0000cbdd  TIMG0_IRQHandler                    
0000cb49  TIMG12_IRQHandler                   
0000cbdd  TIMG6_IRQHandler                    
0000c81d  TIMG7_IRQHandler                    
0000cbdd  TIMG8_IRQHandler                    
0000cc2d  TI_memcpy_small                     
0000cc8f  TI_memset_small                     
0000cbdd  UART0_IRQHandler                    
0000cbdd  UART1_IRQHandler                    
0000cbdd  UART2_IRQHandler                    
0000cbdd  UART3_IRQHandler                    
20208000  __STACK_END                         
00000200  __STACK_SIZE                        
00000200  __SYSMEM_SIZE                       
00000000  __TI_ATRegion0_region_sz            
00000000  __TI_ATRegion0_src_addr             
00000000  __TI_ATRegion0_trg_addr             
00000000  __TI_ATRegion1_region_sz            
00000000  __TI_ATRegion1_src_addr             
00000000  __TI_ATRegion1_trg_addr             
00000000  __TI_ATRegion2_region_sz            
00000000  __TI_ATRegion2_src_addr             
00000000  __TI_ATRegion2_trg_addr             
0000cd1c  __TI_CINIT_Base                     
0000cd2c  __TI_CINIT_Limit                    
0000cd2c  __TI_CINIT_Warm                     
0000cd08  __TI_Handler_Table_Base             
0000cd14  __TI_Handler_Table_Limit            
0000c8d9  __TI_auto_init_nobinit_nopinit      
0000c361  __TI_decompress_lzss                
0000cc3f  __TI_decompress_none                
ffffffff  __TI_pprof_out_hndl                 
ffffffff  __TI_prof_data_size                 
ffffffff  __TI_prof_data_start                
00000000  __TI_static_base__                  
0000cc71  __TI_zero_init                      
0000c65d  __aeabi_idiv                        
0000c123  __aeabi_idiv0                       
0000c65d  __aeabi_idivmod                     
0000cb99  __aeabi_lmul                        
0000cca9  __aeabi_memclr                      
0000cca9  __aeabi_memclr4                     
0000cca9  __aeabi_memclr8                     
0000cccd  __aeabi_memcpy                      
0000cccd  __aeabi_memcpy4                     
0000cccd  __aeabi_memcpy8                     
0000c85d  __aeabi_uidiv                       
0000c85d  __aeabi_uidivmod                    
ffffffff  __binit__                           
UNDEFED   __mpu_init                          
0000cb99  __muldi3                            
0000c915  __muldsi3                           
20207e00  __stack                             
20200000  __start___llvm_prf_bits             
20200000  __start___llvm_prf_cnts             
20200000  __stop___llvm_prf_bits              
20200000  __stop___llvm_prf_cnts              
0000cb71  _c_int00_noargs                     
20205020  _sys_memory                         
UNDEFED   _system_post_cinit                  
0000cce3  _system_pre_init                    
0000ccd5  abort                               
20205010  backgroundIdx                       
000000c0  background_music                    
ffffffff  binit                               
20205220  dir                                 
20200000  displayBuffer                       
0000c751  fix16_add                           
0000b7b1  fix16_div                           
0000cc15  fix16_fast_cos                      
0000bf9d  fix16_fast_sin                      
0000c3dd  fix16_mul                           
00000000  interruptVectors                    
0000c9c1  main                                
20205228  plane                               
20205230  pos                                 
0000aaf1  raycast                             
00008d70  shotgunnormal                       
2020501c  soundCalled                         
20205014  soundIdx                            
20205000  soundToPlay                         
0000cac1  v2d_add                             
0000cb1d  v2d_mul_s                           
0000a830  worldMap                            


GLOBAL SYMBOLS: SORTED BY Symbol Address 

address   name                                
-------   ----                                
00000000  __TI_ATRegion0_region_sz            
00000000  __TI_ATRegion0_src_addr             
00000000  __TI_ATRegion0_trg_addr             
00000000  __TI_ATRegion1_region_sz            
00000000  __TI_ATRegion1_src_addr             
00000000  __TI_ATRegion1_trg_addr             
00000000  __TI_ATRegion2_region_sz            
00000000  __TI_ATRegion2_src_addr             
00000000  __TI_ATRegion2_trg_addr             
00000000  __TI_static_base__                  
00000000  interruptVectors                    
000000c0  background_music                    
00000200  __STACK_SIZE                        
00000200  __SYSMEM_SIZE                       
00008d70  shotgunnormal                       
0000a830  worldMap                            
0000aaf1  raycast                             
0000b5a1  ST7735_DrawBitmap                   
0000b7b1  fix16_div                           
0000b9a5  Clock_Init80MHz                     
0000bb59  ST7735_DrawTransparentBitmapOnBuffer
0000bc99  ST7735_FillRect                     
0000bdb1  SPI_Init                            
0000bea9  ST7735_SetRotation                  
0000bf9d  fix16_fast_sin                      
0000c123  __aeabi_idiv0                       
0000c125  SysTick_Handler                     
0000c1c5  ST7735_InitR                        
0000c2e5  LaunchPad_Init                      
0000c361  __TI_decompress_lzss                
0000c3dd  fix16_mul                           
0000c44d  JoystickLeft_Init                   
0000c4b9  JoystickRight_Init                  
0000c525  JoystickLeft_getX                   
0000c58d  JoystickLeft_getY                   
0000c5f5  JoystickRight_getX                  
0000c65d  __aeabi_idiv                        
0000c65d  __aeabi_idivmod                     
0000c6b5  DAC6_Init                           
0000c709  SPI_OutCommand                      
0000c751  fix16_add                           
0000c799  SysTick_IntArm                      
0000c7dd  SPI_Reset                           
0000c81d  TIMG7_IRQHandler                    
0000c85d  __aeabi_uidiv                       
0000c85d  __aeabi_uidivmod                    
0000c89d  DAC6_Out                            
0000c8d9  __TI_auto_init_nobinit_nopinit      
0000c915  __muldsi3                           
0000c951  ActivatePortA_B                     
0000c989  SPI_OutData                         
0000c9c1  main                                
0000c9f9  Clock_Delay1ms                      
0000ca2d  ST7735_SetCursor                    
0000ca61  Sound_Init                          
0000cac1  v2d_add                             
0000caf1  ST7735_FillScreen                   
0000cb1d  v2d_mul_s                           
0000cb49  TIMG12_IRQHandler                   
0000cb71  _c_int00_noargs                     
0000cb99  __aeabi_lmul                        
0000cb99  __muldi3                            
0000cbdd  ADC0_IRQHandler                     
0000cbdd  ADC1_IRQHandler                     
0000cbdd  AES_IRQHandler                      
0000cbdd  CANFD0_IRQHandler                   
0000cbdd  DAC0_IRQHandler                     
0000cbdd  DMA_IRQHandler                      
0000cbdd  Default_Handler                     
0000cbdd  GROUP0_IRQHandler                   
0000cbdd  GROUP1_IRQHandler                   
0000cbdd  I2C0_IRQHandler                     
0000cbdd  I2C1_IRQHandler                     
0000cbdd  NMI_Handler                         
0000cbdd  PendSV_Handler                      
0000cbdd  RTC_IRQHandler                      
0000cbdd  SPI0_IRQHandler                     
0000cbdd  SPI1_IRQHandler                     
0000cbdd  SVC_Handler                         
0000cbdd  TIMA0_IRQHandler                    
0000cbdd  TIMA1_IRQHandler                    
0000cbdd  TIMG0_IRQHandler                    
0000cbdd  TIMG6_IRQHandler                    
0000cbdd  TIMG8_IRQHandler                    
0000cbdd  UART0_IRQHandler                    
0000cbdd  UART1_IRQHandler                    
0000cbdd  UART2_IRQHandler                    
0000cbdd  UART3_IRQHandler                    
0000cbf9  HardFault_Handler                   
0000cc15  fix16_fast_cos                      
0000cc2d  TI_memcpy_small                     
0000cc3f  __TI_decompress_none                
0000cc51  Clock_Delay                         
0000cc61  Delay                               
0000cc71  __TI_zero_init                      
0000cc8f  TI_memset_small                     
0000cc9d  Clock_Freq                          
0000cca9  __aeabi_memclr                      
0000cca9  __aeabi_memclr4                     
0000cca9  __aeabi_memclr8                     
0000ccc1  PLL_Init                            
0000cccd  __aeabi_memcpy                      
0000cccd  __aeabi_memcpy4                     
0000cccd  __aeabi_memcpy8                     
0000ccd5  abort                               
0000ccda  C$$EXIT                             
0000ccdb  HOSTexit                            
0000ccdf  Reset_Handler                       
0000cce3  _system_pre_init                    
0000cd08  __TI_Handler_Table_Base             
0000cd14  __TI_Handler_Table_Limit            
0000cd1c  __TI_CINIT_Base                     
0000cd2c  __TI_CINIT_Limit                    
0000cd2c  __TI_CINIT_Warm                     
20200000  __start___llvm_prf_bits             
20200000  __start___llvm_prf_cnts             
20200000  __stop___llvm_prf_bits              
20200000  __stop___llvm_prf_cnts              
20200000  displayBuffer                       
20205000  soundToPlay                         
20205008  TExaSLogic                          
2020500c  TExaSadc                            
20205010  backgroundIdx                       
20205014  soundIdx                            
2020501c  soundCalled                         
20205020  _sys_memory                         
20205220  dir                                 
20205228  plane                               
20205230  pos                                 
20205238  BusFreq                             
2020523c  StX                                 
20205240  StY                                 
20205244  StTextColor                         
20207e00  __stack                             
20208000  __STACK_END                         
ffffffff  __TI_pprof_out_hndl                 
ffffffff  __TI_prof_data_size                 
ffffffff  __TI_prof_data_start                
ffffffff  __binit__                           
ffffffff  binit                               
UNDEFED   __mpu_init                          
UNDEFED   _system_post_cinit                  

[142 symbols]
