<?xml version="1.0" encoding="ISO-8859-1" ?>
<link_info>
   <banner>TI ARM Clang Linker PC v4.0.4.LTS</banner>
   <copyright>Copyright (c) 1996-2018 Texas Instruments Incorporated</copyright>
   <command_line>C:\ti\ccs2040\ccs\tools\compiler\ti-cgt-armllvm_4.0.4.LTS\bin\tiarmlnk -IC:\ti\ccs2040\ccs\tools\compiler\ti-cgt-armllvm_4.0.4.LTS\lib -o ECE319K_Lab9.out -mECE319K_Lab9.map --heap_size=512 --stack_size=512 -iC:/Users/kevin/Desktop/S2026/ECE 319K/ValvanoWare/ECE319K_Lab9/Debug/syscfg -iC:/ti/ccs2040/ccs/tools/compiler/ti-cgt-armllvm_4.0.4.LTS/lib --diag_wrap=off --display_error_number --warn_sections --xml_link_info=ECE319K_Lab9_linkInfo.xml --rom_model ./ADC1.o ./AMDAC4.o ./Animations.o ./Arabic.o ./Clock.o ./DAC5.o ./DAC6.o ./Entities.o ./HPDAC4.o ./JoystickLeft.o ./JoystickRight.o ./LED.o ./Lab9Main.o ./LaunchPad.o ./SPI.o ./ST7735.o ./SmallFont.o ./Sound.o ./Switch.o ./TExaS.o ./Timer.o ./render3D.o ./Math/fix/fix16.o ./Math/fix/fix16_exp.o ./Math/fix/fix16_fast_trig_lut.o ./Math/fix/fix16_sqrt.o ./Math/fix/fix16_str.o ./Math/fix/fract32.o ./Math/lib_fixmatrix/fixarray.o ./Math/lib_fixmatrix/fixmatrix.o ./Math/lib_fixmatrix/fixquat.o ./Math/lib_fixmatrix/fixstring.o ./Math/lib_fixmatrix/fixvector2d.o ./Math/lib_fixmatrix/fixvector3d.o ./images/images.o ./images/pipedreams/PipeSound.o ./ticlang/startup_mspm0g3507_ticlang.o ../mspm0g3507.cmd -lC:/ti/mspm0_sdk_2_09_00_01/source/ti/driverlib/lib/ticlang/m0p/mspm0g1x0x_g3x0x/driverlib.a -llibc.a --start-group -llibc++.a -llibc++abi.a -llibc.a -llibsys.a -llibsysbm.a -llibclang_rt.builtins.a -llibclang_rt.profile.a --end-group --cg_opt_level=0</command_line>
   <link_time>0x69e5b9bc</link_time>
   <link_errors>0x0</link_errors>
   <output_file>C:\Users\kevin\Desktop\S2026\ECE 319K\ValvanoWare\ECE319K_Lab9\Debug\ECE319K_Lab9.out</output_file>
   <entry_point>
      <name>_c_int00_noargs</name>
      <address>0x19fd5</address>
   </entry_point>
   <input_file_list>
      <input_file id="fl-1">
         <path>C:\Users\kevin\Desktop\S2026\ECE 319K\ValvanoWare\ECE319K_Lab9\Debug\.\</path>
         <kind>object</kind>
         <file>ADC1.o</file>
         <name>ADC1.o</name>
      </input_file>
      <input_file id="fl-2">
         <path>C:\Users\kevin\Desktop\S2026\ECE 319K\ValvanoWare\ECE319K_Lab9\Debug\.\</path>
         <kind>object</kind>
         <file>AMDAC4.o</file>
         <name>AMDAC4.o</name>
      </input_file>
      <input_file id="fl-3">
         <path>C:\Users\kevin\Desktop\S2026\ECE 319K\ValvanoWare\ECE319K_Lab9\Debug\.\</path>
         <kind>object</kind>
         <file>Animations.o</file>
         <name>Animations.o</name>
      </input_file>
      <input_file id="fl-4">
         <path>C:\Users\kevin\Desktop\S2026\ECE 319K\ValvanoWare\ECE319K_Lab9\Debug\.\</path>
         <kind>object</kind>
         <file>Arabic.o</file>
         <name>Arabic.o</name>
      </input_file>
      <input_file id="fl-5">
         <path>C:\Users\kevin\Desktop\S2026\ECE 319K\ValvanoWare\ECE319K_Lab9\Debug\.\</path>
         <kind>object</kind>
         <file>Clock.o</file>
         <name>Clock.o</name>
      </input_file>
      <input_file id="fl-6">
         <path>C:\Users\kevin\Desktop\S2026\ECE 319K\ValvanoWare\ECE319K_Lab9\Debug\.\</path>
         <kind>object</kind>
         <file>DAC5.o</file>
         <name>DAC5.o</name>
      </input_file>
      <input_file id="fl-7">
         <path>C:\Users\kevin\Desktop\S2026\ECE 319K\ValvanoWare\ECE319K_Lab9\Debug\.\</path>
         <kind>object</kind>
         <file>DAC6.o</file>
         <name>DAC6.o</name>
      </input_file>
      <input_file id="fl-8">
         <path>C:\Users\kevin\Desktop\S2026\ECE 319K\ValvanoWare\ECE319K_Lab9\Debug\.\</path>
         <kind>object</kind>
         <file>Entities.o</file>
         <name>Entities.o</name>
      </input_file>
      <input_file id="fl-9">
         <path>C:\Users\kevin\Desktop\S2026\ECE 319K\ValvanoWare\ECE319K_Lab9\Debug\.\</path>
         <kind>object</kind>
         <file>HPDAC4.o</file>
         <name>HPDAC4.o</name>
      </input_file>
      <input_file id="fl-a">
         <path>C:\Users\kevin\Desktop\S2026\ECE 319K\ValvanoWare\ECE319K_Lab9\Debug\.\</path>
         <kind>object</kind>
         <file>JoystickLeft.o</file>
         <name>JoystickLeft.o</name>
      </input_file>
      <input_file id="fl-b">
         <path>C:\Users\kevin\Desktop\S2026\ECE 319K\ValvanoWare\ECE319K_Lab9\Debug\.\</path>
         <kind>object</kind>
         <file>JoystickRight.o</file>
         <name>JoystickRight.o</name>
      </input_file>
      <input_file id="fl-c">
         <path>C:\Users\kevin\Desktop\S2026\ECE 319K\ValvanoWare\ECE319K_Lab9\Debug\.\</path>
         <kind>object</kind>
         <file>LED.o</file>
         <name>LED.o</name>
      </input_file>
      <input_file id="fl-d">
         <path>C:\Users\kevin\Desktop\S2026\ECE 319K\ValvanoWare\ECE319K_Lab9\Debug\.\</path>
         <kind>object</kind>
         <file>Lab9Main.o</file>
         <name>Lab9Main.o</name>
      </input_file>
      <input_file id="fl-e">
         <path>C:\Users\kevin\Desktop\S2026\ECE 319K\ValvanoWare\ECE319K_Lab9\Debug\.\</path>
         <kind>object</kind>
         <file>LaunchPad.o</file>
         <name>LaunchPad.o</name>
      </input_file>
      <input_file id="fl-f">
         <path>C:\Users\kevin\Desktop\S2026\ECE 319K\ValvanoWare\ECE319K_Lab9\Debug\.\</path>
         <kind>object</kind>
         <file>SPI.o</file>
         <name>SPI.o</name>
      </input_file>
      <input_file id="fl-10">
         <path>C:\Users\kevin\Desktop\S2026\ECE 319K\ValvanoWare\ECE319K_Lab9\Debug\.\</path>
         <kind>object</kind>
         <file>ST7735.o</file>
         <name>ST7735.o</name>
      </input_file>
      <input_file id="fl-11">
         <path>C:\Users\kevin\Desktop\S2026\ECE 319K\ValvanoWare\ECE319K_Lab9\Debug\.\</path>
         <kind>object</kind>
         <file>SmallFont.o</file>
         <name>SmallFont.o</name>
      </input_file>
      <input_file id="fl-12">
         <path>C:\Users\kevin\Desktop\S2026\ECE 319K\ValvanoWare\ECE319K_Lab9\Debug\.\</path>
         <kind>object</kind>
         <file>Sound.o</file>
         <name>Sound.o</name>
      </input_file>
      <input_file id="fl-13">
         <path>C:\Users\kevin\Desktop\S2026\ECE 319K\ValvanoWare\ECE319K_Lab9\Debug\.\</path>
         <kind>object</kind>
         <file>Switch.o</file>
         <name>Switch.o</name>
      </input_file>
      <input_file id="fl-14">
         <path>C:\Users\kevin\Desktop\S2026\ECE 319K\ValvanoWare\ECE319K_Lab9\Debug\.\</path>
         <kind>object</kind>
         <file>TExaS.o</file>
         <name>TExaS.o</name>
      </input_file>
      <input_file id="fl-15">
         <path>C:\Users\kevin\Desktop\S2026\ECE 319K\ValvanoWare\ECE319K_Lab9\Debug\.\</path>
         <kind>object</kind>
         <file>Timer.o</file>
         <name>Timer.o</name>
      </input_file>
      <input_file id="fl-16">
         <path>C:\Users\kevin\Desktop\S2026\ECE 319K\ValvanoWare\ECE319K_Lab9\Debug\.\</path>
         <kind>object</kind>
         <file>render3D.o</file>
         <name>render3D.o</name>
      </input_file>
      <input_file id="fl-17">
         <path>C:\Users\kevin\Desktop\S2026\ECE 319K\ValvanoWare\ECE319K_Lab9\Debug\.\Math\fix\</path>
         <kind>object</kind>
         <file>fix16.o</file>
         <name>fix16.o</name>
      </input_file>
      <input_file id="fl-18">
         <path>C:\Users\kevin\Desktop\S2026\ECE 319K\ValvanoWare\ECE319K_Lab9\Debug\.\Math\fix\</path>
         <kind>object</kind>
         <file>fix16_exp.o</file>
         <name>fix16_exp.o</name>
      </input_file>
      <input_file id="fl-19">
         <path>C:\Users\kevin\Desktop\S2026\ECE 319K\ValvanoWare\ECE319K_Lab9\Debug\.\Math\fix\</path>
         <kind>object</kind>
         <file>fix16_fast_trig_lut.o</file>
         <name>fix16_fast_trig_lut.o</name>
      </input_file>
      <input_file id="fl-1a">
         <path>C:\Users\kevin\Desktop\S2026\ECE 319K\ValvanoWare\ECE319K_Lab9\Debug\.\Math\fix\</path>
         <kind>object</kind>
         <file>fix16_sqrt.o</file>
         <name>fix16_sqrt.o</name>
      </input_file>
      <input_file id="fl-1b">
         <path>C:\Users\kevin\Desktop\S2026\ECE 319K\ValvanoWare\ECE319K_Lab9\Debug\.\Math\fix\</path>
         <kind>object</kind>
         <file>fix16_str.o</file>
         <name>fix16_str.o</name>
      </input_file>
      <input_file id="fl-1c">
         <path>C:\Users\kevin\Desktop\S2026\ECE 319K\ValvanoWare\ECE319K_Lab9\Debug\.\Math\fix\</path>
         <kind>object</kind>
         <file>fract32.o</file>
         <name>fract32.o</name>
      </input_file>
      <input_file id="fl-1d">
         <path>C:\Users\kevin\Desktop\S2026\ECE 319K\ValvanoWare\ECE319K_Lab9\Debug\.\Math\lib_fixmatrix\</path>
         <kind>object</kind>
         <file>fixarray.o</file>
         <name>fixarray.o</name>
      </input_file>
      <input_file id="fl-1e">
         <path>C:\Users\kevin\Desktop\S2026\ECE 319K\ValvanoWare\ECE319K_Lab9\Debug\.\Math\lib_fixmatrix\</path>
         <kind>object</kind>
         <file>fixmatrix.o</file>
         <name>fixmatrix.o</name>
      </input_file>
      <input_file id="fl-1f">
         <path>C:\Users\kevin\Desktop\S2026\ECE 319K\ValvanoWare\ECE319K_Lab9\Debug\.\Math\lib_fixmatrix\</path>
         <kind>object</kind>
         <file>fixquat.o</file>
         <name>fixquat.o</name>
      </input_file>
      <input_file id="fl-20">
         <path>C:\Users\kevin\Desktop\S2026\ECE 319K\ValvanoWare\ECE319K_Lab9\Debug\.\Math\lib_fixmatrix\</path>
         <kind>object</kind>
         <file>fixstring.o</file>
         <name>fixstring.o</name>
      </input_file>
      <input_file id="fl-21">
         <path>C:\Users\kevin\Desktop\S2026\ECE 319K\ValvanoWare\ECE319K_Lab9\Debug\.\Math\lib_fixmatrix\</path>
         <kind>object</kind>
         <file>fixvector2d.o</file>
         <name>fixvector2d.o</name>
      </input_file>
      <input_file id="fl-22">
         <path>C:\Users\kevin\Desktop\S2026\ECE 319K\ValvanoWare\ECE319K_Lab9\Debug\.\Math\lib_fixmatrix\</path>
         <kind>object</kind>
         <file>fixvector3d.o</file>
         <name>fixvector3d.o</name>
      </input_file>
      <input_file id="fl-23">
         <path>C:\Users\kevin\Desktop\S2026\ECE 319K\ValvanoWare\ECE319K_Lab9\Debug\.\images\</path>
         <kind>object</kind>
         <file>images.o</file>
         <name>images.o</name>
      </input_file>
      <input_file id="fl-24">
         <path>C:\Users\kevin\Desktop\S2026\ECE 319K\ValvanoWare\ECE319K_Lab9\Debug\.\images\pipedreams\</path>
         <kind>object</kind>
         <file>PipeSound.o</file>
         <name>PipeSound.o</name>
      </input_file>
      <input_file id="fl-25">
         <path>C:\Users\kevin\Desktop\S2026\ECE 319K\ValvanoWare\ECE319K_Lab9\Debug\.\ticlang\</path>
         <kind>object</kind>
         <file>startup_mspm0g3507_ticlang.o</file>
         <name>startup_mspm0g3507_ticlang.o</name>
      </input_file>
      <input_file id="fl-31">
         <path>C:\Users\kevin\Desktop\S2026\ECE 319K\ValvanoWare\ECE319K_Lab9\Debug\</path>
         <kind>object</kind>
         <file>&lt;internal&gt;</file>
         <name>&lt;internal&gt;</name>
      </input_file>
      <input_file id="fl-48">
         <path>C:\ti\ccs2040\ccs\tools\compiler\ti-cgt-armllvm_4.0.4.LTS\lib\armv6m-ti-none-eabi\c\</path>
         <kind>archive</kind>
         <file>libc.a</file>
         <name>fprintf.c.obj</name>
      </input_file>
      <input_file id="fl-49">
         <path>C:\ti\ccs2040\ccs\tools\compiler\ti-cgt-armllvm_4.0.4.LTS\lib\armv6m-ti-none-eabi\c\</path>
         <kind>archive</kind>
         <file>libc.a</file>
         <name>_printfi.c.obj</name>
      </input_file>
      <input_file id="fl-4a">
         <path>C:\ti\ccs2040\ccs\tools\compiler\ti-cgt-armllvm_4.0.4.LTS\lib\armv6m-ti-none-eabi\c\</path>
         <kind>archive</kind>
         <file>libc.a</file>
         <name>fopen.c.obj</name>
      </input_file>
      <input_file id="fl-4b">
         <path>C:\ti\ccs2040\ccs\tools\compiler\ti-cgt-armllvm_4.0.4.LTS\lib\armv6m-ti-none-eabi\c\</path>
         <kind>archive</kind>
         <file>libc.a</file>
         <name>fputc.c.obj</name>
      </input_file>
      <input_file id="fl-4c">
         <path>C:\ti\ccs2040\ccs\tools\compiler\ti-cgt-armllvm_4.0.4.LTS\lib\armv6m-ti-none-eabi\c\</path>
         <kind>archive</kind>
         <file>libc.a</file>
         <name>fputs.c.obj</name>
      </input_file>
      <input_file id="fl-4d">
         <path>C:\ti\ccs2040\ccs\tools\compiler\ti-cgt-armllvm_4.0.4.LTS\lib\armv6m-ti-none-eabi\c\</path>
         <kind>archive</kind>
         <file>libc.a</file>
         <name>_io_perm.c.obj</name>
      </input_file>
      <input_file id="fl-4e">
         <path>C:\ti\ccs2040\ccs\tools\compiler\ti-cgt-armllvm_4.0.4.LTS\lib\armv6m-ti-none-eabi\c\</path>
         <kind>archive</kind>
         <file>libc.a</file>
         <name>setvbuf.c.obj</name>
      </input_file>
      <input_file id="fl-4f">
         <path>C:\ti\ccs2040\ccs\tools\compiler\ti-cgt-armllvm_4.0.4.LTS\lib\armv6m-ti-none-eabi\c\</path>
         <kind>archive</kind>
         <file>libc.a</file>
         <name>aeabi_portable.c.obj</name>
      </input_file>
      <input_file id="fl-50">
         <path>C:\ti\ccs2040\ccs\tools\compiler\ti-cgt-armllvm_4.0.4.LTS\lib\armv6m-ti-none-eabi\c\</path>
         <kind>archive</kind>
         <file>libc.a</file>
         <name>exit.c.obj</name>
      </input_file>
      <input_file id="fl-51">
         <path>C:\ti\ccs2040\ccs\tools\compiler\ti-cgt-armllvm_4.0.4.LTS\lib\armv6m-ti-none-eabi\c\</path>
         <kind>archive</kind>
         <file>libc.a</file>
         <name>_lock.c.obj</name>
      </input_file>
      <input_file id="fl-52">
         <path>C:\ti\ccs2040\ccs\tools\compiler\ti-cgt-armllvm_4.0.4.LTS\lib\armv6m-ti-none-eabi\c\</path>
         <kind>archive</kind>
         <file>libc.a</file>
         <name>_ltoa.c.obj</name>
      </input_file>
      <input_file id="fl-53">
         <path>C:\ti\ccs2040\ccs\tools\compiler\ti-cgt-armllvm_4.0.4.LTS\lib\armv6m-ti-none-eabi\c\</path>
         <kind>archive</kind>
         <file>libc.a</file>
         <name>assert.c.obj</name>
      </input_file>
      <input_file id="fl-54">
         <path>C:\ti\ccs2040\ccs\tools\compiler\ti-cgt-armllvm_4.0.4.LTS\lib\armv6m-ti-none-eabi\c\</path>
         <kind>archive</kind>
         <file>libc.a</file>
         <name>atoi.c.obj</name>
      </input_file>
      <input_file id="fl-55">
         <path>C:\ti\ccs2040\ccs\tools\compiler\ti-cgt-armllvm_4.0.4.LTS\lib\armv6m-ti-none-eabi\c\</path>
         <kind>archive</kind>
         <file>libc.a</file>
         <name>defs.c.obj</name>
      </input_file>
      <input_file id="fl-56">
         <path>C:\ti\ccs2040\ccs\tools\compiler\ti-cgt-armllvm_4.0.4.LTS\lib\armv6m-ti-none-eabi\c\</path>
         <kind>archive</kind>
         <file>libc.a</file>
         <name>isdigit.c.obj</name>
      </input_file>
      <input_file id="fl-57">
         <path>C:\ti\ccs2040\ccs\tools\compiler\ti-cgt-armllvm_4.0.4.LTS\lib\armv6m-ti-none-eabi\c\</path>
         <kind>archive</kind>
         <file>libc.a</file>
         <name>isspace.c.obj</name>
      </input_file>
      <input_file id="fl-58">
         <path>C:\ti\ccs2040\ccs\tools\compiler\ti-cgt-armllvm_4.0.4.LTS\lib\armv6m-ti-none-eabi\c\</path>
         <kind>archive</kind>
         <file>libc.a</file>
         <name>memccpy.c.obj</name>
      </input_file>
      <input_file id="fl-59">
         <path>C:\ti\ccs2040\ccs\tools\compiler\ti-cgt-armllvm_4.0.4.LTS\lib\armv6m-ti-none-eabi\c\</path>
         <kind>archive</kind>
         <file>libc.a</file>
         <name>memory.c.obj</name>
      </input_file>
      <input_file id="fl-5a">
         <path>C:\ti\ccs2040\ccs\tools\compiler\ti-cgt-armllvm_4.0.4.LTS\lib\armv6m-ti-none-eabi\c\</path>
         <kind>archive</kind>
         <file>libc.a</file>
         <name>strlen.c.obj</name>
      </input_file>
      <input_file id="fl-5b">
         <path>C:\ti\ccs2040\ccs\tools\compiler\ti-cgt-armllvm_4.0.4.LTS\lib\armv6m-ti-none-eabi\c\</path>
         <kind>archive</kind>
         <file>libc.a</file>
         <name>boot_cortex_m.c.obj</name>
      </input_file>
      <input_file id="fl-5c">
         <path>C:\ti\ccs2040\ccs\tools\compiler\ti-cgt-armllvm_4.0.4.LTS\lib\armv6m-ti-none-eabi\c\</path>
         <kind>archive</kind>
         <file>libc.a</file>
         <name>mathacl_init.c.obj</name>
      </input_file>
      <input_file id="fl-5d">
         <path>C:\ti\ccs2040\ccs\tools\compiler\ti-cgt-armllvm_4.0.4.LTS\lib\armv6m-ti-none-eabi\c\</path>
         <kind>archive</kind>
         <file>libc.a</file>
         <name>autoinit.c.obj</name>
      </input_file>
      <input_file id="fl-5e">
         <path>C:\ti\ccs2040\ccs\tools\compiler\ti-cgt-armllvm_4.0.4.LTS\lib\armv6m-ti-none-eabi\c\</path>
         <kind>archive</kind>
         <file>libc.a</file>
         <name>pre_init.c.obj</name>
      </input_file>
      <input_file id="fl-5f">
         <path>C:\ti\ccs2040\ccs\tools\compiler\ti-cgt-armllvm_4.0.4.LTS\lib\armv6m-ti-none-eabi\c\</path>
         <kind>archive</kind>
         <file>libc.a</file>
         <name>cpy_tbl.c.obj</name>
      </input_file>
      <input_file id="fl-60">
         <path>C:\ti\ccs2040\ccs\tools\compiler\ti-cgt-armllvm_4.0.4.LTS\lib\armv6m-ti-none-eabi\c\</path>
         <kind>archive</kind>
         <file>libc.a</file>
         <name>copy_zero_init.c.obj</name>
      </input_file>
      <input_file id="fl-61">
         <path>C:\ti\ccs2040\ccs\tools\compiler\ti-cgt-armllvm_4.0.4.LTS\lib\armv6m-ti-none-eabi\c\</path>
         <kind>archive</kind>
         <file>libc.a</file>
         <name>copy_decompress_none.c.obj</name>
      </input_file>
      <input_file id="fl-62">
         <path>C:\ti\ccs2040\ccs\tools\compiler\ti-cgt-armllvm_4.0.4.LTS\lib\armv6m-ti-none-eabi\c\</path>
         <kind>archive</kind>
         <file>libc.a</file>
         <name>copy_decompress_lzss.c.obj</name>
      </input_file>
      <input_file id="fl-63">
         <path>C:\ti\ccs2040\ccs\tools\compiler\ti-cgt-armllvm_4.0.4.LTS\lib\armv6m-ti-none-eabi\c\</path>
         <kind>archive</kind>
         <file>libc.a</file>
         <name>s_frexp.c.obj</name>
      </input_file>
      <input_file id="fl-64">
         <path>C:\ti\ccs2040\ccs\tools\compiler\ti-cgt-armllvm_4.0.4.LTS\lib\armv6m-ti-none-eabi\c\</path>
         <kind>archive</kind>
         <file>libc.a</file>
         <name>s_scalbn.c.obj</name>
      </input_file>
      <input_file id="fl-65">
         <path>C:\ti\ccs2040\ccs\tools\compiler\ti-cgt-armllvm_4.0.4.LTS\lib\armv6m-ti-none-eabi\c\</path>
         <kind>archive</kind>
         <file>libc.a</file>
         <name>wcslen.c.obj</name>
      </input_file>
      <input_file id="fl-66">
         <path>C:\ti\ccs2040\ccs\tools\compiler\ti-cgt-armllvm_4.0.4.LTS\lib\armv6m-ti-none-eabi\c\</path>
         <kind>archive</kind>
         <file>libc.a</file>
         <name>sprintf.c.obj</name>
      </input_file>
      <input_file id="fl-67">
         <path>C:\ti\ccs2040\ccs\tools\compiler\ti-cgt-armllvm_4.0.4.LTS\lib\armv6m-ti-none-eabi\c\</path>
         <kind>archive</kind>
         <file>libc.a</file>
         <name>fclose.c.obj</name>
      </input_file>
      <input_file id="fl-68">
         <path>C:\ti\ccs2040\ccs\tools\compiler\ti-cgt-armllvm_4.0.4.LTS\lib\armv6m-ti-none-eabi\c\</path>
         <kind>archive</kind>
         <file>libc.a</file>
         <name>fflush.c.obj</name>
      </input_file>
      <input_file id="fl-69">
         <path>C:\ti\ccs2040\ccs\tools\compiler\ti-cgt-armllvm_4.0.4.LTS\lib\armv6m-ti-none-eabi\c\</path>
         <kind>archive</kind>
         <file>libc.a</file>
         <name>fseek.c.obj</name>
      </input_file>
      <input_file id="fl-6a">
         <path>C:\ti\ccs2040\ccs\tools\compiler\ti-cgt-armllvm_4.0.4.LTS\lib\armv6m-ti-none-eabi\c\</path>
         <kind>archive</kind>
         <file>libc.a</file>
         <name>aeabi_ctype.S.obj</name>
      </input_file>
      <input_file id="fl-6b">
         <path>C:\ti\ccs2040\ccs\tools\compiler\ti-cgt-armllvm_4.0.4.LTS\lib\armv6m-ti-none-eabi\c\</path>
         <kind>archive</kind>
         <file>libc.a</file>
         <name>args_main.c.obj</name>
      </input_file>
      <input_file id="fl-10b">
         <path>C:\ti\ccs2040\ccs\tools\compiler\ti-cgt-armllvm_4.0.4.LTS\lib\armv6m-ti-none-eabi\c\</path>
         <kind>archive</kind>
         <file>libsysbm.a</file>
         <name>hostexit.c.obj</name>
      </input_file>
      <input_file id="fl-10c">
         <path>C:\ti\ccs2040\ccs\tools\compiler\ti-cgt-armllvm_4.0.4.LTS\lib\armv6m-ti-none-eabi\c\</path>
         <kind>archive</kind>
         <file>libsysbm.a</file>
         <name>write.c.obj</name>
      </input_file>
      <input_file id="fl-10d">
         <path>C:\ti\ccs2040\ccs\tools\compiler\ti-cgt-armllvm_4.0.4.LTS\lib\armv6m-ti-none-eabi\c\</path>
         <kind>archive</kind>
         <file>libsysbm.a</file>
         <name>host_device.c.obj</name>
      </input_file>
      <input_file id="fl-10e">
         <path>C:\ti\ccs2040\ccs\tools\compiler\ti-cgt-armllvm_4.0.4.LTS\lib\armv6m-ti-none-eabi\c\</path>
         <kind>archive</kind>
         <file>libsysbm.a</file>
         <name>remove.c.obj</name>
      </input_file>
      <input_file id="fl-10f">
         <path>C:\ti\ccs2040\ccs\tools\compiler\ti-cgt-armllvm_4.0.4.LTS\lib\armv6m-ti-none-eabi\c\</path>
         <kind>archive</kind>
         <file>libsysbm.a</file>
         <name>open.c.obj</name>
      </input_file>
      <input_file id="fl-110">
         <path>C:\ti\ccs2040\ccs\tools\compiler\ti-cgt-armllvm_4.0.4.LTS\lib\armv6m-ti-none-eabi\c\</path>
         <kind>archive</kind>
         <file>libsysbm.a</file>
         <name>lseek.c.obj</name>
      </input_file>
      <input_file id="fl-111">
         <path>C:\ti\ccs2040\ccs\tools\compiler\ti-cgt-armllvm_4.0.4.LTS\lib\armv6m-ti-none-eabi\c\</path>
         <kind>archive</kind>
         <file>libsysbm.a</file>
         <name>close.c.obj</name>
      </input_file>
      <input_file id="fl-112">
         <path>C:\ti\ccs2040\ccs\tools\compiler\ti-cgt-armllvm_4.0.4.LTS\lib\armv6m-ti-none-eabi\c\</path>
         <kind>archive</kind>
         <file>libsysbm.a</file>
         <name>add_device.c.obj</name>
      </input_file>
      <input_file id="fl-113">
         <path>C:\ti\ccs2040\ccs\tools\compiler\ti-cgt-armllvm_4.0.4.LTS\lib\armv6m-ti-none-eabi\c\</path>
         <kind>archive</kind>
         <file>libsysbm.a</file>
         <name>unlink.c.obj</name>
      </input_file>
      <input_file id="fl-114">
         <path>C:\ti\ccs2040\ccs\tools\compiler\ti-cgt-armllvm_4.0.4.LTS\lib\armv6m-ti-none-eabi\c\</path>
         <kind>archive</kind>
         <file>libsysbm.a</file>
         <name>hostclose.c.obj</name>
      </input_file>
      <input_file id="fl-115">
         <path>C:\ti\ccs2040\ccs\tools\compiler\ti-cgt-armllvm_4.0.4.LTS\lib\armv6m-ti-none-eabi\c\</path>
         <kind>archive</kind>
         <file>libsysbm.a</file>
         <name>hostlseek.c.obj</name>
      </input_file>
      <input_file id="fl-116">
         <path>C:\ti\ccs2040\ccs\tools\compiler\ti-cgt-armllvm_4.0.4.LTS\lib\armv6m-ti-none-eabi\c\</path>
         <kind>archive</kind>
         <file>libsysbm.a</file>
         <name>hostopen.c.obj</name>
      </input_file>
      <input_file id="fl-117">
         <path>C:\ti\ccs2040\ccs\tools\compiler\ti-cgt-armllvm_4.0.4.LTS\lib\armv6m-ti-none-eabi\c\</path>
         <kind>archive</kind>
         <file>libsysbm.a</file>
         <name>hostread.c.obj</name>
      </input_file>
      <input_file id="fl-118">
         <path>C:\ti\ccs2040\ccs\tools\compiler\ti-cgt-armllvm_4.0.4.LTS\lib\armv6m-ti-none-eabi\c\</path>
         <kind>archive</kind>
         <file>libsysbm.a</file>
         <name>hostrename.c.obj</name>
      </input_file>
      <input_file id="fl-119">
         <path>C:\ti\ccs2040\ccs\tools\compiler\ti-cgt-armllvm_4.0.4.LTS\lib\armv6m-ti-none-eabi\c\</path>
         <kind>archive</kind>
         <file>libsysbm.a</file>
         <name>hostunlink.c.obj</name>
      </input_file>
      <input_file id="fl-11a">
         <path>C:\ti\ccs2040\ccs\tools\compiler\ti-cgt-armllvm_4.0.4.LTS\lib\armv6m-ti-none-eabi\c\</path>
         <kind>archive</kind>
         <file>libsysbm.a</file>
         <name>hostwrite.c.obj</name>
      </input_file>
      <input_file id="fl-11b">
         <path>C:\ti\ccs2040\ccs\tools\compiler\ti-cgt-armllvm_4.0.4.LTS\lib\armv6m-ti-none-eabi\c\</path>
         <kind>archive</kind>
         <file>libsysbm.a</file>
         <name>trgmsg.c.obj</name>
      </input_file>
      <input_file id="fl-11c">
         <path>C:\ti\ccs2040\ccs\tools\compiler\ti-cgt-armllvm_4.0.4.LTS\lib\armv6m-ti-none-eabi\</path>
         <kind>archive</kind>
         <file>libclang_rt.builtins.a</file>
         <name>adddf3.S.obj</name>
      </input_file>
      <input_file id="fl-11d">
         <path>C:\ti\ccs2040\ccs\tools\compiler\ti-cgt-armllvm_4.0.4.LTS\lib\armv6m-ti-none-eabi\</path>
         <kind>archive</kind>
         <file>libclang_rt.builtins.a</file>
         <name>muldf3.S.obj</name>
      </input_file>
      <input_file id="fl-11e">
         <path>C:\ti\ccs2040\ccs\tools\compiler\ti-cgt-armllvm_4.0.4.LTS\lib\armv6m-ti-none-eabi\</path>
         <kind>archive</kind>
         <file>libclang_rt.builtins.a</file>
         <name>muldsi3.S.obj</name>
      </input_file>
      <input_file id="fl-11f">
         <path>C:\ti\ccs2040\ccs\tools\compiler\ti-cgt-armllvm_4.0.4.LTS\lib\armv6m-ti-none-eabi\</path>
         <kind>archive</kind>
         <file>libclang_rt.builtins.a</file>
         <name>ashldi3.S.obj</name>
      </input_file>
      <input_file id="fl-120">
         <path>C:\ti\ccs2040\ccs\tools\compiler\ti-cgt-armllvm_4.0.4.LTS\lib\armv6m-ti-none-eabi\</path>
         <kind>archive</kind>
         <file>libclang_rt.builtins.a</file>
         <name>ashrdi3.S.obj</name>
      </input_file>
      <input_file id="fl-121">
         <path>C:\ti\ccs2040\ccs\tools\compiler\ti-cgt-armllvm_4.0.4.LTS\lib\armv6m-ti-none-eabi\</path>
         <kind>archive</kind>
         <file>libclang_rt.builtins.a</file>
         <name>divdf3.S.obj</name>
      </input_file>
      <input_file id="fl-122">
         <path>C:\ti\ccs2040\ccs\tools\compiler\ti-cgt-armllvm_4.0.4.LTS\lib\armv6m-ti-none-eabi\</path>
         <kind>archive</kind>
         <file>libclang_rt.builtins.a</file>
         <name>fixdfsi.S.obj</name>
      </input_file>
      <input_file id="fl-123">
         <path>C:\ti\ccs2040\ccs\tools\compiler\ti-cgt-armllvm_4.0.4.LTS\lib\armv6m-ti-none-eabi\</path>
         <kind>archive</kind>
         <file>libclang_rt.builtins.a</file>
         <name>floatsidf.S.obj</name>
      </input_file>
      <input_file id="fl-124">
         <path>C:\ti\ccs2040\ccs\tools\compiler\ti-cgt-armllvm_4.0.4.LTS\lib\armv6m-ti-none-eabi\</path>
         <kind>archive</kind>
         <file>libclang_rt.builtins.a</file>
         <name>floatunsidf.S.obj</name>
      </input_file>
      <input_file id="fl-125">
         <path>C:\ti\ccs2040\ccs\tools\compiler\ti-cgt-armllvm_4.0.4.LTS\lib\armv6m-ti-none-eabi\</path>
         <kind>archive</kind>
         <file>libclang_rt.builtins.a</file>
         <name>muldi3.S.obj</name>
      </input_file>
      <input_file id="fl-126">
         <path>C:\ti\ccs2040\ccs\tools\compiler\ti-cgt-armllvm_4.0.4.LTS\lib\armv6m-ti-none-eabi\</path>
         <kind>archive</kind>
         <file>libclang_rt.builtins.a</file>
         <name>truncdfsf2.S.obj</name>
      </input_file>
      <input_file id="fl-127">
         <path>C:\ti\ccs2040\ccs\tools\compiler\ti-cgt-armllvm_4.0.4.LTS\lib\armv6m-ti-none-eabi\</path>
         <kind>archive</kind>
         <file>libclang_rt.builtins.a</file>
         <name>aeabi_dcmp.S.obj</name>
      </input_file>
      <input_file id="fl-128">
         <path>C:\ti\ccs2040\ccs\tools\compiler\ti-cgt-armllvm_4.0.4.LTS\lib\armv6m-ti-none-eabi\</path>
         <kind>archive</kind>
         <file>libclang_rt.builtins.a</file>
         <name>aeabi_idivmod.S.obj</name>
      </input_file>
      <input_file id="fl-129">
         <path>C:\ti\ccs2040\ccs\tools\compiler\ti-cgt-armllvm_4.0.4.LTS\lib\armv6m-ti-none-eabi\</path>
         <kind>archive</kind>
         <file>libclang_rt.builtins.a</file>
         <name>aeabi_memcpy.S.obj</name>
      </input_file>
      <input_file id="fl-12a">
         <path>C:\ti\ccs2040\ccs\tools\compiler\ti-cgt-armllvm_4.0.4.LTS\lib\armv6m-ti-none-eabi\</path>
         <kind>archive</kind>
         <file>libclang_rt.builtins.a</file>
         <name>aeabi_memset.S.obj</name>
      </input_file>
      <input_file id="fl-12b">
         <path>C:\ti\ccs2040\ccs\tools\compiler\ti-cgt-armllvm_4.0.4.LTS\lib\armv6m-ti-none-eabi\</path>
         <kind>archive</kind>
         <file>libclang_rt.builtins.a</file>
         <name>aeabi_uidivmod.S.obj</name>
      </input_file>
      <input_file id="fl-12c">
         <path>C:\ti\ccs2040\ccs\tools\compiler\ti-cgt-armllvm_4.0.4.LTS\lib\armv6m-ti-none-eabi\</path>
         <kind>archive</kind>
         <file>libclang_rt.builtins.a</file>
         <name>aeabi_uldivmod.S.obj</name>
      </input_file>
      <input_file id="fl-12d">
         <path>C:\ti\ccs2040\ccs\tools\compiler\ti-cgt-armllvm_4.0.4.LTS\lib\armv6m-ti-none-eabi\</path>
         <kind>archive</kind>
         <file>libclang_rt.builtins.a</file>
         <name>udivmoddi4.S.obj</name>
      </input_file>
      <input_file id="fl-12e">
         <path>C:\ti\ccs2040\ccs\tools\compiler\ti-cgt-armllvm_4.0.4.LTS\lib\armv6m-ti-none-eabi\</path>
         <kind>archive</kind>
         <file>libclang_rt.builtins.a</file>
         <name>comparedf2.c.obj</name>
      </input_file>
      <input_file id="fl-12f">
         <path>C:\ti\ccs2040\ccs\tools\compiler\ti-cgt-armllvm_4.0.4.LTS\lib\armv6m-ti-none-eabi\</path>
         <kind>archive</kind>
         <file>libclang_rt.builtins.a</file>
         <name>aeabi_div0.c.obj</name>
      </input_file>
      <input_file id="fl-130">
         <path>C:\ti\ccs2040\ccs\tools\compiler\ti-cgt-armllvm_4.0.4.LTS\lib\armv6m-ti-none-eabi\c\</path>
         <kind>archive</kind>
         <file>libc.a</file>
         <name>getdevice.c.obj</name>
      </input_file>
      <input_file id="fl-131">
         <path>C:\ti\ccs2040\ccs\tools\compiler\ti-cgt-armllvm_4.0.4.LTS\lib\armv6m-ti-none-eabi\c\</path>
         <kind>archive</kind>
         <file>libc.a</file>
         <name>memcpy16.S.obj</name>
      </input_file>
      <input_file id="fl-132">
         <path>C:\ti\ccs2040\ccs\tools\compiler\ti-cgt-armllvm_4.0.4.LTS\lib\armv6m-ti-none-eabi\c\</path>
         <kind>archive</kind>
         <file>libc.a</file>
         <name>memset16.S.obj</name>
      </input_file>
      <input_file id="fl-133">
         <path>C:\ti\ccs2040\ccs\tools\compiler\ti-cgt-armllvm_4.0.4.LTS\lib\armv6m-ti-none-eabi\c\</path>
         <kind>archive</kind>
         <file>libc.a</file>
         <name>strcmp-armv6m.S.obj</name>
      </input_file>
   </input_file_list>
   <object_component_list>
      <object_component id="oc-18">
         <name>.intvecs</name>
         <load_address>0x0</load_address>
         <readonly>true</readonly>
         <run_address>0x0</run_address>
         <size>0xc0</size>
         <alignment>0x4</alignment>
         <input_file_ref idref="fl-25"/>
      </object_component>
      <object_component id="oc-ea">
         <name>.text.raycast</name>
         <load_address>0x17648</load_address>
         <readonly>true</readonly>
         <executable>true</executable>
         <run_address>0x17648</run_address>
         <size>0x10f4</size>
         <alignment>0x4</alignment>
         <input_file_ref idref="fl-16"/>
      </object_component>
      <object_component id="oc-169">
         <name>.text.ST7735_DrawBitmap</name>
         <load_address>0x1873c</load_address>
         <readonly>true</readonly>
         <executable>true</executable>
         <run_address>0x1873c</run_address>
         <size>0x210</size>
         <alignment>0x4</alignment>
         <input_file_ref idref="fl-10"/>
      </object_component>
      <object_component id="oc-14b">
         <name>.text.fix16_div</name>
         <load_address>0x1894c</load_address>
         <readonly>true</readonly>
         <executable>true</executable>
         <run_address>0x1894c</run_address>
         <size>0x1f4</size>
         <alignment>0x4</alignment>
         <input_file_ref idref="fl-17"/>
      </object_component>
      <object_component id="oc-112">
         <name>.text.Clock_Init80MHz</name>
         <load_address>0x18b40</load_address>
         <readonly>true</readonly>
         <executable>true</executable>
         <run_address>0x18b40</run_address>
         <size>0x1b4</size>
         <alignment>0x4</alignment>
         <input_file_ref idref="fl-5"/>
      </object_component>
      <object_component id="oc-168">
         <name>.text.ST7735_DrawTransparentBitmapOnBuffer</name>
         <load_address>0x18cf4</load_address>
         <readonly>true</readonly>
         <executable>true</executable>
         <run_address>0x18cf4</run_address>
         <size>0x164</size>
         <alignment>0x4</alignment>
         <input_file_ref idref="fl-10"/>
      </object_component>
      <object_component id="oc-134">
         <name>.text.ST7735_FillRect</name>
         <load_address>0x18e58</load_address>
         <readonly>true</readonly>
         <executable>true</executable>
         <run_address>0x18e58</run_address>
         <size>0x118</size>
         <alignment>0x4</alignment>
         <input_file_ref idref="fl-10"/>
      </object_component>
      <object_component id="oc-184">
         <name>.text.SPI_Init</name>
         <load_address>0x18f70</load_address>
         <readonly>true</readonly>
         <executable>true</executable>
         <run_address>0x18f70</run_address>
         <size>0xf8</size>
         <alignment>0x4</alignment>
         <input_file_ref idref="fl-f"/>
      </object_component>
      <object_component id="oc-e0">
         <name>.text.ST7735_SetRotation</name>
         <load_address>0x19068</load_address>
         <readonly>true</readonly>
         <executable>true</executable>
         <run_address>0x19068</run_address>
         <size>0xf4</size>
         <alignment>0x4</alignment>
         <input_file_ref idref="fl-10"/>
      </object_component>
      <object_component id="oc-151">
         <name>.text.fix16_fast_sin</name>
         <load_address>0x1915c</load_address>
         <readonly>true</readonly>
         <executable>true</executable>
         <run_address>0x1915c</run_address>
         <size>0xe4</size>
         <alignment>0x4</alignment>
         <input_file_ref idref="fl-19"/>
      </object_component>
      <object_component id="oc-d5">
         <name>.text.TimerG8_IntArm</name>
         <load_address>0x19240</load_address>
         <readonly>true</readonly>
         <executable>true</executable>
         <run_address>0x19240</run_address>
         <size>0xa8</size>
         <alignment>0x4</alignment>
         <input_file_ref idref="fl-15"/>
      </object_component>
      <object_component id="oc-122">
         <name>.text.commandList</name>
         <load_address>0x192e8</load_address>
         <readonly>true</readonly>
         <executable>true</executable>
         <run_address>0x192e8</run_address>
         <size>0xa2</size>
         <alignment>0x2</alignment>
         <input_file_ref idref="fl-10"/>
      </object_component>
      <object_component id="oc-8c">
         <name>.text.Sound_Reload</name>
         <load_address>0x1938a</load_address>
         <readonly>true</readonly>
         <executable>true</executable>
         <run_address>0x1938a</run_address>
         <size>0x2</size>
         <alignment>0x2</alignment>
         <input_file_ref idref="fl-12"/>
      </object_component>
      <object_component id="oc-da">
         <name>.text.ST7735_InitR</name>
         <load_address>0x1938c</load_address>
         <readonly>true</readonly>
         <executable>true</executable>
         <run_address>0x1938c</run_address>
         <size>0x98</size>
         <alignment>0x4</alignment>
         <input_file_ref idref="fl-10"/>
      </object_component>
      <object_component id="oc-138">
         <name>.text.TimerG12_IntArm</name>
         <load_address>0x19424</load_address>
         <readonly>true</readonly>
         <executable>true</executable>
         <run_address>0x19424</run_address>
         <size>0x94</size>
         <alignment>0x4</alignment>
         <input_file_ref idref="fl-15"/>
      </object_component>
      <object_component id="oc-45">
         <name>.text.TIMG12_IRQHandler</name>
         <load_address>0x194b8</load_address>
         <readonly>true</readonly>
         <executable>true</executable>
         <run_address>0x194b8</run_address>
         <size>0x8c</size>
         <alignment>0x4</alignment>
         <input_file_ref idref="fl-13"/>
      </object_component>
      <object_component id="oc-b0">
         <name>.text.AMDAC4_Out</name>
         <load_address>0x19544</load_address>
         <readonly>true</readonly>
         <executable>true</executable>
         <run_address>0x19544</run_address>
         <size>0x88</size>
         <alignment>0x4</alignment>
         <input_file_ref idref="fl-2"/>
      </object_component>
      <object_component id="oc-3c">
         <name>.text.TIMG8_IRQHandler</name>
         <load_address>0x195cc</load_address>
         <readonly>true</readonly>
         <executable>true</executable>
         <run_address>0x195cc</run_address>
         <size>0x88</size>
         <alignment>0x4</alignment>
         <input_file_ref idref="fl-3"/>
      </object_component>
      <object_component id="oc-18a">
         <name>.text.setAddrWindow</name>
         <load_address>0x19654</load_address>
         <readonly>true</readonly>
         <executable>true</executable>
         <run_address>0x19654</run_address>
         <size>0x88</size>
         <alignment>0x4</alignment>
         <input_file_ref idref="fl-10"/>
      </object_component>
      <object_component id="oc-c6">
         <name>.text.LaunchPad_Init</name>
         <load_address>0x196dc</load_address>
         <readonly>true</readonly>
         <executable>true</executable>
         <run_address>0x196dc</run_address>
         <size>0x7c</size>
         <alignment>0x4</alignment>
         <input_file_ref idref="fl-e"/>
      </object_component>
      <object_component id="oc-1c">
         <name>.text:decompress:lzss</name>
         <load_address>0x19758</load_address>
         <readonly>true</readonly>
         <executable>true</executable>
         <run_address>0x19758</run_address>
         <size>0x7c</size>
         <alignment>0x4</alignment>
         <input_file_ref idref="fl-62"/>
      </object_component>
      <object_component id="oc-146">
         <name>.text.fix16_mul</name>
         <load_address>0x197d4</load_address>
         <readonly>true</readonly>
         <executable>true</executable>
         <run_address>0x197d4</run_address>
         <size>0x6e</size>
         <alignment>0x2</alignment>
         <input_file_ref idref="fl-17"/>
      </object_component>
      <object_component id="oc-8a">
         <name>.text.Sound_Shoot</name>
         <load_address>0x19842</load_address>
         <readonly>true</readonly>
         <executable>true</executable>
         <run_address>0x19842</run_address>
         <size>0x2</size>
         <alignment>0x2</alignment>
         <input_file_ref idref="fl-12"/>
      </object_component>
      <object_component id="oc-cb">
         <name>.text.JoystickLeft_Init</name>
         <load_address>0x19844</load_address>
         <readonly>true</readonly>
         <executable>true</executable>
         <run_address>0x19844</run_address>
         <size>0x6c</size>
         <alignment>0x4</alignment>
         <input_file_ref idref="fl-a"/>
      </object_component>
      <object_component id="oc-d0">
         <name>.text.JoystickRight_Init</name>
         <load_address>0x198b0</load_address>
         <readonly>true</readonly>
         <executable>true</executable>
         <run_address>0x198b0</run_address>
         <size>0x6c</size>
         <alignment>0x4</alignment>
         <input_file_ref idref="fl-b"/>
      </object_component>
      <object_component id="oc-145">
         <name>.text.JoystickLeft_getX</name>
         <load_address>0x1991c</load_address>
         <readonly>true</readonly>
         <executable>true</executable>
         <run_address>0x1991c</run_address>
         <size>0x68</size>
         <alignment>0x4</alignment>
         <input_file_ref idref="fl-a"/>
      </object_component>
      <object_component id="oc-144">
         <name>.text.JoystickLeft_getY</name>
         <load_address>0x19984</load_address>
         <readonly>true</readonly>
         <executable>true</executable>
         <run_address>0x19984</run_address>
         <size>0x68</size>
         <alignment>0x4</alignment>
         <input_file_ref idref="fl-a"/>
      </object_component>
      <object_component id="oc-143">
         <name>.text.JoystickRight_getX</name>
         <load_address>0x199ec</load_address>
         <readonly>true</readonly>
         <executable>true</executable>
         <run_address>0x199ec</run_address>
         <size>0x68</size>
         <alignment>0x4</alignment>
         <input_file_ref idref="fl-b"/>
      </object_component>
      <object_component id="oc-9e">
         <name>.text.main</name>
         <load_address>0x19a54</load_address>
         <readonly>true</readonly>
         <executable>true</executable>
         <run_address>0x19a54</run_address>
         <size>0x60</size>
         <alignment>0x4</alignment>
         <input_file_ref idref="fl-d"/>
      </object_component>
      <object_component id="oc-163">
         <name>.text.__aeabi_idivmod</name>
         <load_address>0x19ab4</load_address>
         <readonly>true</readonly>
         <executable>true</executable>
         <run_address>0x19ab4</run_address>
         <size>0x56</size>
         <alignment>0x4</alignment>
         <input_file_ref idref="fl-128"/>
      </object_component>
      <object_component id="oc-37">
         <name>.text.SysTick_Handler</name>
         <load_address>0x19b0a</load_address>
         <readonly>true</readonly>
         <executable>true</executable>
         <run_address>0x19b0a</run_address>
         <size>0x2</size>
         <alignment>0x2</alignment>
         <input_file_ref idref="fl-12"/>
      </object_component>
      <object_component id="oc-13a">
         <name>.text.DAC6_Init</name>
         <load_address>0x19b0c</load_address>
         <readonly>true</readonly>
         <executable>true</executable>
         <run_address>0x19b0c</run_address>
         <size>0x54</size>
         <alignment>0x4</alignment>
         <input_file_ref idref="fl-7"/>
      </object_component>
      <object_component id="oc-e4">
         <name>.text.AMDAC4_Init</name>
         <load_address>0x19b60</load_address>
         <readonly>true</readonly>
         <executable>true</executable>
         <run_address>0x19b60</run_address>
         <size>0x48</size>
         <alignment>0x4</alignment>
         <input_file_ref idref="fl-2"/>
      </object_component>
      <object_component id="oc-123">
         <name>.text.SPI_OutCommand</name>
         <load_address>0x19ba8</load_address>
         <readonly>true</readonly>
         <executable>true</executable>
         <run_address>0x19ba8</run_address>
         <size>0x48</size>
         <alignment>0x4</alignment>
         <input_file_ref idref="fl-f"/>
      </object_component>
      <object_component id="oc-19e">
         <name>.text.fix16_add</name>
         <load_address>0x19bf0</load_address>
         <readonly>true</readonly>
         <executable>true</executable>
         <run_address>0x19bf0</run_address>
         <size>0x46</size>
         <alignment>0x2</alignment>
         <input_file_ref idref="fl-17"/>
      </object_component>
      <object_component id="oc-196">
         <name>.text.__aeabi_idiv0</name>
         <load_address>0x19c36</load_address>
         <readonly>true</readonly>
         <executable>true</executable>
         <run_address>0x19c36</run_address>
         <size>0x2</size>
         <alignment>0x2</alignment>
         <input_file_ref idref="fl-12f"/>
      </object_component>
      <object_component id="oc-139">
         <name>.text.SysTick_IntArm</name>
         <load_address>0x19c38</load_address>
         <readonly>true</readonly>
         <executable>true</executable>
         <run_address>0x19c38</run_address>
         <size>0x44</size>
         <alignment>0x4</alignment>
         <input_file_ref idref="fl-12"/>
      </object_component>
      <object_component id="oc-e5">
         <name>.text.HPDAC4_Init</name>
         <load_address>0x19c7c</load_address>
         <readonly>true</readonly>
         <executable>true</executable>
         <run_address>0x19c7c</run_address>
         <size>0x40</size>
         <alignment>0x4</alignment>
         <input_file_ref idref="fl-9"/>
      </object_component>
      <object_component id="oc-1ad">
         <name>.text.SPI_Reset</name>
         <load_address>0x19cbc</load_address>
         <readonly>true</readonly>
         <executable>true</executable>
         <run_address>0x19cbc</run_address>
         <size>0x40</size>
         <alignment>0x4</alignment>
         <input_file_ref idref="fl-f"/>
      </object_component>
      <object_component id="oc-40">
         <name>.text.TIMG7_IRQHandler</name>
         <load_address>0x19cfc</load_address>
         <readonly>true</readonly>
         <executable>true</executable>
         <run_address>0x19cfc</run_address>
         <size>0x40</size>
         <alignment>0x4</alignment>
         <input_file_ref idref="fl-14"/>
      </object_component>
      <object_component id="oc-152">
         <name>.text.__aeabi_uidivmod</name>
         <load_address>0x19d3c</load_address>
         <readonly>true</readonly>
         <executable>true</executable>
         <run_address>0x19d3c</run_address>
         <size>0x40</size>
         <alignment>0x4</alignment>
         <input_file_ref idref="fl-12b"/>
      </object_component>
      <object_component id="oc-f9">
         <name>.text:__TI_auto_init_nobinit_nopinit</name>
         <load_address>0x19d7c</load_address>
         <readonly>true</readonly>
         <executable>true</executable>
         <run_address>0x19d7c</run_address>
         <size>0x3c</size>
         <alignment>0x4</alignment>
         <input_file_ref idref="fl-5d"/>
      </object_component>
      <object_component id="oc-1ae">
         <name>.text.__muldsi3</name>
         <load_address>0x19db8</load_address>
         <readonly>true</readonly>
         <executable>true</executable>
         <run_address>0x19db8</run_address>
         <size>0x3a</size>
         <alignment>0x4</alignment>
         <input_file_ref idref="fl-11e"/>
      </object_component>
      <object_component id="oc-117">
         <name>.text.ActivatePortA_B</name>
         <load_address>0x19df4</load_address>
         <readonly>true</readonly>
         <executable>true</executable>
         <run_address>0x19df4</run_address>
         <size>0x38</size>
         <alignment>0x4</alignment>
         <input_file_ref idref="fl-e"/>
      </object_component>
      <object_component id="oc-128">
         <name>.text.SPI_OutData</name>
         <load_address>0x19e2c</load_address>
         <readonly>true</readonly>
         <executable>true</executable>
         <run_address>0x19e2c</run_address>
         <size>0x38</size>
         <alignment>0x4</alignment>
         <input_file_ref idref="fl-f"/>
      </object_component>
      <object_component id="oc-185">
         <name>.text.Clock_Delay1ms</name>
         <load_address>0x19e64</load_address>
         <readonly>true</readonly>
         <executable>true</executable>
         <run_address>0x19e64</run_address>
         <size>0x34</size>
         <alignment>0x4</alignment>
         <input_file_ref idref="fl-5"/>
      </object_component>
      <object_component id="oc-129">
         <name>.text.ST7735_SetCursor</name>
         <load_address>0x19e98</load_address>
         <readonly>true</readonly>
         <executable>true</executable>
         <run_address>0x19e98</run_address>
         <size>0x34</size>
         <alignment>0x4</alignment>
         <input_file_ref idref="fl-10"/>
      </object_component>
      <object_component id="oc-121">
         <name>.text.commonInit</name>
         <load_address>0x19ecc</load_address>
         <readonly>true</readonly>
         <executable>true</executable>
         <run_address>0x19ecc</run_address>
         <size>0x30</size>
         <alignment>0x4</alignment>
         <input_file_ref idref="fl-10"/>
      </object_component>
      <object_component id="oc-160">
         <name>.text.v2d_add</name>
         <load_address>0x19efc</load_address>
         <readonly>true</readonly>
         <executable>true</executable>
         <run_address>0x19efc</run_address>
         <size>0x2e</size>
         <alignment>0x2</alignment>
         <input_file_ref idref="fl-21"/>
      </object_component>
      <object_component id="oc-df">
         <name>.text.ST7735_FillScreen</name>
         <load_address>0x19f2c</load_address>
         <readonly>true</readonly>
         <executable>true</executable>
         <run_address>0x19f2c</run_address>
         <size>0x2c</size>
         <alignment>0x4</alignment>
         <input_file_ref idref="fl-10"/>
      </object_component>
      <object_component id="oc-15b">
         <name>.text.v2d_mul_s</name>
         <load_address>0x19f58</load_address>
         <readonly>true</readonly>
         <executable>true</executable>
         <run_address>0x19f58</run_address>
         <size>0x2a</size>
         <alignment>0x2</alignment>
         <input_file_ref idref="fl-21"/>
      </object_component>
      <object_component id="oc-e2">
         <name>.text.Sound_Init</name>
         <load_address>0x19f84</load_address>
         <readonly>true</readonly>
         <executable>true</executable>
         <run_address>0x19f84</run_address>
         <size>0x28</size>
         <alignment>0x4</alignment>
         <input_file_ref idref="fl-12"/>
      </object_component>
      <object_component id="oc-e1">
         <name>.text.Switch_Init</name>
         <load_address>0x19fac</load_address>
         <readonly>true</readonly>
         <executable>true</executable>
         <run_address>0x19fac</run_address>
         <size>0x28</size>
         <alignment>0x4</alignment>
         <input_file_ref idref="fl-13"/>
      </object_component>
      <object_component id="oc-65">
         <name>.text:_c_int00_noargs</name>
         <load_address>0x19fd4</load_address>
         <readonly>true</readonly>
         <executable>true</executable>
         <run_address>0x19fd4</run_address>
         <size>0x28</size>
         <alignment>0x4</alignment>
         <input_file_ref idref="fl-5b"/>
      </object_component>
      <object_component id="oc-18d">
         <name>.text.__muldi3</name>
         <load_address>0x19ffc</load_address>
         <readonly>true</readonly>
         <executable>true</executable>
         <run_address>0x19ffc</run_address>
         <size>0x24</size>
         <alignment>0x4</alignment>
         <input_file_ref idref="fl-125"/>
      </object_component>
      <object_component id="oc-35">
         <name>.text.Default_Handler</name>
         <load_address>0x1a020</load_address>
         <readonly>true</readonly>
         <executable>true</executable>
         <run_address>0x1a020</run_address>
         <size>0x1c</size>
         <alignment>0x4</alignment>
         <input_file_ref idref="fl-25"/>
      </object_component>
      <object_component id="oc-36">
         <name>.text.HardFault_Handler</name>
         <load_address>0x1a03c</load_address>
         <readonly>true</readonly>
         <executable>true</executable>
         <run_address>0x1a03c</run_address>
         <size>0x1c</size>
         <alignment>0x4</alignment>
         <input_file_ref idref="fl-25"/>
      </object_component>
      <object_component id="oc-84">
         <name>.text.AMDAC4_AmmoOut</name>
         <load_address>0x1a058</load_address>
         <readonly>true</readonly>
         <executable>true</executable>
         <run_address>0x1a058</run_address>
         <size>0x18</size>
         <alignment>0x2</alignment>
         <input_file_ref idref="fl-2"/>
      </object_component>
      <object_component id="oc-14c">
         <name>.text.fix16_fast_cos</name>
         <load_address>0x1a070</load_address>
         <readonly>true</readonly>
         <executable>true</executable>
         <run_address>0x1a070</run_address>
         <size>0x18</size>
         <alignment>0x4</alignment>
         <input_file_ref idref="fl-19"/>
      </object_component>
      <object_component id="oc-89">
         <name>.text.Switch_Shoot</name>
         <load_address>0x1a088</load_address>
         <readonly>true</readonly>
         <executable>true</executable>
         <run_address>0x1a088</run_address>
         <size>0x14</size>
         <alignment>0x4</alignment>
         <input_file_ref idref="fl-13"/>
      </object_component>
      <object_component id="oc-bb">
         <name>.text:TI_memcpy_small</name>
         <load_address>0x1a09c</load_address>
         <readonly>true</readonly>
         <executable>true</executable>
         <run_address>0x1a09c</run_address>
         <size>0x12</size>
         <alignment>0x1</alignment>
         <input_file_ref idref="fl-131"/>
      </object_component>
      <object_component id="oc-20">
         <name>.text:decompress:none</name>
         <load_address>0x1a0ae</load_address>
         <readonly>true</readonly>
         <executable>true</executable>
         <run_address>0x1a0ae</run_address>
         <size>0x12</size>
         <alignment>0x2</alignment>
         <input_file_ref idref="fl-61"/>
      </object_component>
      <object_component id="oc-11a">
         <name>.text.Clock_Delay</name>
         <load_address>0x1a0c0</load_address>
         <readonly>true</readonly>
         <executable>true</executable>
         <run_address>0x1a0c0</run_address>
         <size>0x10</size>
         <alignment>0x2</alignment>
         <input_file_ref idref="fl-5"/>
      </object_component>
      <object_component id="oc-183">
         <name>.text.Delay</name>
         <load_address>0x1a0d0</load_address>
         <readonly>true</readonly>
         <executable>true</executable>
         <run_address>0x1a0d0</run_address>
         <size>0x10</size>
         <alignment>0x2</alignment>
         <input_file_ref idref="fl-e"/>
      </object_component>
      <object_component id="oc-e3">
         <name>.text.Player_Init</name>
         <load_address>0x1a0e0</load_address>
         <readonly>true</readonly>
         <executable>true</executable>
         <run_address>0x1a0e0</run_address>
         <size>0x10</size>
         <alignment>0x4</alignment>
         <input_file_ref idref="fl-8"/>
      </object_component>
      <object_component id="oc-73">
         <name>.text.Player_Reload</name>
         <load_address>0x1a0f0</load_address>
         <readonly>true</readonly>
         <executable>true</executable>
         <run_address>0x1a0f0</run_address>
         <size>0x10</size>
         <alignment>0x4</alignment>
         <input_file_ref idref="fl-8"/>
      </object_component>
      <object_component id="oc-8b">
         <name>.text.Player_Shoot</name>
         <load_address>0x1a100</load_address>
         <readonly>true</readonly>
         <executable>true</executable>
         <run_address>0x1a100</run_address>
         <size>0x10</size>
         <alignment>0x4</alignment>
         <input_file_ref idref="fl-8"/>
      </object_component>
      <object_component id="oc-62">
         <name>.text:decompress:ZI</name>
         <load_address>0x1a110</load_address>
         <readonly>true</readonly>
         <executable>true</executable>
         <run_address>0x1a110</run_address>
         <size>0x10</size>
         <alignment>0x2</alignment>
         <input_file_ref idref="fl-60"/>
      </object_component>
      <object_component id="oc-10c">
         <name>.text:TI_memset_small</name>
         <load_address>0x1a120</load_address>
         <readonly>true</readonly>
         <executable>true</executable>
         <run_address>0x1a120</run_address>
         <size>0xe</size>
         <alignment>0x1</alignment>
         <input_file_ref idref="fl-132"/>
      </object_component>
      <object_component id="oc-1ac">
         <name>.text.Clock_Freq</name>
         <load_address>0x1a130</load_address>
         <readonly>true</readonly>
         <executable>true</executable>
         <run_address>0x1a130</run_address>
         <size>0xc</size>
         <alignment>0x4</alignment>
         <input_file_ref idref="fl-5"/>
      </object_component>
      <object_component id="oc-95">
         <name>.text.__aeabi_memclr</name>
         <load_address>0x1a13c</load_address>
         <readonly>true</readonly>
         <executable>true</executable>
         <run_address>0x1a13c</run_address>
         <size>0xc</size>
         <alignment>0x4</alignment>
         <input_file_ref idref="fl-12a"/>
      </object_component>
      <object_component id="oc-c5">
         <name>.text.PLL_Init</name>
         <load_address>0x1a148</load_address>
         <readonly>true</readonly>
         <executable>true</executable>
         <run_address>0x1a148</run_address>
         <size>0xa</size>
         <alignment>0x2</alignment>
         <input_file_ref idref="fl-d"/>
      </object_component>
      <object_component id="oc-55">
         <name>.text.__aeabi_memcpy</name>
         <load_address>0x1a154</load_address>
         <readonly>true</readonly>
         <executable>true</executable>
         <run_address>0x1a154</run_address>
         <size>0x8</size>
         <alignment>0x4</alignment>
         <input_file_ref idref="fl-129"/>
      </object_component>
      <object_component id="oc-f2">
         <name>.text:abort</name>
         <load_address>0x1a15c</load_address>
         <readonly>true</readonly>
         <executable>true</executable>
         <run_address>0x1a15c</run_address>
         <size>0x6</size>
         <alignment>0x2</alignment>
         <input_file_ref idref="fl-50"/>
      </object_component>
      <object_component id="oc-16f">
         <name>.text.HOSTexit</name>
         <load_address>0x1a162</load_address>
         <readonly>true</readonly>
         <executable>true</executable>
         <run_address>0x1a162</run_address>
         <size>0x4</size>
         <alignment>0x2</alignment>
         <input_file_ref idref="fl-10b"/>
      </object_component>
      <object_component id="oc-31">
         <name>.text.Reset_Handler</name>
         <load_address>0x1a166</load_address>
         <readonly>true</readonly>
         <executable>true</executable>
         <run_address>0x1a166</run_address>
         <size>0x4</size>
         <alignment>0x2</alignment>
         <input_file_ref idref="fl-25"/>
      </object_component>
      <object_component id="oc-9a">
         <name>.text._system_pre_init</name>
         <load_address>0x1a16a</load_address>
         <readonly>true</readonly>
         <executable>true</executable>
         <run_address>0x1a16a</run_address>
         <size>0x4</size>
         <alignment>0x2</alignment>
         <input_file_ref idref="fl-5e"/>
      </object_component>
      <object_component id="oc-1f8">
         <name>.cinit..data.load</name>
         <load_address>0x1a170</load_address>
         <readonly>true</readonly>
         <run_address>0x1a170</run_address>
         <size>0x7c</size>
         <alignment>0x1</alignment>
      </object_component>
      <object_component id="oc-1f6">
         <name>__TI_handler_table</name>
         <load_address>0x1a1ec</load_address>
         <readonly>true</readonly>
         <run_address>0x1a1ec</run_address>
         <size>0xc</size>
         <alignment>0x4</alignment>
      </object_component>
      <object_component id="oc-1f9">
         <name>.cinit..bss.load</name>
         <load_address>0x1a1f8</load_address>
         <readonly>true</readonly>
         <run_address>0x1a1f8</run_address>
         <size>0x8</size>
         <alignment>0x4</alignment>
      </object_component>
      <object_component id="oc-1f7">
         <name>__TI_cinit_table</name>
         <load_address>0x1a200</load_address>
         <readonly>true</readonly>
         <run_address>0x1a200</run_address>
         <size>0x10</size>
         <alignment>0x4</alignment>
      </object_component>
      <object_component id="oc-19f">
         <name>.rodata.zombie1</name>
         <load_address>0xc0</load_address>
         <readonly>true</readonly>
         <run_address>0xc0</run_address>
         <size>0x3b00</size>
         <alignment>0x2</alignment>
         <input_file_ref idref="fl-3"/>
      </object_component>
      <object_component id="oc-b5">
         <name>.rodata.shotgunShoot3</name>
         <load_address>0x3bc0</load_address>
         <readonly>true</readonly>
         <run_address>0x3bc0</run_address>
         <size>0x2ee0</size>
         <alignment>0x2</alignment>
         <input_file_ref idref="fl-3"/>
      </object_component>
      <object_component id="oc-b7">
         <name>.rodata.shotgunShoot5</name>
         <load_address>0x6aa0</load_address>
         <readonly>true</readonly>
         <run_address>0x6aa0</run_address>
         <size>0x2a30</size>
         <alignment>0x2</alignment>
         <input_file_ref idref="fl-3"/>
      </object_component>
      <object_component id="oc-ba">
         <name>.rodata.reload3</name>
         <load_address>0x94d0</load_address>
         <readonly>true</readonly>
         <run_address>0x94d0</run_address>
         <size>0x2940</size>
         <alignment>0x2</alignment>
         <input_file_ref idref="fl-3"/>
      </object_component>
      <object_component id="oc-b6">
         <name>.rodata.shotgunShoot4</name>
         <load_address>0xbe10</load_address>
         <readonly>true</readonly>
         <run_address>0xbe10</run_address>
         <size>0x2850</size>
         <alignment>0x2</alignment>
         <input_file_ref idref="fl-3"/>
      </object_component>
      <object_component id="oc-b9">
         <name>.rodata.reload2</name>
         <load_address>0xe660</load_address>
         <readonly>true</readonly>
         <run_address>0xe660</run_address>
         <size>0x23a0</size>
         <alignment>0x2</alignment>
         <input_file_ref idref="fl-3"/>
      </object_component>
      <object_component id="oc-b8">
         <name>.rodata.reload1</name>
         <load_address>0x10a00</load_address>
         <readonly>true</readonly>
         <run_address>0x10a00</run_address>
         <size>0x2080</size>
         <alignment>0x2</alignment>
         <input_file_ref idref="fl-3"/>
      </object_component>
      <object_component id="oc-b4">
         <name>.rodata.shotgunShoot2</name>
         <load_address>0x12a80</load_address>
         <readonly>true</readonly>
         <run_address>0x12a80</run_address>
         <size>0x17e8</size>
         <alignment>0x2</alignment>
         <input_file_ref idref="fl-3"/>
      </object_component>
      <object_component id="oc-b3">
         <name>.rodata.shotgunShoot1</name>
         <load_address>0x14268</load_address>
         <readonly>true</readonly>
         <run_address>0x14268</run_address>
         <size>0x1608</size>
         <alignment>0x2</alignment>
         <input_file_ref idref="fl-3"/>
      </object_component>
      <object_component id="oc-af">
         <name>.rodata.shotgunNormal</name>
         <load_address>0x15870</load_address>
         <readonly>true</readonly>
         <run_address>0x15870</run_address>
         <size>0x12c0</size>
         <alignment>0x2</alignment>
         <input_file_ref idref="fl-3"/>
      </object_component>
      <object_component id="oc-195">
         <name>.rodata.fastSineLookupTable</name>
         <load_address>0x16b30</load_address>
         <readonly>true</readonly>
         <run_address>0x16b30</run_address>
         <size>0x800</size>
         <alignment>0x2</alignment>
         <input_file_ref idref="fl-19"/>
      </object_component>
      <object_component id="oc-158">
         <name>.rodata.worldMap</name>
         <load_address>0x17330</load_address>
         <readonly>true</readonly>
         <run_address>0x17330</run_address>
         <size>0x240</size>
         <alignment>0x1</alignment>
         <input_file_ref idref="fl-d"/>
      </object_component>
      <object_component id="oc-16c">
         <name>.rodata.crosshair</name>
         <load_address>0x17570</load_address>
         <readonly>true</readonly>
         <run_address>0x17570</run_address>
         <size>0x48</size>
         <alignment>0x2</alignment>
         <input_file_ref idref="fl-3"/>
      </object_component>
      <object_component id="oc-12a">
         <name>.rodata.Rcmd1</name>
         <load_address>0x175b8</load_address>
         <readonly>true</readonly>
         <run_address>0x175b8</run_address>
         <size>0x3b</size>
         <alignment>0x1</alignment>
         <input_file_ref idref="fl-10"/>
      </object_component>
      <object_component id="oc-12f">
         <name>.rodata.Rcmd3</name>
         <load_address>0x175f3</load_address>
         <readonly>true</readonly>
         <run_address>0x175f3</run_address>
         <size>0x2b</size>
         <alignment>0x1</alignment>
         <input_file_ref idref="fl-10"/>
      </object_component>
      <object_component id="oc-12c">
         <name>.rodata.Rcmd2green</name>
         <load_address>0x1761e</load_address>
         <readonly>true</readonly>
         <run_address>0x1761e</run_address>
         <size>0xd</size>
         <alignment>0x1</alignment>
         <input_file_ref idref="fl-10"/>
      </object_component>
      <object_component id="oc-12b">
         <name>.rodata.Rcmd2red</name>
         <load_address>0x1762b</load_address>
         <readonly>true</readonly>
         <run_address>0x1762b</run_address>
         <size>0xd</size>
         <alignment>0x1</alignment>
         <input_file_ref idref="fl-10"/>
      </object_component>
      <object_component id="oc-167">
         <name>.rodata.cst8</name>
         <load_address>0x17638</load_address>
         <readonly>true</readonly>
         <run_address>0x17638</run_address>
         <size>0x8</size>
         <alignment>0x2</alignment>
         <input_file_ref idref="fl-16"/>
      </object_component>
      <object_component id="oc-16b">
         <name>.rodata.crosshairHeight</name>
         <load_address>0x17640</load_address>
         <readonly>true</readonly>
         <run_address>0x17640</run_address>
         <size>0x1</size>
         <alignment>0x1</alignment>
         <input_file_ref idref="fl-3"/>
      </object_component>
      <object_component id="oc-16a">
         <name>.rodata.crosshairWidth</name>
         <load_address>0x17641</load_address>
         <readonly>true</readonly>
         <run_address>0x17641</run_address>
         <size>0x1</size>
         <alignment>0x1</alignment>
         <input_file_ref idref="fl-3"/>
      </object_component>
      <object_component id="oc-1c0">
         <name>.binit</name>
         <load_address>0x0</load_address>
         <readonly>true</readonly>
         <run_address>0x0</run_address>
         <size>0x0</size>
         <alignment>0x4</alignment>
      </object_component>
      <object_component id="oc-7a">
         <name>.data.frame</name>
         <load_address>0x2020593a</load_address>
         <readwrite>true</readwrite>
         <run_address>0x2020593a</run_address>
         <size>0x1</size>
         <alignment>0x1</alignment>
         <input_file_ref idref="fl-3"/>
      </object_component>
      <object_component id="oc-7d">
         <name>.data.shotgunNeutral</name>
         <load_address>0x20205918</load_address>
         <readwrite>true</readwrite>
         <run_address>0x20205918</run_address>
         <size>0x8</size>
         <alignment>0x4</alignment>
         <input_file_ref idref="fl-3"/>
      </object_component>
      <object_component id="oc-8d">
         <name>.data.shotgunShoot</name>
         <load_address>0x202058c0</load_address>
         <readwrite>true</readwrite>
         <run_address>0x202058c0</run_address>
         <size>0x40</size>
         <alignment>0x4</alignment>
         <input_file_ref idref="fl-3"/>
      </object_component>
      <object_component id="oc-8e">
         <name>.data.shotgunReload</name>
         <load_address>0x20205818</load_address>
         <readwrite>true</readwrite>
         <run_address>0x20205818</run_address>
         <size>0xa8</size>
         <alignment>0x4</alignment>
         <input_file_ref idref="fl-3"/>
      </object_component>
      <object_component id="oc-7c">
         <name>.data.shotgun</name>
         <load_address>0x2020592c</load_address>
         <readwrite>true</readwrite>
         <run_address>0x2020592c</run_address>
         <size>0x4</size>
         <alignment>0x4</alignment>
         <input_file_ref idref="fl-3"/>
      </object_component>
      <object_component id="oc-180">
         <name>.data.BusFreq</name>
         <load_address>0x20205920</load_address>
         <readwrite>true</readwrite>
         <run_address>0x20205920</run_address>
         <size>0x4</size>
         <alignment>0x4</alignment>
         <input_file_ref idref="fl-5"/>
      </object_component>
      <object_component id="oc-15a">
         <name>.data.zombieCount</name>
         <load_address>0x20205930</load_address>
         <readwrite>true</readwrite>
         <run_address>0x20205930</run_address>
         <size>0x4</size>
         <alignment>0x4</alignment>
         <input_file_ref idref="fl-8"/>
      </object_component>
      <object_component id="oc-161">
         <name>.data.zombies</name>
         <load_address>0x20205018</load_address>
         <readwrite>true</readwrite>
         <run_address>0x20205018</run_address>
         <size>0x800</size>
         <alignment>0x4</alignment>
         <input_file_ref idref="fl-8"/>
      </object_component>
      <object_component id="oc-156">
         <name>.data.pos</name>
         <load_address>0x20205910</load_address>
         <readwrite>true</readwrite>
         <run_address>0x20205910</run_address>
         <size>0x8</size>
         <alignment>0x4</alignment>
         <input_file_ref idref="fl-d"/>
      </object_component>
      <object_component id="oc-157">
         <name>.data.dir</name>
         <load_address>0x20205900</load_address>
         <readwrite>true</readwrite>
         <run_address>0x20205900</run_address>
         <size>0x8</size>
         <alignment>0x4</alignment>
         <input_file_ref idref="fl-d"/>
      </object_component>
      <object_component id="oc-159">
         <name>.data.plane</name>
         <load_address>0x20205908</load_address>
         <readwrite>true</readwrite>
         <run_address>0x20205908</run_address>
         <size>0x8</size>
         <alignment>0x4</alignment>
         <input_file_ref idref="fl-d"/>
      </object_component>
      <object_component id="oc-188">
         <name>.data.StX</name>
         <load_address>0x20205924</load_address>
         <readwrite>true</readwrite>
         <run_address>0x20205924</run_address>
         <size>0x4</size>
         <alignment>0x4</alignment>
         <input_file_ref idref="fl-10"/>
      </object_component>
      <object_component id="oc-189">
         <name>.data.StY</name>
         <load_address>0x20205928</load_address>
         <readwrite>true</readwrite>
         <run_address>0x20205928</run_address>
         <size>0x4</size>
         <alignment>0x4</alignment>
         <input_file_ref idref="fl-10"/>
      </object_component>
      <object_component id="oc-131">
         <name>.data.StTextColor</name>
         <load_address>0x20205934</load_address>
         <readwrite>true</readwrite>
         <run_address>0x20205934</run_address>
         <size>0x2</size>
         <alignment>0x2</alignment>
         <input_file_ref idref="fl-10"/>
      </object_component>
      <object_component id="oc-135">
         <name>.data._width</name>
         <load_address>0x20205938</load_address>
         <readwrite>true</readwrite>
         <run_address>0x20205938</run_address>
         <size>0x2</size>
         <alignment>0x2</alignment>
         <input_file_ref idref="fl-10"/>
      </object_component>
      <object_component id="oc-136">
         <name>.data._height</name>
         <load_address>0x20205936</load_address>
         <readwrite>true</readwrite>
         <run_address>0x20205936</run_address>
         <size>0x2</size>
         <alignment>0x2</alignment>
         <input_file_ref idref="fl-10"/>
      </object_component>
      <object_component id="oc-78">
         <name>.data.gunShot</name>
         <load_address>0x2020593c</load_address>
         <readwrite>true</readwrite>
         <run_address>0x2020593c</run_address>
         <size>0x1</size>
         <alignment>0x1</alignment>
         <input_file_ref idref="fl-13"/>
      </object_component>
      <object_component id="oc-79">
         <name>.data.gunReload</name>
         <load_address>0x2020593b</load_address>
         <readwrite>true</readwrite>
         <run_address>0x2020593b</run_address>
         <size>0x1</size>
         <alignment>0x1</alignment>
         <input_file_ref idref="fl-13"/>
      </object_component>
      <object_component id="oc-12d">
         <name>.bss.ColStart</name>
         <uninitialized>true</uninitialized>
         <readwrite>true</readwrite>
         <run_address>0x20205012</run_address>
         <size>0x1</size>
         <alignment>0x1</alignment>
         <input_file_ref idref="fl-10"/>
      </object_component>
      <object_component id="oc-12e">
         <name>.bss.RowStart</name>
         <uninitialized>true</uninitialized>
         <readwrite>true</readwrite>
         <run_address>0x20205014</run_address>
         <size>0x1</size>
         <alignment>0x1</alignment>
         <input_file_ref idref="fl-10"/>
      </object_component>
      <object_component id="oc-130">
         <name>.bss.TabColor</name>
         <uninitialized>true</uninitialized>
         <readwrite>true</readwrite>
         <run_address>0x20205015</run_address>
         <size>0x1</size>
         <alignment>0x1</alignment>
         <input_file_ref idref="fl-10"/>
      </object_component>
      <object_component id="oc-137">
         <name>.bss.Rotation</name>
         <uninitialized>true</uninitialized>
         <readwrite>true</readwrite>
         <run_address>0x20205013</run_address>
         <size>0x1</size>
         <alignment>0x1</alignment>
         <input_file_ref idref="fl-10"/>
      </object_component>
      <object_component id="oc-7b">
         <name>.common:Player</name>
         <uninitialized>true</uninitialized>
         <readwrite>true</readwrite>
         <run_address>0x20205010</run_address>
         <size>0x2</size>
         <alignment>0x1</alignment>
      </object_component>
      <object_component id="oc-13f">
         <name>.common:soundIdx</name>
         <uninitialized>true</uninitialized>
         <readwrite>true</readwrite>
         <run_address>0x2020500c</run_address>
         <size>0x4</size>
         <alignment>0x4</alignment>
      </object_component>
      <object_component id="oc-140">
         <name>.common:backgroundIdx</name>
         <uninitialized>true</uninitialized>
         <readwrite>true</readwrite>
         <run_address>0x20205008</run_address>
         <size>0x4</size>
         <alignment>0x4</alignment>
      </object_component>
      <object_component id="oc-80">
         <name>.common:TExaSadc</name>
         <uninitialized>true</uninitialized>
         <readwrite>true</readwrite>
         <run_address>0x20205004</run_address>
         <size>0x4</size>
         <alignment>0x4</alignment>
      </object_component>
      <object_component id="oc-81">
         <name>.common:TExaSLogic</name>
         <uninitialized>true</uninitialized>
         <readwrite>true</readwrite>
         <run_address>0x20205000</run_address>
         <size>0x4</size>
         <alignment>0x4</alignment>
      </object_component>
      <object_component id="oc-162">
         <name>.common:displayBuffer</name>
         <uninitialized>true</uninitialized>
         <readwrite>true</readwrite>
         <run_address>0x20200000</run_address>
         <size>0x5000</size>
         <alignment>0x2</alignment>
      </object_component>
      <object_component id="oc-2f">
         <name>.sysmem</name>
         <uninitialized>true</uninitialized>
         <readwrite>true</readwrite>
         <run_address>0x20205940</run_address>
         <size>0x10</size>
         <alignment>0x8</alignment>
         <input_file_ref idref="fl-59"/>
      </object_component>
      <object_component id="oc-1fc">
         <name>.sysmem</name>
         <uninitialized>true</uninitialized>
         <readwrite>true</readwrite>
         <run_address>0x20205940</run_address>
         <size>0x0</size>
         <alignment>0x4</alignment>
      </object_component>
      <object_component id="oc-1a">
         <name>.stack</name>
         <uninitialized>true</uninitialized>
         <readwrite>true</readwrite>
         <run_address>0x20207e00</run_address>
         <size>0x4</size>
         <alignment>0x4</alignment>
         <input_file_ref idref="fl-5b"/>
      </object_component>
      <object_component id="oc-1fb">
         <name>.stack</name>
         <uninitialized>true</uninitialized>
         <readwrite>true</readwrite>
         <run_address>0x20207e00</run_address>
         <size>0x0</size>
         <alignment>0x8</alignment>
      </object_component>
      <object_component id="oc-b1">
         <name>.debug_abbrev</name>
         <load_address>0x0</load_address>
         <run_address>0x0</run_address>
         <size>0xf3</size>
         <alignment>0x1</alignment>
         <input_file_ref idref="fl-2"/>
      </object_component>
      <object_component id="oc-7e">
         <name>.debug_abbrev</name>
         <load_address>0xf3</load_address>
         <run_address>0xf3</run_address>
         <size>0xc2</size>
         <alignment>0x1</alignment>
         <input_file_ref idref="fl-3"/>
      </object_component>
      <object_component id="oc-181">
         <name>.debug_abbrev</name>
         <load_address>0x1b5</load_address>
         <run_address>0x1b5</run_address>
         <size>0x16c</size>
         <alignment>0x1</alignment>
         <input_file_ref idref="fl-5"/>
      </object_component>
      <object_component id="oc-18b">
         <name>.debug_abbrev</name>
         <load_address>0x321</load_address>
         <run_address>0x321</run_address>
         <size>0xe5</size>
         <alignment>0x1</alignment>
         <input_file_ref idref="fl-7"/>
      </object_component>
      <object_component id="oc-ad">
         <name>.debug_abbrev</name>
         <load_address>0x406</load_address>
         <run_address>0x406</run_address>
         <size>0x9a</size>
         <alignment>0x1</alignment>
         <input_file_ref idref="fl-8"/>
      </object_component>
      <object_component id="oc-141">
         <name>.debug_abbrev</name>
         <load_address>0x4a0</load_address>
         <run_address>0x4a0</run_address>
         <size>0xe4</size>
         <alignment>0x1</alignment>
         <input_file_ref idref="fl-9"/>
      </object_component>
      <object_component id="oc-11b">
         <name>.debug_abbrev</name>
[...]
         <name>Clock_Delay</name>
         <value>0x1a0c1</value>
         <object_component_ref idref="oc-11a"/>
      </symbol>
      <symbol id="sm-78">
         <name>Clock_Delay1ms</name>
         <value>0x19e65</value>
         <object_component_ref idref="oc-185"/>
      </symbol>
      <symbol id="sm-83">
         <name>DAC6_Init</name>
         <value>0x19b0d</value>
         <object_component_ref idref="oc-13a"/>
      </symbol>
      <symbol id="sm-93">
         <name>Player_Init</name>
         <value>0x1a0e1</value>
         <object_component_ref idref="oc-e3"/>
      </symbol>
      <symbol id="sm-94">
         <name>Player</name>
         <value>0x20205010</value>
      </symbol>
      <symbol id="sm-95">
         <name>Player_Shoot</name>
         <value>0x1a101</value>
         <object_component_ref idref="oc-8b"/>
      </symbol>
      <symbol id="sm-96">
         <name>Player_Reload</name>
         <value>0x1a0f1</value>
         <object_component_ref idref="oc-73"/>
      </symbol>
      <symbol id="sm-97">
         <name>zombieCount</name>
         <value>0x20205930</value>
         <object_component_ref idref="oc-15a"/>
      </symbol>
      <symbol id="sm-98">
         <name>zombies</name>
         <value>0x20205018</value>
         <object_component_ref idref="oc-161"/>
      </symbol>
      <symbol id="sm-a2">
         <name>HPDAC4_Init</name>
         <value>0x19c7d</value>
         <object_component_ref idref="oc-e5"/>
      </symbol>
      <symbol id="sm-b2">
         <name>JoystickLeft_Init</name>
         <value>0x19845</value>
         <object_component_ref idref="oc-cb"/>
      </symbol>
      <symbol id="sm-b3">
         <name>JoystickLeft_getX</name>
         <value>0x1991d</value>
         <object_component_ref idref="oc-145"/>
      </symbol>
      <symbol id="sm-b4">
         <name>JoystickLeft_getY</name>
         <value>0x19985</value>
         <object_component_ref idref="oc-144"/>
      </symbol>
      <symbol id="sm-c1">
         <name>JoystickRight_Init</name>
         <value>0x198b1</value>
         <object_component_ref idref="oc-d0"/>
      </symbol>
      <symbol id="sm-c2">
         <name>JoystickRight_getX</name>
         <value>0x199ed</value>
         <object_component_ref idref="oc-143"/>
      </symbol>
      <symbol id="sm-cf">
         <name>PLL_Init</name>
         <value>0x1a149</value>
         <object_component_ref idref="oc-c5"/>
      </symbol>
      <symbol id="sm-d0">
         <name>main</name>
         <value>0x19a55</value>
         <object_component_ref idref="oc-9e"/>
      </symbol>
      <symbol id="sm-d1">
         <name>worldMap</name>
         <value>0x17330</value>
         <object_component_ref idref="oc-158"/>
      </symbol>
      <symbol id="sm-d2">
         <name>pos</name>
         <value>0x20205910</value>
         <object_component_ref idref="oc-156"/>
      </symbol>
      <symbol id="sm-d3">
         <name>dir</name>
         <value>0x20205900</value>
         <object_component_ref idref="oc-157"/>
      </symbol>
      <symbol id="sm-d4">
         <name>plane</name>
         <value>0x20205908</value>
         <object_component_ref idref="oc-159"/>
      </symbol>
      <symbol id="sm-e4">
         <name>Delay</name>
         <value>0x1a0d1</value>
         <object_component_ref idref="oc-183"/>
      </symbol>
      <symbol id="sm-e5">
         <name>ActivatePortA_B</name>
         <value>0x19df5</value>
         <object_component_ref idref="oc-117"/>
      </symbol>
      <symbol id="sm-e6">
         <name>LaunchPad_Init</name>
         <value>0x196dd</value>
         <object_component_ref idref="oc-c6"/>
      </symbol>
      <symbol id="sm-f9">
         <name>SPI_Init</name>
         <value>0x18f71</value>
         <object_component_ref idref="oc-184"/>
      </symbol>
      <symbol id="sm-fa">
         <name>SPI_Reset</name>
         <value>0x19cbd</value>
         <object_component_ref idref="oc-1ad"/>
      </symbol>
      <symbol id="sm-fb">
         <name>SPI_OutData</name>
         <value>0x19e2d</value>
         <object_component_ref idref="oc-128"/>
      </symbol>
      <symbol id="sm-fc">
         <name>SPI_OutCommand</name>
         <value>0x19ba9</value>
         <object_component_ref idref="oc-123"/>
      </symbol>
      <symbol id="sm-139">
         <name>ST7735_SetCursor</name>
         <value>0x19e99</value>
         <object_component_ref idref="oc-129"/>
      </symbol>
      <symbol id="sm-13a">
         <name>ST7735_FillScreen</name>
         <value>0x19f2d</value>
         <object_component_ref idref="oc-df"/>
      </symbol>
      <symbol id="sm-13b">
         <name>StTextColor</name>
         <value>0x20205934</value>
         <object_component_ref idref="oc-131"/>
      </symbol>
      <symbol id="sm-13c">
         <name>StX</name>
         <value>0x20205924</value>
         <object_component_ref idref="oc-188"/>
      </symbol>
      <symbol id="sm-13d">
         <name>StY</name>
         <value>0x20205928</value>
         <object_component_ref idref="oc-189"/>
      </symbol>
      <symbol id="sm-13e">
         <name>ST7735_FillRect</name>
         <value>0x18e59</value>
         <object_component_ref idref="oc-134"/>
      </symbol>
      <symbol id="sm-13f">
         <name>ST7735_InitR</name>
         <value>0x1938d</value>
         <object_component_ref idref="oc-da"/>
      </symbol>
      <symbol id="sm-140">
         <name>ST7735_DrawBitmap</name>
         <value>0x1873d</value>
         <object_component_ref idref="oc-169"/>
      </symbol>
      <symbol id="sm-141">
         <name>ST7735_SetRotation</name>
         <value>0x19069</value>
         <object_component_ref idref="oc-e0"/>
      </symbol>
      <symbol id="sm-142">
         <name>ST7735_DrawTransparentBitmapOnBuffer</name>
         <value>0x18cf5</value>
         <object_component_ref idref="oc-168"/>
      </symbol>
      <symbol id="sm-156">
         <name>SysTick_IntArm</name>
         <value>0x19c39</value>
         <object_component_ref idref="oc-139"/>
      </symbol>
      <symbol id="sm-157">
         <name>Sound_Init</name>
         <value>0x19f85</value>
         <object_component_ref idref="oc-e2"/>
      </symbol>
      <symbol id="sm-158">
         <name>soundIdx</name>
         <value>0x2020500c</value>
      </symbol>
      <symbol id="sm-159">
         <name>backgroundIdx</name>
         <value>0x20205008</value>
      </symbol>
      <symbol id="sm-15a">
         <name>SysTick_Handler</name>
         <value>0x19b0b</value>
         <object_component_ref idref="oc-37"/>
      </symbol>
      <symbol id="sm-15b">
         <name>Sound_Shoot</name>
         <value>0x19843</value>
         <object_component_ref idref="oc-8a"/>
      </symbol>
      <symbol id="sm-15c">
         <name>Sound_Reload</name>
         <value>0x1938b</value>
         <object_component_ref idref="oc-8c"/>
      </symbol>
      <symbol id="sm-16c">
         <name>Switch_Init</name>
         <value>0x19fad</value>
         <object_component_ref idref="oc-e1"/>
      </symbol>
      <symbol id="sm-16d">
         <name>Switch_Shoot</name>
         <value>0x1a089</value>
         <object_component_ref idref="oc-89"/>
      </symbol>
      <symbol id="sm-16e">
         <name>TIMG12_IRQHandler</name>
         <value>0x194b9</value>
         <object_component_ref idref="oc-45"/>
      </symbol>
      <symbol id="sm-16f">
         <name>gunShot</name>
         <value>0x2020593c</value>
         <object_component_ref idref="oc-78"/>
      </symbol>
      <symbol id="sm-170">
         <name>gunReload</name>
         <value>0x2020593b</value>
         <object_component_ref idref="oc-79"/>
      </symbol>
      <symbol id="sm-17a">
         <name>TIMG7_IRQHandler</name>
         <value>0x19cfd</value>
         <object_component_ref idref="oc-40"/>
      </symbol>
      <symbol id="sm-17b">
         <name>TExaSadc</name>
         <value>0x20205004</value>
      </symbol>
      <symbol id="sm-17c">
         <name>TExaSLogic</name>
         <value>0x20205000</value>
      </symbol>
      <symbol id="sm-189">
         <name>TimerG8_IntArm</name>
         <value>0x19241</value>
         <object_component_ref idref="oc-d5"/>
      </symbol>
      <symbol id="sm-18a">
         <name>TimerG12_IntArm</name>
         <value>0x19425</value>
         <object_component_ref idref="oc-138"/>
      </symbol>
      <symbol id="sm-19e">
         <name>raycast</name>
         <value>0x17649</value>
         <object_component_ref idref="oc-ea"/>
      </symbol>
      <symbol id="sm-19f">
         <name>displayBuffer</name>
         <value>0x20200000</value>
      </symbol>
      <symbol id="sm-1ad">
         <name>fix16_add</name>
         <value>0x19bf1</value>
         <object_component_ref idref="oc-19e"/>
      </symbol>
      <symbol id="sm-1ae">
         <name>fix16_mul</name>
         <value>0x197d5</value>
         <object_component_ref idref="oc-146"/>
      </symbol>
      <symbol id="sm-1af">
         <name>fix16_div</name>
         <value>0x1894d</value>
         <object_component_ref idref="oc-14b"/>
      </symbol>
      <symbol id="sm-1bf">
         <name>fix16_fast_sin</name>
         <value>0x1915d</value>
         <object_component_ref idref="oc-151"/>
      </symbol>
      <symbol id="sm-1c0">
         <name>fix16_fast_cos</name>
         <value>0x1a071</value>
         <object_component_ref idref="oc-14c"/>
      </symbol>
      <symbol id="sm-1d2">
         <name>v2d_add</name>
         <value>0x19efd</value>
         <object_component_ref idref="oc-160"/>
      </symbol>
      <symbol id="sm-1d3">
         <name>v2d_mul_s</name>
         <value>0x19f59</value>
         <object_component_ref idref="oc-15b"/>
      </symbol>
      <symbol id="sm-1e7">
         <name>Default_Handler</name>
         <value>0x1a021</value>
         <object_component_ref idref="oc-35"/>
      </symbol>
      <symbol id="sm-1e8">
         <name>Reset_Handler</name>
         <value>0x1a167</value>
         <object_component_ref idref="oc-31"/>
      </symbol>
      <symbol id="sm-1e9">
         <name>HardFault_Handler</name>
         <value>0x1a03d</value>
         <object_component_ref idref="oc-36"/>
      </symbol>
      <symbol id="sm-1ea">
         <name>interruptVectors</name>
         <value>0x0</value>
         <object_component_ref idref="oc-18"/>
      </symbol>
      <symbol id="sm-1eb">
         <name>NMI_Handler</name>
         <value>0x1a021</value>
         <object_component_ref idref="oc-35"/>
      </symbol>
      <symbol id="sm-1ec">
         <name>SVC_Handler</name>
         <value>0x1a021</value>
         <object_component_ref idref="oc-35"/>
      </symbol>
      <symbol id="sm-1ed">
         <name>PendSV_Handler</name>
         <value>0x1a021</value>
         <object_component_ref idref="oc-35"/>
      </symbol>
      <symbol id="sm-1ee">
         <name>GROUP0_IRQHandler</name>
         <value>0x1a021</value>
         <object_component_ref idref="oc-35"/>
      </symbol>
      <symbol id="sm-1ef">
         <name>GROUP1_IRQHandler</name>
         <value>0x1a021</value>
         <object_component_ref idref="oc-35"/>
      </symbol>
      <symbol id="sm-1f0">
         <name>UART3_IRQHandler</name>
         <value>0x1a021</value>
         <object_component_ref idref="oc-35"/>
      </symbol>
      <symbol id="sm-1f1">
         <name>ADC0_IRQHandler</name>
         <value>0x1a021</value>
         <object_component_ref idref="oc-35"/>
      </symbol>
      <symbol id="sm-1f2">
         <name>ADC1_IRQHandler</name>
         <value>0x1a021</value>
         <object_component_ref idref="oc-35"/>
      </symbol>
      <symbol id="sm-1f3">
         <name>CANFD0_IRQHandler</name>
         <value>0x1a021</value>
         <object_component_ref idref="oc-35"/>
      </symbol>
      <symbol id="sm-1f4">
         <name>DAC0_IRQHandler</name>
         <value>0x1a021</value>
         <object_component_ref idref="oc-35"/>
      </symbol>
      <symbol id="sm-1f5">
         <name>SPI0_IRQHandler</name>
         <value>0x1a021</value>
         <object_component_ref idref="oc-35"/>
      </symbol>
      <symbol id="sm-1f6">
         <name>SPI1_IRQHandler</name>
         <value>0x1a021</value>
         <object_component_ref idref="oc-35"/>
      </symbol>
      <symbol id="sm-1f7">
         <name>UART1_IRQHandler</name>
         <value>0x1a021</value>
         <object_component_ref idref="oc-35"/>
      </symbol>
      <symbol id="sm-1f8">
         <name>UART2_IRQHandler</name>
         <value>0x1a021</value>
         <object_component_ref idref="oc-35"/>
      </symbol>
      <symbol id="sm-1f9">
         <name>UART0_IRQHandler</name>
         <value>0x1a021</value>
         <object_component_ref idref="oc-35"/>
      </symbol>
      <symbol id="sm-1fa">
         <name>TIMG0_IRQHandler</name>
         <value>0x1a021</value>
         <object_component_ref idref="oc-35"/>
      </symbol>
      <symbol id="sm-1fb">
         <name>TIMG6_IRQHandler</name>
         <value>0x1a021</value>
         <object_component_ref idref="oc-35"/>
      </symbol>
      <symbol id="sm-1fc">
         <name>TIMA0_IRQHandler</name>
         <value>0x1a021</value>
         <object_component_ref idref="oc-35"/>
      </symbol>
      <symbol id="sm-1fd">
         <name>TIMA1_IRQHandler</name>
         <value>0x1a021</value>
         <object_component_ref idref="oc-35"/>
      </symbol>
      <symbol id="sm-1fe">
         <name>I2C0_IRQHandler</name>
         <value>0x1a021</value>
         <object_component_ref idref="oc-35"/>
      </symbol>
      <symbol id="sm-1ff">
         <name>I2C1_IRQHandler</name>
         <value>0x1a021</value>
         <object_component_ref idref="oc-35"/>
      </symbol>
      <symbol id="sm-200">
         <name>AES_IRQHandler</name>
         <value>0x1a021</value>
         <object_component_ref idref="oc-35"/>
      </symbol>
      <symbol id="sm-201">
         <name>RTC_IRQHandler</name>
         <value>0x1a021</value>
         <object_component_ref idref="oc-35"/>
      </symbol>
      <symbol id="sm-202">
         <name>DMA_IRQHandler</name>
         <value>0x1a021</value>
         <object_component_ref idref="oc-35"/>
      </symbol>
      <symbol id="sm-203">
         <name>__TI_ATRegion0_src_addr</name>
         <value>0x0</value>
      </symbol>
      <symbol id="sm-204">
         <name>__TI_ATRegion0_trg_addr</name>
         <value>0x0</value>
      </symbol>
      <symbol id="sm-205">
         <name>__TI_ATRegion0_region_sz</name>
         <value>0x0</value>
      </symbol>
      <symbol id="sm-206">
         <name>__TI_ATRegion1_src_addr</name>
         <value>0x0</value>
      </symbol>
      <symbol id="sm-207">
         <name>__TI_ATRegion1_trg_addr</name>
         <value>0x0</value>
      </symbol>
      <symbol id="sm-208">
         <name>__TI_ATRegion1_region_sz</name>
         <value>0x0</value>
      </symbol>
      <symbol id="sm-209">
         <name>__TI_ATRegion2_src_addr</name>
         <value>0x0</value>
      </symbol>
      <symbol id="sm-20a">
         <name>__TI_ATRegion2_trg_addr</name>
         <value>0x0</value>
      </symbol>
      <symbol id="sm-20b">
         <name>__TI_ATRegion2_region_sz</name>
         <value>0x0</value>
      </symbol>
      <symbol id="sm-21d">
         <name>abort</name>
         <value>0x1a15d</value>
         <object_component_ref idref="oc-f2"/>
      </symbol>
      <symbol id="sm-22c">
         <name>_sys_memory</name>
         <value>0x20205940</value>
         <object_component_ref idref="oc-2f"/>
      </symbol>
      <symbol id="sm-238">
         <name>_c_int00_noargs</name>
         <value>0x19fd5</value>
         <object_component_ref idref="oc-65"/>
      </symbol>
      <symbol id="sm-239">
         <name>__stack</name>
         <value>0x20207e00</value>
         <object_component_ref idref="oc-1a"/>
      </symbol>
      <symbol id="sm-245">
         <name>__TI_auto_init_nobinit_nopinit</name>
         <value>0x19d7d</value>
         <object_component_ref idref="oc-f9"/>
      </symbol>
      <symbol id="sm-24d">
         <name>_system_pre_init</name>
         <value>0x1a16b</value>
         <object_component_ref idref="oc-9a"/>
      </symbol>
      <symbol id="sm-258">
         <name>__TI_zero_init</name>
         <value>0x1a111</value>
         <object_component_ref idref="oc-62"/>
      </symbol>
      <symbol id="sm-261">
         <name>__TI_decompress_none</name>
         <value>0x1a0af</value>
         <object_component_ref idref="oc-20"/>
      </symbol>
      <symbol id="sm-26c">
         <name>__TI_decompress_lzss</name>
         <value>0x19759</value>
         <object_component_ref idref="oc-1c"/>
      </symbol>
      <symbol id="sm-27c">
         <name>HOSTexit</name>
         <value>0x1a163</value>
         <object_component_ref idref="oc-16f"/>
      </symbol>
      <symbol id="sm-27d">
         <name>C$$EXIT</name>
         <value>0x1a162</value>
         <object_component_ref idref="oc-16f"/>
      </symbol>
      <symbol id="sm-293">
         <name>__muldsi3</name>
         <value>0x19db9</value>
         <object_component_ref idref="oc-1ae"/>
      </symbol>
      <symbol id="sm-299">
         <name>__aeabi_lmul</name>
         <value>0x19ffd</value>
         <object_component_ref idref="oc-18d"/>
      </symbol>
      <symbol id="sm-29a">
         <name>__muldi3</name>
         <value>0x19ffd</value>
         <object_component_ref idref="oc-18d"/>
      </symbol>
      <symbol id="sm-2a0">
         <name>__aeabi_idiv</name>
         <value>0x19ab5</value>
         <object_component_ref idref="oc-163"/>
      </symbol>
      <symbol id="sm-2a1">
         <name>__aeabi_idivmod</name>
         <value>0x19ab5</value>
         <object_component_ref idref="oc-163"/>
      </symbol>
      <symbol id="sm-2a7">
         <name>__aeabi_memcpy</name>
         <value>0x1a155</value>
         <object_component_ref idref="oc-55"/>
      </symbol>
      <symbol id="sm-2a8">
         <name>__aeabi_memcpy4</name>
         <value>0x1a155</value>
         <object_component_ref idref="oc-55"/>
      </symbol>
      <symbol id="sm-2a9">
         <name>__aeabi_memcpy8</name>
         <value>0x1a155</value>
         <object_component_ref idref="oc-55"/>
      </symbol>
      <symbol id="sm-2b0">
         <name>__aeabi_memclr</name>
         <value>0x1a13d</value>
         <object_component_ref idref="oc-95"/>
      </symbol>
      <symbol id="sm-2b1">
         <name>__aeabi_memclr4</name>
         <value>0x1a13d</value>
         <object_component_ref idref="oc-95"/>
      </symbol>
      <symbol id="sm-2b2">
         <name>__aeabi_memclr8</name>
         <value>0x1a13d</value>
         <object_component_ref idref="oc-95"/>
      </symbol>
      <symbol id="sm-2b8">
         <name>__aeabi_uidiv</name>
         <value>0x19d3d</value>
         <object_component_ref idref="oc-152"/>
      </symbol>
      <symbol id="sm-2b9">
         <name>__aeabi_uidivmod</name>
         <value>0x19d3d</value>
         <object_component_ref idref="oc-152"/>
      </symbol>
      <symbol id="sm-2c4">
         <name>__aeabi_idiv0</name>
         <value>0x19c37</value>
         <object_component_ref idref="oc-196"/>
      </symbol>
      <symbol id="sm-2ce">
         <name>TI_memcpy_small</name>
         <value>0x1a09d</value>
         <object_component_ref idref="oc-bb"/>
      </symbol>
      <symbol id="sm-2d7">
         <name>TI_memset_small</name>
         <value>0x1a121</value>
         <object_component_ref idref="oc-10c"/>
      </symbol>
      <symbol id="sm-2d8">
         <name>__TI_static_base__</name>
         <value>0x0</value>
      </symbol>
      <symbol id="sm-2db">
         <name>__mpu_init</name>
         <value>0x0</value>
      </symbol>
      <symbol id="sm-2dc">
         <name>_system_post_cinit</name>
         <value>0x0</value>
      </symbol>
   </symbol_table>
   <title>Link successful</title>
</link_info>
