******************************************************************************
            TI ARM Clang Linker PC v4.0.4                      
******************************************************************************
>> Linked Tue Apr 21 03:29:59 2026

OUTPUT FILE NAME:   <ECE319K_Lab9.out>
ENTRY POINT SYMBOL: "_c_int00_noargs"  address: 0001ba51


MEMORY CONFIGURATION

         name            origin    length      used     unused   attr    fill
----------------------  --------  ---------  --------  --------  ----  --------
  FLASH                 00000000   00020000  0001cd90  00003270  R  X
  SRAM                  20200000   00008000  00006f92  0000106e  RW X
  BCR_CONFIG            41c00000   00000080  00000000  00000080  R   
  BSL_CONFIG            41c00100   00000080  00000000  00000080  R   


SEGMENT ALLOCATION MAP

run origin  load origin   length   init length attrs members
----------  ----------- ---------- ----------- ----- -------
00000000    00000000    0001cd90   0001cd90    r-x
  00000000    00000000    000000c0   000000c0    r-- .intvecs
  000000c0    000000c0    00017b10   00017b10    r-- .rodata
  00017bd0    00017bd0    000041b0   000041b0    r-x .text
  0001bd80    0001bd80    00001010   00001010    r-- .cinit
20200000    20200000    00006d98   00000000    rw-
  20200000    20200000    00005274   00000000    rw- .bss
  20205274    20205274    0000191e   00000000    rw- .data
  20206b98    20206b98    00000200   00000000    rw- .sysmem
20207e00    20207e00    00000200   00000000    rw-
  20207e00    20207e00    00000200   00000000    rw- .stack


SECTION ALLOCATION MAP

 output                                  attributes/
section   page    origin      length       input sections
--------  ----  ----------  ----------   ----------------
.intvecs   0    00000000    000000c0     
                  00000000    000000c0     startup_mspm0g3507_ticlang.o (.intvecs)

.text      0    00017bd0    000041b0     
                  00017bd0    0000126c     render3D.o (.text.raycast)
                  00018e3c    00000284     libc.a : _printfi.c.obj (.text:__TI_printfi_minimal)
                  000190c0    0000027c     Entities.o (.text.TIMG12_IRQHandler)
                  0001933c    00000210     ST7735.o (.text.ST7735_DrawBitmap)
                  0001954c    000001f4     fix16.o (.text.fix16_div)
                  00019740    000001b4     Clock.o (.text.Clock_Init80MHz)
                  000198f4    000001a4     ST7735.o (.text.ST7735_DrawCharS)
                  00019a98    00000174     Entities.o (.text.Player_Shoot)
                  00019c0c    00000164     ST7735.o (.text.ST7735_DrawTransparentBitmapOnBuffer)
                  00019d70    00000160     Lab9Main.o (.text.main)
                  00019ed0    00000130     ST7735.o (.text.ST7735_DrawCharToBuffer)
                  0001a000    00000124     fix16_sqrt.o (.text.fix16_sqrt)
                  0001a124    00000118     ST7735.o (.text.ST7735_FillRect)
                  0001a23c    00000104     ST7735.o (.text.ST7735_DrawBitmapTransparent)
                  0001a340    000000f8     SPI.o (.text.SPI_Init)
                  0001a438    000000f8     render3D.o (.text.sortSprites)
                  0001a530    000000f4     ST7735.o (.text.ST7735_SetRotation)
                  0001a624    000000e4     Animations.o (.text.TIMG8_IRQHandler)
                  0001a708    000000e4     fix16_fast_trig_lut.o (.text.fix16_fast_sin)
                  0001a7ec    000000d0     ST7735.o (.text.ST7735_OutCharTransparent)
                  0001a8bc    000000b8     ST7735.o (.text.ST7735_DrawPixelToBuffer)
                  0001a974    000000b0     ST7735.o (.text.ST7735_DrawFastHLine)
                  0001aa24    000000a8     Timer.o (.text.TimerG8_IntArm)
                  0001aacc    000000a2     ST7735.o (.text.commandList)
                  0001ab6e    00000002     libclang_rt.builtins.a : aeabi_div0.c.obj (.text.__aeabi_idiv0)
                  0001ab70    00000098     ST7735.o (.text.ST7735_InitR)
                  0001ac08    00000094     Timer.o (.text.TimerG12_IntArm)
                  0001ac9c    00000088     AMDAC4.o (.text.AMDAC4_Out)
                  0001ad24    00000088     Entities.o (.text.Spawn_Zombie)
                  0001adac    00000088     ST7735.o (.text.setAddrWindow)
                  0001ae34    00000084     ST7735.o (.text.ST7735_DrawStringTransparent)
                  0001aeb8    00000080     Entities.o (.text.Zombie_Damaged)
                  0001af38    0000007c     LaunchPad.o (.text.LaunchPad_Init)
                  0001afb4    0000007c     ST7735.o (.text.ST7735_DrawStringToBuffer)
                  0001b030    0000007c     libc.a : copy_decompress_lzss.c.obj (.text:decompress:lzss)
                  0001b0ac    00000070     ST7735.o (.text.ST7735_DrawPixel)
                  0001b11c    0000006e     fix16.o (.text.fix16_mul)
                  0001b18a    00000002     libc.a : _lock.c.obj (.text._nop)
                  0001b18c    0000006c     JoystickLeft.o (.text.JoystickLeft_Init)
                  0001b1f8    0000006c     JoystickRight.o (.text.JoystickRight_Init)
                  0001b264    00000068     JoystickLeft.o (.text.JoystickLeft_getX)
                  0001b2cc    00000068     JoystickLeft.o (.text.JoystickLeft_getY)
                  0001b334    00000068     JoystickRight.o (.text.JoystickRight_getX)
                  0001b39c    00000056     libclang_rt.builtins.a : aeabi_idivmod.S.obj (.text.__aeabi_idivmod)
                  0001b3f2    00000002     --HOLE-- [fill = 0]
                  0001b3f4    00000054     DAC6.o (.text.DAC6_Init)
                  0001b448    00000050     Sound.o (.text.SysTick_Handler)
                  0001b498    00000048     AMDAC4.o (.text.AMDAC4_Init)
                  0001b4e0    00000048     SPI.o (.text.SPI_OutCommand)
                  0001b528    00000046     fix16.o (.text.fix16_add)
                  0001b56e    00000002     --HOLE-- [fill = 0]
                  0001b570    00000044     Sound.o (.text.SysTick_IntArm)
                  0001b5b4    00000040     HPDAC4.o (.text.HPDAC4_Init)
                  0001b5f4    00000040     SPI.o (.text.SPI_Reset)
                  0001b634    00000040     Sound.o (.text.Sound_Start)
                  0001b674    00000040     TExaS.o (.text.TIMG7_IRQHandler)
                  0001b6b4    00000040     libclang_rt.builtins.a : aeabi_uidivmod.S.obj (.text.__aeabi_uidivmod)
                  0001b6f4    0000003c     DAC6.o (.text.DAC6_Out)
                  0001b730    0000003c     libc.a : autoinit.c.obj (.text:__TI_auto_init_nobinit_nopinit)
                  0001b76c    0000003a     libclang_rt.builtins.a : muldsi3.S.obj (.text.__muldsi3)
                  0001b7a6    00000002     --HOLE-- [fill = 0]
                  0001b7a8    00000038     LaunchPad.o (.text.ActivatePortA_B)
                  0001b7e0    00000038     SPI.o (.text.SPI_OutData)
                  0001b818    00000038     libc.a : rand.c.obj (.text.rand)
                  0001b850    00000038            : sprintf.c.obj (.text.sprintf)
                  0001b888    00000034     Clock.o (.text.Clock_Delay1ms)
                  0001b8bc    00000034     ST7735.o (.text.ST7735_SetCursor)
                  0001b8f0    00000030     ST7735.o (.text.commonInit)
                  0001b920    0000002e     fixvector2d.o (.text.v2d_add)
                  0001b94e    00000002     --HOLE-- [fill = 0]
                  0001b950    0000002c     HPDAC4.o (.text.HPDAC4_Out)
                  0001b97c    0000002c     Entities.o (.text.Player_Damaged)
                  0001b9a8    0000002c     ST7735.o (.text.ST7735_FillScreen)
                  0001b9d4    0000002a     fixvector2d.o (.text.v2d_mul_s)
                  0001b9fe    00000002     --HOLE-- [fill = 0]
                  0001ba00    00000028     Sound.o (.text.Sound_Init)
                  0001ba28    00000028     Switch.o (.text.Switch_Init)
                  0001ba50    00000028     libc.a : boot_cortex_m.c.obj (.text:_c_int00_noargs)
                  0001ba78    00000026     ST7735.o (.text.ST7735_OutStringTransparent)
                  0001ba9e    00000002     --HOLE-- [fill = 0]
                  0001baa0    00000024     libclang_rt.builtins.a : muldi3.S.obj (.text.__muldi3)
                  0001bac4    00000022     libc.a : memccpy.c.obj (.text.memccpy)
                  0001bae6    00000002     --HOLE-- [fill = 0]
                  0001bae8    00000020     Language.o (.text.Language_Switch)
                  0001bb08    00000020     render3D.o (.text.fix16_abs)
                  0001bb28    0000001e     HPDAC4.o (.text.HPDAC4_HPOut)
                  0001bb46    0000001e     ST7735.o (.text.pushColor)
                  0001bb64    0000001c     startup_mspm0g3507_ticlang.o (.text.Default_Handler)
                  0001bb80    0000001c     startup_mspm0g3507_ticlang.o (.text.HardFault_Handler)
                  0001bb9c    00000018     AMDAC4.o (.text.AMDAC4_AmmoOut)
                  0001bbb4    00000018     Entities.o (.text.Player_Init)
                  0001bbcc    00000018     libc.a : sprintf.c.obj (.text._outs)
                  0001bbe4    00000018     fix16_fast_trig_lut.o (.text.fix16_fast_cos)
                  0001bbfc    00000014     Sound.o (.text.Sound_Chamber)
                  0001bc10    00000014     Sound.o (.text.Sound_Damaged)
                  0001bc24    00000014     Sound.o (.text.Sound_Reload)
                  0001bc38    00000014     Sound.o (.text.Sound_Shoot)
                  0001bc4c    00000014     Switch.o (.text.Switch_Language)
                  0001bc60    00000014     Switch.o (.text.Switch_Shoot)
                  0001bc74    00000012     libc.a : memcpy16.S.obj (.text:TI_memcpy_small)
                  0001bc86    00000012            : copy_decompress_none.c.obj (.text:decompress:none)
                  0001bc98    00000010     Clock.o (.text.Clock_Delay)
                  0001bca8    00000010     LaunchPad.o (.text.Delay)
                  0001bcb8    00000010     Entities.o (.text.Player_Reload)
                  0001bcc8    00000010     libc.a : copy_zero_init.c.obj (.text:decompress:ZI)
                  0001bcd8    0000000e     libclang_rt.builtins.a : aeabi_memset.S.obj (.text.__aeabi_memset)
                  0001bce6    0000000e     Entities.o (.text.fix16_to_int)
                  0001bcf4    0000000e     render3D.o (.text.fix16_to_int)
                  0001bd02    0000000e     libc.a : _printfi.c.obj (.text.strlen)
                  0001bd10    0000000e            : memset16.S.obj (.text:TI_memset_small)
                  0001bd1e    00000002     --HOLE-- [fill = 0]
                  0001bd20    0000000c     Clock.o (.text.Clock_Freq)
                  0001bd2c    0000000c     Language.o (.text.Language_Init)
                  0001bd38    0000000c     libclang_rt.builtins.a : aeabi_memset.S.obj (.text.__aeabi_memclr)
                  0001bd44    0000000c     render3D.o (.text.fix16_from_int)
                  0001bd50    0000000a     Lab9Main.o (.text.PLL_Init)
                  0001bd5a    0000000a     libc.a : sprintf.c.obj (.text._outc)
                  0001bd64    00000008     libclang_rt.builtins.a : aeabi_memcpy.S.obj (.text.__aeabi_memcpy)
                  0001bd6c    00000006     libc.a : exit.c.obj (.text:abort)
                  0001bd72    00000004     libsysbm.a : hostexit.c.obj (.text.HOSTexit)
                  0001bd76    00000004     startup_mspm0g3507_ticlang.o (.text.Reset_Handler)
                  0001bd7a    00000004     libc.a : pre_init.c.obj (.text._system_pre_init)
                  0001bd7e    00000002     --HOLE-- [fill = 0]

.cinit     0    0001bd80    00001010     
                  0001bd80    00000fe7     (.cinit..data.load) [load image, compression = lzss]
                  0001cd67    00000001     --HOLE-- [fill = 0]
                  0001cd68    0000000c     (__TI_handler_table)
                  0001cd74    00000008     (.cinit..bss.load) [load image, compression = zero_init]
                  0001cd7c    00000010     (__TI_cinit_table)
                  0001cd8c    00000004     --HOLE-- [fill = 0]

.rodata    0    000000c0    00017b10     
                  000000c0    00003b00     images.o (.rodata.zombie1)
                  00003bc0    00002ee0     images.o (.rodata.shotgunShoot3)
                  00006aa0    00002940     images.o (.rodata.reload3)
                  000093e0    00002850     images.o (.rodata.shotgunShoot4)
                  0000bc30    000023a0     images.o (.rodata.reload2)
                  0000dfd0    00002080     images.o (.rodata.reload1)
                  00010050    00001c11     Sound.o (.rodata.chamber)
                  00011c61    00000001     images.o (.rodata.crosshairHeight)
                  00011c62    000017e8     images.o (.rodata.shotgunShoot2)
                  0001344a    000012c0     images.o (.rodata.shotgunNormal)
                  0001470a    00001140     Sound.o (.rodata.shootGun)
                  0001584a    000009aa     Sound.o (.rodata.reload)
                  000161f4    00000966     Sound.o (.rodata.damaged)
                  00016b5a    00000800     fix16_fast_trig_lut.o (.rodata.fastSineLookupTable)
                  0001735a    000004fb     ST7735.o (.rodata.Font)
                  00017855    00000240     Lab9Main.o (.rodata.worldMap)
                  00017a95    00000001     images.o (.rodata.crosshairWidth)
                  00017a96    00000048     images.o (.rodata.crosshair)
                  00017ade    0000003b     ST7735.o (.rodata.Rcmd1)
                  00017b19    0000002b     ST7735.o (.rodata.Rcmd3)
                  00017b44    00000016     ST7735.o (.rodata.str1.2132471336006292093.1)
                  00017b5a    00000011     Language.o (.rodata.str1.12342158081114120698.1)
                  00017b6b    00000011     libc.a : _printfi.c.obj (.rodata.str1.15363888844622738466.1)
                  00017b7c    0000000f     Language.o (.rodata.str1.5333028195687833906.1)
                  00017b8b    0000000d     ST7735.o (.rodata.Rcmd2green)
                  00017b98    0000000d     ST7735.o (.rodata.Rcmd2red)
                  00017ba5    0000000b     Language.o (.rodata.str1.5714278379454200997.1)
                  00017bb0    0000000a     Language.o (.rodata.str1.7950458361806698135.1)
                  00017bba    00000008     render3D.o (.rodata.str1.11157570424798376539.1)
                  00017bc2    00000002     --HOLE-- [fill = 0]
                  00017bc4    00000004     Lab9Main.o (.rodata.mapHeight)
                  00017bc8    00000004     Lab9Main.o (.rodata.mapWidth)
                  00017bcc    00000003     render3D.o (.rodata.str1.5546519201162251259.1)
                  00017bcf    00000001     --HOLE-- [fill = 0]

.init_array 
*          0    00000000    00000000     UNINITIALIZED

.binit     0    00000000    00000000     

.bss       0    20200000    00005274     UNINITIALIZED
                  20200000    00005000     (.common:displayBuffer)
                  20205000    000001c0     (.common:zombies)
                  202051c0    00000040     (.common:spriteDistance)
                  20205200    00000040     (.common:spriteOrder)
                  20205240    00000010     (.common:scoreBuffer)
                  20205250    00000008     (.common:soundToPlay)
                  20205258    00000006     (.common:Player)
                  2020525e    00000001     ST7735.o (.bss.ColStart)
                  2020525f    00000001     ST7735.o (.bss.Rotation)
                  20205260    00000004     (.common:TExaSLogic)
                  20205264    00000004     (.common:TExaSadc)
                  20205268    00000004     (.common:score)
                  2020526c    00000004     (.common:soundIdx)
                  20205270    00000001     ST7735.o (.bss.RowStart)
                  20205271    00000001     ST7735.o (.bss.TabColor)
                  20205272    00000001     (.common:currentLanguage)
                  20205273    00000001     (.common:soundCalled)

.data      0    20205274    0000191e     UNINITIALIZED
                  20205274    00000d5c     images.o (.data.youDiedSpanish)
                  20205fd0    00000a64     images.o (.data.youDiedEnglish)
                  20206a34    000000a8     Animations.o (.data.shotgunReload)
                  20206adc    00000040     Animations.o (.data.shotgunShoot)
                  20206b1c    00000028     Language.o (.data.myLanguages)
                  20206b44    00000008     Lab9Main.o (.data.dir)
                  20206b4c    00000008     Lab9Main.o (.data.plane)
                  20206b54    00000008     Lab9Main.o (.data.pos)
                  20206b5c    00000008     Animations.o (.data.shotgunNeutral)
                  20206b64    00000004     Clock.o (.data.BusFreq)
                  20206b68    00000004     ST7735.o (.data.StX)
                  20206b6c    00000004     ST7735.o (.data.StY)
                  20206b70    00000004     libc.a : _lock.c.obj (.data._lock)
                  20206b74    00000004            : _lock.c.obj (.data._unlock)
                  20206b78    00000004            : rand.c.obj (.data.next)
                  20206b7c    00000004     Animations.o (.data.shotgun)
                  20206b80    00000004     Entities.o (.data.spawnCoefficient)
                  20206b84    00000004     Entities.o (.data.zombieCount)
                  20206b88    00000002     ST7735.o (.data.StTextColor)
                  20206b8a    00000002     ST7735.o (.data._height)
                  20206b8c    00000002     ST7735.o (.data._width)
                  20206b8e    00000001     Animations.o (.data.frame)
                  20206b8f    00000001     Entities.o (.data.gunRaysShot)
                  20206b90    00000001     Entities.o (.data.gunReload)
                  20206b91    00000001     Entities.o (.data.gunShot)

.sysmem    0    20206b98    00000200     UNINITIALIZED
                  20206b98    00000010     libc.a : memory.c.obj (.sysmem)
                  20206ba8    000001f0     --HOLE--

.stack     0    20207e00    00000200     UNINITIALIZED
                  20207e00    00000004     libc.a : boot_cortex_m.c.obj (.stack)
                  20207e04    000001fc     --HOLE--

__llvm_prf_cnts 
*          0    20200000    00000000     UNINITIALIZED

__llvm_prf_bits 
*          0    20200000    00000000     UNINITIALIZED

MODULE SUMMARY

       Module                         code    ro data   rw data
       ------                         ----    -------   -------
    .\
       render3D.o                     5022    11        20624  
       Sound.o                        332     16481     13     
       ST7735.o                       3990    1425      18     
       Entities.o                     1370    0         469    
       Lab9Main.o                     362     584       24     
       Clock.o                        516     0         4      
       Animations.o                   228     0         245    
       SPI.o                          440     0         0      
       JoystickLeft.o                 316     0         0      
       Timer.o                        316     0         0      
       AMDAC4.o                       232     0         0      
       JoystickRight.o                212     0         0      
       LaunchPad.o                    196     0         0      
       DAC6.o                         144     0         0      
       HPDAC4.o                       138     0         0      
       Language.o                     44      53        41     
       Switch.o                       80      0         0      
       TExaS.o                        64      0         8      
    +--+------------------------------+-------+---------+---------+
       Total:                         14002   18554     21446  
                                                               
    .\Math\fix\
       fix16_fast_trig_lut.o          252     2048      0      
       fix16.o                        680     0         0      
       fix16_sqrt.o                   292     0         0      
    +--+------------------------------+-------+---------+---------+
       Total:                         1224    2048      0      
                                                               
    .\Math\lib_fixmatrix\
       fixvector2d.o                  88      0         0      
    +--+------------------------------+-------+---------+---------+
       Total:                         88      0         0      
                                                               
    .\images\
       images.o                       0       76418     6080   
    +--+------------------------------+-------+---------+---------+
       Total:                         0       76418     6080   
                                                               
    .\ticlang\
       startup_mspm0g3507_ticlang.o   60      192       0      
    +--+------------------------------+-------+---------+---------+
       Total:                         60      192       0      
                                                               
    C:\ti\ccs2040\ccs\tools\compiler\ti-cgt-armllvm_4.0.4.LTS\lib\armv6m-ti-none-eabi/c/libc.a
       _printfi.c.obj                 658     17        0      
       copy_decompress_lzss.c.obj     124     0         0      
       sprintf.c.obj                  90      0         0      
       autoinit.c.obj                 60      0         0      
       rand.c.obj                     56      0         4      
       boot_cortex_m.c.obj            40      0         0      
       memccpy.c.obj                  34      0         0      
       copy_decompress_none.c.obj     18      0         0      
       memcpy16.S.obj                 18      0         0      
       copy_zero_init.c.obj           16      0         0      
       memset16.S.obj                 14      0         0      
       _lock.c.obj                    2       0         8      
       exit.c.obj                     6       0         0      
       pre_init.c.obj                 4       0         0      
    +--+------------------------------+-------+---------+---------+
       Total:                         1140    17        12     
                                                               
    C:\ti\ccs2040\ccs\tools\compiler\ti-cgt-armllvm_4.0.4.LTS\lib\armv6m-ti-none-eabi/c/libsysbm.a
       hostexit.c.obj                 4       0         0      
    +--+------------------------------+-------+---------+---------+
       Total:                         4       0         0      
                                                               
    C:\ti\ccs2040\ccs\tools\compiler\ti-cgt-armllvm_4.0.4.LTS\lib\armv6m-ti-none-eabi/libclang_rt.builtins.a
       aeabi_idivmod.S.obj            86      0         0      
       aeabi_uidivmod.S.obj           64      0         0      
       muldsi3.S.obj                  58      0         0      
       muldi3.S.obj                   36      0         0      
       aeabi_memset.S.obj             26      0         0      
       aeabi_memcpy.S.obj             8       0         0      
       aeabi_div0.c.obj               2       0         0      
    +--+------------------------------+-------+---------+---------+
       Total:                         280     0         0      
                                                               
       Heap:                          0       0         512    
       Stack:                         0       0         512    
       Linker Generated:              0       4107      0      
    +--+------------------------------+-------+---------+---------+
       Grand Total:                   16798   101336    28562  


LINKER GENERATED COPY TABLES

__TI_cinit_table @ 0001cd7c records: 2, size/record: 8, table size: 16
	.data: load addr=0001bd80, load size=00000fe7 bytes, run addr=20205274, run size=0000191e bytes, compression=lzss
	.bss: load addr=0001cd74, load size=00000008 bytes, run addr=20200000, run size=00005274 bytes, compression=zero_init


LINKER GENERATED HANDLER TABLE

__TI_handler_table @ 0001cd68 records: 3, size/record: 4, table size: 12
	index: 0, handler: __TI_decompress_lzss
	index: 1, handler: __TI_decompress_none
	index: 2, handler: __TI_zero_init


GLOBAL SYMBOLS: SORTED ALPHABETICALLY BY Name 

address   name                                
-------   ----                                
0001bb65  ADC0_IRQHandler                     
0001bb65  ADC1_IRQHandler                     
0001bb65  AES_IRQHandler                      
0001bb9d  AMDAC4_AmmoOut                      
0001b499  AMDAC4_Init                         
0001ac9d  AMDAC4_Out                          
0001b7a9  ActivatePortA_B                     
20206b64  BusFreq                             
0001bd72  C$$EXIT                             
0001bb65  CANFD0_IRQHandler                   
0001bc99  Clock_Delay                         
0001b889  Clock_Delay1ms                      
0001bd21  Clock_Freq                          
00019741  Clock_Init80MHz                     
0001bb65  DAC0_IRQHandler                     
0001b3f5  DAC6_Init                           
0001b6f5  DAC6_Out                            
0001bb65  DMA_IRQHandler                      
0001bb65  Default_Handler                     
0001bca9  Delay                               
0001bb65  GROUP0_IRQHandler                   
0001bb65  GROUP1_IRQHandler                   
0001bd73  HOSTexit                            
0001bb29  HPDAC4_HPOut                        
0001b5b5  HPDAC4_Init                         
0001b951  HPDAC4_Out                          
0001bb81  HardFault_Handler                   
0001bb65  I2C0_IRQHandler                     
0001bb65  I2C1_IRQHandler                     
0001b18d  JoystickLeft_Init                   
0001b265  JoystickLeft_getX                   
0001b2cd  JoystickLeft_getY                   
0001b1f9  JoystickRight_Init                  
0001b335  JoystickRight_getX                  
0001bd2d  Language_Init                       
0001bae9  Language_Switch                     
0001af39  LaunchPad_Init                      
0001bb65  NMI_Handler                         
0001bd51  PLL_Init                            
0001bb65  PendSV_Handler                      
20205258  Player                              
0001b97d  Player_Damaged                      
0001bbb5  Player_Init                         
0001bcb9  Player_Reload                       
00019a99  Player_Shoot                        
0001bb65  RTC_IRQHandler                      
0001bd77  Reset_Handler                       
0001bb65  SPI0_IRQHandler                     
0001bb65  SPI1_IRQHandler                     
0001a341  SPI_Init                            
0001b4e1  SPI_OutCommand                      
0001b7e1  SPI_OutData                         
0001b5f5  SPI_Reset                           
0001933d  ST7735_DrawBitmap                   
0001a23d  ST7735_DrawBitmapTransparent        
000198f5  ST7735_DrawCharS                    
00019ed1  ST7735_DrawCharToBuffer             
0001a975  ST7735_DrawFastHLine                
0001b0ad  ST7735_DrawPixel                    
0001a8bd  ST7735_DrawPixelToBuffer            
0001afb5  ST7735_DrawStringToBuffer           
0001ae35  ST7735_DrawStringTransparent        
00019c0d  ST7735_DrawTransparentBitmapOnBuffer
0001a125  ST7735_FillRect                     
0001b9a9  ST7735_FillScreen                   
0001ab71  ST7735_InitR                        
0001a7ed  ST7735_OutCharTransparent           
0001ba79  ST7735_OutStringTransparent         
0001b8bd  ST7735_SetCursor                    
0001a531  ST7735_SetRotation                  
0001bb65  SVC_Handler                         
0001bbfd  Sound_Chamber                       
0001bc11  Sound_Damaged                       
0001ba01  Sound_Init                          
0001bc25  Sound_Reload                        
0001bc39  Sound_Shoot                         
0001b635  Sound_Start                         
0001ad25  Spawn_Zombie                        
20206b88  StTextColor                         
20206b68  StX                                 
20206b6c  StY                                 
0001ba29  Switch_Init                         
0001bc4d  Switch_Language                     
0001bc61  Switch_Shoot                        
0001b449  SysTick_Handler                     
0001b571  SysTick_IntArm                      
20205260  TExaSLogic                          
20205264  TExaSadc                            
0001bb65  TIMA0_IRQHandler                    
0001bb65  TIMA1_IRQHandler                    
0001bb65  TIMG0_IRQHandler                    
000190c1  TIMG12_IRQHandler                   
0001bb65  TIMG6_IRQHandler                    
0001b675  TIMG7_IRQHandler                    
0001a625  TIMG8_IRQHandler                    
0001bc75  TI_memcpy_small                     
0001bd11  TI_memset_small                     
0001ac09  TimerG12_IntArm                     
0001aa25  TimerG8_IntArm                      
0001bb65  UART0_IRQHandler                    
0001bb65  UART1_IRQHandler                    
0001bb65  UART2_IRQHandler                    
0001bb65  UART3_IRQHandler                    
0001aeb9  Zombie_Damaged                      
20208000  __STACK_END                         
00000200  __STACK_SIZE                        
00000200  __SYSMEM_SIZE                       
00000000  __TI_ATRegion0_region_sz            
00000000  __TI_ATRegion0_src_addr             
00000000  __TI_ATRegion0_trg_addr             
00000000  __TI_ATRegion1_region_sz            
00000000  __TI_ATRegion1_src_addr             
00000000  __TI_ATRegion1_trg_addr             
00000000  __TI_ATRegion2_region_sz            
00000000  __TI_ATRegion2_src_addr             
00000000  __TI_ATRegion2_trg_addr             
0001cd7c  __TI_CINIT_Base                     
0001cd8c  __TI_CINIT_Limit                    
0001cd8c  __TI_CINIT_Warm                     
0001cd68  __TI_Handler_Table_Base             
0001cd74  __TI_Handler_Table_Limit            
0001b731  __TI_auto_init_nobinit_nopinit      
0001b031  __TI_decompress_lzss                
0001bc87  __TI_decompress_none                
ffffffff  __TI_pprof_out_hndl                 
00018e3d  __TI_printfi_minimal                
ffffffff  __TI_prof_data_size                 
ffffffff  __TI_prof_data_start                
00000000  __TI_static_base__                  
0001bcc9  __TI_zero_init                      
0001b39d  __aeabi_idiv                        
0001ab6f  __aeabi_idiv0                       
0001b39d  __aeabi_idivmod                     
0001baa1  __aeabi_lmul                        
0001bd39  __aeabi_memclr                      
0001bd39  __aeabi_memclr4                     
0001bd39  __aeabi_memclr8                     
0001bd65  __aeabi_memcpy                      
0001bd65  __aeabi_memcpy4                     
0001bd65  __aeabi_memcpy8                     
0001bcd9  __aeabi_memset                      
0001bcd9  __aeabi_memset4                     
0001bcd9  __aeabi_memset8                     
0001b6b5  __aeabi_uidiv                       
0001b6b5  __aeabi_uidivmod                    
ffffffff  __binit__                           
UNDEFED   __mpu_init                          
0001baa1  __muldi3                            
0001b76d  __muldsi3                           
20207e00  __stack                             
20200000  __start___llvm_prf_bits             
20200000  __start___llvm_prf_cnts             
20200000  __stop___llvm_prf_bits              
20200000  __stop___llvm_prf_cnts              
0001ba51  _c_int00_noargs                     
20206b70  _lock                               
0001b18b  _nop                                
20206b98  _sys_memory                         
UNDEFED   _system_post_cinit                  
0001bd7b  _system_pre_init                    
20206b74  _unlock                             
0001bd6d  abort                               
ffffffff  binit                               
00010050  chamber                             
00017a96  crosshair                           
00011c61  crosshairHeight                     
00017a95  crosshairWidth                      
20205272  currentLanguage                     
000161f4  damaged                             
20206b44  dir                                 
20200000  displayBuffer                       
0001b529  fix16_add                           
0001954d  fix16_div                           
0001bbe5  fix16_fast_cos                      
0001a709  fix16_fast_sin                      
0001b11d  fix16_mul                           
0001a001  fix16_sqrt                          
20206b8e  frame                               
20206b8f  gunRaysShot                         
20206b90  gunReload                           
20206b91  gunShot                             
00000000  interruptVectors                    
00019d71  main                                
00017bc4  mapHeight                           
00017bc8  mapWidth                            
0001bac5  memccpy                             
20206b1c  myLanguages                         
20206b4c  plane                               
20206b54  pos                                 
0001b819  rand                                
00017bd1  raycast                             
0001584a  reload                              
0000dfd0  reload1                             
0000bc30  reload2                             
00006aa0  reload3                             
20205268  score                               
20205240  scoreBuffer                         
0001470a  shootGun                            
20206b7c  shotgun                             
20206b5c  shotgunNeutral                      
0001344a  shotgunNormal                       
20206a34  shotgunReload                       
20206adc  shotgunShoot                        
00011c62  shotgunShoot2                       
00003bc0  shotgunShoot3                       
000093e0  shotgunShoot4                       
0001a439  sortSprites                         
20205273  soundCalled                         
2020526c  soundIdx                            
20205250  soundToPlay                         
20206b80  spawnCoefficient                    
0001b851  sprintf                             
202051c0  spriteDistance                      
20205200  spriteOrder                         
0001b921  v2d_add                             
0001b9d5  v2d_mul_s                           
00017855  worldMap                            
20205fd0  youDiedEnglish                      
20205274  youDiedSpanish                      
000000c0  zombie1                             
20206b84  zombieCount                         
20205000  zombies                             


GLOBAL SYMBOLS: SORTED BY Symbol Address 

address   name                                
-------   ----                                
00000000  __TI_ATRegion0_region_sz            
00000000  __TI_ATRegion0_src_addr             
00000000  __TI_ATRegion0_trg_addr             
00000000  __TI_ATRegion1_region_sz            
00000000  __TI_ATRegion1_src_addr             
00000000  __TI_ATRegion1_trg_addr             
00000000  __TI_ATRegion2_region_sz            
00000000  __TI_ATRegion2_src_addr             
00000000  __TI_ATRegion2_trg_addr             
00000000  __TI_static_base__                  
00000000  interruptVectors                    
000000c0  zombie1                             
00000200  __STACK_SIZE                        
00000200  __SYSMEM_SIZE                       
00003bc0  shotgunShoot3                       
00006aa0  reload3                             
000093e0  shotgunShoot4                       
0000bc30  reload2                             
0000dfd0  reload1                             
00010050  chamber                             
00011c61  crosshairHeight                     
00011c62  shotgunShoot2                       
0001344a  shotgunNormal                       
0001470a  shootGun                            
0001584a  reload                              
000161f4  damaged                             
00017855  worldMap                            
00017a95  crosshairWidth                      
00017a96  crosshair                           
00017bc4  mapHeight                           
00017bc8  mapWidth                            
00017bd1  raycast                             
00018e3d  __TI_printfi_minimal                
000190c1  TIMG12_IRQHandler                   
0001933d  ST7735_DrawBitmap                   
0001954d  fix16_div                           
00019741  Clock_Init80MHz                     
000198f5  ST7735_DrawCharS                    
00019a99  Player_Shoot                        
00019c0d  ST7735_DrawTransparentBitmapOnBuffer
00019d71  main                                
00019ed1  ST7735_DrawCharToBuffer             
0001a001  fix16_sqrt                          
0001a125  ST7735_FillRect                     
0001a23d  ST7735_DrawBitmapTransparent        
0001a341  SPI_Init                            
0001a439  sortSprites                         
0001a531  ST7735_SetRotation                  
0001a625  TIMG8_IRQHandler                    
0001a709  fix16_fast_sin                      
0001a7ed  ST7735_OutCharTransparent           
0001a8bd  ST7735_DrawPixelToBuffer            
0001a975  ST7735_DrawFastHLine                
0001aa25  TimerG8_IntArm                      
0001ab6f  __aeabi_idiv0                       
0001ab71  ST7735_InitR                        
0001ac09  TimerG12_IntArm                     
0001ac9d  AMDAC4_Out                          
0001ad25  Spawn_Zombie                        
0001ae35  ST7735_DrawStringTransparent        
0001aeb9  Zombie_Damaged                      
0001af39  LaunchPad_Init                      
0001afb5  ST7735_DrawStringToBuffer           
0001b031  __TI_decompress_lzss                
0001b0ad  ST7735_DrawPixel                    
0001b11d  fix16_mul                           
0001b18b  _nop                                
0001b18d  JoystickLeft_Init                   
0001b1f9  JoystickRight_Init                  
0001b265  JoystickLeft_getX                   
0001b2cd  JoystickLeft_getY                   
0001b335  JoystickRight_getX                  
0001b39d  __aeabi_idiv                        
0001b39d  __aeabi_idivmod                     
0001b3f5  DAC6_Init                           
0001b449  SysTick_Handler                     
0001b499  AMDAC4_Init                         
0001b4e1  SPI_OutCommand                      
0001b529  fix16_add                           
0001b571  SysTick_IntArm                      
0001b5b5  HPDAC4_Init                         
0001b5f5  SPI_Reset                           
0001b635  Sound_Start                         
0001b675  TIMG7_IRQHandler                    
0001b6b5  __aeabi_uidiv                       
0001b6b5  __aeabi_uidivmod                    
0001b6f5  DAC6_Out                            
0001b731  __TI_auto_init_nobinit_nopinit      
0001b76d  __muldsi3                           
0001b7a9  ActivatePortA_B                     
0001b7e1  SPI_OutData                         
0001b819  rand                                
0001b851  sprintf                             
0001b889  Clock_Delay1ms                      
0001b8bd  ST7735_SetCursor                    
0001b921  v2d_add                             
0001b951  HPDAC4_Out                          
0001b97d  Player_Damaged                      
0001b9a9  ST7735_FillScreen                   
0001b9d5  v2d_mul_s                           
0001ba01  Sound_Init                          
0001ba29  Switch_Init                         
0001ba51  _c_int00_noargs                     
0001ba79  ST7735_OutStringTransparent         
0001baa1  __aeabi_lmul                        
0001baa1  __muldi3                            
0001bac5  memccpy                             
0001bae9  Language_Switch                     
0001bb29  HPDAC4_HPOut                        
0001bb65  ADC0_IRQHandler                     
0001bb65  ADC1_IRQHandler                     
0001bb65  AES_IRQHandler                      
0001bb65  CANFD0_IRQHandler                   
0001bb65  DAC0_IRQHandler                     
0001bb65  DMA_IRQHandler                      
0001bb65  Default_Handler                     
0001bb65  GROUP0_IRQHandler                   
0001bb65  GROUP1_IRQHandler                   
0001bb65  I2C0_IRQHandler                     
0001bb65  I2C1_IRQHandler                     
0001bb65  NMI_Handler                         
0001bb65  PendSV_Handler                      
0001bb65  RTC_IRQHandler                      
0001bb65  SPI0_IRQHandler                     
0001bb65  SPI1_IRQHandler                     
0001bb65  SVC_Handler                         
0001bb65  TIMA0_IRQHandler                    
0001bb65  TIMA1_IRQHandler                    
0001bb65  TIMG0_IRQHandler                    
0001bb65  TIMG6_IRQHandler                    
0001bb65  UART0_IRQHandler                    
0001bb65  UART1_IRQHandler                    
0001bb65  UART2_IRQHandler                    
0001bb65  UART3_IRQHandler                    
0001bb81  HardFault_Handler                   
0001bb9d  AMDAC4_AmmoOut                      
0001bbb5  Player_Init                         
0001bbe5  fix16_fast_cos                      
0001bbfd  Sound_Chamber                       
0001bc11  Sound_Damaged                       
0001bc25  Sound_Reload                        
0001bc39  Sound_Shoot                         
0001bc4d  Switch_Language                     
0001bc61  Switch_Shoot                        
0001bc75  TI_memcpy_small                     
0001bc87  __TI_decompress_none                
0001bc99  Clock_Delay                         
0001bca9  Delay                               
0001bcb9  Player_Reload                       
0001bcc9  __TI_zero_init                      
0001bcd9  __aeabi_memset                      
0001bcd9  __aeabi_memset4                     
0001bcd9  __aeabi_memset8                     
0001bd11  TI_memset_small                     
0001bd21  Clock_Freq                          
0001bd2d  Language_Init                       
0001bd39  __aeabi_memclr                      
0001bd39  __aeabi_memclr4                     
0001bd39  __aeabi_memclr8                     
0001bd51  PLL_Init                            
0001bd65  __aeabi_memcpy                      
0001bd65  __aeabi_memcpy4                     
0001bd65  __aeabi_memcpy8                     
0001bd6d  abort                               
0001bd72  C$$EXIT                             
0001bd73  HOSTexit                            
0001bd77  Reset_Handler                       
0001bd7b  _system_pre_init                    
0001cd68  __TI_Handler_Table_Base             
0001cd74  __TI_Handler_Table_Limit            
0001cd7c  __TI_CINIT_Base                     
0001cd8c  __TI_CINIT_Limit                    
0001cd8c  __TI_CINIT_Warm                     
20200000  __start___llvm_prf_bits             
20200000  __start___llvm_prf_cnts             
20200000  __stop___llvm_prf_bits              
20200000  __stop___llvm_prf_cnts              
20200000  displayBuffer                       
20205000  zombies                             
202051c0  spriteDistance                      
20205200  spriteOrder                         
20205240  scoreBuffer                         
20205250  soundToPlay                         
20205258  Player                              
20205260  TExaSLogic                          
20205264  TExaSadc                            
20205268  score                               
2020526c  soundIdx                            
20205272  currentLanguage                     
20205273  soundCalled                         
20205274  youDiedSpanish                      
20205fd0  youDiedEnglish                      
20206a34  shotgunReload                       
20206adc  shotgunShoot                        
20206b1c  myLanguages                         
20206b44  dir                                 
20206b4c  plane                               
20206b54  pos                                 
20206b5c  shotgunNeutral                      
20206b64  BusFreq                             
20206b68  StX                                 
20206b6c  StY                                 
20206b70  _lock                               
20206b74  _unlock                             
20206b7c  shotgun                             
20206b80  spawnCoefficient                    
20206b84  zombieCount                         
20206b88  StTextColor                         
20206b8e  frame                               
20206b8f  gunRaysShot                         
20206b90  gunReload                           
20206b91  gunShot                             
20206b98  _sys_memory                         
20207e00  __stack                             
20208000  __STACK_END                         
ffffffff  __TI_pprof_out_hndl                 
ffffffff  __TI_prof_data_size                 
ffffffff  __TI_prof_data_start                
ffffffff  __binit__                           
ffffffff  binit                               
UNDEFED   __mpu_init                          
UNDEFED   _system_post_cinit                  

[222 symbols]
