<?xml version="1.0" encoding="ISO-8859-1" ?>
<link_info>
   <banner>TI ARM Clang Linker PC v4.0.4.LTS</banner>
   <copyright>Copyright (c) 1996-2018 Texas Instruments Incorporated</copyright>
   <command_line>C:\ti\ccs2040\ccs\tools\compiler\ti-cgt-armllvm_4.0.4.LTS\bin\tiarmlnk -IC:\ti\ccs2040\ccs\tools\compiler\ti-cgt-armllvm_4.0.4.LTS\lib -o ECE319K_Lab9.out -mECE319K_Lab9.map --heap_size=512 --stack_size=512 -iC:/Users/kevin/Desktop/S2026/ECE 319K/ValvanoWare/ECE319K_Lab9/Debug/syscfg -iC:/ti/ccs2040/ccs/tools/compiler/ti-cgt-armllvm_4.0.4.LTS/lib --diag_wrap=off --display_error_number --warn_sections --xml_link_info=ECE319K_Lab9_linkInfo.xml --rom_model ./ADC1.o ./AMDAC4.o ./Animations.o ./Arabic.o ./Clock.o ./DAC5.o ./DAC6.o ./Entities.o ./HPDAC4.o ./JoystickLeft.o ./JoystickRight.o ./LED.o ./Lab9Main.o ./LaunchPad.o ./SPI.o ./ST7735.o ./SmallFont.o ./Sound.o ./Switch.o ./TExaS.o ./Timer.o ./render3D.o ./Math/fix/fix16.o ./Math/fix/fix16_exp.o ./Math/fix/fix16_fast_trig_lut.o ./Math/fix/fix16_sqrt.o ./Math/fix/fix16_str.o ./Math/fix/fract32.o ./Math/lib_fixmatrix/fixarray.o ./Math/lib_fixmatrix/fixmatrix.o ./Math/lib_fixmatrix/fixquat.o ./Math/lib_fixmatrix/fixstring.o ./Math/lib_fixmatrix/fixvector2d.o ./Math/lib_fixmatrix/fixvector3d.o ./images/images.o ./images/pipedreams/PipeSound.o ./ticlang/startup_mspm0g3507_ticlang.o ../mspm0g3507.cmd -lC:/ti/mspm0_sdk_2_09_00_01/source/ti/driverlib/lib/ticlang/m0p/mspm0g1x0x_g3x0x/driverlib.a -llibc.a --start-group -llibc++.a -llibc++abi.a -llibc.a -llibsys.a -llibsysbm.a -llibclang_rt.builtins.a -llibclang_rt.profile.a --end-group --cg_opt_level=0</command_line>
   <link_time>0x69e60276</link_time>
   <link_errors>0x0</link_errors>
   <output_file>C:\Users\kevin\Desktop\S2026\ECE 319K\ValvanoWare\ECE319K_Lab9\Debug\ECE319K_Lab9.out</output_file>
   <entry_point>
      <name>_c_int00_noargs</name>
      <address>0x1ea6d</address>
   </entry_point>
   <input_file_list>
      <input_file id="fl-1">
         <path>C:\Users\kevin\Desktop\S2026\ECE 319K\ValvanoWare\ECE319K_Lab9\Debug\.\</path>
         <kind>object</kind>
         <file>ADC1.o</file>
         <name>ADC1.o</name>
      </input_file>
      <input_file id="fl-2">
         <path>C:\Users\kevin\Desktop\S2026\ECE 319K\ValvanoWare\ECE319K_Lab9\Debug\.\</path>
         <kind>object</kind>
         <file>AMDAC4.o</file>
         <name>AMDAC4.o</name>
      </input_file>
      <input_file id="fl-3">
         <path>C:\Users\kevin\Desktop\S2026\ECE 319K\ValvanoWare\ECE319K_Lab9\Debug\.\</path>
         <kind>object</kind>
         <file>Animations.o</file>
         <name>Animations.o</name>
      </input_file>
      <input_file id="fl-4">
         <path>C:\Users\kevin\Desktop\S2026\ECE 319K\ValvanoWare\ECE319K_Lab9\Debug\.\</path>
         <kind>object</kind>
         <file>Arabic.o</file>
         <name>Arabic.o</name>
      </input_file>
      <input_file id="fl-5">
         <path>C:\Users\kevin\Desktop\S2026\ECE 319K\ValvanoWare\ECE319K_Lab9\Debug\.\</path>
         <kind>object</kind>
         <file>Clock.o</file>
         <name>Clock.o</name>
      </input_file>
      <input_file id="fl-6">
         <path>C:\Users\kevin\Desktop\S2026\ECE 319K\ValvanoWare\ECE319K_Lab9\Debug\.\</path>
         <kind>object</kind>
         <file>DAC5.o</file>
         <name>DAC5.o</name>
      </input_file>
      <input_file id="fl-7">
         <path>C:\Users\kevin\Desktop\S2026\ECE 319K\ValvanoWare\ECE319K_Lab9\Debug\.\</path>
         <kind>object</kind>
         <file>DAC6.o</file>
         <name>DAC6.o</name>
      </input_file>
      <input_file id="fl-8">
         <path>C:\Users\kevin\Desktop\S2026\ECE 319K\ValvanoWare\ECE319K_Lab9\Debug\.\</path>
         <kind>object</kind>
         <file>Entities.o</file>
         <name>Entities.o</name>
      </input_file>
      <input_file id="fl-9">
         <path>C:\Users\kevin\Desktop\S2026\ECE 319K\ValvanoWare\ECE319K_Lab9\Debug\.\</path>
         <kind>object</kind>
         <file>HPDAC4.o</file>
         <name>HPDAC4.o</name>
      </input_file>
      <input_file id="fl-a">
         <path>C:\Users\kevin\Desktop\S2026\ECE 319K\ValvanoWare\ECE319K_Lab9\Debug\.\</path>
         <kind>object</kind>
         <file>JoystickLeft.o</file>
         <name>JoystickLeft.o</name>
      </input_file>
      <input_file id="fl-b">
         <path>C:\Users\kevin\Desktop\S2026\ECE 319K\ValvanoWare\ECE319K_Lab9\Debug\.\</path>
         <kind>object</kind>
         <file>JoystickRight.o</file>
         <name>JoystickRight.o</name>
      </input_file>
      <input_file id="fl-c">
         <path>C:\Users\kevin\Desktop\S2026\ECE 319K\ValvanoWare\ECE319K_Lab9\Debug\.\</path>
         <kind>object</kind>
         <file>LED.o</file>
         <name>LED.o</name>
      </input_file>
      <input_file id="fl-d">
         <path>C:\Users\kevin\Desktop\S2026\ECE 319K\ValvanoWare\ECE319K_Lab9\Debug\.\</path>
         <kind>object</kind>
         <file>Lab9Main.o</file>
         <name>Lab9Main.o</name>
      </input_file>
      <input_file id="fl-e">
         <path>C:\Users\kevin\Desktop\S2026\ECE 319K\ValvanoWare\ECE319K_Lab9\Debug\.\</path>
         <kind>object</kind>
         <file>LaunchPad.o</file>
         <name>LaunchPad.o</name>
      </input_file>
      <input_file id="fl-f">
         <path>C:\Users\kevin\Desktop\S2026\ECE 319K\ValvanoWare\ECE319K_Lab9\Debug\.\</path>
         <kind>object</kind>
         <file>SPI.o</file>
         <name>SPI.o</name>
      </input_file>
      <input_file id="fl-10">
         <path>C:\Users\kevin\Desktop\S2026\ECE 319K\ValvanoWare\ECE319K_Lab9\Debug\.\</path>
         <kind>object</kind>
         <file>ST7735.o</file>
         <name>ST7735.o</name>
      </input_file>
      <input_file id="fl-11">
         <path>C:\Users\kevin\Desktop\S2026\ECE 319K\ValvanoWare\ECE319K_Lab9\Debug\.\</path>
         <kind>object</kind>
         <file>SmallFont.o</file>
         <name>SmallFont.o</name>
      </input_file>
      <input_file id="fl-12">
         <path>C:\Users\kevin\Desktop\S2026\ECE 319K\ValvanoWare\ECE319K_Lab9\Debug\.\</path>
         <kind>object</kind>
         <file>Sound.o</file>
         <name>Sound.o</name>
      </input_file>
      <input_file id="fl-13">
         <path>C:\Users\kevin\Desktop\S2026\ECE 319K\ValvanoWare\ECE319K_Lab9\Debug\.\</path>
         <kind>object</kind>
         <file>Switch.o</file>
         <name>Switch.o</name>
      </input_file>
      <input_file id="fl-14">
         <path>C:\Users\kevin\Desktop\S2026\ECE 319K\ValvanoWare\ECE319K_Lab9\Debug\.\</path>
         <kind>object</kind>
         <file>TExaS.o</file>
         <name>TExaS.o</name>
      </input_file>
      <input_file id="fl-15">
         <path>C:\Users\kevin\Desktop\S2026\ECE 319K\ValvanoWare\ECE319K_Lab9\Debug\.\</path>
         <kind>object</kind>
         <file>Timer.o</file>
         <name>Timer.o</name>
      </input_file>
      <input_file id="fl-16">
         <path>C:\Users\kevin\Desktop\S2026\ECE 319K\ValvanoWare\ECE319K_Lab9\Debug\.\</path>
         <kind>object</kind>
         <file>render3D.o</file>
         <name>render3D.o</name>
      </input_file>
      <input_file id="fl-17">
         <path>C:\Users\kevin\Desktop\S2026\ECE 319K\ValvanoWare\ECE319K_Lab9\Debug\.\Math\fix\</path>
         <kind>object</kind>
         <file>fix16.o</file>
         <name>fix16.o</name>
      </input_file>
      <input_file id="fl-18">
         <path>C:\Users\kevin\Desktop\S2026\ECE 319K\ValvanoWare\ECE319K_Lab9\Debug\.\Math\fix\</path>
         <kind>object</kind>
         <file>fix16_exp.o</file>
         <name>fix16_exp.o</name>
      </input_file>
      <input_file id="fl-19">
         <path>C:\Users\kevin\Desktop\S2026\ECE 319K\ValvanoWare\ECE319K_Lab9\Debug\.\Math\fix\</path>
         <kind>object</kind>
         <file>fix16_fast_trig_lut.o</file>
         <name>fix16_fast_trig_lut.o</name>
      </input_file>
      <input_file id="fl-1a">
         <path>C:\Users\kevin\Desktop\S2026\ECE 319K\ValvanoWare\ECE319K_Lab9\Debug\.\Math\fix\</path>
         <kind>object</kind>
         <file>fix16_sqrt.o</file>
         <name>fix16_sqrt.o</name>
      </input_file>
      <input_file id="fl-1b">
         <path>C:\Users\kevin\Desktop\S2026\ECE 319K\ValvanoWare\ECE319K_Lab9\Debug\.\Math\fix\</path>
         <kind>object</kind>
         <file>fix16_str.o</file>
         <name>fix16_str.o</name>
      </input_file>
      <input_file id="fl-1c">
         <path>C:\Users\kevin\Desktop\S2026\ECE 319K\ValvanoWare\ECE319K_Lab9\Debug\.\Math\fix\</path>
         <kind>object</kind>
         <file>fract32.o</file>
         <name>fract32.o</name>
      </input_file>
      <input_file id="fl-1d">
         <path>C:\Users\kevin\Desktop\S2026\ECE 319K\ValvanoWare\ECE319K_Lab9\Debug\.\Math\lib_fixmatrix\</path>
         <kind>object</kind>
         <file>fixarray.o</file>
         <name>fixarray.o</name>
      </input_file>
      <input_file id="fl-1e">
         <path>C:\Users\kevin\Desktop\S2026\ECE 319K\ValvanoWare\ECE319K_Lab9\Debug\.\Math\lib_fixmatrix\</path>
         <kind>object</kind>
         <file>fixmatrix.o</file>
         <name>fixmatrix.o</name>
      </input_file>
      <input_file id="fl-1f">
         <path>C:\Users\kevin\Desktop\S2026\ECE 319K\ValvanoWare\ECE319K_Lab9\Debug\.\Math\lib_fixmatrix\</path>
         <kind>object</kind>
         <file>fixquat.o</file>
         <name>fixquat.o</name>
      </input_file>
      <input_file id="fl-20">
         <path>C:\Users\kevin\Desktop\S2026\ECE 319K\ValvanoWare\ECE319K_Lab9\Debug\.\Math\lib_fixmatrix\</path>
         <kind>object</kind>
         <file>fixstring.o</file>
         <name>fixstring.o</name>
      </input_file>
      <input_file id="fl-21">
         <path>C:\Users\kevin\Desktop\S2026\ECE 319K\ValvanoWare\ECE319K_Lab9\Debug\.\Math\lib_fixmatrix\</path>
         <kind>object</kind>
         <file>fixvector2d.o</file>
         <name>fixvector2d.o</name>
      </input_file>
      <input_file id="fl-22">
         <path>C:\Users\kevin\Desktop\S2026\ECE 319K\ValvanoWare\ECE319K_Lab9\Debug\.\Math\lib_fixmatrix\</path>
         <kind>object</kind>
         <file>fixvector3d.o</file>
         <name>fixvector3d.o</name>
      </input_file>
      <input_file id="fl-23">
         <path>C:\Users\kevin\Desktop\S2026\ECE 319K\ValvanoWare\ECE319K_Lab9\Debug\.\images\</path>
         <kind>object</kind>
         <file>images.o</file>
         <name>images.o</name>
      </input_file>
      <input_file id="fl-24">
         <path>C:\Users\kevin\Desktop\S2026\ECE 319K\ValvanoWare\ECE319K_Lab9\Debug\.\images\pipedreams\</path>
         <kind>object</kind>
         <file>PipeSound.o</file>
         <name>PipeSound.o</name>
      </input_file>
      <input_file id="fl-25">
         <path>C:\Users\kevin\Desktop\S2026\ECE 319K\ValvanoWare\ECE319K_Lab9\Debug\.\ticlang\</path>
         <kind>object</kind>
         <file>startup_mspm0g3507_ticlang.o</file>
         <name>startup_mspm0g3507_ticlang.o</name>
      </input_file>
      <input_file id="fl-31">
         <path>C:\Users\kevin\Desktop\S2026\ECE 319K\ValvanoWare\ECE319K_Lab9\Debug\</path>
         <kind>object</kind>
         <file>&lt;internal&gt;</file>
         <name>&lt;internal&gt;</name>
      </input_file>
      <input_file id="fl-48">
         <path>C:\ti\ccs2040\ccs\tools\compiler\ti-cgt-armllvm_4.0.4.LTS\lib\armv6m-ti-none-eabi\c\</path>
         <kind>archive</kind>
         <file>libc.a</file>
         <name>fprintf.c.obj</name>
      </input_file>
      <input_file id="fl-49">
         <path>C:\ti\ccs2040\ccs\tools\compiler\ti-cgt-armllvm_4.0.4.LTS\lib\armv6m-ti-none-eabi\c\</path>
         <kind>archive</kind>
         <file>libc.a</file>
         <name>_printfi.c.obj</name>
      </input_file>
      <input_file id="fl-4a">
         <path>C:\ti\ccs2040\ccs\tools\compiler\ti-cgt-armllvm_4.0.4.LTS\lib\armv6m-ti-none-eabi\c\</path>
         <kind>archive</kind>
         <file>libc.a</file>
         <name>fopen.c.obj</name>
      </input_file>
      <input_file id="fl-4b">
         <path>C:\ti\ccs2040\ccs\tools\compiler\ti-cgt-armllvm_4.0.4.LTS\lib\armv6m-ti-none-eabi\c\</path>
         <kind>archive</kind>
         <file>libc.a</file>
         <name>fputc.c.obj</name>
      </input_file>
      <input_file id="fl-4c">
         <path>C:\ti\ccs2040\ccs\tools\compiler\ti-cgt-armllvm_4.0.4.LTS\lib\armv6m-ti-none-eabi\c\</path>
         <kind>archive</kind>
         <file>libc.a</file>
         <name>fputs.c.obj</name>
      </input_file>
      <input_file id="fl-4d">
         <path>C:\ti\ccs2040\ccs\tools\compiler\ti-cgt-armllvm_4.0.4.LTS\lib\armv6m-ti-none-eabi\c\</path>
         <kind>archive</kind>
         <file>libc.a</file>
         <name>_io_perm.c.obj</name>
      </input_file>
      <input_file id="fl-4e">
         <path>C:\ti\ccs2040\ccs\tools\compiler\ti-cgt-armllvm_4.0.4.LTS\lib\armv6m-ti-none-eabi\c\</path>
         <kind>archive</kind>
         <file>libc.a</file>
         <name>setvbuf.c.obj</name>
      </input_file>
      <input_file id="fl-4f">
         <path>C:\ti\ccs2040\ccs\tools\compiler\ti-cgt-armllvm_4.0.4.LTS\lib\armv6m-ti-none-eabi\c\</path>
         <kind>archive</kind>
         <file>libc.a</file>
         <name>aeabi_portable.c.obj</name>
      </input_file>
      <input_file id="fl-50">
         <path>C:\ti\ccs2040\ccs\tools\compiler\ti-cgt-armllvm_4.0.4.LTS\lib\armv6m-ti-none-eabi\c\</path>
         <kind>archive</kind>
         <file>libc.a</file>
         <name>exit.c.obj</name>
      </input_file>
      <input_file id="fl-51">
         <path>C:\ti\ccs2040\ccs\tools\compiler\ti-cgt-armllvm_4.0.4.LTS\lib\armv6m-ti-none-eabi\c\</path>
         <kind>archive</kind>
         <file>libc.a</file>
         <name>_lock.c.obj</name>
      </input_file>
      <input_file id="fl-52">
         <path>C:\ti\ccs2040\ccs\tools\compiler\ti-cgt-armllvm_4.0.4.LTS\lib\armv6m-ti-none-eabi\c\</path>
         <kind>archive</kind>
         <file>libc.a</file>
         <name>_ltoa.c.obj</name>
      </input_file>
      <input_file id="fl-53">
         <path>C:\ti\ccs2040\ccs\tools\compiler\ti-cgt-armllvm_4.0.4.LTS\lib\armv6m-ti-none-eabi\c\</path>
         <kind>archive</kind>
         <file>libc.a</file>
         <name>assert.c.obj</name>
      </input_file>
      <input_file id="fl-54">
         <path>C:\ti\ccs2040\ccs\tools\compiler\ti-cgt-armllvm_4.0.4.LTS\lib\armv6m-ti-none-eabi\c\</path>
         <kind>archive</kind>
         <file>libc.a</file>
         <name>atoi.c.obj</name>
      </input_file>
      <input_file id="fl-55">
         <path>C:\ti\ccs2040\ccs\tools\compiler\ti-cgt-armllvm_4.0.4.LTS\lib\armv6m-ti-none-eabi\c\</path>
         <kind>archive</kind>
         <file>libc.a</file>
         <name>defs.c.obj</name>
      </input_file>
      <input_file id="fl-56">
         <path>C:\ti\ccs2040\ccs\tools\compiler\ti-cgt-armllvm_4.0.4.LTS\lib\armv6m-ti-none-eabi\c\</path>
         <kind>archive</kind>
         <file>libc.a</file>
         <name>isdigit.c.obj</name>
      </input_file>
      <input_file id="fl-57">
         <path>C:\ti\ccs2040\ccs\tools\compiler\ti-cgt-armllvm_4.0.4.LTS\lib\armv6m-ti-none-eabi\c\</path>
         <kind>archive</kind>
         <file>libc.a</file>
         <name>isspace.c.obj</name>
      </input_file>
      <input_file id="fl-58">
         <path>C:\ti\ccs2040\ccs\tools\compiler\ti-cgt-armllvm_4.0.4.LTS\lib\armv6m-ti-none-eabi\c\</path>
         <kind>archive</kind>
         <file>libc.a</file>
         <name>memccpy.c.obj</name>
      </input_file>
      <input_file id="fl-59">
         <path>C:\ti\ccs2040\ccs\tools\compiler\ti-cgt-armllvm_4.0.4.LTS\lib\armv6m-ti-none-eabi\c\</path>
         <kind>archive</kind>
         <file>libc.a</file>
         <name>memory.c.obj</name>
      </input_file>
      <input_file id="fl-5a">
         <path>C:\ti\ccs2040\ccs\tools\compiler\ti-cgt-armllvm_4.0.4.LTS\lib\armv6m-ti-none-eabi\c\</path>
         <kind>archive</kind>
         <file>libc.a</file>
         <name>rand.c.obj</name>
      </input_file>
      <input_file id="fl-5b">
         <path>C:\ti\ccs2040\ccs\tools\compiler\ti-cgt-armllvm_4.0.4.LTS\lib\armv6m-ti-none-eabi\c\</path>
         <kind>archive</kind>
         <file>libc.a</file>
         <name>strlen.c.obj</name>
      </input_file>
      <input_file id="fl-5c">
         <path>C:\ti\ccs2040\ccs\tools\compiler\ti-cgt-armllvm_4.0.4.LTS\lib\armv6m-ti-none-eabi\c\</path>
         <kind>archive</kind>
         <file>libc.a</file>
         <name>boot_cortex_m.c.obj</name>
      </input_file>
      <input_file id="fl-5d">
         <path>C:\ti\ccs2040\ccs\tools\compiler\ti-cgt-armllvm_4.0.4.LTS\lib\armv6m-ti-none-eabi\c\</path>
         <kind>archive</kind>
         <file>libc.a</file>
         <name>mathacl_init.c.obj</name>
      </input_file>
      <input_file id="fl-5e">
         <path>C:\ti\ccs2040\ccs\tools\compiler\ti-cgt-armllvm_4.0.4.LTS\lib\armv6m-ti-none-eabi\c\</path>
         <kind>archive</kind>
         <file>libc.a</file>
         <name>autoinit.c.obj</name>
      </input_file>
      <input_file id="fl-5f">
         <path>C:\ti\ccs2040\ccs\tools\compiler\ti-cgt-armllvm_4.0.4.LTS\lib\armv6m-ti-none-eabi\c\</path>
         <kind>archive</kind>
         <file>libc.a</file>
         <name>pre_init.c.obj</name>
      </input_file>
      <input_file id="fl-60">
         <path>C:\ti\ccs2040\ccs\tools\compiler\ti-cgt-armllvm_4.0.4.LTS\lib\armv6m-ti-none-eabi\c\</path>
         <kind>archive</kind>
         <file>libc.a</file>
         <name>cpy_tbl.c.obj</name>
      </input_file>
      <input_file id="fl-61">
         <path>C:\ti\ccs2040\ccs\tools\compiler\ti-cgt-armllvm_4.0.4.LTS\lib\armv6m-ti-none-eabi\c\</path>
         <kind>archive</kind>
         <file>libc.a</file>
         <name>copy_zero_init.c.obj</name>
      </input_file>
      <input_file id="fl-62">
         <path>C:\ti\ccs2040\ccs\tools\compiler\ti-cgt-armllvm_4.0.4.LTS\lib\armv6m-ti-none-eabi\c\</path>
         <kind>archive</kind>
         <file>libc.a</file>
         <name>copy_decompress_none.c.obj</name>
      </input_file>
      <input_file id="fl-63">
         <path>C:\ti\ccs2040\ccs\tools\compiler\ti-cgt-armllvm_4.0.4.LTS\lib\armv6m-ti-none-eabi\c\</path>
         <kind>archive</kind>
         <file>libc.a</file>
         <name>copy_decompress_lzss.c.obj</name>
      </input_file>
      <input_file id="fl-64">
         <path>C:\ti\ccs2040\ccs\tools\compiler\ti-cgt-armllvm_4.0.4.LTS\lib\armv6m-ti-none-eabi\c\</path>
         <kind>archive</kind>
         <file>libc.a</file>
         <name>s_frexp.c.obj</name>
      </input_file>
      <input_file id="fl-65">
         <path>C:\ti\ccs2040\ccs\tools\compiler\ti-cgt-armllvm_4.0.4.LTS\lib\armv6m-ti-none-eabi\c\</path>
         <kind>archive</kind>
         <file>libc.a</file>
         <name>s_scalbn.c.obj</name>
      </input_file>
      <input_file id="fl-66">
         <path>C:\ti\ccs2040\ccs\tools\compiler\ti-cgt-armllvm_4.0.4.LTS\lib\armv6m-ti-none-eabi\c\</path>
         <kind>archive</kind>
         <file>libc.a</file>
         <name>wcslen.c.obj</name>
      </input_file>
      <input_file id="fl-67">
         <path>C:\ti\ccs2040\ccs\tools\compiler\ti-cgt-armllvm_4.0.4.LTS\lib\armv6m-ti-none-eabi\c\</path>
         <kind>archive</kind>
         <file>libc.a</file>
         <name>sprintf.c.obj</name>
      </input_file>
      <input_file id="fl-68">
         <path>C:\ti\ccs2040\ccs\tools\compiler\ti-cgt-armllvm_4.0.4.LTS\lib\armv6m-ti-none-eabi\c\</path>
         <kind>archive</kind>
         <file>libc.a</file>
         <name>fclose.c.obj</name>
      </input_file>
      <input_file id="fl-69">
         <path>C:\ti\ccs2040\ccs\tools\compiler\ti-cgt-armllvm_4.0.4.LTS\lib\armv6m-ti-none-eabi\c\</path>
         <kind>archive</kind>
         <file>libc.a</file>
         <name>fflush.c.obj</name>
      </input_file>
      <input_file id="fl-6a">
         <path>C:\ti\ccs2040\ccs\tools\compiler\ti-cgt-armllvm_4.0.4.LTS\lib\armv6m-ti-none-eabi\c\</path>
         <kind>archive</kind>
         <file>libc.a</file>
         <name>fseek.c.obj</name>
      </input_file>
      <input_file id="fl-6b">
         <path>C:\ti\ccs2040\ccs\tools\compiler\ti-cgt-armllvm_4.0.4.LTS\lib\armv6m-ti-none-eabi\c\</path>
         <kind>archive</kind>
         <file>libc.a</file>
         <name>aeabi_ctype.S.obj</name>
      </input_file>
      <input_file id="fl-6c">
         <path>C:\ti\ccs2040\ccs\tools\compiler\ti-cgt-armllvm_4.0.4.LTS\lib\armv6m-ti-none-eabi\c\</path>
         <kind>archive</kind>
         <file>libc.a</file>
         <name>args_main.c.obj</name>
      </input_file>
      <input_file id="fl-10c">
         <path>C:\ti\ccs2040\ccs\tools\compiler\ti-cgt-armllvm_4.0.4.LTS\lib\armv6m-ti-none-eabi\c\</path>
         <kind>archive</kind>
         <file>libsysbm.a</file>
         <name>hostexit.c.obj</name>
      </input_file>
      <input_file id="fl-10d">
         <path>C:\ti\ccs2040\ccs\tools\compiler\ti-cgt-armllvm_4.0.4.LTS\lib\armv6m-ti-none-eabi\c\</path>
         <kind>archive</kind>
         <file>libsysbm.a</file>
         <name>write.c.obj</name>
      </input_file>
      <input_file id="fl-10e">
         <path>C:\ti\ccs2040\ccs\tools\compiler\ti-cgt-armllvm_4.0.4.LTS\lib\armv6m-ti-none-eabi\c\</path>
         <kind>archive</kind>
         <file>libsysbm.a</file>
         <name>host_device.c.obj</name>
      </input_file>
      <input_file id="fl-10f">
         <path>C:\ti\ccs2040\ccs\tools\compiler\ti-cgt-armllvm_4.0.4.LTS\lib\armv6m-ti-none-eabi\c\</path>
         <kind>archive</kind>
         <file>libsysbm.a</file>
         <name>remove.c.obj</name>
      </input_file>
      <input_file id="fl-110">
         <path>C:\ti\ccs2040\ccs\tools\compiler\ti-cgt-armllvm_4.0.4.LTS\lib\armv6m-ti-none-eabi\c\</path>
         <kind>archive</kind>
         <file>libsysbm.a</file>
         <name>open.c.obj</name>
      </input_file>
      <input_file id="fl-111">
         <path>C:\ti\ccs2040\ccs\tools\compiler\ti-cgt-armllvm_4.0.4.LTS\lib\armv6m-ti-none-eabi\c\</path>
         <kind>archive</kind>
         <file>libsysbm.a</file>
         <name>lseek.c.obj</name>
      </input_file>
      <input_file id="fl-112">
         <path>C:\ti\ccs2040\ccs\tools\compiler\ti-cgt-armllvm_4.0.4.LTS\lib\armv6m-ti-none-eabi\c\</path>
         <kind>archive</kind>
         <file>libsysbm.a</file>
         <name>close.c.obj</name>
      </input_file>
      <input_file id="fl-113">
         <path>C:\ti\ccs2040\ccs\tools\compiler\ti-cgt-armllvm_4.0.4.LTS\lib\armv6m-ti-none-eabi\c\</path>
         <kind>archive</kind>
         <file>libsysbm.a</file>
         <name>add_device.c.obj</name>
      </input_file>
      <input_file id="fl-114">
         <path>C:\ti\ccs2040\ccs\tools\compiler\ti-cgt-armllvm_4.0.4.LTS\lib\armv6m-ti-none-eabi\c\</path>
         <kind>archive</kind>
         <file>libsysbm.a</file>
         <name>unlink.c.obj</name>
      </input_file>
      <input_file id="fl-115">
         <path>C:\ti\ccs2040\ccs\tools\compiler\ti-cgt-armllvm_4.0.4.LTS\lib\armv6m-ti-none-eabi\c\</path>
         <kind>archive</kind>
         <file>libsysbm.a</file>
         <name>hostclose.c.obj</name>
      </input_file>
      <input_file id="fl-116">
         <path>C:\ti\ccs2040\ccs\tools\compiler\ti-cgt-armllvm_4.0.4.LTS\lib\armv6m-ti-none-eabi\c\</path>
         <kind>archive</kind>
         <file>libsysbm.a</file>
         <name>hostlseek.c.obj</name>
      </input_file>
      <input_file id="fl-117">
         <path>C:\ti\ccs2040\ccs\tools\compiler\ti-cgt-armllvm_4.0.4.LTS\lib\armv6m-ti-none-eabi\c\</path>
         <kind>archive</kind>
         <file>libsysbm.a</file>
         <name>hostopen.c.obj</name>
      </input_file>
      <input_file id="fl-118">
         <path>C:\ti\ccs2040\ccs\tools\compiler\ti-cgt-armllvm_4.0.4.LTS\lib\armv6m-ti-none-eabi\c\</path>
         <kind>archive</kind>
         <file>libsysbm.a</file>
         <name>hostread.c.obj</name>
      </input_file>
      <input_file id="fl-119">
         <path>C:\ti\ccs2040\ccs\tools\compiler\ti-cgt-armllvm_4.0.4.LTS\lib\armv6m-ti-none-eabi\c\</path>
         <kind>archive</kind>
         <file>libsysbm.a</file>
         <name>hostrename.c.obj</name>
      </input_file>
      <input_file id="fl-11a">
         <path>C:\ti\ccs2040\ccs\tools\compiler\ti-cgt-armllvm_4.0.4.LTS\lib\armv6m-ti-none-eabi\c\</path>
         <kind>archive</kind>
         <file>libsysbm.a</file>
         <name>hostunlink.c.obj</name>
      </input_file>
      <input_file id="fl-11b">
         <path>C:\ti\ccs2040\ccs\tools\compiler\ti-cgt-armllvm_4.0.4.LTS\lib\armv6m-ti-none-eabi\c\</path>
         <kind>archive</kind>
         <file>libsysbm.a</file>
         <name>hostwrite.c.obj</name>
      </input_file>
      <input_file id="fl-11c">
         <path>C:\ti\ccs2040\ccs\tools\compiler\ti-cgt-armllvm_4.0.4.LTS\lib\armv6m-ti-none-eabi\c\</path>
         <kind>archive</kind>
         <file>libsysbm.a</file>
         <name>trgmsg.c.obj</name>
      </input_file>
      <input_file id="fl-11d">
         <path>C:\ti\ccs2040\ccs\tools\compiler\ti-cgt-armllvm_4.0.4.LTS\lib\armv6m-ti-none-eabi\</path>
         <kind>archive</kind>
         <file>libclang_rt.builtins.a</file>
         <name>adddf3.S.obj</name>
      </input_file>
      <input_file id="fl-11e">
         <path>C:\ti\ccs2040\ccs\tools\compiler\ti-cgt-armllvm_4.0.4.LTS\lib\armv6m-ti-none-eabi\</path>
         <kind>archive</kind>
         <file>libclang_rt.builtins.a</file>
         <name>muldf3.S.obj</name>
      </input_file>
      <input_file id="fl-11f">
         <path>C:\ti\ccs2040\ccs\tools\compiler\ti-cgt-armllvm_4.0.4.LTS\lib\armv6m-ti-none-eabi\</path>
         <kind>archive</kind>
         <file>libclang_rt.builtins.a</file>
         <name>muldsi3.S.obj</name>
      </input_file>
      <input_file id="fl-120">
         <path>C:\ti\ccs2040\ccs\tools\compiler\ti-cgt-armllvm_4.0.4.LTS\lib\armv6m-ti-none-eabi\</path>
         <kind>archive</kind>
         <file>libclang_rt.builtins.a</file>
         <name>ashldi3.S.obj</name>
      </input_file>
      <input_file id="fl-121">
         <path>C:\ti\ccs2040\ccs\tools\compiler\ti-cgt-armllvm_4.0.4.LTS\lib\armv6m-ti-none-eabi\</path>
         <kind>archive</kind>
         <file>libclang_rt.builtins.a</file>
         <name>ashrdi3.S.obj</name>
      </input_file>
      <input_file id="fl-122">
         <path>C:\ti\ccs2040\ccs\tools\compiler\ti-cgt-armllvm_4.0.4.LTS\lib\armv6m-ti-none-eabi\</path>
         <kind>archive</kind>
         <file>libclang_rt.builtins.a</file>
         <name>divdf3.S.obj</name>
      </input_file>
      <input_file id="fl-123">
         <path>C:\ti\ccs2040\ccs\tools\compiler\ti-cgt-armllvm_4.0.4.LTS\lib\armv6m-ti-none-eabi\</path>
         <kind>archive</kind>
         <file>libclang_rt.builtins.a</file>
         <name>fixdfsi.S.obj</name>
      </input_file>
      <input_file id="fl-124">
         <path>C:\ti\ccs2040\ccs\tools\compiler\ti-cgt-armllvm_4.0.4.LTS\lib\armv6m-ti-none-eabi\</path>
         <kind>archive</kind>
         <file>libclang_rt.builtins.a</file>
         <name>floatsidf.S.obj</name>
      </input_file>
      <input_file id="fl-125">
         <path>C:\ti\ccs2040\ccs\tools\compiler\ti-cgt-armllvm_4.0.4.LTS\lib\armv6m-ti-none-eabi\</path>
         <kind>archive</kind>
         <file>libclang_rt.builtins.a</file>
         <name>floatunsidf.S.obj</name>
      </input_file>
      <input_file id="fl-126">
         <path>C:\ti\ccs2040\ccs\tools\compiler\ti-cgt-armllvm_4.0.4.LTS\lib\armv6m-ti-none-eabi\</path>
         <kind>archive</kind>
         <file>libclang_rt.builtins.a</file>
         <name>muldi3.S.obj</name>
      </input_file>
      <input_file id="fl-127">
         <path>C:\ti\ccs2040\ccs\tools\compiler\ti-cgt-armllvm_4.0.4.LTS\lib\armv6m-ti-none-eabi\</path>
         <kind>archive</kind>
         <file>libclang_rt.builtins.a</file>
         <name>truncdfsf2.S.obj</name>
      </input_file>
      <input_file id="fl-128">
         <path>C:\ti\ccs2040\ccs\tools\compiler\ti-cgt-armllvm_4.0.4.LTS\lib\armv6m-ti-none-eabi\</path>
         <kind>archive</kind>
         <file>libclang_rt.builtins.a</file>
         <name>aeabi_dcmp.S.obj</name>
      </input_file>
      <input_file id="fl-129">
         <path>C:\ti\ccs2040\ccs\tools\compiler\ti-cgt-armllvm_4.0.4.LTS\lib\armv6m-ti-none-eabi\</path>
         <kind>archive</kind>
         <file>libclang_rt.builtins.a</file>
         <name>aeabi_idivmod.S.obj</name>
      </input_file>
      <input_file id="fl-12a">
         <path>C:\ti\ccs2040\ccs\tools\compiler\ti-cgt-armllvm_4.0.4.LTS\lib\armv6m-ti-none-eabi\</path>
         <kind>archive</kind>
         <file>libclang_rt.builtins.a</file>
         <name>aeabi_memcpy.S.obj</name>
      </input_file>
      <input_file id="fl-12b">
         <path>C:\ti\ccs2040\ccs\tools\compiler\ti-cgt-armllvm_4.0.4.LTS\lib\armv6m-ti-none-eabi\</path>
         <kind>archive</kind>
         <file>libclang_rt.builtins.a</file>
         <name>aeabi_memset.S.obj</name>
      </input_file>
      <input_file id="fl-12c">
         <path>C:\ti\ccs2040\ccs\tools\compiler\ti-cgt-armllvm_4.0.4.LTS\lib\armv6m-ti-none-eabi\</path>
         <kind>archive</kind>
         <file>libclang_rt.builtins.a</file>
         <name>aeabi_uidivmod.S.obj</name>
      </input_file>
      <input_file id="fl-12d">
         <path>C:\ti\ccs2040\ccs\tools\compiler\ti-cgt-armllvm_4.0.4.LTS\lib\armv6m-ti-none-eabi\</path>
         <kind>archive</kind>
         <file>libclang_rt.builtins.a</file>
         <name>aeabi_uldivmod.S.obj</name>
      </input_file>
      <input_file id="fl-12e">
         <path>C:\ti\ccs2040\ccs\tools\compiler\ti-cgt-armllvm_4.0.4.LTS\lib\armv6m-ti-none-eabi\</path>
         <kind>archive</kind>
         <file>libclang_rt.builtins.a</file>
         <name>udivmoddi4.S.obj</name>
      </input_file>
      <input_file id="fl-12f">
         <path>C:\ti\ccs2040\ccs\tools\compiler\ti-cgt-armllvm_4.0.4.LTS\lib\armv6m-ti-none-eabi\</path>
         <kind>archive</kind>
         <file>libclang_rt.builtins.a</file>
         <name>comparedf2.c.obj</name>
      </input_file>
      <input_file id="fl-130">
         <path>C:\ti\ccs2040\ccs\tools\compiler\ti-cgt-armllvm_4.0.4.LTS\lib\armv6m-ti-none-eabi\</path>
         <kind>archive</kind>
         <file>libclang_rt.builtins.a</file>
         <name>aeabi_div0.c.obj</name>
      </input_file>
      <input_file id="fl-131">
         <path>C:\ti\ccs2040\ccs\tools\compiler\ti-cgt-armllvm_4.0.4.LTS\lib\armv6m-ti-none-eabi\c\</path>
         <kind>archive</kind>
         <file>libc.a</file>
         <name>getdevice.c.obj</name>
      </input_file>
      <input_file id="fl-132">
         <path>C:\ti\ccs2040\ccs\tools\compiler\ti-cgt-armllvm_4.0.4.LTS\lib\armv6m-ti-none-eabi\c\</path>
         <kind>archive</kind>
         <file>libc.a</file>
         <name>memcpy16.S.obj</name>
      </input_file>
      <input_file id="fl-133">
         <path>C:\ti\ccs2040\ccs\tools\compiler\ti-cgt-armllvm_4.0.4.LTS\lib\armv6m-ti-none-eabi\c\</path>
         <kind>archive</kind>
         <file>libc.a</file>
         <name>memset16.S.obj</name>
      </input_file>
      <input_file id="fl-134">
         <path>C:\ti\ccs2040\ccs\tools\compiler\ti-cgt-armllvm_4.0.4.LTS\lib\armv6m-ti-none-eabi\c\</path>
         <kind>archive</kind>
         <file>libc.a</file>
         <name>strcmp-armv6m.S.obj</name>
      </input_file>
   </input_file_list>
   <object_component_list>
      <object_component id="oc-18">
         <name>.intvecs</name>
         <load_address>0x0</load_address>
         <readonly>true</readonly>
         <run_address>0x0</run_address>
         <size>0xc0</size>
         <alignment>0x4</alignment>
         <input_file_ref idref="fl-25"/>
      </object_component>
      <object_component id="oc-114">
         <name>.text.raycast</name>
         <load_address>0x1b138</load_address>
         <readonly>true</readonly>
         <executable>true</executable>
         <run_address>0x1b138</run_address>
         <size>0x187c</size>
         <alignment>0x4</alignment>
         <input_file_ref idref="fl-16"/>
      </object_component>
      <object_component id="oc-191">
         <name>.text.ST7735_DrawBitmap</name>
         <load_address>0x1c9b4</load_address>
         <readonly>true</readonly>
         <executable>true</executable>
         <run_address>0x1c9b4</run_address>
         <size>0x210</size>
         <alignment>0x4</alignment>
         <input_file_ref idref="fl-10"/>
      </object_component>
      <object_component id="oc-178">
         <name>.text.fix16_div</name>
         <load_address>0x1cbc4</load_address>
         <readonly>true</readonly>
         <executable>true</executable>
         <run_address>0x1cbc4</run_address>
         <size>0x1f4</size>
         <alignment>0x4</alignment>
         <input_file_ref idref="fl-17"/>
      </object_component>
      <object_component id="oc-150">
         <name>.text.Clock_Init80MHz</name>
         <load_address>0x1cdb8</load_address>
         <readonly>true</readonly>
         <executable>true</executable>
         <run_address>0x1cdb8</run_address>
         <size>0x1b4</size>
         <alignment>0x4</alignment>
         <input_file_ref idref="fl-5"/>
      </object_component>
      <object_component id="oc-1bf">
         <name>.text.ST7735_DrawCharS</name>
         <load_address>0x1cf6c</load_address>
         <readonly>true</readonly>
         <executable>true</executable>
         <run_address>0x1cf6c</run_address>
         <size>0x1a4</size>
         <alignment>0x4</alignment>
         <input_file_ref idref="fl-10"/>
      </object_component>
      <object_component id="oc-45">
         <name>.text.TIMG12_IRQHandler</name>
         <load_address>0x1d110</load_address>
         <readonly>true</readonly>
         <executable>true</executable>
         <run_address>0x1d110</run_address>
         <size>0x170</size>
         <alignment>0x4</alignment>
         <input_file_ref idref="fl-8"/>
      </object_component>
      <object_component id="oc-190">
         <name>.text.ST7735_DrawTransparentBitmapOnBuffer</name>
         <load_address>0x1d280</load_address>
         <readonly>true</readonly>
         <executable>true</executable>
         <run_address>0x1d280</run_address>
         <size>0x164</size>
         <alignment>0x4</alignment>
         <input_file_ref idref="fl-10"/>
      </object_component>
      <object_component id="oc-16d">
         <name>.text.ST7735_FillRect</name>
         <load_address>0x1d3e4</load_address>
         <readonly>true</readonly>
         <executable>true</executable>
         <run_address>0x1d3e4</run_address>
         <size>0x118</size>
         <alignment>0x4</alignment>
         <input_file_ref idref="fl-10"/>
      </object_component>
      <object_component id="oc-b8">
         <name>.text.main</name>
         <load_address>0x1d4fc</load_address>
         <readonly>true</readonly>
         <executable>true</executable>
         <run_address>0x1d4fc</run_address>
         <size>0x10c</size>
         <alignment>0x4</alignment>
         <input_file_ref idref="fl-d"/>
      </object_component>
      <object_component id="oc-1b4">
         <name>.text.SPI_Init</name>
         <load_address>0x1d608</load_address>
         <readonly>true</readonly>
         <executable>true</executable>
         <run_address>0x1d608</run_address>
         <size>0xf8</size>
         <alignment>0x4</alignment>
         <input_file_ref idref="fl-f"/>
      </object_component>
      <object_component id="oc-182">
         <name>.text.sortSprites</name>
         <load_address>0x1d700</load_address>
         <readonly>true</readonly>
         <executable>true</executable>
         <run_address>0x1d700</run_address>
         <size>0xf8</size>
         <alignment>0x2</alignment>
         <input_file_ref idref="fl-16"/>
      </object_component>
      <object_component id="oc-10e">
         <name>.text.ST7735_SetRotation</name>
         <load_address>0x1d7f8</load_address>
         <readonly>true</readonly>
         <executable>true</executable>
         <run_address>0x1d7f8</run_address>
         <size>0xf4</size>
         <alignment>0x4</alignment>
         <input_file_ref idref="fl-10"/>
      </object_component>
      <object_component id="oc-3c">
         <name>.text.TIMG8_IRQHandler</name>
         <load_address>0x1d8ec</load_address>
         <readonly>true</readonly>
         <executable>true</executable>
         <run_address>0x1d8ec</run_address>
         <size>0xe4</size>
         <alignment>0x4</alignment>
         <input_file_ref idref="fl-3"/>
      </object_component>
      <object_component id="oc-181">
         <name>.text.fix16_fast_sin</name>
         <load_address>0x1d9d0</load_address>
         <readonly>true</readonly>
         <executable>true</executable>
         <run_address>0x1d9d0</run_address>
         <size>0xe4</size>
         <alignment>0x4</alignment>
         <input_file_ref idref="fl-19"/>
      </object_component>
      <object_component id="oc-19d">
         <name>.text.ST7735_OutCharTransparent</name>
         <load_address>0x1dab4</load_address>
         <readonly>true</readonly>
         <executable>true</executable>
         <run_address>0x1dab4</run_address>
         <size>0xd0</size>
         <alignment>0x4</alignment>
         <input_file_ref idref="fl-10"/>
      </object_component>
      <object_component id="oc-11a">
         <name>.text.ST7735_DrawFastHLine</name>
         <load_address>0x1db84</load_address>
         <readonly>true</readonly>
         <executable>true</executable>
         <run_address>0x1db84</run_address>
         <size>0xb0</size>
         <alignment>0x4</alignment>
         <input_file_ref idref="fl-10"/>
      </object_component>
      <object_component id="oc-103">
         <name>.text.TimerG8_IntArm</name>
         <load_address>0x1dc34</load_address>
         <readonly>true</readonly>
         <executable>true</executable>
         <run_address>0x1dc34</run_address>
         <size>0xa8</size>
         <alignment>0x4</alignment>
         <input_file_ref idref="fl-15"/>
      </object_component>
      <object_component id="oc-15c">
         <name>.text.commandList</name>
         <load_address>0x1dcdc</load_address>
         <readonly>true</readonly>
         <executable>true</executable>
         <run_address>0x1dcdc</run_address>
         <size>0xa2</size>
         <alignment>0x2</alignment>
         <input_file_ref idref="fl-10"/>
      </object_component>
      <object_component id="oc-13e">
         <name>.text.__aeabi_idiv0</name>
         <load_address>0x1dd7e</load_address>
         <readonly>true</readonly>
         <executable>true</executable>
         <run_address>0x1dd7e</run_address>
         <size>0x2</size>
         <alignment>0x2</alignment>
         <input_file_ref idref="fl-130"/>
      </object_component>
      <object_component id="oc-108">
         <name>.text.ST7735_InitR</name>
         <load_address>0x1dd80</load_address>
         <readonly>true</readonly>
         <executable>true</executable>
         <run_address>0x1dd80</run_address>
         <size>0x98</size>
         <alignment>0x4</alignment>
         <input_file_ref idref="fl-10"/>
      </object_component>
      <object_component id="oc-171">
         <name>.text.TimerG12_IntArm</name>
         <load_address>0x1de18</load_address>
         <readonly>true</readonly>
         <executable>true</executable>
         <run_address>0x1de18</run_address>
         <size>0x94</size>
         <alignment>0x4</alignment>
         <input_file_ref idref="fl-15"/>
      </object_component>
      <object_component id="oc-d3">
         <name>.text.AMDAC4_Out</name>
         <load_address>0x1deac</load_address>
         <readonly>true</readonly>
         <executable>true</executable>
         <run_address>0x1deac</run_address>
         <size>0x88</size>
         <alignment>0x4</alignment>
         <input_file_ref idref="fl-2"/>
      </object_component>
      <object_component id="oc-197">
         <name>.text.setAddrWindow</name>
         <load_address>0x1df34</load_address>
         <readonly>true</readonly>
         <executable>true</executable>
         <run_address>0x1df34</run_address>
         <size>0x88</size>
         <alignment>0x4</alignment>
         <input_file_ref idref="fl-10"/>
      </object_component>
      <object_component id="oc-1be">
         <name>.text.ST7735_DrawStringTransparent</name>
         <load_address>0x1dfbc</load_address>
         <readonly>true</readonly>
         <executable>true</executable>
         <run_address>0x1dfbc</run_address>
         <size>0x84</size>
         <alignment>0x2</alignment>
         <input_file_ref idref="fl-10"/>
      </object_component>
      <object_component id="oc-f4">
         <name>.text.LaunchPad_Init</name>
         <load_address>0x1e040</load_address>
         <readonly>true</readonly>
         <executable>true</executable>
         <run_address>0x1e040</run_address>
         <size>0x7c</size>
         <alignment>0x4</alignment>
         <input_file_ref idref="fl-e"/>
      </object_component>
      <object_component id="oc-1c">
         <name>.text:decompress:lzss</name>
         <load_address>0x1e0bc</load_address>
         <readonly>true</readonly>
         <executable>true</executable>
         <run_address>0x1e0bc</run_address>
         <size>0x7c</size>
         <alignment>0x4</alignment>
         <input_file_ref idref="fl-63"/>
      </object_component>
      <object_component id="oc-1ce">
         <name>.text.ST7735_DrawPixel</name>
         <load_address>0x1e138</load_address>
         <readonly>true</readonly>
         <executable>true</executable>
         <run_address>0x1e138</run_address>
         <size>0x70</size>
         <alignment>0x4</alignment>
         <input_file_ref idref="fl-10"/>
      </object_component>
      <object_component id="oc-9b">
         <name>.text.fix16_mul</name>
         <load_address>0x1e1a8</load_address>
         <readonly>true</readonly>
         <executable>true</executable>
         <run_address>0x1e1a8</run_address>
         <size>0x6e</size>
         <alignment>0x2</alignment>
         <input_file_ref idref="fl-17"/>
      </object_component>
      <object_component id="oc-f9">
         <name>.text.JoystickLeft_Init</name>
         <load_address>0x1e218</load_address>
         <readonly>true</readonly>
         <executable>true</executable>
         <run_address>0x1e218</run_address>
         <size>0x6c</size>
         <alignment>0x4</alignment>
         <input_file_ref idref="fl-a"/>
      </object_component>
      <object_component id="oc-fe">
         <name>.text.JoystickRight_Init</name>
         <load_address>0x1e284</load_address>
         <readonly>true</readonly>
         <executable>true</executable>
         <run_address>0x1e284</run_address>
         <size>0x6c</size>
         <alignment>0x4</alignment>
         <input_file_ref idref="fl-b"/>
      </object_component>
      <object_component id="oc-176">
         <name>.text.JoystickLeft_getX</name>
         <load_address>0x1e2f0</load_address>
         <readonly>true</readonly>
         <executable>true</executable>
         <run_address>0x1e2f0</run_address>
         <size>0x68</size>
         <alignment>0x4</alignment>
         <input_file_ref idref="fl-a"/>
      </object_component>
      <object_component id="oc-175">
         <name>.text.JoystickLeft_getY</name>
         <load_address>0x1e358</load_address>
         <readonly>true</readonly>
         <executable>true</executable>
         <run_address>0x1e358</run_address>
         <size>0x68</size>
         <alignment>0x4</alignment>
         <input_file_ref idref="fl-a"/>
      </object_component>
      <object_component id="oc-174">
         <name>.text.JoystickRight_getX</name>
         <load_address>0x1e3c0</load_address>
         <readonly>true</readonly>
         <executable>true</executable>
         <run_address>0x1e3c0</run_address>
         <size>0x68</size>
         <alignment>0x4</alignment>
         <input_file_ref idref="fl-b"/>
      </object_component>
      <object_component id="oc-18b">
         <name>.text.__aeabi_idivmod</name>
         <load_address>0x1e428</load_address>
         <readonly>true</readonly>
         <executable>true</executable>
         <run_address>0x1e428</run_address>
         <size>0x56</size>
         <alignment>0x4</alignment>
         <input_file_ref idref="fl-129"/>
      </object_component>
      <object_component id="oc-173">
         <name>.text.DAC6_Init</name>
         <load_address>0x1e480</load_address>
         <readonly>true</readonly>
         <executable>true</executable>
         <run_address>0x1e480</run_address>
         <size>0x54</size>
         <alignment>0x4</alignment>
         <input_file_ref idref="fl-7"/>
      </object_component>
      <object_component id="oc-37">
         <name>.text.SysTick_Handler</name>
         <load_address>0x1e4d4</load_address>
         <readonly>true</readonly>
         <executable>true</executable>
         <run_address>0x1e4d4</run_address>
         <size>0x50</size>
         <alignment>0x4</alignment>
         <input_file_ref idref="fl-12"/>
      </object_component>
      <object_component id="oc-112">
         <name>.text.AMDAC4_Init</name>
         <load_address>0x1e524</load_address>
         <readonly>true</readonly>
         <executable>true</executable>
         <run_address>0x1e524</run_address>
         <size>0x48</size>
         <alignment>0x4</alignment>
         <input_file_ref idref="fl-2"/>
      </object_component>
      <object_component id="oc-15d">
         <name>.text.SPI_OutCommand</name>
         <load_address>0x1e56c</load_address>
         <readonly>true</readonly>
         <executable>true</executable>
         <run_address>0x1e56c</run_address>
         <size>0x48</size>
         <alignment>0x4</alignment>
         <input_file_ref idref="fl-f"/>
      </object_component>
      <object_component id="oc-1bc">
         <name>.text.fix16_add</name>
         <load_address>0x1e5b4</load_address>
         <readonly>true</readonly>
         <executable>true</executable>
         <run_address>0x1e5b4</run_address>
         <size>0x46</size>
         <alignment>0x2</alignment>
         <input_file_ref idref="fl-17"/>
      </object_component>
      <object_component id="oc-172">
         <name>.text.SysTick_IntArm</name>
         <load_address>0x1e5fc</load_address>
         <readonly>true</readonly>
         <executable>true</executable>
         <run_address>0x1e5fc</run_address>
         <size>0x44</size>
         <alignment>0x4</alignment>
         <input_file_ref idref="fl-12"/>
      </object_component>
      <object_component id="oc-113">
         <name>.text.HPDAC4_Init</name>
         <load_address>0x1e640</load_address>
         <readonly>true</readonly>
         <executable>true</executable>
         <run_address>0x1e640</run_address>
         <size>0x40</size>
         <alignment>0x4</alignment>
         <input_file_ref idref="fl-9"/>
      </object_component>
      <object_component id="oc-1cd">
         <name>.text.SPI_Reset</name>
         <load_address>0x1e680</load_address>
         <readonly>true</readonly>
         <executable>true</executable>
         <run_address>0x1e680</run_address>
         <size>0x40</size>
         <alignment>0x4</alignment>
         <input_file_ref idref="fl-f"/>
      </object_component>
      <object_component id="oc-c8">
         <name>.text.Sound_Start</name>
         <load_address>0x1e6c0</load_address>
         <readonly>true</readonly>
         <executable>true</executable>
         <run_address>0x1e6c0</run_address>
         <size>0x40</size>
         <alignment>0x4</alignment>
         <input_file_ref idref="fl-12"/>
      </object_component>
      <object_component id="oc-40">
         <name>.text.TIMG7_IRQHandler</name>
         <load_address>0x1e700</load_address>
         <readonly>true</readonly>
         <executable>true</executable>
         <run_address>0x1e700</run_address>
         <size>0x40</size>
         <alignment>0x4</alignment>
         <input_file_ref idref="fl-14"/>
      </object_component>
      <object_component id="oc-cc">
         <name>.text.__aeabi_uidivmod</name>
         <load_address>0x1e740</load_address>
         <readonly>true</readonly>
         <executable>true</executable>
         <run_address>0x1e740</run_address>
         <size>0x40</size>
         <alignment>0x4</alignment>
         <input_file_ref idref="fl-12c"/>
      </object_component>
      <object_component id="oc-71">
         <name>.text.DAC6_Out</name>
         <load_address>0x1e780</load_address>
         <readonly>true</readonly>
         <executable>true</executable>
         <run_address>0x1e780</run_address>
         <size>0x3c</size>
         <alignment>0x4</alignment>
         <input_file_ref idref="fl-7"/>
      </object_component>
      <object_component id="oc-12c">
         <name>.text:__TI_auto_init_nobinit_nopinit</name>
         <load_address>0x1e7bc</load_address>
         <readonly>true</readonly>
         <executable>true</executable>
         <run_address>0x1e7bc</run_address>
         <size>0x3c</size>
         <alignment>0x4</alignment>
         <input_file_ref idref="fl-5e"/>
      </object_component>
      <object_component id="oc-144">
         <name>.text.__muldsi3</name>
         <load_address>0x1e7f8</load_address>
         <readonly>true</readonly>
         <executable>true</executable>
         <run_address>0x1e7f8</run_address>
         <size>0x3a</size>
         <alignment>0x4</alignment>
         <input_file_ref idref="fl-11f"/>
      </object_component>
      <object_component id="oc-151">
         <name>.text.ActivatePortA_B</name>
         <load_address>0x1e834</load_address>
         <readonly>true</readonly>
         <executable>true</executable>
         <run_address>0x1e834</run_address>
         <size>0x38</size>
         <alignment>0x4</alignment>
         <input_file_ref idref="fl-e"/>
      </object_component>
      <object_component id="oc-162">
         <name>.text.SPI_OutData</name>
         <load_address>0x1e86c</load_address>
         <readonly>true</readonly>
         <executable>true</executable>
         <run_address>0x1e86c</run_address>
         <size>0x38</size>
         <alignment>0x4</alignment>
         <input_file_ref idref="fl-f"/>
      </object_component>
      <object_component id="oc-11b">
         <name>.text.Clock_Delay1ms</name>
         <load_address>0x1e8a4</load_address>
         <readonly>true</readonly>
         <executable>true</executable>
         <run_address>0x1e8a4</run_address>
         <size>0x34</size>
         <alignment>0x4</alignment>
         <input_file_ref idref="fl-5"/>
      </object_component>
      <object_component id="oc-120">
         <name>.text.ST7735_SetCursor</name>
         <load_address>0x1e8d8</load_address>
         <readonly>true</readonly>
         <executable>true</executable>
         <run_address>0x1e8d8</run_address>
         <size>0x34</size>
         <alignment>0x4</alignment>
         <input_file_ref idref="fl-10"/>
      </object_component>
      <object_component id="oc-15b">
         <name>.text.commonInit</name>
         <load_address>0x1e90c</load_address>
         <readonly>true</readonly>
         <executable>true</executable>
         <run_address>0x1e90c</run_address>
         <size>0x30</size>
         <alignment>0x4</alignment>
         <input_file_ref idref="fl-10"/>
      </object_component>
      <object_component id="oc-188">
         <name>.text.v2d_add</name>
         <load_address>0x1e93c</load_address>
         <readonly>true</readonly>
         <executable>true</executable>
         <run_address>0x1e93c</run_address>
         <size>0x2e</size>
         <alignment>0x2</alignment>
         <input_file_ref idref="fl-21"/>
      </object_component>
      <object_component id="oc-d0">
         <name>.text.HPDAC4_Out</name>
         <load_address>0x1e96c</load_address>
         <readonly>true</readonly>
         <executable>true</executable>
         <run_address>0x1e96c</run_address>
         <size>0x2c</size>
         <alignment>0x4</alignment>
         <input_file_ref idref="fl-9"/>
      </object_component>
      <object_component id="oc-a0">
         <name>.text.Player_Damaged</name>
         <load_address>0x1e998</load_address>
         <readonly>true</readonly>
         <executable>true</executable>
         <run_address>0x1e998</run_address>
         <size>0x2c</size>
         <alignment>0x4</alignment>
         <input_file_ref idref="fl-8"/>
      </object_component>
      <object_component id="oc-10d">
         <name>.text.ST7735_FillScreen</name>
         <load_address>0x1e9c4</load_address>
         <readonly>true</readonly>
         <executable>true</executable>
         <run_address>0x1e9c4</run_address>
         <size>0x2c</size>
         <alignment>0x4</alignment>
         <input_file_ref idref="fl-10"/>
      </object_component>
      <object_component id="oc-183">
         <name>.text.v2d_mul_s</name>
         <load_address>0x1e9f0</load_address>
         <readonly>true</readonly>
         <executable>true</executable>
         <run_address>0x1e9f0</run_address>
         <size>0x2a</size>
         <alignment>0x2</alignment>
         <input_file_ref idref="fl-21"/>
      </object_component>
      <object_component id="oc-110">
         <name>.text.Sound_Init</name>
         <load_address>0x1ea1c</load_address>
         <readonly>true</readonly>
         <executable>true</executable>
         <run_address>0x1ea1c</run_address>
         <size>0x28</size>
         <alignment>0x4</alignment>
         <input_file_ref idref="fl-12"/>
      </object_component>
      <object_component id="oc-10f">
         <name>.text.Switch_Init</name>
         <load_address>0x1ea44</load_address>
         <readonly>true</readonly>
         <executable>true</executable>
         <run_address>0x1ea44</run_address>
         <size>0x28</size>
         <alignment>0x4</alignment>
         <input_file_ref idref="fl-13"/>
      </object_component>
      <object_component id="oc-65">
         <name>.text:_c_int00_noargs</name>
         <load_address>0x1ea6c</load_address>
         <readonly>true</readonly>
         <executable>true</executable>
         <run_address>0x1ea6c</run_address>
         <size>0x28</size>
         <alignment>0x4</alignment>
         <input_file_ref idref="fl-5c"/>
      </object_component>
      <object_component id="oc-121">
         <name>.text.ST7735_OutStringTransparent</name>
         <load_address>0x1ea94</load_address>
         <readonly>true</readonly>
         <executable>true</executable>
         <run_address>0x1ea94</run_address>
         <size>0x26</size>
         <alignment>0x2</alignment>
         <input_file_ref idref="fl-10"/>
      </object_component>
      <object_component id="oc-d9">
         <name>.text.__muldi3</name>
         <load_address>0x1eabc</load_address>
         <readonly>true</readonly>
         <executable>true</executable>
         <run_address>0x1eabc</run_address>
         <size>0x24</size>
         <alignment>0x4</alignment>
         <input_file_ref idref="fl-126"/>
      </object_component>
      <object_component id="oc-189">
         <name>.text.fix16_abs</name>
         <load_address>0x1eae0</load_address>
         <readonly>true</readonly>
         <executable>true</executable>
         <run_address>0x1eae0</run_address>
         <size>0x20</size>
         <alignment>0x2</alignment>
         <input_file_ref idref="fl-16"/>
      </object_component>
      <object_component id="oc-8a">
         <name>.text.HPDAC4_HPOut</name>
         <load_address>0x1eb00</load_address>
         <readonly>true</readonly>
         <executable>true</executable>
         <run_address>0x1eb00</run_address>
         <size>0x1e</size>
         <alignment>0x2</alignment>
         <input_file_ref idref="fl-9"/>
      </object_component>
      <object_component id="oc-1d0">
         <name>.text.pushColor</name>
         <load_address>0x1eb1e</load_address>
         <readonly>true</readonly>
         <executable>true</executable>
         <run_address>0x1eb1e</run_address>
         <size>0x1e</size>
         <alignment>0x2</alignment>
         <input_file_ref idref="fl-10"/>
      </object_component>
      <object_component id="oc-35">
         <name>.text.Default_Handler</name>
         <load_address>0x1eb3c</load_address>
         <readonly>true</readonly>
         <executable>true</executable>
         <run_address>0x1eb3c</run_address>
         <size>0x1c</size>
         <alignment>0x4</alignment>
         <input_file_ref idref="fl-25"/>
      </object_component>
      <object_component id="oc-36">
         <name>.text.HardFault_Handler</name>
         <load_address>0x1eb58</load_address>
         <readonly>true</readonly>
         <executable>true</executable>
         <run_address>0x1eb58</run_address>
         <size>0x1c</size>
         <alignment>0x4</alignment>
         <input_file_ref idref="fl-25"/>
      </object_component>
      <object_component id="oc-8f">
         <name>.text.AMDAC4_AmmoOut</name>
         <load_address>0x1eb74</load_address>
         <readonly>true</readonly>
         <executable>true</executable>
         <run_address>0x1eb74</run_address>
         <size>0x18</size>
         <alignment>0x2</alignment>
         <input_file_ref idref="fl-2"/>
      </object_component>
      <object_component id="oc-111">
         <name>.text.Player_Init</name>
         <load_address>0x1eb8c</load_address>
         <readonly>true</readonly>
         <executable>true</executable>
         <run_address>0x1eb8c</run_address>
         <size>0x18</size>
         <alignment>0x4</alignment>
         <input_file_ref idref="fl-8"/>
      </object_component>
      <object_component id="oc-17c">
         <name>.text.fix16_fast_cos</name>
         <load_address>0x1eba4</load_address>
         <readonly>true</readonly>
         <executable>true</executable>
         <run_address>0x1eba4</run_address>
         <size>0x18</size>
         <alignment>0x4</alignment>
         <input_file_ref idref="fl-19"/>
      </object_component>
      <object_component id="oc-7b">
         <name>.text.Sound_Chamber</name>
         <load_address>0x1ebbc</load_address>
         <readonly>true</readonly>
         <executable>true</executable>
         <run_address>0x1ebbc</run_address>
         <size>0x14</size>
         <alignment>0x4</alignment>
         <input_file_ref idref="fl-12"/>
      </object_component>
      <object_component id="oc-7d">
         <name>.text.Sound_Reload</name>
         <load_address>0x1ebd0</load_address>
         <readonly>true</readonly>
         <executable>true</executable>
         <run_address>0x1ebd0</run_address>
         <size>0x14</size>
         <alignment>0x4</alignment>
         <input_file_ref idref="fl-12"/>
      </object_component>
      <object_component id="oc-99">
         <name>.text.Sound_Shoot</name>
         <load_address>0x1ebe4</load_address>
         <readonly>true</readonly>
         <executable>true</executable>
         <run_address>0x1ebe4</run_address>
         <size>0x14</size>
         <alignment>0x4</alignment>
         <input_file_ref idref="fl-12"/>
      </object_component>
      <object_component id="oc-94">
         <name>.text.Switch_Shoot</name>
         <load_address>0x1ebf8</load_address>
         <readonly>true</readonly>
         <executable>true</executable>
         <run_address>0x1ebf8</run_address>
         <size>0x14</size>
         <alignment>0x4</alignment>
         <input_file_ref idref="fl-13"/>
      </object_component>
      <object_component id="oc-e9">
         <name>.text:TI_memcpy_small</name>
         <load_address>0x1ec0c</load_address>
         <readonly>true</readonly>
         <executable>true</executable>
         <run_address>0x1ec0c</run_address>
         <size>0x12</size>
         <alignment>0x1</alignment>
         <input_file_ref idref="fl-132"/>
      </object_component>
      <object_component id="oc-20">
         <name>.text:decompress:none</name>
         <load_address>0x1ec1e</load_address>
         <readonly>true</readonly>
         <executable>true</executable>
         <run_address>0x1ec1e</run_address>
         <size>0x12</size>
         <alignment>0x2</alignment>
         <input_file_ref idref="fl-62"/>
      </object_component>
      <object_component id="oc-154">
         <name>.text.Clock_Delay</name>
         <load_address>0x1ec30</load_address>
         <readonly>true</readonly>
         <executable>true</executable>
         <run_address>0x1ec30</run_address>
         <size>0x10</size>
         <alignment>0x2</alignment>
         <input_file_ref idref="fl-5"/>
      </object_component>
      <object_component id="oc-1b3">
         <name>.text.Delay</name>
         <load_address>0x1ec40</load_address>
         <readonly>true</readonly>
         <executable>true</executable>
         <run_address>0x1ec40</run_address>
         <size>0x10</size>
         <alignment>0x2</alignment>
         <input_file_ref idref="fl-e"/>
      </object_component>
      <object_component id="oc-7c">
         <name>.text.Player_Reload</name>
         <load_address>0x1ec50</load_address>
         <readonly>true</readonly>
         <executable>true</executable>
         <run_address>0x1ec50</run_address>
         <size>0x10</size>
         <alignment>0x4</alignment>
         <input_file_ref idref="fl-8"/>
      </object_component>
      <object_component id="oc-9a">
         <name>.text.Player_Shoot</name>
         <load_address>0x1ec60</load_address>
         <readonly>true</readonly>
         <executable>true</executable>
         <run_address>0x1ec60</run_address>
         <size>0x10</size>
         <alignment>0x4</alignment>
         <input_file_ref idref="fl-8"/>
      </object_component>
      <object_component id="oc-62">
         <name>.text:decompress:ZI</name>
         <load_address>0x1ec70</load_address>
         <readonly>true</readonly>
         <executable>true</executable>
         <run_address>0x1ec70</run_address>
         <size>0x10</size>
         <alignment>0x2</alignment>
         <input_file_ref idref="fl-61"/>
      </object_component>
      <object_component id="oc-179">
         <name>.text.fix16_to_int</name>
         <load_address>0x1ec80</load_address>
         <readonly>true</readonly>
         <executable>true</executable>
         <run_address>0x1ec80</run_address>
         <size>0xe</size>
         <alignment>0x2</alignment>
         <input_file_ref idref="fl-16"/>
      </object_component>
      <object_component id="oc-14a">
         <name>.text:TI_memset_small</name>
         <load_address>0x1ec8e</load_address>
         <readonly>true</readonly>
         <executable>true</executable>
         <run_address>0x1ec8e</run_address>
         <size>0xe</size>
         <alignment>0x1</alignment>
         <input_file_ref idref="fl-133"/>
      </object_component>
      <object_component id="oc-1cc">
         <name>.text.Clock_Freq</name>
         <load_address>0x1ec9c</load_address>
         <readonly>true</readonly>
         <executable>true</executable>
         <run_address>0x1ec9c</run_address>
         <size>0xc</size>
         <alignment>0x4</alignment>
         <input_file_ref idref="fl-5"/>
      </object_component>
      <object_component id="oc-af">
         <name>.text.__aeabi_memclr</name>
         <load_address>0x1eca8</load_address>
         <readonly>true</readonly>
         <executable>true</executable>
         <run_address>0x1eca8</run_address>
         <size>0xc</size>
         <alignment>0x4</alignment>
         <input_file_ref idref="fl-12b"/>
      </object_component>
      <object_component id="oc-177">
         <name>.text.fix16_from_int</name>
         <load_address>0x1ecb4</load_address>
         <readonly>true</readonly>
         <executable>true</executable>
         <run_address>0x1ecb4</run_address>
         <size>0xc</size>
         <alignment>0x2</alignment>
         <input_file_ref idref="fl-16"/>
      </object_component>
      <object_component id="oc-f3">
         <name>.text.PLL_Init</name>
         <load_address>0x1ecc0</load_address>
         <readonly>true</readonly>
         <executable>true</executable>
         <run_address>0x1ecc0</run_address>
         <size>0xa</size>
         <alignment>0x2</alignment>
         <input_file_ref idref="fl-d"/>
      </object_component>
      <object_component id="oc-55">
         <name>.text.__aeabi_memcpy</name>
         <load_address>0x1eccc</load_address>
         <readonly>true</readonly>
         <executable>true</executable>
         <run_address>0x1eccc</run_address>
         <size>0x8</size>
         <alignment>0x4</alignment>
         <input_file_ref idref="fl-12a"/>
      </object_component>
      <object_component id="oc-125">
         <name>.text:abort</name>
         <load_address>0x1ecd4</load_address>
         <readonly>true</readonly>
         <executable>true</executable>
         <run_address>0x1ecd4</run_address>
         <size>0x6</size>
         <alignment>0x2</alignment>
         <input_file_ref idref="fl-50"/>
      </object_component>
      <object_component id="oc-19e">
         <name>.text.HOSTexit</name>
         <load_address>0x1ecda</load_address>
         <readonly>true</readonly>
         <executable>true</executable>
         <run_address>0x1ecda</run_address>
         <size>0x4</size>
         <alignment>0x2</alignment>
         <input_file_ref idref="fl-10c"/>
      </object_component>
      <object_component id="oc-31">
         <name>.text.Reset_Handler</name>
         <load_address>0x1ecde</load_address>
         <readonly>true</readonly>
         <executable>true</executable>
         <run_address>0x1ecde</run_address>
         <size>0x4</size>
         <alignment>0x2</alignment>
         <input_file_ref idref="fl-25"/>
      </object_component>
      <object_component id="oc-b4">
         <name>.text._system_pre_init</name>
         <load_address>0x1ece2</load_address>
         <readonly>true</readonly>
         <executable>true</executable>
         <run_address>0x1ece2</run_address>
         <size>0x4</size>
         <alignment>0x2</alignment>
         <input_file_ref idref="fl-5f"/>
      </object_component>
      <object_component id="oc-212">
         <name>.cinit..data.load</name>
         <load_address>0x1ece8</load_address>
         <readonly>true</readonly>
         <run_address>0x1ece8</run_address>
         <size>0x88</size>
         <alignment>0x1</alignment>
      </object_component>
      <object_component id="oc-210">
         <name>__TI_handler_table</name>
         <load_address>0x1ed70</load_address>
         <readonly>true</readonly>
         <run_address>0x1ed70</run_address>
         <size>0xc</size>
         <alignment>0x4</alignment>
      </object_component>
      <object_component id="oc-213">
         <name>.cinit..bss.load</name>
         <load_address>0x1ed7c</load_address>
         <readonly>true</readonly>
         <run_address>0x1ed7c</run_address>
         <size>0x8</size>
         <alignment>0x4</alignment>
      </object_component>
      <object_component id="oc-211">
         <name>__TI_cinit_table</name>
         <load_address>0x1ed84</load_address>
         <readonly>true</readonly>
         <run_address>0x1ed84</run_address>
         <size>0x10</size>
         <alignment>0x4</alignment>
      </object_component>
      <object_component id="oc-e8">
         <name>.rodata.zombie2</name>
         <load_address>0xc0</load_address>
         <readonly>true</readonly>
         <run_address>0xc0</run_address>
         <size>0x3f00</size>
         <alignment>0x2</alignment>
         <input_file_ref idref="fl-3"/>
      </object_component>
      <object_component id="oc-e7">
         <name>.rodata.zombie1</name>
         <load_address>0x3fc0</load_address>
         <readonly>true</readonly>
         <run_address>0x3fc0</run_address>
         <size>0x3b00</size>
         <alignment>0x2</alignment>
         <input_file_ref idref="fl-3"/>
      </object_component>
      <object_component id="oc-e0">
         <name>.rodata.shotgunShoot3</name>
         <load_address>0x7ac0</load_address>
         <readonly>true</readonly>
         <run_address>0x7ac0</run_address>
         <size>0x2ee0</size>
         <alignment>0x2</alignment>
         <input_file_ref idref="fl-3"/>
      </object_component>
      <object_component id="oc-e4">
         <name>.rodata.reload3</name>
         <load_address>0xa9a0</load_address>
         <readonly>true</readonly>
         <run_address>0xa9a0</run_address>
         <size>0x2940</size>
         <alignment>0x2</alignment>
         <input_file_ref idref="fl-3"/>
      </object_component>
      <object_component id="oc-e1">
         <name>.rodata.shotgunShoot4</name>
         <load_address>0xd2e0</load_address>
         <readonly>true</readonly>
         <run_address>0xd2e0</run_address>
         <size>0x2850</size>
         <alignment>0x2</alignment>
         <input_file_ref idref="fl-3"/>
      </object_component>
      <object_component id="oc-e3">
         <name>.rodata.reload2</name>
         <load_address>0xfb30</load_address>
         <readonly>true</readonly>
         <run_address>0xfb30</run_address>
         <size>0x23a0</size>
         <alignment>0x2</alignment>
         <input_file_ref idref="fl-3"/>
      </object_component>
      <object_component id="oc-e2">
         <name>.rodata.reload1</name>
         <load_address>0x11ed0</load_address>
         <readonly>true</readonly>
         <run_address>0x11ed0</run_address>
         <size>0x2080</size>
         <alignment>0x2</alignment>
         <input_file_ref idref="fl-3"/>
      </object_component>
      <object_component id="oc-c9">
         <name>.rodata.chamber</name>
         <load_address>0x13f50</load_address>
         <readonly>true</readonly>
         <run_address>0x13f50</run_address>
         <size>0x1c11</size>
         <alignment>0x1</alignment>
         <input_file_ref idref="fl-12"/>
      </object_component>
      <object_component id="oc-193">
         <name>.rodata.crosshairHeight</name>
         <load_address>0x15b61</load_address>
         <readonly>true</readonly>
         <run_address>0x15b61</run_address>
         <size>0x1</size>
         <alignment>0x1</alignment>
         <input_file_ref idref="fl-3"/>
      </object_component>
      <object_component id="oc-df">
         <name>.rodata.shotgunShoot2</name>
         <load_address>0x15b62</load_address>
         <readonly>true</readonly>
         <run_address>0x15b62</run_address>
         <size>0x17e8</size>
         <alignment>0x2</alignment>
         <input_file_ref idref="fl-3"/>
      </object_component>
      <object_component id="oc-cb">
         <name>.rodata.shotgunNormal</name>
         <load_address>0x1734a</load_address>
         <readonly>true</readonly>
         <run_address>0x1734a</run_address>
         <size>0x12c0</size>
         <alignment>0x2</alignment>
         <input_file_ref idref="fl-3"/>
      </object_component>
      <object_component id="oc-d8">
         <name>.rodata.shootGun</name>
         <load_address>0x1860a</load_address>
         <readonly>true</readonly>
         <run_address>0x1860a</run_address>
         <size>0x1140</size>
         <alignment>0x1</alignment>
         <input_file_ref idref="fl-12"/>
      </object_component>
      <object_component id="oc-ca">
         <name>.rodata.reload</name>
         <load_address>0x1974a</load_address>
         <readonly>true</readonly>
         <run_address>0x1974a</run_address>
         <size>0x9aa</size>
         <alignment>0x1</alignment>
         <input_file_ref idref="fl-12"/>
      </object_component>
      <object_component id="oc-1b9">
         <name>.rodata.fastSineLookupTable</name>
         <load_address>0x1a0f4</load_address>
         <readonly>true</readonly>
         <run_address>0x1a0f4</run_address>
         <size>0x800</size>
         <alignment>0x2</alignment>
         <input_file_ref idref="fl-19"/>
      </object_component>
      <object_component id="oc-1cf">
         <name>.rodata.Font</name>
         <load_address>0x1a8f4</load_address>
         <readonly>true</readonly>
         <run_address>0x1a8f4</run_address>
         <size>0x4fb</size>
         <alignment>0x1</alignment>
         <input_file_ref idref="fl-10"/>
      </object_component>
      <object_component id="oc-17b">
         <name>.rodata.worldMap</name>
         <load_address>0x1adef</load_address>
         <readonly>true</readonly>
         <run_address>0x1adef</run_address>
         <size>0x240</size>
         <alignment>0x1</alignment>
         <input_file_ref idref="fl-d"/>
      </object_component>
      <object_component id="oc-192">
         <name>.rodata.crosshairWidth</name>
         <load_address>0x1b02f</load_address>
         <readonly>true</readonly>
         <run_address>0x1b02f</run_address>
         <size>0x1</size>
         <alignment>0x1</alignment>
         <input_file_ref idref="fl-3"/>
      </object_component>
      <object_component id="oc-194">
         <name>.rodata.crosshair</name>
         <load_address>0x1b030</load_address>
         <readonly>true</readonly>
         <run_address>0x1b030</run_address>
         <size>0x48</size>
         <alignment>0x2</alignment>
         <input_file_ref idref="fl-3"/>
      </object_component>
      <object_component id="oc-163">
         <name>.rodata.Rcmd1</name>
         <load_address>0x1b078</load_address>
         <readonly>true</readonly>
         <run_address>0x1b078</run_address>
         <size>0x3b</size>
         <alignment>0x1</alignment>
         <input_file_ref idref="fl-10"/>
      </object_component>
      <object_component id="oc-168">
         <name>.rodata.Rcmd3</name>
         <load_address>0x1b0b3</load_address>
         <readonly>true</readonly>
         <run_address>0x1b0b3</run_address>
         <size>0x2b</size>
         <alignment>0x1</alignment>
         <input_file_ref idref="fl-10"/>
      </object_component>
      <object_component id="oc-1c0">
         <name>.rodata.str1.2132471336006292093.1</name>
         <load_address>0x1b0de</load_address>
         <readonly>true</readonly>
         <run_address>0x1b0de</run_address>
         <size>0x16</size>
         <alignment>0x1</alignment>
         <input_file_ref idref="fl-10"/>
      </object_component>
      <object_component id="oc-123">
         <name>.rodata.str1.17612660480073915159.1</name>
         <load_address>0x1b0f4</load_address>
         <readonly>true</readonly>
         <run_address>0x1b0f4</run_address>
         <size>0x11</size>
         <alignment>0x1</alignment>
         <input_file_ref idref="fl-d"/>
      </object_component>
      <object_component id="oc-165">
         <name>.rodata.Rcmd2green</name>
         <load_address>0x1b105</load_address>
         <readonly>true</readonly>
         <run_address>0x1b105</run_address>
         <size>0xd</size>
         <alignment>0x1</alignment>
         <input_file_ref idref="fl-10"/>
      </object_component>
      <object_component id="oc-164">
         <name>.rodata.Rcmd2red</name>
         <load_address>0x1b112</load_address>
         <readonly>true</readonly>
         <run_address>0x1b112</run_address>
         <size>0xd</size>
         <alignment>0x1</alignment>
         <input_file_ref idref="fl-10"/>
      </object_component>
      <object_component id="oc-124">
         <name>.rodata.str1.11818004548092502666.1</name>
         <load_address>0x1b11f</load_address>
         <readonly>true</readonly>
         <run_address>0x1b11f</run_address>
         <size>0xb</size>
         <alignment>0x1</alignment>
         <input_file_ref idref="fl-d"/>
      </object_component>
      <object_component id="oc-122">
         <name>.rodata.str1.1552820457024920173.1</name>
         <load_address>0x1b12a</load_address>
         <readonly>true</readonly>
         <run_address>0x1b12a</run_address>
         <size>0x9</size>
         <alignment>0x1</alignment>
         <input_file_ref idref="fl-d"/>
      </object_component>
      <object_component id="oc-1da">
         <name>.binit</name>
         <load_address>0x0</load_address>
         <readonly>true</readonly>
         <run_address>0x0</run_address>
         <size>0x0</size>
         <alignment>0x4</alignment>
      </object_component>
      <object_component id="oc-80">
         <name>.data.frame</name>
         <load_address>0x20205302</load_address>
         <readwrite>true</readwrite>
         <run_address>0x20205302</run_address>
         <size>0x1</size>
         <alignment>0x1</alignment>
         <input_file_ref idref="fl-3"/>
      </object_component>
      <object_component id="oc-83">
         <name>.data.shotgunNeutral</name>
         <load_address>0x202052e0</load_address>
         <readwrite>true</readwrite>
         <run_address>0x202052e0</run_address>
         <size>0x8</size>
         <alignment>0x4</alignment>
         <input_file_ref idref="fl-3"/>
      </object_component>
      <object_component id="oc-a2">
         <name>.data.shotgunShoot</name>
         <load_address>0x20205248</load_address>
         <readwrite>true</readwrite>
         <run_address>0x20205248</run_address>
         <size>0x40</size>
         <alignment>0x4</alignment>
         <input_file_ref idref="fl-3"/>
      </object_component>
      <object_component id="oc-a3">
         <name>.data.shotgunReload</name>
         <load_address>0x202051a0</load_address>
         <readwrite>true</readwrite>
         <run_address>0x202051a0</run_address>
         <size>0xa8</size>
         <alignment>0x4</alignment>
         <input_file_ref idref="fl-3"/>
      </object_component>
      <object_component id="oc-82">
         <name>.data.shotgun</name>
         <load_address>0x202052f4</load_address>
         <readwrite>true</readwrite>
         <run_address>0x202052f4</run_address>
         <size>0x4</size>
         <alignment>0x4</alignment>
         <input_file_ref idref="fl-3"/>
      </object_component>
      <object_component id="oc-198">
         <name>.data.BusFreq</name>
         <load_address>0x202052e8</load_address>
         <readwrite>true</readwrite>
         <run_address>0x202052e8</run_address>
         <size>0x4</size>
         <alignment>0x4</alignment>
         <input_file_ref idref="fl-5"/>
      </object_component>
      <object_component id="oc-a4">
         <name>.data.zombieCount</name>
         <load_address>0x202052f8</load_address>
         <readwrite>true</readwrite>
         <run_address>0x202052f8</run_address>
         <size>0x4</size>
         <alignment>0x4</alignment>
         <input_file_ref idref="fl-8"/>
      </object_component>
      <object_component id="oc-7e">
         <name>.data.gunShot</name>
         <load_address>0x20205305</load_address>
         <readwrite>true</readwrite>
         <run_address>0x20205305</run_address>
         <size>0x1</size>
         <alignment>0x1</alignment>
         <input_file_ref idref="fl-8"/>
      </object_component>
      <object_component id="oc-a1">
         <name>.data.gunRaysShot</name>
         <load_address>0x20205303</load_address>
         <readwrite>true</readwrite>
         <run_address>0x20205303</run_address>
         <size>0x1</size>
         <alignment>0x1</alignment>
         <input_file_ref idref="fl-8"/>
      </object_component>
      <object_component id="oc-7f">
         <name>.data.gunReload</name>
         <load_address>0x20205304</load_address>
         <readwrite>true</readwrite>
         <run_address>0x20205304</run_address>
         <size>0x1</size>
         <alignment>0x1</alignment>
         <input_file_ref idref="fl-8"/>
      </object_component>
      <object_component id="oc-a7">
         <name>.data.zombies</name>
[...]
         <object_component_ref idref="oc-f9"/>
      </symbol>
      <symbol id="sm-c9">
         <name>JoystickLeft_getX</name>
         <value>0x1e2f1</value>
         <object_component_ref idref="oc-176"/>
      </symbol>
      <symbol id="sm-ca">
         <name>JoystickLeft_getY</name>
         <value>0x1e359</value>
         <object_component_ref idref="oc-175"/>
      </symbol>
      <symbol id="sm-d7">
         <name>JoystickRight_Init</name>
         <value>0x1e285</value>
         <object_component_ref idref="oc-fe"/>
      </symbol>
      <symbol id="sm-d8">
         <name>JoystickRight_getX</name>
         <value>0x1e3c1</value>
         <object_component_ref idref="oc-174"/>
      </symbol>
      <symbol id="sm-e8">
         <name>PLL_Init</name>
         <value>0x1ecc1</value>
         <object_component_ref idref="oc-f3"/>
      </symbol>
      <symbol id="sm-e9">
         <name>main</name>
         <value>0x1d4fd</value>
         <object_component_ref idref="oc-b8"/>
      </symbol>
      <symbol id="sm-ea">
         <name>worldMap</name>
         <value>0x1adef</value>
         <object_component_ref idref="oc-17b"/>
      </symbol>
      <symbol id="sm-eb">
         <name>pos</name>
         <value>0x202052d8</value>
         <object_component_ref idref="oc-a5"/>
      </symbol>
      <symbol id="sm-ec">
         <name>dir</name>
         <value>0x202052c8</value>
         <object_component_ref idref="oc-17a"/>
      </symbol>
      <symbol id="sm-ed">
         <name>plane</name>
         <value>0x202052d0</value>
         <object_component_ref idref="oc-18a"/>
      </symbol>
      <symbol id="sm-fd">
         <name>Delay</name>
         <value>0x1ec41</value>
         <object_component_ref idref="oc-1b3"/>
      </symbol>
      <symbol id="sm-fe">
         <name>ActivatePortA_B</name>
         <value>0x1e835</value>
         <object_component_ref idref="oc-151"/>
      </symbol>
      <symbol id="sm-ff">
         <name>LaunchPad_Init</name>
         <value>0x1e041</value>
         <object_component_ref idref="oc-f4"/>
      </symbol>
      <symbol id="sm-112">
         <name>SPI_Init</name>
         <value>0x1d609</value>
         <object_component_ref idref="oc-1b4"/>
      </symbol>
      <symbol id="sm-113">
         <name>SPI_Reset</name>
         <value>0x1e681</value>
         <object_component_ref idref="oc-1cd"/>
      </symbol>
      <symbol id="sm-114">
         <name>SPI_OutData</name>
         <value>0x1e86d</value>
         <object_component_ref idref="oc-162"/>
      </symbol>
      <symbol id="sm-115">
         <name>SPI_OutCommand</name>
         <value>0x1e56d</value>
         <object_component_ref idref="oc-15d"/>
      </symbol>
      <symbol id="sm-168">
         <name>ST7735_SetCursor</name>
         <value>0x1e8d9</value>
         <object_component_ref idref="oc-120"/>
      </symbol>
      <symbol id="sm-169">
         <name>ST7735_FillScreen</name>
         <value>0x1e9c5</value>
         <object_component_ref idref="oc-10d"/>
      </symbol>
      <symbol id="sm-16a">
         <name>StTextColor</name>
         <value>0x202052fc</value>
         <object_component_ref idref="oc-16a"/>
      </symbol>
      <symbol id="sm-16b">
         <name>StX</name>
         <value>0x202052ec</value>
         <object_component_ref idref="oc-19b"/>
      </symbol>
      <symbol id="sm-16c">
         <name>StY</name>
         <value>0x202052f0</value>
         <object_component_ref idref="oc-19c"/>
      </symbol>
      <symbol id="sm-16d">
         <name>ST7735_FillRect</name>
         <value>0x1d3e5</value>
         <object_component_ref idref="oc-16d"/>
      </symbol>
      <symbol id="sm-16e">
         <name>ST7735_InitR</name>
         <value>0x1dd81</value>
         <object_component_ref idref="oc-108"/>
      </symbol>
      <symbol id="sm-16f">
         <name>ST7735_DrawPixel</name>
         <value>0x1e139</value>
         <object_component_ref idref="oc-1ce"/>
      </symbol>
      <symbol id="sm-170">
         <name>ST7735_DrawFastHLine</name>
         <value>0x1db85</value>
         <object_component_ref idref="oc-11a"/>
      </symbol>
      <symbol id="sm-171">
         <name>ST7735_DrawBitmap</name>
         <value>0x1c9b5</value>
         <object_component_ref idref="oc-191"/>
      </symbol>
      <symbol id="sm-172">
         <name>ST7735_DrawCharS</name>
         <value>0x1cf6d</value>
         <object_component_ref idref="oc-1bf"/>
      </symbol>
      <symbol id="sm-173">
         <name>ST7735_DrawStringTransparent</name>
         <value>0x1dfbd</value>
         <object_component_ref idref="oc-1be"/>
      </symbol>
      <symbol id="sm-174">
         <name>ST7735_SetRotation</name>
         <value>0x1d7f9</value>
         <object_component_ref idref="oc-10e"/>
      </symbol>
      <symbol id="sm-175">
         <name>ST7735_OutCharTransparent</name>
         <value>0x1dab5</value>
         <object_component_ref idref="oc-19d"/>
      </symbol>
      <symbol id="sm-176">
         <name>ST7735_OutStringTransparent</name>
         <value>0x1ea95</value>
         <object_component_ref idref="oc-121"/>
      </symbol>
      <symbol id="sm-177">
         <name>ST7735_DrawTransparentBitmapOnBuffer</name>
         <value>0x1d281</value>
         <object_component_ref idref="oc-190"/>
      </symbol>
      <symbol id="sm-194">
         <name>SysTick_IntArm</name>
         <value>0x1e5fd</value>
         <object_component_ref idref="oc-172"/>
      </symbol>
      <symbol id="sm-195">
         <name>Sound_Init</name>
         <value>0x1ea1d</value>
         <object_component_ref idref="oc-110"/>
      </symbol>
      <symbol id="sm-196">
         <name>soundIdx</name>
         <value>0x20205018</value>
      </symbol>
      <symbol id="sm-197">
         <name>soundCalled</name>
         <value>0x2020501e</value>
      </symbol>
      <symbol id="sm-198">
         <name>SysTick_Handler</name>
         <value>0x1e4d5</value>
         <object_component_ref idref="oc-37"/>
      </symbol>
      <symbol id="sm-199">
         <name>soundToPlay</name>
         <value>0x20205000</value>
      </symbol>
      <symbol id="sm-19a">
         <name>Sound_Start</name>
         <value>0x1e6c1</value>
         <object_component_ref idref="oc-c8"/>
      </symbol>
      <symbol id="sm-19b">
         <name>Sound_Shoot</name>
         <value>0x1ebe5</value>
         <object_component_ref idref="oc-99"/>
      </symbol>
      <symbol id="sm-19c">
         <name>shootGun</name>
         <value>0x1860a</value>
         <object_component_ref idref="oc-d8"/>
      </symbol>
      <symbol id="sm-19d">
         <name>Sound_Chamber</name>
         <value>0x1ebbd</value>
         <object_component_ref idref="oc-7b"/>
      </symbol>
      <symbol id="sm-19e">
         <name>chamber</name>
         <value>0x13f50</value>
         <object_component_ref idref="oc-c9"/>
      </symbol>
      <symbol id="sm-19f">
         <name>Sound_Reload</name>
         <value>0x1ebd1</value>
         <object_component_ref idref="oc-7d"/>
      </symbol>
      <symbol id="sm-1a0">
         <name>reload</name>
         <value>0x1974a</value>
         <object_component_ref idref="oc-ca"/>
      </symbol>
      <symbol id="sm-1ad">
         <name>Switch_Init</name>
         <value>0x1ea45</value>
         <object_component_ref idref="oc-10f"/>
      </symbol>
      <symbol id="sm-1ae">
         <name>Switch_Shoot</name>
         <value>0x1ebf9</value>
         <object_component_ref idref="oc-94"/>
      </symbol>
      <symbol id="sm-1b8">
         <name>TIMG7_IRQHandler</name>
         <value>0x1e701</value>
         <object_component_ref idref="oc-40"/>
      </symbol>
      <symbol id="sm-1b9">
         <name>TExaSadc</name>
         <value>0x20205014</value>
      </symbol>
      <symbol id="sm-1ba">
         <name>TExaSLogic</name>
         <value>0x20205010</value>
      </symbol>
      <symbol id="sm-1c7">
         <name>TimerG8_IntArm</name>
         <value>0x1dc35</value>
         <object_component_ref idref="oc-103"/>
      </symbol>
      <symbol id="sm-1c8">
         <name>TimerG12_IntArm</name>
         <value>0x1de19</value>
         <object_component_ref idref="oc-171"/>
      </symbol>
      <symbol id="sm-1ec">
         <name>sortSprites</name>
         <value>0x1d701</value>
         <object_component_ref idref="oc-182"/>
      </symbol>
      <symbol id="sm-1ed">
         <name>raycast</name>
         <value>0x1b139</value>
         <object_component_ref idref="oc-114"/>
      </symbol>
      <symbol id="sm-1ee">
         <name>displayBuffer</name>
         <value>0x20200000</value>
      </symbol>
      <symbol id="sm-1fc">
         <name>fix16_add</name>
         <value>0x1e5b5</value>
         <object_component_ref idref="oc-1bc"/>
      </symbol>
      <symbol id="sm-1fd">
         <name>fix16_mul</name>
         <value>0x1e1a9</value>
         <object_component_ref idref="oc-9b"/>
      </symbol>
      <symbol id="sm-1fe">
         <name>fix16_div</name>
         <value>0x1cbc5</value>
         <object_component_ref idref="oc-178"/>
      </symbol>
      <symbol id="sm-20e">
         <name>fix16_fast_sin</name>
         <value>0x1d9d1</value>
         <object_component_ref idref="oc-181"/>
      </symbol>
      <symbol id="sm-20f">
         <name>fix16_fast_cos</name>
         <value>0x1eba5</value>
         <object_component_ref idref="oc-17c"/>
      </symbol>
      <symbol id="sm-221">
         <name>v2d_add</name>
         <value>0x1e93d</value>
         <object_component_ref idref="oc-188"/>
      </symbol>
      <symbol id="sm-222">
         <name>v2d_mul_s</name>
         <value>0x1e9f1</value>
         <object_component_ref idref="oc-183"/>
      </symbol>
      <symbol id="sm-236">
         <name>Default_Handler</name>
         <value>0x1eb3d</value>
         <object_component_ref idref="oc-35"/>
      </symbol>
      <symbol id="sm-237">
         <name>Reset_Handler</name>
         <value>0x1ecdf</value>
         <object_component_ref idref="oc-31"/>
      </symbol>
      <symbol id="sm-238">
         <name>HardFault_Handler</name>
         <value>0x1eb59</value>
         <object_component_ref idref="oc-36"/>
      </symbol>
      <symbol id="sm-239">
         <name>interruptVectors</name>
         <value>0x0</value>
         <object_component_ref idref="oc-18"/>
      </symbol>
      <symbol id="sm-23a">
         <name>NMI_Handler</name>
         <value>0x1eb3d</value>
         <object_component_ref idref="oc-35"/>
      </symbol>
      <symbol id="sm-23b">
         <name>SVC_Handler</name>
         <value>0x1eb3d</value>
         <object_component_ref idref="oc-35"/>
      </symbol>
      <symbol id="sm-23c">
         <name>PendSV_Handler</name>
         <value>0x1eb3d</value>
         <object_component_ref idref="oc-35"/>
      </symbol>
      <symbol id="sm-23d">
         <name>GROUP0_IRQHandler</name>
         <value>0x1eb3d</value>
         <object_component_ref idref="oc-35"/>
      </symbol>
      <symbol id="sm-23e">
         <name>GROUP1_IRQHandler</name>
         <value>0x1eb3d</value>
         <object_component_ref idref="oc-35"/>
      </symbol>
      <symbol id="sm-23f">
         <name>UART3_IRQHandler</name>
         <value>0x1eb3d</value>
         <object_component_ref idref="oc-35"/>
      </symbol>
      <symbol id="sm-240">
         <name>ADC0_IRQHandler</name>
         <value>0x1eb3d</value>
         <object_component_ref idref="oc-35"/>
      </symbol>
      <symbol id="sm-241">
         <name>ADC1_IRQHandler</name>
         <value>0x1eb3d</value>
         <object_component_ref idref="oc-35"/>
      </symbol>
      <symbol id="sm-242">
         <name>CANFD0_IRQHandler</name>
         <value>0x1eb3d</value>
         <object_component_ref idref="oc-35"/>
      </symbol>
      <symbol id="sm-243">
         <name>DAC0_IRQHandler</name>
         <value>0x1eb3d</value>
         <object_component_ref idref="oc-35"/>
      </symbol>
      <symbol id="sm-244">
         <name>SPI0_IRQHandler</name>
         <value>0x1eb3d</value>
         <object_component_ref idref="oc-35"/>
      </symbol>
      <symbol id="sm-245">
         <name>SPI1_IRQHandler</name>
         <value>0x1eb3d</value>
         <object_component_ref idref="oc-35"/>
      </symbol>
      <symbol id="sm-246">
         <name>UART1_IRQHandler</name>
         <value>0x1eb3d</value>
         <object_component_ref idref="oc-35"/>
      </symbol>
      <symbol id="sm-247">
         <name>UART2_IRQHandler</name>
         <value>0x1eb3d</value>
         <object_component_ref idref="oc-35"/>
      </symbol>
      <symbol id="sm-248">
         <name>UART0_IRQHandler</name>
         <value>0x1eb3d</value>
         <object_component_ref idref="oc-35"/>
      </symbol>
      <symbol id="sm-249">
         <name>TIMG0_IRQHandler</name>
         <value>0x1eb3d</value>
         <object_component_ref idref="oc-35"/>
      </symbol>
      <symbol id="sm-24a">
         <name>TIMG6_IRQHandler</name>
         <value>0x1eb3d</value>
         <object_component_ref idref="oc-35"/>
      </symbol>
      <symbol id="sm-24b">
         <name>TIMA0_IRQHandler</name>
         <value>0x1eb3d</value>
         <object_component_ref idref="oc-35"/>
      </symbol>
      <symbol id="sm-24c">
         <name>TIMA1_IRQHandler</name>
         <value>0x1eb3d</value>
         <object_component_ref idref="oc-35"/>
      </symbol>
      <symbol id="sm-24d">
         <name>I2C0_IRQHandler</name>
         <value>0x1eb3d</value>
         <object_component_ref idref="oc-35"/>
      </symbol>
      <symbol id="sm-24e">
         <name>I2C1_IRQHandler</name>
         <value>0x1eb3d</value>
         <object_component_ref idref="oc-35"/>
      </symbol>
      <symbol id="sm-24f">
         <name>AES_IRQHandler</name>
         <value>0x1eb3d</value>
         <object_component_ref idref="oc-35"/>
      </symbol>
      <symbol id="sm-250">
         <name>RTC_IRQHandler</name>
         <value>0x1eb3d</value>
         <object_component_ref idref="oc-35"/>
      </symbol>
      <symbol id="sm-251">
         <name>DMA_IRQHandler</name>
         <value>0x1eb3d</value>
         <object_component_ref idref="oc-35"/>
      </symbol>
      <symbol id="sm-252">
         <name>__TI_ATRegion0_src_addr</name>
         <value>0x0</value>
      </symbol>
      <symbol id="sm-253">
         <name>__TI_ATRegion0_trg_addr</name>
         <value>0x0</value>
      </symbol>
      <symbol id="sm-254">
         <name>__TI_ATRegion0_region_sz</name>
         <value>0x0</value>
      </symbol>
      <symbol id="sm-255">
         <name>__TI_ATRegion1_src_addr</name>
         <value>0x0</value>
      </symbol>
      <symbol id="sm-256">
         <name>__TI_ATRegion1_trg_addr</name>
         <value>0x0</value>
      </symbol>
      <symbol id="sm-257">
         <name>__TI_ATRegion1_region_sz</name>
         <value>0x0</value>
      </symbol>
      <symbol id="sm-258">
         <name>__TI_ATRegion2_src_addr</name>
         <value>0x0</value>
      </symbol>
      <symbol id="sm-259">
         <name>__TI_ATRegion2_trg_addr</name>
         <value>0x0</value>
      </symbol>
      <symbol id="sm-25a">
         <name>__TI_ATRegion2_region_sz</name>
         <value>0x0</value>
      </symbol>
      <symbol id="sm-26c">
         <name>abort</name>
         <value>0x1ecd5</value>
         <object_component_ref idref="oc-125"/>
      </symbol>
      <symbol id="sm-27b">
         <name>_sys_memory</name>
         <value>0x20205308</value>
         <object_component_ref idref="oc-2f"/>
      </symbol>
      <symbol id="sm-288">
         <name>_c_int00_noargs</name>
         <value>0x1ea6d</value>
         <object_component_ref idref="oc-65"/>
      </symbol>
      <symbol id="sm-289">
         <name>__stack</name>
         <value>0x20207e00</value>
         <object_component_ref idref="oc-1a"/>
      </symbol>
      <symbol id="sm-295">
         <name>__TI_auto_init_nobinit_nopinit</name>
         <value>0x1e7bd</value>
         <object_component_ref idref="oc-12c"/>
      </symbol>
      <symbol id="sm-29d">
         <name>_system_pre_init</name>
         <value>0x1ece3</value>
         <object_component_ref idref="oc-b4"/>
      </symbol>
      <symbol id="sm-2a8">
         <name>__TI_zero_init</name>
         <value>0x1ec71</value>
         <object_component_ref idref="oc-62"/>
      </symbol>
      <symbol id="sm-2b1">
         <name>__TI_decompress_none</name>
         <value>0x1ec1f</value>
         <object_component_ref idref="oc-20"/>
      </symbol>
      <symbol id="sm-2bc">
         <name>__TI_decompress_lzss</name>
         <value>0x1e0bd</value>
         <object_component_ref idref="oc-1c"/>
      </symbol>
      <symbol id="sm-2cc">
         <name>HOSTexit</name>
         <value>0x1ecdb</value>
         <object_component_ref idref="oc-19e"/>
      </symbol>
      <symbol id="sm-2cd">
         <name>C$$EXIT</name>
         <value>0x1ecda</value>
         <object_component_ref idref="oc-19e"/>
      </symbol>
      <symbol id="sm-2e3">
         <name>__muldsi3</name>
         <value>0x1e7f9</value>
         <object_component_ref idref="oc-144"/>
      </symbol>
      <symbol id="sm-2e9">
         <name>__aeabi_lmul</name>
         <value>0x1eabd</value>
         <object_component_ref idref="oc-d9"/>
      </symbol>
      <symbol id="sm-2ea">
         <name>__muldi3</name>
         <value>0x1eabd</value>
         <object_component_ref idref="oc-d9"/>
      </symbol>
      <symbol id="sm-2f0">
         <name>__aeabi_idiv</name>
         <value>0x1e429</value>
         <object_component_ref idref="oc-18b"/>
      </symbol>
      <symbol id="sm-2f1">
         <name>__aeabi_idivmod</name>
         <value>0x1e429</value>
         <object_component_ref idref="oc-18b"/>
      </symbol>
      <symbol id="sm-2f7">
         <name>__aeabi_memcpy</name>
         <value>0x1eccd</value>
         <object_component_ref idref="oc-55"/>
      </symbol>
      <symbol id="sm-2f8">
         <name>__aeabi_memcpy4</name>
         <value>0x1eccd</value>
         <object_component_ref idref="oc-55"/>
      </symbol>
      <symbol id="sm-2f9">
         <name>__aeabi_memcpy8</name>
         <value>0x1eccd</value>
         <object_component_ref idref="oc-55"/>
      </symbol>
      <symbol id="sm-300">
         <name>__aeabi_memclr</name>
         <value>0x1eca9</value>
         <object_component_ref idref="oc-af"/>
      </symbol>
      <symbol id="sm-301">
         <name>__aeabi_memclr4</name>
         <value>0x1eca9</value>
         <object_component_ref idref="oc-af"/>
      </symbol>
      <symbol id="sm-302">
         <name>__aeabi_memclr8</name>
         <value>0x1eca9</value>
         <object_component_ref idref="oc-af"/>
      </symbol>
      <symbol id="sm-308">
         <name>__aeabi_uidiv</name>
         <value>0x1e741</value>
         <object_component_ref idref="oc-cc"/>
      </symbol>
      <symbol id="sm-309">
         <name>__aeabi_uidivmod</name>
         <value>0x1e741</value>
         <object_component_ref idref="oc-cc"/>
      </symbol>
      <symbol id="sm-314">
         <name>__aeabi_idiv0</name>
         <value>0x1dd7f</value>
         <object_component_ref idref="oc-13e"/>
      </symbol>
      <symbol id="sm-31e">
         <name>TI_memcpy_small</name>
         <value>0x1ec0d</value>
         <object_component_ref idref="oc-e9"/>
      </symbol>
      <symbol id="sm-327">
         <name>TI_memset_small</name>
         <value>0x1ec8f</value>
         <object_component_ref idref="oc-14a"/>
      </symbol>
      <symbol id="sm-328">
         <name>__TI_static_base__</name>
         <value>0x0</value>
      </symbol>
      <symbol id="sm-32b">
         <name>__mpu_init</name>
         <value>0x0</value>
      </symbol>
      <symbol id="sm-32c">
         <name>_system_post_cinit</name>
         <value>0x0</value>
      </symbol>
   </symbol_table>
   <title>Link successful</title>
</link_info>
