******************************************************************************
            TI ARM Clang Linker PC v4.0.4                      
******************************************************************************
>> Linked Tue Apr 14 01:40:13 2026

OUTPUT FILE NAME:   <ECE319K_Lab9.out>
ENTRY POINT SYMBOL: "_c_int00_noargs"  address: 00001299


MEMORY CONFIGURATION

         name            origin    length      used     unused   attr    fill
----------------------  --------  ---------  --------  --------  ----  --------
  FLASH                 00000000   00020000  00001a20  0001e5e0  R  X
  SRAM                  20200000   00008000  00000461  00007b9f  RW X
  BCR_CONFIG            41c00000   00000080  00000000  00000080  R   
  BSL_CONFIG            41c00100   00000080  00000000  00000080  R   


SEGMENT ALLOCATION MAP

run origin  load origin   length   init length attrs members
----------  ----------- ---------- ----------- ----- -------
00000000    00000000    00001a20   00001a20    r-x
  00000000    00000000    000000c0   000000c0    r-- .intvecs
  000000c0    000000c0    00001378   00001378    r-x .text
  00001438    00001438    000005b0   000005b0    r-- .rodata
  000019e8    000019e8    00000038   00000038    r-- .cinit
20200000    20200000    00000262   00000000    rw-
  20200000    20200000    00000200   00000000    rw- .sysmem
  20200200    20200200    0000004f   00000000    rw- .bss
  20200250    20200250    00000012   00000000    rw- .data
20207e00    20207e00    00000200   00000000    rw-
  20207e00    20207e00    00000200   00000000    rw- .stack


SECTION ALLOCATION MAP

 output                                  attributes/
section   page    origin      length       input sections
--------  ----  ----------  ----------   ----------------
.intvecs   0    00000000    000000c0     
                  00000000    000000c0     startup_mspm0g3507_ticlang.o (.intvecs)

.text      0    000000c0    00001378     
                  000000c0    00000284     libc.a : _printfi.c.obj (.text:__TI_printfi_minimal)
                  00000344    000001b4     Clock.o (.text.Clock_Init80MHz)
                  000004f8    000001a8     ST7735.o (.text.ST7735_DrawChar)
                  000006a0    00000118     ST7735.o (.text.ST7735_FillRect)
                  000007b8    000000f8     SPI.o (.text.SPI_Init)
                  000008b0    000000d0     ST7735.o (.text.ST7735_OutChar)
                  00000980    000000cc     fp.o (.text.fp_to_string)
                  00000a4c    000000a2     ST7735.o (.text.commandList)
                  00000aee    00000002     Sound.o (.text.SysTick_Handler)
                  00000af0    00000098     ST7735.o (.text.ST7735_InitR)
                  00000b88    00000088     ST7735.o (.text.setAddrWindow)
                  00000c10    00000084     ST7735.o (.text.ST7735_DrawString)
                  00000c94    0000007c     LaunchPad.o (.text.LaunchPad_Init)
                  00000d10    0000007c     libc.a : copy_decompress_lzss.c.obj (.text:decompress:lzss)
                  00000d8c    00000078     fp.o (.text._scale)
                  00000e04    0000006c     JoystickRight.o (.text.JoystickRight_Init)
                  00000e70    00000056     libclang_rt.builtins.a : aeabi_idivmod.S.obj (.text.__aeabi_idivmod)
                  00000ec6    00000002                            : aeabi_div0.c.obj (.text.__aeabi_idiv0)
                  00000ec8    0000004c     fp.o (.text._log10)
                  00000f14    00000048     SPI.o (.text.SPI_OutCommand)
                  00000f5c    00000040     SPI.o (.text.SPI_Reset)
                  00000f9c    00000040     TExaS.o (.text.TIMG7_IRQHandler)
                  00000fdc    00000040     libclang_rt.builtins.a : aeabi_uidivmod.S.obj (.text.__aeabi_uidivmod)
                  0000101c    0000003e     Lab9Main.o (.text.main)
                  0000105a    00000002     --HOLE-- [fill = 0]
                  0000105c    0000003c     libc.a : autoinit.c.obj (.text:__TI_auto_init_nobinit_nopinit)
                  00001098    00000038     LaunchPad.o (.text.ActivatePortA_B)
                  000010d0    00000038     SPI.o (.text.SPI_OutData)
                  00001108    00000038     fp.o (.text.fp_macro)
                  00001140    00000038     libc.a : sprintf.c.obj (.text.sprintf)
                  00001178    00000034     Clock.o (.text.Clock_Delay1ms)
                  000011ac    00000034     ST7735.o (.text.ST7735_SetCursor)
                  000011e0    00000034     fp.o (.text._get_subtractor)
                  00001214    00000030     ST7735.o (.text.commonInit)
                  00001244    0000002c     ST7735.o (.text.ST7735_FillScreen)
                  00001270    00000028     Lab9Main.o (.text.TIMG12_IRQHandler)
                  00001298    00000028     libc.a : boot_cortex_m.c.obj (.text:_c_int00_noargs)
                  000012c0    00000026     ST7735.o (.text.ST7735_OutString)
                  000012e6    00000022     libc.a : memccpy.c.obj (.text.memccpy)
                  00001308    0000001e     ST7735.o (.text.pushColor)
                  00001326    00000002     --HOLE-- [fill = 0]
                  00001328    0000001c     startup_mspm0g3507_ticlang.o (.text.Default_Handler)
                  00001344    0000001c     startup_mspm0g3507_ticlang.o (.text.HardFault_Handler)
                  00001360    00000018     libc.a : sprintf.c.obj (.text._outs)
                  00001378    00000016            : copy_zero_init.c.obj (.text:decompress:ZI:__TI_zero_init_nomemset)
                  0000138e    00000012            : memcpy16.S.obj (.text:TI_memcpy_small)
                  000013a0    00000012            : copy_decompress_none.c.obj (.text:decompress:none)
                  000013b2    00000010     Clock.o (.text.Clock_Delay)
                  000013c2    00000010     LaunchPad.o (.text.Delay)
                  000013d2    00000002     --HOLE-- [fill = 0]
                  000013d4    0000000e     libclang_rt.builtins.a : aeabi_memset.S.obj (.text.__aeabi_memset)
                  000013e2    0000000e     libc.a : _printfi.c.obj (.text.strlen)
                  000013f0    0000000e            : memset16.S.obj (.text:TI_memset_small)
                  000013fe    00000002     --HOLE-- [fill = 0]
                  00001400    0000000c     Clock.o (.text.Clock_Freq)
                  0000140c    0000000a     libc.a : sprintf.c.obj (.text._outc)
                  00001416    00000002     --HOLE-- [fill = 0]
                  00001418    00000008     libclang_rt.builtins.a : aeabi_memcpy.S.obj (.text.__aeabi_memcpy)
                  00001420    00000006     libc.a : exit.c.obj (.text:abort)
                  00001426    00000004     libsysbm.a : hostexit.c.obj (.text.HOSTexit)
                  0000142a    00000004     startup_mspm0g3507_ticlang.o (.text.Reset_Handler)
                  0000142e    00000004     libc.a : pre_init.c.obj (.text._system_pre_init)
                  00001432    00000006     --HOLE-- [fill = 0]

.cinit     0    000019e8    00000038     
                  000019e8    00000012     (.cinit..data.load) [load image, compression = lzss]
                  000019fa    00000002     --HOLE-- [fill = 0]
                  000019fc    0000000c     (__TI_handler_table)
                  00001a08    00000008     (.cinit..bss.load) [load image, compression = zero_init]
                  00001a10    00000010     (__TI_cinit_table)

.rodata    0    00001438    000005b0     
                  00001438    000004fb     ST7735.o (.rodata.Font)
                  00001933    0000003b     ST7735.o (.rodata.Rcmd1)
                  0000196e    0000002b     ST7735.o (.rodata.Rcmd3)
                  00001999    00000016     ST7735.o (.rodata.str1.2132471336006292093.1)
                  000019af    00000011     libc.a : _printfi.c.obj (.rodata.str1.15363888844622738466.1)
                  000019c0    0000000d     ST7735.o (.rodata.Rcmd2green)
                  000019cd    0000000d     ST7735.o (.rodata.Rcmd2red)
                  000019da    00000004     fp.o (.rodata.str1.4971087454423986337.1)
                  000019de    00000003     fp.o (.rodata.str1.1808775437329112448.1)
                  000019e1    00000007     --HOLE-- [fill = 0]

.init_array 
*          0    00000000    00000000     UNINITIALIZED

.binit     0    00000000    00000000     

.sysmem    0    20200000    00000200     UNINITIALIZED
                  20200000    00000010     libc.a : memory.c.obj (.sysmem)
                  20200010    000001f0     --HOLE--

.bss       0    20200200    0000004f     UNINITIALIZED
                  20200200    00000040     fp.o (.bss.fp_to_string.buf)
                  20200240    00000004     fp.o (.bss._scale.log10_scale)
                  20200244    00000004     (.common:TExaSLogic)
                  20200248    00000004     (.common:TExaSadc)
                  2020024c    00000001     ST7735.o (.bss.ColStart)
                  2020024d    00000001     ST7735.o (.bss.RowStart)
                  2020024e    00000001     ST7735.o (.bss.TabColor)

.data      0    20200250    00000012     UNINITIALIZED
                  20200250    00000004     Clock.o (.data.BusFreq)
                  20200254    00000004     ST7735.o (.data.StX)
                  20200258    00000004     ST7735.o (.data.StY)
                  2020025c    00000002     ST7735.o (.data.StTextColor)
                  2020025e    00000002     ST7735.o (.data._height)
                  20200260    00000002     ST7735.o (.data._width)

.stack     0    20207e00    00000200     UNINITIALIZED
                  20207e00    00000004     libc.a : boot_cortex_m.c.obj (.stack)
                  20207e04    000001fc     --HOLE--

__llvm_prf_cnts 
*          0    20200000    00000000     UNINITIALIZED

__llvm_prf_bits 
*          0    20200000    00000000     UNINITIALIZED

MODULE SUMMARY

       Module                         code   ro data   rw data
       ------                         ----   -------   -------
    .\
       ST7735.o                       1706   1425      17     
       fp.o                           508    7         68     
       Clock.o                        516    0         4      
       SPI.o                          440    0         0      
       LaunchPad.o                    196    0         0      
       JoystickRight.o                108    0         0      
       Lab9Main.o                     102    0         0      
       TExaS.o                        64     0         8      
       Sound.o                        2      0         0      
    +--+------------------------------+------+---------+---------+
       Total:                         3642   1432      97     
                                                              
    .\ticlang\
       startup_mspm0g3507_ticlang.o   60     192       0      
    +--+------------------------------+------+---------+---------+
       Total:                         60     192       0      
                                                              
    C:\ti\ccs2040\ccs\tools\compiler\ti-cgt-armllvm_4.0.4.LTS\lib\armv6m-ti-none-eabi/c/libc.a
       _printfi.c.obj                 658    17        0      
       copy_decompress_lzss.c.obj     124    0         0      
       sprintf.c.obj                  90     0         0      
       autoinit.c.obj                 60     0         0      
       boot_cortex_m.c.obj            40     0         0      
       memccpy.c.obj                  34     0         0      
       copy_zero_init.c.obj           22     0         0      
       copy_decompress_none.c.obj     18     0         0      
       memcpy16.S.obj                 18     0         0      
       memset16.S.obj                 14     0         0      
       exit.c.obj                     6      0         0      
       pre_init.c.obj                 4      0         0      
    +--+------------------------------+------+---------+---------+
       Total:                         1088   17        0      
                                                              
    C:\ti\ccs2040\ccs\tools\compiler\ti-cgt-armllvm_4.0.4.LTS\lib\armv6m-ti-none-eabi/c/libsysbm.a
       hostexit.c.obj                 4      0         0      
    +--+------------------------------+------+---------+---------+
       Total:                         4      0         0      
                                                              
    C:\ti\ccs2040\ccs\tools\compiler\ti-cgt-armllvm_4.0.4.LTS\lib\armv6m-ti-none-eabi/libclang_rt.builtins.a
       aeabi_idivmod.S.obj            86     0         0      
       aeabi_uidivmod.S.obj           64     0         0      
       aeabi_memset.S.obj             14     0         0      
       aeabi_memcpy.S.obj             8      0         0      
       aeabi_div0.c.obj               2      0         0      
    +--+------------------------------+------+---------+---------+
       Total:                         174    0         0      
                                                              
       Heap:                          0      0         512    
       Stack:                         0      0         512    
       Linker Generated:              0      54        0      
    +--+------------------------------+------+---------+---------+
       Grand Total:                   4968   1695      1121   


LINKER GENERATED COPY TABLES

__TI_cinit_table @ 00001a10 records: 2, size/record: 8, table size: 16
	.data: load addr=000019e8, load size=00000012 bytes, run addr=20200250, run size=00000012 bytes, compression=lzss
	.bss: load addr=00001a08, load size=00000008 bytes, run addr=20200200, run size=0000004f bytes, compression=zero_init


LINKER GENERATED HANDLER TABLE

__TI_handler_table @ 000019fc records: 3, size/record: 4, table size: 12
	index: 0, handler: __TI_decompress_lzss
	index: 1, handler: __TI_decompress_none
	index: 2, handler: __TI_zero_init


GLOBAL SYMBOLS: SORTED ALPHABETICALLY BY Name 

address   name                          
-------   ----                          
00001329  ADC0_IRQHandler               
00001329  ADC1_IRQHandler               
00001329  AES_IRQHandler                
00001099  ActivatePortA_B               
20200250  BusFreq                       
00001426  C$$EXIT                       
00001329  CANFD0_IRQHandler             
000013b3  Clock_Delay                   
00001179  Clock_Delay1ms                
00001401  Clock_Freq                    
00000345  Clock_Init80MHz               
00001329  DAC0_IRQHandler               
00001329  DMA_IRQHandler                
00001329  Default_Handler               
000013c3  Delay                         
00001329  GROUP0_IRQHandler             
00001329  GROUP1_IRQHandler             
00001427  HOSTexit                      
00001345  HardFault_Handler             
00001329  I2C0_IRQHandler               
00001329  I2C1_IRQHandler               
00000e05  JoystickRight_Init            
00000c95  LaunchPad_Init                
00001329  NMI_Handler                   
00001329  PendSV_Handler                
00001329  RTC_IRQHandler                
0000142b  Reset_Handler                 
00001329  SPI0_IRQHandler               
00001329  SPI1_IRQHandler               
000007b9  SPI_Init                      
00000f15  SPI_OutCommand                
000010d1  SPI_OutData                   
00000f5d  SPI_Reset                     
000004f9  ST7735_DrawChar               
00000c11  ST7735_DrawString             
000006a1  ST7735_FillRect               
00001245  ST7735_FillScreen             
00000af1  ST7735_InitR                  
000008b1  ST7735_OutChar                
000012c1  ST7735_OutString              
000011ad  ST7735_SetCursor              
00001329  SVC_Handler                   
2020025c  StTextColor                   
20200254  StX                           
20200258  StY                           
00000aef  SysTick_Handler               
20200244  TExaSLogic                    
20200248  TExaSadc                      
00001329  TIMA0_IRQHandler              
00001329  TIMA1_IRQHandler              
00001329  TIMG0_IRQHandler              
00001271  TIMG12_IRQHandler             
00001329  TIMG6_IRQHandler              
00000f9d  TIMG7_IRQHandler              
00001329  TIMG8_IRQHandler              
0000138f  TI_memcpy_small               
000013f1  TI_memset_small               
00001329  UART0_IRQHandler              
00001329  UART1_IRQHandler              
00001329  UART2_IRQHandler              
00001329  UART3_IRQHandler              
20208000  __STACK_END                   
00000200  __STACK_SIZE                  
00000200  __SYSMEM_SIZE                 
00000000  __TI_ATRegion0_region_sz      
00000000  __TI_ATRegion0_src_addr       
00000000  __TI_ATRegion0_trg_addr       
00000000  __TI_ATRegion1_region_sz      
00000000  __TI_ATRegion1_src_addr       
00000000  __TI_ATRegion1_trg_addr       
00000000  __TI_ATRegion2_region_sz      
00000000  __TI_ATRegion2_src_addr       
00000000  __TI_ATRegion2_trg_addr       
00001a10  __TI_CINIT_Base               
00001a20  __TI_CINIT_Limit              
00001a20  __TI_CINIT_Warm               
000019fc  __TI_Handler_Table_Base       
00001a08  __TI_Handler_Table_Limit      
0000105d  __TI_auto_init_nobinit_nopinit
00000d11  __TI_decompress_lzss          
000013a1  __TI_decompress_none          
ffffffff  __TI_pprof_out_hndl           
000000c1  __TI_printfi_minimal          
ffffffff  __TI_prof_data_size           
ffffffff  __TI_prof_data_start          
00000000  __TI_static_base__            
00001379  __TI_zero_init_nomemset       
00000e71  __aeabi_idiv                  
00000ec7  __aeabi_idiv0                 
00000e71  __aeabi_idivmod               
00001419  __aeabi_memcpy                
00001419  __aeabi_memcpy4               
00001419  __aeabi_memcpy8               
000013d5  __aeabi_memset                
000013d5  __aeabi_memset4               
000013d5  __aeabi_memset8               
00000fdd  __aeabi_uidiv                 
00000fdd  __aeabi_uidivmod              
ffffffff  __binit__                     
UNDEFED   __mpu_init                    
20207e00  __stack                       
20200000  __start___llvm_prf_bits       
20200000  __start___llvm_prf_cnts       
20200000  __stop___llvm_prf_bits        
20200000  __stop___llvm_prf_cnts        
00001299  _c_int00_noargs               
20200000  _sys_memory                   
UNDEFED   _system_post_cinit            
0000142f  _system_pre_init              
00001421  abort                         
ffffffff  binit                         
00001109  fp_macro                      
00000981  fp_to_string                  
00000000  interruptVectors              
0000101d  main                          
000012e7  memccpy                       
00001141  sprintf                       


GLOBAL SYMBOLS: SORTED BY Symbol Address 

address   name                          
-------   ----                          
00000000  __TI_ATRegion0_region_sz      
00000000  __TI_ATRegion0_src_addr       
00000000  __TI_ATRegion0_trg_addr       
00000000  __TI_ATRegion1_region_sz      
00000000  __TI_ATRegion1_src_addr       
00000000  __TI_ATRegion1_trg_addr       
00000000  __TI_ATRegion2_region_sz      
00000000  __TI_ATRegion2_src_addr       
00000000  __TI_ATRegion2_trg_addr       
00000000  __TI_static_base__            
00000000  interruptVectors              
000000c1  __TI_printfi_minimal          
00000200  __STACK_SIZE                  
00000200  __SYSMEM_SIZE                 
00000345  Clock_Init80MHz               
000004f9  ST7735_DrawChar               
000006a1  ST7735_FillRect               
000007b9  SPI_Init                      
000008b1  ST7735_OutChar                
00000981  fp_to_string                  
00000aef  SysTick_Handler               
00000af1  ST7735_InitR                  
00000c11  ST7735_DrawString             
00000c95  LaunchPad_Init                
00000d11  __TI_decompress_lzss          
00000e05  JoystickRight_Init            
00000e71  __aeabi_idiv                  
00000e71  __aeabi_idivmod               
00000ec7  __aeabi_idiv0                 
00000f15  SPI_OutCommand                
00000f5d  SPI_Reset                     
00000f9d  TIMG7_IRQHandler              
00000fdd  __aeabi_uidiv                 
00000fdd  __aeabi_uidivmod              
0000101d  main                          
0000105d  __TI_auto_init_nobinit_nopinit
00001099  ActivatePortA_B               
000010d1  SPI_OutData                   
00001109  fp_macro                      
00001141  sprintf                       
00001179  Clock_Delay1ms                
000011ad  ST7735_SetCursor              
00001245  ST7735_FillScreen             
00001271  TIMG12_IRQHandler             
00001299  _c_int00_noargs               
000012c1  ST7735_OutString              
000012e7  memccpy                       
00001329  ADC0_IRQHandler               
00001329  ADC1_IRQHandler               
00001329  AES_IRQHandler                
00001329  CANFD0_IRQHandler             
00001329  DAC0_IRQHandler               
00001329  DMA_IRQHandler                
00001329  Default_Handler               
00001329  GROUP0_IRQHandler             
00001329  GROUP1_IRQHandler             
00001329  I2C0_IRQHandler               
00001329  I2C1_IRQHandler               
00001329  NMI_Handler                   
00001329  PendSV_Handler                
00001329  RTC_IRQHandler                
00001329  SPI0_IRQHandler               
00001329  SPI1_IRQHandler               
00001329  SVC_Handler                   
00001329  TIMA0_IRQHandler              
00001329  TIMA1_IRQHandler              
00001329  TIMG0_IRQHandler              
00001329  TIMG6_IRQHandler              
00001329  TIMG8_IRQHandler              
00001329  UART0_IRQHandler              
00001329  UART1_IRQHandler              
00001329  UART2_IRQHandler              
00001329  UART3_IRQHandler              
00001345  HardFault_Handler             
00001379  __TI_zero_init_nomemset       
0000138f  TI_memcpy_small               
000013a1  __TI_decompress_none          
000013b3  Clock_Delay                   
000013c3  Delay                         
000013d5  __aeabi_memset                
000013d5  __aeabi_memset4               
000013d5  __aeabi_memset8               
000013f1  TI_memset_small               
00001401  Clock_Freq                    
00001419  __aeabi_memcpy                
00001419  __aeabi_memcpy4               
00001419  __aeabi_memcpy8               
00001421  abort                         
00001426  C$$EXIT                       
00001427  HOSTexit                      
0000142b  Reset_Handler                 
0000142f  _system_pre_init              
000019fc  __TI_Handler_Table_Base       
00001a08  __TI_Handler_Table_Limit      
00001a10  __TI_CINIT_Base               
00001a20  __TI_CINIT_Limit              
00001a20  __TI_CINIT_Warm               
20200000  __start___llvm_prf_bits       
20200000  __start___llvm_prf_cnts       
20200000  __stop___llvm_prf_bits        
20200000  __stop___llvm_prf_cnts        
20200000  _sys_memory                   
20200244  TExaSLogic                    
20200248  TExaSadc                      
20200250  BusFreq                       
20200254  StX                           
20200258  StY                           
2020025c  StTextColor                   
20207e00  __stack                       
20208000  __STACK_END                   
ffffffff  __TI_pprof_out_hndl           
ffffffff  __TI_prof_data_size           
ffffffff  __TI_prof_data_start          
ffffffff  __binit__                     
ffffffff  binit                         
UNDEFED   __mpu_init                    
UNDEFED   _system_post_cinit            

[117 symbols]
