******************************************************************************
            TI ARM Clang Linker PC v4.0.4                      
******************************************************************************
>> Linked Tue Apr 21 14:51:50 2026

OUTPUT FILE NAME:   <ECE319K_Lab9.out>
ENTRY POINT SYMBOL: "_c_int00_noargs"  address: 0001ce31


MEMORY CONFIGURATION

         name            origin    length      used     unused   attr    fill
----------------------  --------  ---------  --------  --------  ----  --------
  FLASH                 00000000   00020000  0001e1a0  00001e60  R  X
  SRAM                  20200000   00008000  00006fa8  00001058  RW X
  BCR_CONFIG            41c00000   00000080  00000000  00000080  R   
  BSL_CONFIG            41c00100   00000080  00000000  00000080  R   


SEGMENT ALLOCATION MAP

run origin  load origin   length   init length attrs members
----------  ----------- ---------- ----------- ----- -------
00000000    00000000    0001e1a0   0001e1a0    r-x
  00000000    00000000    000000c0   000000c0    r-- .intvecs
  000000c0    000000c0    00018e68   00018e68    r-- .rodata
  00018f28    00018f28    00004258   00004258    r-x .text
  0001d180    0001d180    00001020   00001020    r-- .cinit
20200000    20200000    00006db0   00000000    rw-
  20200000    20200000    00005279   00000000    rw- .bss
  2020527c    2020527c    0000192f   00000000    rw- .data
  20206bb0    20206bb0    00000200   00000000    rw- .sysmem
20207e00    20207e00    00000200   00000000    rw-
  20207e00    20207e00    00000200   00000000    rw- .stack


SECTION ALLOCATION MAP

 output                                  attributes/
section   page    origin      length       input sections
--------  ----  ----------  ----------   ----------------
.intvecs   0    00000000    000000c0     
                  00000000    000000c0     startup_mspm0g3507_ticlang.o (.intvecs)

.text      0    00018f28    00004258     
                  00018f28    000012d0     render3D.o (.text.raycast)
                  0001a1f8    00000290     Entities.o (.text.TIMG12_IRQHandler)
                  0001a488    00000284     libc.a : _printfi.c.obj (.text:__TI_printfi_minimal)
                  0001a70c    00000210     ST7735.o (.text.ST7735_DrawBitmap)
                  0001a91c    000001f4     fix16.o (.text.fix16_div)
                  0001ab10    000001b4     Clock.o (.text.Clock_Init80MHz)
                  0001acc4    000001a4     ST7735.o (.text.ST7735_DrawCharS)
                  0001ae68    00000174     Entities.o (.text.Player_Shoot)
                  0001afdc    00000170     Lab9Main.o (.text.main)
                  0001b14c    00000164     ST7735.o (.text.ST7735_DrawTransparentBitmapOnBuffer)
                  0001b2b0    00000130     ST7735.o (.text.ST7735_DrawCharToBuffer)
                  0001b3e0    00000124     fix16_sqrt.o (.text.fix16_sqrt)
                  0001b504    00000118     ST7735.o (.text.ST7735_FillRect)
                  0001b61c    00000104     ST7735.o (.text.ST7735_DrawBitmapTransparent)
                  0001b720    000000f8     SPI.o (.text.SPI_Init)
                  0001b818    000000f8     render3D.o (.text.sortSprites)
                  0001b910    000000f4     ST7735.o (.text.ST7735_SetRotation)
                  0001ba04    000000e4     fix16_fast_trig_lut.o (.text.fix16_fast_sin)
                  0001bae8    000000d0     ST7735.o (.text.ST7735_OutCharTransparent)
                  0001bbb8    000000d0     Animations.o (.text.TIMG8_IRQHandler)
                  0001bc88    000000b8     ST7735.o (.text.ST7735_DrawPixelToBuffer)
                  0001bd40    000000b0     ST7735.o (.text.ST7735_DrawFastHLine)
                  0001bdf0    000000a8     Timer.o (.text.TimerG8_IntArm)
                  0001be98    000000a2     ST7735.o (.text.commandList)
                  0001bf3a    00000002     libclang_rt.builtins.a : aeabi_div0.c.obj (.text.__aeabi_idiv0)
                  0001bf3c    00000098     ST7735.o (.text.ST7735_InitR)
                  0001bfd4    00000094     Timer.o (.text.TimerG12_IntArm)
                  0001c068    00000088     AMDAC4.o (.text.AMDAC4_Out)
                  0001c0f0    00000088     Entities.o (.text.Spawn_Zombie)
                  0001c178    00000088     ST7735.o (.text.setAddrWindow)
                  0001c200    00000084     ST7735.o (.text.ST7735_DrawStringTransparent)
                  0001c284    00000084     Entities.o (.text.Zombie_Damaged)
                  0001c308    0000007c     LaunchPad.o (.text.LaunchPad_Init)
                  0001c384    0000007c     ST7735.o (.text.ST7735_DrawStringToBuffer)
                  0001c400    0000007c     libc.a : copy_decompress_lzss.c.obj (.text:decompress:lzss)
                  0001c47c    00000070     ST7735.o (.text.ST7735_DrawPixel)
                  0001c4ec    0000006e     fix16.o (.text.fix16_mul)
                  0001c55a    00000002     libc.a : _lock.c.obj (.text._nop)
                  0001c55c    0000006c     JoystickLeft.o (.text.JoystickLeft_Init)
                  0001c5c8    0000006c     JoystickRight.o (.text.JoystickRight_Init)
                  0001c634    00000068     JoystickLeft.o (.text.JoystickLeft_getX)
                  0001c69c    00000068     JoystickLeft.o (.text.JoystickLeft_getY)
                  0001c704    00000068     JoystickRight.o (.text.JoystickRight_getX)
                  0001c76c    00000056     libclang_rt.builtins.a : aeabi_idivmod.S.obj (.text.__aeabi_idivmod)
                  0001c7c2    00000002     --HOLE-- [fill = 0]
                  0001c7c4    00000054     DAC6.o (.text.DAC6_Init)
                  0001c818    00000050     Sound.o (.text.Sound_Start)
                  0001c868    00000050     Sound.o (.text.SysTick_Handler)
                  0001c8b8    00000048     AMDAC4.o (.text.AMDAC4_Init)
                  0001c900    00000048     SPI.o (.text.SPI_OutCommand)
                  0001c948    00000046     fix16.o (.text.fix16_add)
                  0001c98e    00000002     --HOLE-- [fill = 0]
                  0001c990    00000044     Sound.o (.text.SysTick_IntArm)
                  0001c9d4    00000040     HPDAC4.o (.text.HPDAC4_Init)
                  0001ca14    00000040     SPI.o (.text.SPI_Reset)
                  0001ca54    00000040     TExaS.o (.text.TIMG7_IRQHandler)
                  0001ca94    00000040     libclang_rt.builtins.a : aeabi_uidivmod.S.obj (.text.__aeabi_uidivmod)
                  0001cad4    0000003c     DAC6.o (.text.DAC6_Out)
                  0001cb10    0000003c     libc.a : autoinit.c.obj (.text:__TI_auto_init_nobinit_nopinit)
                  0001cb4c    0000003a     libclang_rt.builtins.a : muldsi3.S.obj (.text.__muldsi3)
                  0001cb86    00000002     --HOLE-- [fill = 0]
                  0001cb88    00000038     LaunchPad.o (.text.ActivatePortA_B)
                  0001cbc0    00000038     SPI.o (.text.SPI_OutData)
                  0001cbf8    00000038     libc.a : rand.c.obj (.text.rand)
                  0001cc30    00000038            : sprintf.c.obj (.text.sprintf)
                  0001cc68    00000034     Clock.o (.text.Clock_Delay1ms)
                  0001cc9c    00000034     ST7735.o (.text.ST7735_SetCursor)
                  0001ccd0    00000030     ST7735.o (.text.commonInit)
                  0001cd00    0000002e     fixvector2d.o (.text.v2d_add)
                  0001cd2e    00000002     --HOLE-- [fill = 0]
                  0001cd30    0000002c     HPDAC4.o (.text.HPDAC4_Out)
                  0001cd5c    0000002c     Entities.o (.text.Player_Damaged)
                  0001cd88    0000002c     ST7735.o (.text.ST7735_FillScreen)
                  0001cdb4    0000002a     fixvector2d.o (.text.v2d_mul_s)
                  0001cdde    00000002     --HOLE-- [fill = 0]
                  0001cde0    00000028     Sound.o (.text.Sound_Init)
                  0001ce08    00000028     Switch.o (.text.Switch_Init)
                  0001ce30    00000028     libc.a : boot_cortex_m.c.obj (.text:_c_int00_noargs)
                  0001ce58    00000026     ST7735.o (.text.ST7735_OutStringTransparent)
                  0001ce7e    00000002     --HOLE-- [fill = 0]
                  0001ce80    00000024     libclang_rt.builtins.a : muldi3.S.obj (.text.__muldi3)
                  0001cea4    00000022     libc.a : memccpy.c.obj (.text.memccpy)
                  0001cec6    00000002     --HOLE-- [fill = 0]
                  0001cec8    00000020     Language.o (.text.Language_Switch)
                  0001cee8    00000020     render3D.o (.text.fix16_abs)
                  0001cf08    0000001e     HPDAC4.o (.text.HPDAC4_HPOut)
                  0001cf26    0000001e     ST7735.o (.text.pushColor)
                  0001cf44    0000001c     startup_mspm0g3507_ticlang.o (.text.Default_Handler)
                  0001cf60    0000001c     startup_mspm0g3507_ticlang.o (.text.HardFault_Handler)
                  0001cf7c    00000018     AMDAC4.o (.text.AMDAC4_AmmoOut)
                  0001cf94    00000018     Entities.o (.text.Player_Init)
                  0001cfac    00000018     libc.a : sprintf.c.obj (.text._outs)
                  0001cfc4    00000018     fix16_fast_trig_lut.o (.text.fix16_fast_cos)
                  0001cfdc    00000014     Sound.o (.text.Sound_Chamber)
                  0001cff0    00000014     Sound.o (.text.Sound_Damaged)
                  0001d004    00000014     Sound.o (.text.Sound_Reload)
                  0001d018    00000014     Sound.o (.text.Sound_Shoot)
                  0001d02c    00000014     Sound.o (.text.Sound_Zombie)
                  0001d040    00000014     Switch.o (.text.Switch_Language)
                  0001d054    00000014     Switch.o (.text.Switch_Shoot)
                  0001d068    00000012     libc.a : memcpy16.S.obj (.text:TI_memcpy_small)
                  0001d07a    00000012            : copy_decompress_none.c.obj (.text:decompress:none)
                  0001d08c    00000010     Clock.o (.text.Clock_Delay)
                  0001d09c    00000010     LaunchPad.o (.text.Delay)
                  0001d0ac    00000010     Entities.o (.text.Player_Reload)
                  0001d0bc    00000010     libc.a : copy_zero_init.c.obj (.text:decompress:ZI)
                  0001d0cc    0000000e     libclang_rt.builtins.a : aeabi_memset.S.obj (.text.__aeabi_memset)
                  0001d0da    0000000e     Entities.o (.text.fix16_to_int)
                  0001d0e8    0000000e     render3D.o (.text.fix16_to_int)
                  0001d0f6    0000000e     libc.a : _printfi.c.obj (.text.strlen)
                  0001d104    0000000e            : memset16.S.obj (.text:TI_memset_small)
                  0001d112    00000002     --HOLE-- [fill = 0]
                  0001d114    0000000c     Entities.o (.text.Clear_Zombies)
                  0001d120    0000000c     Clock.o (.text.Clock_Freq)
                  0001d12c    0000000c     Language.o (.text.Language_Init)
                  0001d138    0000000c     libclang_rt.builtins.a : aeabi_memset.S.obj (.text.__aeabi_memclr)
                  0001d144    0000000c     render3D.o (.text.fix16_from_int)
                  0001d150    0000000a     Lab9Main.o (.text.PLL_Init)
                  0001d15a    0000000a     libc.a : sprintf.c.obj (.text._outc)
                  0001d164    00000008     libclang_rt.builtins.a : aeabi_memcpy.S.obj (.text.__aeabi_memcpy)
                  0001d16c    00000006     libc.a : exit.c.obj (.text:abort)
                  0001d172    00000004     libsysbm.a : hostexit.c.obj (.text.HOSTexit)
                  0001d176    00000004     startup_mspm0g3507_ticlang.o (.text.Reset_Handler)
                  0001d17a    00000004     libc.a : pre_init.c.obj (.text._system_pre_init)
                  0001d17e    00000002     --HOLE-- [fill = 0]

.cinit     0    0001d180    00001020     
                  0001d180    00000ff6     (.cinit..data.load) [load image, compression = lzss]
                  0001e176    00000002     --HOLE-- [fill = 0]
                  0001e178    0000000c     (__TI_handler_table)
                  0001e184    00000008     (.cinit..bss.load) [load image, compression = zero_init]
                  0001e18c    00000010     (__TI_cinit_table)
                  0001e19c    00000004     --HOLE-- [fill = 0]

.rodata    0    000000c0    00018e68     
                  000000c0    00003b00     images.o (.rodata.zombie1)
                  00003bc0    00002ee0     images.o (.rodata.shotgunShoot3)
                  00006aa0    00002940     images.o (.rodata.reload3)
                  000093e0    00002850     images.o (.rodata.shotgunShoot4)
                  0000bc30    000023a0     images.o (.rodata.reload2)
                  0000dfd0    00002080     images.o (.rodata.reload1)
                  00010050    00001c11     Sound.o (.rodata.chamber)
                  00011c61    00000001     images.o (.rodata.crosshairHeight)
                  00011c62    000017e8     images.o (.rodata.shotgunShoot2)
                  0001344a    00001350     Sound.o (.rodata.zombie)
                  0001479a    000012c0     images.o (.rodata.shotgunNormal)
                  00015a5a    00001140     Sound.o (.rodata.shootGun)
                  00016b9a    000009aa     Sound.o (.rodata.reload)
                  00017544    00000966     Sound.o (.rodata.damaged)
                  00017eaa    00000800     fix16_fast_trig_lut.o (.rodata.fastSineLookupTable)
                  000186aa    000004fb     ST7735.o (.rodata.Font)
                  00018ba5    00000240     Lab9Main.o (.rodata.worldMap)
                  00018de5    00000001     images.o (.rodata.crosshairWidth)
                  00018de6    00000048     images.o (.rodata.crosshair)
                  00018e2e    0000003b     ST7735.o (.rodata.Rcmd1)
                  00018e69    0000002b     ST7735.o (.rodata.Rcmd3)
                  00018e94    00000016     ST7735.o (.rodata.str1.2132471336006292093.1)
                  00018eaa    00000011     Language.o (.rodata.str1.12342158081114120698.1)
                  00018ebb    00000011     libc.a : _printfi.c.obj (.rodata.str1.15363888844622738466.1)
                  00018ecc    0000000f     Language.o (.rodata.str1.7950458361806698135.1)
                  00018edb    0000000d     ST7735.o (.rodata.Rcmd2green)
                  00018ee8    0000000d     ST7735.o (.rodata.Rcmd2red)
                  00018ef5    0000000b     Language.o (.rodata.str1.5714278379454200997.1)
                  00018f00    0000000a     Language.o (.rodata.str1.17176575688370608910.1)
                  00018f0a    0000000a     Language.o (.rodata.str1.17456481127962023310.1)
                  00018f14    00000008     Language.o (.rodata.str1.5333028195687833906.1)
                  00018f1c    00000004     Lab9Main.o (.rodata.mapHeight)
                  00018f20    00000004     Lab9Main.o (.rodata.mapWidth)
                  00018f24    00000003     render3D.o (.rodata.str1.5546519201162251259.1)
                  00018f27    00000001     --HOLE-- [fill = 0]

.init_array 
*          0    00000000    00000000     UNINITIALIZED

.binit     0    00000000    00000000     

.bss       0    20200000    00005279     UNINITIALIZED
                  20200000    00005000     (.common:displayBuffer)
                  20205000    000001c0     (.common:zombies)
                  202051c0    00000040     (.common:spriteDistance)
                  20205200    00000040     (.common:spriteOrder)
                  20205240    00000010     (.common:scoreBuffer)
                  20205250    00000008     (.common:soundToPlay)
                  20205258    00000006     (.common:Player)
                  2020525e    00000001     ST7735.o (.bss.ColStart)
                  2020525f    00000001     ST7735.o (.bss.Rotation)
                  20205260    00000004     (.common:TExaSLogic)
                  20205264    00000004     (.common:TExaSadc)
                  20205268    00000004     (.common:score)
                  2020526c    00000004     (.common:soundIdx)
                  20205270    00000004     (.common:zombieIdx)
                  20205274    00000001     ST7735.o (.bss.RowStart)
                  20205275    00000001     ST7735.o (.bss.TabColor)
                  20205276    00000001     (.common:currentLanguage)
                  20205277    00000001     (.common:soundCalled)
                  20205278    00000001     (.common:zombieCalled)

.data      0    2020527c    0000192f     UNINITIALIZED
                  2020527c    00000d5c     images.o (.data.youDiedSpanish)
                  20205fd8    00000a64     images.o (.data.youDiedEnglish)
                  20206a3c    000000a8     Animations.o (.data.shotgunReload)
                  20206ae4    00000040     Animations.o (.data.shotgunShoot)
                  20206b24    00000038     Language.o (.data.myLanguages)
                  20206b5c    00000008     Lab9Main.o (.data.dir)
                  20206b64    00000008     Lab9Main.o (.data.plane)
                  20206b6c    00000008     Lab9Main.o (.data.pos)
                  20206b74    00000008     Animations.o (.data.shotgunNeutral)
                  20206b7c    00000004     Clock.o (.data.BusFreq)
                  20206b80    00000004     ST7735.o (.data.StX)
                  20206b84    00000004     ST7735.o (.data.StY)
                  20206b88    00000004     libc.a : _lock.c.obj (.data._lock)
                  20206b8c    00000004            : _lock.c.obj (.data._unlock)
                  20206b90    00000004            : rand.c.obj (.data.next)
                  20206b94    00000004     Animations.o (.data.shotgun)
                  20206b98    00000004     Entities.o (.data.spawnCoefficient)
                  20206b9c    00000004     Entities.o (.data.zombieCount)
                  20206ba0    00000002     ST7735.o (.data.StTextColor)
                  20206ba2    00000002     ST7735.o (.data._height)
                  20206ba4    00000002     ST7735.o (.data._width)
                  20206ba6    00000001     Animations.o (.data.frame)
                  20206ba7    00000001     Entities.o (.data.gunRaysShot)
                  20206ba8    00000001     Entities.o (.data.gunReload)
                  20206ba9    00000001     Entities.o (.data.gunShot)
                  20206baa    00000001     Entities.o (.data.prevSwitchLang)

.sysmem    0    20206bb0    00000200     UNINITIALIZED
                  20206bb0    00000010     libc.a : memory.c.obj (.sysmem)
                  20206bc0    000001f0     --HOLE--

.stack     0    20207e00    00000200     UNINITIALIZED
                  20207e00    00000004     libc.a : boot_cortex_m.c.obj (.stack)
                  20207e04    000001fc     --HOLE--

__llvm_prf_cnts 
*          0    20200000    00000000     UNINITIALIZED

__llvm_prf_bits 
*          0    20200000    00000000     UNINITIALIZED

MODULE SUMMARY

       Module                         code    ro data   rw data
       ------                         ----    -------   -------
    .\
       render3D.o                     5122    3         20624  
       Sound.o                        368     21425     18     
       ST7735.o                       3990    1425      18     
       Entities.o                     1406    0         470    
       Lab9Main.o                     378     584       24     
       Clock.o                        516     0         4      
       Animations.o                   208     0         245    
       SPI.o                          440     0         0      
       JoystickLeft.o                 316     0         0      
       Timer.o                        316     0         0      
       AMDAC4.o                       232     0         0      
       JoystickRight.o                212     0         0      
       LaunchPad.o                    196     0         0      
       Language.o                     44      71        57     
       DAC6.o                         144     0         0      
       HPDAC4.o                       138     0         0      
       Switch.o                       80      0         0      
       TExaS.o                        64      0         8      
    +--+------------------------------+-------+---------+---------+
       Total:                         14170   23508     21468  
                                                               
    .\Math\fix\
       fix16_fast_trig_lut.o          252     2048      0      
       fix16.o                        680     0         0      
       fix16_sqrt.o                   292     0         0      
    +--+------------------------------+-------+---------+---------+
       Total:                         1224    2048      0      
                                                               
    .\Math\lib_fixmatrix\
       fixvector2d.o                  88      0         0      
    +--+------------------------------+-------+---------+---------+
       Total:                         88      0         0      
                                                               
    .\images\
       images.o                       0       76418     6080   
    +--+------------------------------+-------+---------+---------+
       Total:                         0       76418     6080   
                                                               
    .\ticlang\
       startup_mspm0g3507_ticlang.o   60      192       0      
    +--+------------------------------+-------+---------+---------+
       Total:                         60      192       0      
                                                               
    C:\ti\ccs2040\ccs\tools\compiler\ti-cgt-armllvm_4.0.4.LTS\lib\armv6m-ti-none-eabi/c/libc.a
       _printfi.c.obj                 658     17        0      
       copy_decompress_lzss.c.obj     124     0         0      
       sprintf.c.obj                  90      0         0      
       autoinit.c.obj                 60      0         0      
       rand.c.obj                     56      0         4      
       boot_cortex_m.c.obj            40      0         0      
       memccpy.c.obj                  34      0         0      
       copy_decompress_none.c.obj     18      0         0      
       memcpy16.S.obj                 18      0         0      
       copy_zero_init.c.obj           16      0         0      
       memset16.S.obj                 14      0         0      
       _lock.c.obj                    2       0         8      
       exit.c.obj                     6       0         0      
       pre_init.c.obj                 4       0         0      
    +--+------------------------------+-------+---------+---------+
       Total:                         1140    17        12     
                                                               
    C:\ti\ccs2040\ccs\tools\compiler\ti-cgt-armllvm_4.0.4.LTS\lib\armv6m-ti-none-eabi/c/libsysbm.a
       hostexit.c.obj                 4       0         0      
    +--+------------------------------+-------+---------+---------+
       Total:                         4       0         0      
                                                               
    C:\ti\ccs2040\ccs\tools\compiler\ti-cgt-armllvm_4.0.4.LTS\lib\armv6m-ti-none-eabi/libclang_rt.builtins.a
       aeabi_idivmod.S.obj            86      0         0      
       aeabi_uidivmod.S.obj           64      0         0      
       muldsi3.S.obj                  58      0         0      
       muldi3.S.obj                   36      0         0      
       aeabi_memset.S.obj             26      0         0      
       aeabi_memcpy.S.obj             8       0         0      
       aeabi_div0.c.obj               2       0         0      
    +--+------------------------------+-------+---------+---------+
       Total:                         280     0         0      
                                                               
       Heap:                          0       0         512    
       Stack:                         0       0         512    
       Linker Generated:              0       4122      0      
    +--+------------------------------+-------+---------+---------+
       Grand Total:                   16966   106305    28584  


LINKER GENERATED COPY TABLES

__TI_cinit_table @ 0001e18c records: 2, size/record: 8, table size: 16
	.data: load addr=0001d180, load size=00000ff6 bytes, run addr=2020527c, run size=0000192f bytes, compression=lzss
	.bss: load addr=0001e184, load size=00000008 bytes, run addr=20200000, run size=00005279 bytes, compression=zero_init


LINKER GENERATED HANDLER TABLE

__TI_handler_table @ 0001e178 records: 3, size/record: 4, table size: 12
	index: 0, handler: __TI_decompress_lzss
	index: 1, handler: __TI_decompress_none
	index: 2, handler: __TI_zero_init


GLOBAL SYMBOLS: SORTED ALPHABETICALLY BY Name 

address   name                                
-------   ----                                
0001cf45  ADC0_IRQHandler                     
0001cf45  ADC1_IRQHandler                     
0001cf45  AES_IRQHandler                      
0001cf7d  AMDAC4_AmmoOut                      
0001c8b9  AMDAC4_Init                         
0001c069  AMDAC4_Out                          
0001cb89  ActivatePortA_B                     
20206b7c  BusFreq                             
0001d172  C$$EXIT                             
0001cf45  CANFD0_IRQHandler                   
0001d115  Clear_Zombies                       
0001d08d  Clock_Delay                         
0001cc69  Clock_Delay1ms                      
0001d121  Clock_Freq                          
0001ab11  Clock_Init80MHz                     
0001cf45  DAC0_IRQHandler                     
0001c7c5  DAC6_Init                           
0001cad5  DAC6_Out                            
0001cf45  DMA_IRQHandler                      
0001cf45  Default_Handler                     
0001d09d  Delay                               
0001cf45  GROUP0_IRQHandler                   
0001cf45  GROUP1_IRQHandler                   
0001d173  HOSTexit                            
0001cf09  HPDAC4_HPOut                        
0001c9d5  HPDAC4_Init                         
0001cd31  HPDAC4_Out                          
0001cf61  HardFault_Handler                   
0001cf45  I2C0_IRQHandler                     
0001cf45  I2C1_IRQHandler                     
0001c55d  JoystickLeft_Init                   
0001c635  JoystickLeft_getX                   
0001c69d  JoystickLeft_getY                   
0001c5c9  JoystickRight_Init                  
0001c705  JoystickRight_getX                  
0001d12d  Language_Init                       
0001cec9  Language_Switch                     
0001c309  LaunchPad_Init                      
0001cf45  NMI_Handler                         
0001d151  PLL_Init                            
0001cf45  PendSV_Handler                      
20205258  Player                              
0001cd5d  Player_Damaged                      
0001cf95  Player_Init                         
0001d0ad  Player_Reload                       
0001ae69  Player_Shoot                        
0001cf45  RTC_IRQHandler                      
0001d177  Reset_Handler                       
0001cf45  SPI0_IRQHandler                     
0001cf45  SPI1_IRQHandler                     
0001b721  SPI_Init                            
0001c901  SPI_OutCommand                      
0001cbc1  SPI_OutData                         
0001ca15  SPI_Reset                           
0001a70d  ST7735_DrawBitmap                   
0001b61d  ST7735_DrawBitmapTransparent        
0001acc5  ST7735_DrawCharS                    
0001b2b1  ST7735_DrawCharToBuffer             
0001bd41  ST7735_DrawFastHLine                
0001c47d  ST7735_DrawPixel                    
0001bc89  ST7735_DrawPixelToBuffer            
0001c385  ST7735_DrawStringToBuffer           
0001c201  ST7735_DrawStringTransparent        
0001b14d  ST7735_DrawTransparentBitmapOnBuffer
0001b505  ST7735_FillRect                     
0001cd89  ST7735_FillScreen                   
0001bf3d  ST7735_InitR                        
0001bae9  ST7735_OutCharTransparent           
0001ce59  ST7735_OutStringTransparent         
0001cc9d  ST7735_SetCursor                    
0001b911  ST7735_SetRotation                  
0001cf45  SVC_Handler                         
0001cfdd  Sound_Chamber                       
0001cff1  Sound_Damaged                       
0001cde1  Sound_Init                          
0001d005  Sound_Reload                        
0001d019  Sound_Shoot                         
0001c819  Sound_Start                         
0001d02d  Sound_Zombie                        
0001c0f1  Spawn_Zombie                        
20206ba0  StTextColor                         
20206b80  StX                                 
20206b84  StY                                 
0001ce09  Switch_Init                         
0001d041  Switch_Language                     
0001d055  Switch_Shoot                        
0001c869  SysTick_Handler                     
0001c991  SysTick_IntArm                      
20205260  TExaSLogic                          
20205264  TExaSadc                            
0001cf45  TIMA0_IRQHandler                    
0001cf45  TIMA1_IRQHandler                    
0001cf45  TIMG0_IRQHandler                    
0001a1f9  TIMG12_IRQHandler                   
0001cf45  TIMG6_IRQHandler                    
0001ca55  TIMG7_IRQHandler                    
0001bbb9  TIMG8_IRQHandler                    
0001d069  TI_memcpy_small                     
0001d105  TI_memset_small                     
0001bfd5  TimerG12_IntArm                     
0001bdf1  TimerG8_IntArm                      
0001cf45  UART0_IRQHandler                    
0001cf45  UART1_IRQHandler                    
0001cf45  UART2_IRQHandler                    
0001cf45  UART3_IRQHandler                    
0001c285  Zombie_Damaged                      
20208000  __STACK_END                         
00000200  __STACK_SIZE                        
00000200  __SYSMEM_SIZE                       
00000000  __TI_ATRegion0_region_sz            
00000000  __TI_ATRegion0_src_addr             
00000000  __TI_ATRegion0_trg_addr             
00000000  __TI_ATRegion1_region_sz            
00000000  __TI_ATRegion1_src_addr             
00000000  __TI_ATRegion1_trg_addr             
00000000  __TI_ATRegion2_region_sz            
00000000  __TI_ATRegion2_src_addr             
00000000  __TI_ATRegion2_trg_addr             
0001e18c  __TI_CINIT_Base                     
0001e19c  __TI_CINIT_Limit                    
0001e19c  __TI_CINIT_Warm                     
0001e178  __TI_Handler_Table_Base             
0001e184  __TI_Handler_Table_Limit            
0001cb11  __TI_auto_init_nobinit_nopinit      
0001c401  __TI_decompress_lzss                
0001d07b  __TI_decompress_none                
ffffffff  __TI_pprof_out_hndl                 
0001a489  __TI_printfi_minimal                
ffffffff  __TI_prof_data_size                 
ffffffff  __TI_prof_data_start                
00000000  __TI_static_base__                  
0001d0bd  __TI_zero_init                      
0001c76d  __aeabi_idiv                        
0001bf3b  __aeabi_idiv0                       
0001c76d  __aeabi_idivmod                     
0001ce81  __aeabi_lmul                        
0001d139  __aeabi_memclr                      
0001d139  __aeabi_memclr4                     
0001d139  __aeabi_memclr8                     
0001d165  __aeabi_memcpy                      
0001d165  __aeabi_memcpy4                     
0001d165  __aeabi_memcpy8                     
0001d0cd  __aeabi_memset                      
0001d0cd  __aeabi_memset4                     
0001d0cd  __aeabi_memset8                     
0001ca95  __aeabi_uidiv                       
0001ca95  __aeabi_uidivmod                    
ffffffff  __binit__                           
UNDEFED   __mpu_init                          
0001ce81  __muldi3                            
0001cb4d  __muldsi3                           
20207e00  __stack                             
20200000  __start___llvm_prf_bits             
20200000  __start___llvm_prf_cnts             
20200000  __stop___llvm_prf_bits              
20200000  __stop___llvm_prf_cnts              
0001ce31  _c_int00_noargs                     
20206b88  _lock                               
0001c55b  _nop                                
20206bb0  _sys_memory                         
UNDEFED   _system_post_cinit                  
0001d17b  _system_pre_init                    
20206b8c  _unlock                             
0001d16d  abort                               
ffffffff  binit                               
00010050  chamber                             
00018de6  crosshair                           
00011c61  crosshairHeight                     
00018de5  crosshairWidth                      
20205276  currentLanguage                     
00017544  damaged                             
20206b5c  dir                                 
20200000  displayBuffer                       
0001c949  fix16_add                           
0001a91d  fix16_div                           
0001cfc5  fix16_fast_cos                      
0001ba05  fix16_fast_sin                      
0001c4ed  fix16_mul                           
0001b3e1  fix16_sqrt                          
20206ba6  frame                               
20206ba7  gunRaysShot                         
20206ba8  gunReload                           
20206ba9  gunShot                             
00000000  interruptVectors                    
0001afdd  main                                
00018f1c  mapHeight                           
00018f20  mapWidth                            
0001cea5  memccpy                             
20206b24  myLanguages                         
20206b64  plane                               
20206b6c  pos                                 
20206baa  prevSwitchLang                      
0001cbf9  rand                                
00018f29  raycast                             
00016b9a  reload                              
0000dfd0  reload1                             
0000bc30  reload2                             
00006aa0  reload3                             
20205268  score                               
20205240  scoreBuffer                         
00015a5a  shootGun                            
20206b94  shotgun                             
20206b74  shotgunNeutral                      
0001479a  shotgunNormal                       
20206a3c  shotgunReload                       
20206ae4  shotgunShoot                        
00011c62  shotgunShoot2                       
00003bc0  shotgunShoot3                       
000093e0  shotgunShoot4                       
0001b819  sortSprites                         
20205277  soundCalled                         
2020526c  soundIdx                            
20205250  soundToPlay                         
20206b98  spawnCoefficient                    
0001cc31  sprintf                             
202051c0  spriteDistance                      
20205200  spriteOrder                         
0001cd01  v2d_add                             
0001cdb5  v2d_mul_s                           
00018ba5  worldMap                            
20205fd8  youDiedEnglish                      
2020527c  youDiedSpanish                      
0001344a  zombie                              
000000c0  zombie1                             
20205278  zombieCalled                        
20206b9c  zombieCount                         
20205270  zombieIdx                           
20205000  zombies                             


GLOBAL SYMBOLS: SORTED BY Symbol Address 

address   name                                
-------   ----                                
00000000  __TI_ATRegion0_region_sz            
00000000  __TI_ATRegion0_src_addr             
00000000  __TI_ATRegion0_trg_addr             
00000000  __TI_ATRegion1_region_sz            
00000000  __TI_ATRegion1_src_addr             
00000000  __TI_ATRegion1_trg_addr             
00000000  __TI_ATRegion2_region_sz            
00000000  __TI_ATRegion2_src_addr             
00000000  __TI_ATRegion2_trg_addr             
00000000  __TI_static_base__                  
00000000  interruptVectors                    
000000c0  zombie1                             
00000200  __STACK_SIZE                        
00000200  __SYSMEM_SIZE                       
00003bc0  shotgunShoot3                       
00006aa0  reload3                             
000093e0  shotgunShoot4                       
0000bc30  reload2                             
0000dfd0  reload1                             
00010050  chamber                             
00011c61  crosshairHeight                     
00011c62  shotgunShoot2                       
0001344a  zombie                              
0001479a  shotgunNormal                       
00015a5a  shootGun                            
00016b9a  reload                              
00017544  damaged                             
00018ba5  worldMap                            
00018de5  crosshairWidth                      
00018de6  crosshair                           
00018f1c  mapHeight                           
00018f20  mapWidth                            
00018f29  raycast                             
0001a1f9  TIMG12_IRQHandler                   
0001a489  __TI_printfi_minimal                
0001a70d  ST7735_DrawBitmap                   
0001a91d  fix16_div                           
0001ab11  Clock_Init80MHz                     
0001acc5  ST7735_DrawCharS                    
0001ae69  Player_Shoot                        
0001afdd  main                                
0001b14d  ST7735_DrawTransparentBitmapOnBuffer
0001b2b1  ST7735_DrawCharToBuffer             
0001b3e1  fix16_sqrt                          
0001b505  ST7735_FillRect                     
0001b61d  ST7735_DrawBitmapTransparent        
0001b721  SPI_Init                            
0001b819  sortSprites                         
0001b911  ST7735_SetRotation                  
0001ba05  fix16_fast_sin                      
0001bae9  ST7735_OutCharTransparent           
0001bbb9  TIMG8_IRQHandler                    
0001bc89  ST7735_DrawPixelToBuffer            
0001bd41  ST7735_DrawFastHLine                
0001bdf1  TimerG8_IntArm                      
0001bf3b  __aeabi_idiv0                       
0001bf3d  ST7735_InitR                        
0001bfd5  TimerG12_IntArm                     
0001c069  AMDAC4_Out                          
0001c0f1  Spawn_Zombie                        
0001c201  ST7735_DrawStringTransparent        
0001c285  Zombie_Damaged                      
0001c309  LaunchPad_Init                      
0001c385  ST7735_DrawStringToBuffer           
0001c401  __TI_decompress_lzss                
0001c47d  ST7735_DrawPixel                    
0001c4ed  fix16_mul                           
0001c55b  _nop                                
0001c55d  JoystickLeft_Init                   
0001c5c9  JoystickRight_Init                  
0001c635  JoystickLeft_getX                   
0001c69d  JoystickLeft_getY                   
0001c705  JoystickRight_getX                  
0001c76d  __aeabi_idiv                        
0001c76d  __aeabi_idivmod                     
0001c7c5  DAC6_Init                           
0001c819  Sound_Start                         
0001c869  SysTick_Handler                     
0001c8b9  AMDAC4_Init                         
0001c901  SPI_OutCommand                      
0001c949  fix16_add                           
0001c991  SysTick_IntArm                      
0001c9d5  HPDAC4_Init                         
0001ca15  SPI_Reset                           
0001ca55  TIMG7_IRQHandler                    
0001ca95  __aeabi_uidiv                       
0001ca95  __aeabi_uidivmod                    
0001cad5  DAC6_Out                            
0001cb11  __TI_auto_init_nobinit_nopinit      
0001cb4d  __muldsi3                           
0001cb89  ActivatePortA_B                     
0001cbc1  SPI_OutData                         
0001cbf9  rand                                
0001cc31  sprintf                             
0001cc69  Clock_Delay1ms                      
0001cc9d  ST7735_SetCursor                    
0001cd01  v2d_add                             
0001cd31  HPDAC4_Out                          
0001cd5d  Player_Damaged                      
0001cd89  ST7735_FillScreen                   
0001cdb5  v2d_mul_s                           
0001cde1  Sound_Init                          
0001ce09  Switch_Init                         
0001ce31  _c_int00_noargs                     
0001ce59  ST7735_OutStringTransparent         
0001ce81  __aeabi_lmul                        
0001ce81  __muldi3                            
0001cea5  memccpy                             
0001cec9  Language_Switch                     
0001cf09  HPDAC4_HPOut                        
0001cf45  ADC0_IRQHandler                     
0001cf45  ADC1_IRQHandler                     
0001cf45  AES_IRQHandler                      
0001cf45  CANFD0_IRQHandler                   
0001cf45  DAC0_IRQHandler                     
0001cf45  DMA_IRQHandler                      
0001cf45  Default_Handler                     
0001cf45  GROUP0_IRQHandler                   
0001cf45  GROUP1_IRQHandler                   
0001cf45  I2C0_IRQHandler                     
0001cf45  I2C1_IRQHandler                     
0001cf45  NMI_Handler                         
0001cf45  PendSV_Handler                      
0001cf45  RTC_IRQHandler                      
0001cf45  SPI0_IRQHandler                     
0001cf45  SPI1_IRQHandler                     
0001cf45  SVC_Handler                         
0001cf45  TIMA0_IRQHandler                    
0001cf45  TIMA1_IRQHandler                    
0001cf45  TIMG0_IRQHandler                    
0001cf45  TIMG6_IRQHandler                    
0001cf45  UART0_IRQHandler                    
0001cf45  UART1_IRQHandler                    
0001cf45  UART2_IRQHandler                    
0001cf45  UART3_IRQHandler                    
0001cf61  HardFault_Handler                   
0001cf7d  AMDAC4_AmmoOut                      
0001cf95  Player_Init                         
0001cfc5  fix16_fast_cos                      
0001cfdd  Sound_Chamber                       
0001cff1  Sound_Damaged                       
0001d005  Sound_Reload                        
0001d019  Sound_Shoot                         
0001d02d  Sound_Zombie                        
0001d041  Switch_Language                     
0001d055  Switch_Shoot                        
0001d069  TI_memcpy_small                     
0001d07b  __TI_decompress_none                
0001d08d  Clock_Delay                         
0001d09d  Delay                               
0001d0ad  Player_Reload                       
0001d0bd  __TI_zero_init                      
0001d0cd  __aeabi_memset                      
0001d0cd  __aeabi_memset4                     
0001d0cd  __aeabi_memset8                     
0001d105  TI_memset_small                     
0001d115  Clear_Zombies                       
0001d121  Clock_Freq                          
0001d12d  Language_Init                       
0001d139  __aeabi_memclr                      
0001d139  __aeabi_memclr4                     
0001d139  __aeabi_memclr8                     
0001d151  PLL_Init                            
0001d165  __aeabi_memcpy                      
0001d165  __aeabi_memcpy4                     
0001d165  __aeabi_memcpy8                     
0001d16d  abort                               
0001d172  C$$EXIT                             
0001d173  HOSTexit                            
0001d177  Reset_Handler                       
0001d17b  _system_pre_init                    
0001e178  __TI_Handler_Table_Base             
0001e184  __TI_Handler_Table_Limit            
0001e18c  __TI_CINIT_Base                     
0001e19c  __TI_CINIT_Limit                    
0001e19c  __TI_CINIT_Warm                     
20200000  __start___llvm_prf_bits             
20200000  __start___llvm_prf_cnts             
20200000  __stop___llvm_prf_bits              
20200000  __stop___llvm_prf_cnts              
20200000  displayBuffer                       
20205000  zombies                             
202051c0  spriteDistance                      
20205200  spriteOrder                         
20205240  scoreBuffer                         
20205250  soundToPlay                         
20205258  Player                              
20205260  TExaSLogic                          
20205264  TExaSadc                            
20205268  score                               
2020526c  soundIdx                            
20205270  zombieIdx                           
20205276  currentLanguage                     
20205277  soundCalled                         
20205278  zombieCalled                        
2020527c  youDiedSpanish                      
20205fd8  youDiedEnglish                      
20206a3c  shotgunReload                       
20206ae4  shotgunShoot                        
20206b24  myLanguages                         
20206b5c  dir                                 
20206b64  plane                               
20206b6c  pos                                 
20206b74  shotgunNeutral                      
20206b7c  BusFreq                             
20206b80  StX                                 
20206b84  StY                                 
20206b88  _lock                               
20206b8c  _unlock                             
20206b94  shotgun                             
20206b98  spawnCoefficient                    
20206b9c  zombieCount                         
20206ba0  StTextColor                         
20206ba6  frame                               
20206ba7  gunRaysShot                         
20206ba8  gunReload                           
20206ba9  gunShot                             
20206baa  prevSwitchLang                      
20206bb0  _sys_memory                         
20207e00  __stack                             
20208000  __STACK_END                         
ffffffff  __TI_pprof_out_hndl                 
ffffffff  __TI_prof_data_size                 
ffffffff  __TI_prof_data_start                
ffffffff  __binit__                           
ffffffff  binit                               
UNDEFED   __mpu_init                          
UNDEFED   _system_post_cinit                  

[228 symbols]
