******************************************************************************
            TI ARM Clang Linker PC v4.0.4                      
******************************************************************************
>> Linked Wed Apr 15 03:26:55 2026

OUTPUT FILE NAME:   <ECE319K_Lab9.out>
ENTRY POINT SYMBOL: "_c_int00_noargs"  address: 00001299


MEMORY CONFIGURATION

         name            origin    length      used     unused   attr    fill
----------------------  --------  ---------  --------  --------  ----  --------
  FLASH                 00000000   00020000  000016d0  0001e930  R  X
  SRAM                  20200000   00008000  0000041e  00007be2  RW X
  BCR_CONFIG            41c00000   00000080  00000000  00000080  R   
  BSL_CONFIG            41c00100   00000080  00000000  00000080  R   


SEGMENT ALLOCATION MAP

run origin  load origin   length   init length attrs members
----------  ----------- ---------- ----------- ----- -------
00000000    00000000    000016d0   000016d0    r-x
  00000000    00000000    000000c0   000000c0    r-- .intvecs
  000000c0    000000c0    00001318   00001318    r-x .text
  000013d8    000013d8    000002c0   000002c0    r-- .rodata
  00001698    00001698    00000038   00000038    r-- .cinit
20200000    20200000    00000220   00000000    rw-
  20200000    20200000    00000200   00000000    rw- .sysmem
  20200200    20200200    00000012   00000000    rw- .data
  20200214    20200214    0000000c   00000000    rw- .bss
20207e00    20207e00    00000200   00000000    rw-
  20207e00    20207e00    00000200   00000000    rw- .stack


SECTION ALLOCATION MAP

 output                                  attributes/
section   page    origin      length       input sections
--------  ----  ----------  ----------   ----------------
.intvecs   0    00000000    000000c0     
                  00000000    000000c0     startup_mspm0g3507_ticlang.o (.intvecs)

.text      0    000000c0    00001318     
                  000000c0    00000388     Lab9Main.o (.text.main)
                  00000448    000001f4     fix16.o (.text.fix16_div)
                  0000063c    000001b4     Clock.o (.text.Clock_Init80MHz)
                  000007f0    00000118     ST7735.o (.text.ST7735_FillRect)
                  00000908    000000f8     SPI.o (.text.SPI_Init)
                  00000a00    000000f4     ST7735.o (.text.ST7735_SetRotation)
                  00000af4    000000b0     ST7735.o (.text.ST7735_DrawFastVLine)
                  00000ba4    000000a2     ST7735.o (.text.commandList)
                  00000c46    00000002     Sound.o (.text.SysTick_Handler)
                  00000c48    00000098     ST7735.o (.text.ST7735_InitR)
                  00000ce0    00000088     ST7735.o (.text.setAddrWindow)
                  00000d68    0000007c     LaunchPad.o (.text.LaunchPad_Init)
                  00000de4    0000007c     fix16.o (.text.fix16_mul)
                  00000e60    0000007c     libc.a : copy_decompress_lzss.c.obj (.text:decompress:lzss)
                  00000edc    00000048     SPI.o (.text.SPI_OutCommand)
                  00000f24    00000046     fix16.o (.text.fix16_add)
                  00000f6a    00000002     libclang_rt.builtins.a : aeabi_div0.c.obj (.text.__aeabi_idiv0)
                  00000f6c    00000040     SPI.o (.text.SPI_Reset)
                  00000fac    00000040     TExaS.o (.text.TIMG7_IRQHandler)
                  00000fec    00000040     libclang_rt.builtins.a : aeabi_uidivmod.S.obj (.text.__aeabi_uidivmod)
                  0000102c    0000003c     Lab9Main.o (.text.fix16_to_int)
                  00001068    0000003c     libc.a : autoinit.c.obj (.text:__TI_auto_init_nobinit_nopinit)
                  000010a4    0000003a     libclang_rt.builtins.a : muldsi3.S.obj (.text.__muldsi3)
                  000010de    00000002     --HOLE-- [fill = 0]
                  000010e0    00000038     LaunchPad.o (.text.ActivatePortA_B)
                  00001118    00000038     SPI.o (.text.SPI_OutData)
                  00001150    00000034     Clock.o (.text.Clock_Delay1ms)
                  00001184    00000034     ST7735.o (.text.ST7735_SetCursor)
                  000011b8    00000030     ST7735.o (.text.commonInit)
                  000011e8    0000002e     fixvector2d.o (.text.v2d_add)
                  00001216    00000002     --HOLE-- [fill = 0]
                  00001218    0000002c     ST7735.o (.text.ST7735_FillScreen)
                  00001244    0000002a     fixvector2d.o (.text.v2d_mul_s)
                  0000126e    00000002     --HOLE-- [fill = 0]
                  00001270    00000028     Lab9Main.o (.text.TIMG12_IRQHandler)
                  00001298    00000028     libc.a : boot_cortex_m.c.obj (.text:_c_int00_noargs)
                  000012c0    00000024     libclang_rt.builtins.a : muldi3.S.obj (.text.__muldi3)
                  000012e4    00000020     Lab9Main.o (.text.fix16_abs)
                  00001304    0000001c     startup_mspm0g3507_ticlang.o (.text.Default_Handler)
                  00001320    0000001c     startup_mspm0g3507_ticlang.o (.text.HardFault_Handler)
                  0000133c    00000016     libc.a : copy_zero_init.c.obj (.text:decompress:ZI:__TI_zero_init_nomemset)
                  00001352    00000012            : memcpy16.S.obj (.text:TI_memcpy_small)
                  00001364    00000012            : copy_decompress_none.c.obj (.text:decompress:none)
                  00001376    00000010     Clock.o (.text.Clock_Delay)
                  00001386    00000010     LaunchPad.o (.text.Delay)
                  00001396    00000002     --HOLE-- [fill = 0]
                  00001398    0000000c     Clock.o (.text.Clock_Freq)
                  000013a4    0000000c     Lab9Main.o (.text.fix16_from_int)
                  000013b0    0000000a     Lab9Main.o (.text.PLL_Init)
                  000013ba    00000002     --HOLE-- [fill = 0]
                  000013bc    00000008     libclang_rt.builtins.a : aeabi_memcpy.S.obj (.text.__aeabi_memcpy)
                  000013c4    00000006     libc.a : exit.c.obj (.text:abort)
                  000013ca    00000004     libsysbm.a : hostexit.c.obj (.text.HOSTexit)
                  000013ce    00000004     startup_mspm0g3507_ticlang.o (.text.Reset_Handler)
                  000013d2    00000004     libc.a : pre_init.c.obj (.text._system_pre_init)
                  000013d6    00000002     --HOLE-- [fill = 0]

.cinit     0    00001698    00000038     
                  00001698    00000012     (.cinit..data.load) [load image, compression = lzss]
                  000016aa    00000002     --HOLE-- [fill = 0]
                  000016ac    0000000c     (__TI_handler_table)
                  000016b8    00000008     (.cinit..bss.load) [load image, compression = zero_init]
                  000016c0    00000010     (__TI_cinit_table)

.rodata    0    000013d8    000002c0     
                  000013d8    00000240     Lab9Main.o (.rodata.worldMap)
                  00001618    0000003b     ST7735.o (.rodata.Rcmd1)
                  00001653    0000002b     ST7735.o (.rodata.Rcmd3)
                  0000167e    0000000d     ST7735.o (.rodata.Rcmd2green)
                  0000168b    0000000d     ST7735.o (.rodata.Rcmd2red)

.init_array 
*          0    00000000    00000000     UNINITIALIZED

.binit     0    00000000    00000000     

.sysmem    0    20200000    00000200     UNINITIALIZED
                  20200000    00000010     libc.a : memory.c.obj (.sysmem)
                  20200010    000001f0     --HOLE--

.data      0    20200200    00000012     UNINITIALIZED
                  20200200    00000004     Clock.o (.data.BusFreq)
                  20200204    00000004     ST7735.o (.data.StX)
                  20200208    00000004     ST7735.o (.data.StY)
                  2020020c    00000002     ST7735.o (.data.StTextColor)
                  2020020e    00000002     ST7735.o (.data._height)
                  20200210    00000002     ST7735.o (.data._width)

.bss       0    20200214    0000000c     UNINITIALIZED
                  20200214    00000004     (.common:TExaSLogic)
                  20200218    00000004     (.common:TExaSadc)
                  2020021c    00000001     ST7735.o (.bss.ColStart)
                  2020021d    00000001     ST7735.o (.bss.Rotation)
                  2020021e    00000001     ST7735.o (.bss.RowStart)
                  2020021f    00000001     ST7735.o (.bss.TabColor)

.stack     0    20207e00    00000200     UNINITIALIZED
                  20207e00    00000004     libc.a : boot_cortex_m.c.obj (.stack)
                  20207e04    000001fc     --HOLE--

__llvm_prf_cnts 
*          0    20200000    00000000     UNINITIALIZED

__llvm_prf_bits 
*          0    20200000    00000000     UNINITIALIZED

MODULE SUMMARY

       Module                         code   ro data   rw data
       ------                         ----   -------   -------
    .\
       Lab9Main.o                     1058   576       0      
       ST7735.o                       1294   128       18     
       Clock.o                        516    0         4      
       SPI.o                          440    0         0      
       LaunchPad.o                    196    0         0      
       TExaS.o                        64     0         8      
       Sound.o                        2      0         0      
    +--+------------------------------+------+---------+---------+
       Total:                         3570   704       30     
                                                              
    .\Math\fix\
       fix16.o                        694    0         0      
    +--+------------------------------+------+---------+---------+
       Total:                         694    0         0      
                                                              
    .\Math\lib_fixmatrix\
       fixvector2d.o                  88     0         0      
    +--+------------------------------+------+---------+---------+
       Total:                         88     0         0      
                                                              
    .\ticlang\
       startup_mspm0g3507_ticlang.o   60     192       0      
    +--+------------------------------+------+---------+---------+
       Total:                         60     192       0      
                                                              
    C:\ti\ccs2040\ccs\tools\compiler\ti-cgt-armllvm_4.0.4.LTS\lib\armv6m-ti-none-eabi/c/libc.a
       copy_decompress_lzss.c.obj     124    0         0      
       autoinit.c.obj                 60     0         0      
       boot_cortex_m.c.obj            40     0         0      
       copy_zero_init.c.obj           22     0         0      
       copy_decompress_none.c.obj     18     0         0      
       memcpy16.S.obj                 18     0         0      
       exit.c.obj                     6      0         0      
       pre_init.c.obj                 4      0         0      
    +--+------------------------------+------+---------+---------+
       Total:                         292    0         0      
                                                              
    C:\ti\ccs2040\ccs\tools\compiler\ti-cgt-armllvm_4.0.4.LTS\lib\armv6m-ti-none-eabi/c/libsysbm.a
       hostexit.c.obj                 4      0         0      
    +--+------------------------------+------+---------+---------+
       Total:                         4      0         0      
                                                              
    C:\ti\ccs2040\ccs\tools\compiler\ti-cgt-armllvm_4.0.4.LTS\lib\armv6m-ti-none-eabi/libclang_rt.builtins.a
       aeabi_uidivmod.S.obj           64     0         0      
       muldsi3.S.obj                  58     0         0      
       muldi3.S.obj                   36     0         0      
       aeabi_memcpy.S.obj             8      0         0      
       aeabi_div0.c.obj               2      0         0      
    +--+------------------------------+------+---------+---------+
       Total:                         168    0         0      
                                                              
       Heap:                          0      0         512    
       Stack:                         0      0         512    
       Linker Generated:              0      54        0      
    +--+------------------------------+------+---------+---------+
       Grand Total:                   4876   950       1054   


LINKER GENERATED COPY TABLES

__TI_cinit_table @ 000016c0 records: 2, size/record: 8, table size: 16
	.data: load addr=00001698, load size=00000012 bytes, run addr=20200200, run size=00000012 bytes, compression=lzss
	.bss: load addr=000016b8, load size=00000008 bytes, run addr=20200214, run size=0000000c bytes, compression=zero_init


LINKER GENERATED HANDLER TABLE

__TI_handler_table @ 000016ac records: 3, size/record: 4, table size: 12
	index: 0, handler: __TI_decompress_lzss
	index: 1, handler: __TI_decompress_none
	index: 2, handler: __TI_zero_init


GLOBAL SYMBOLS: SORTED ALPHABETICALLY BY Name 

address   name                          
-------   ----                          
00001305  ADC0_IRQHandler               
00001305  ADC1_IRQHandler               
00001305  AES_IRQHandler                
000010e1  ActivatePortA_B               
20200200  BusFreq                       
000013ca  C$$EXIT                       
00001305  CANFD0_IRQHandler             
00001377  Clock_Delay                   
00001151  Clock_Delay1ms                
00001399  Clock_Freq                    
0000063d  Clock_Init80MHz               
00001305  DAC0_IRQHandler               
00001305  DMA_IRQHandler                
00001305  Default_Handler               
00001387  Delay                         
00001305  GROUP0_IRQHandler             
00001305  GROUP1_IRQHandler             
000013cb  HOSTexit                      
00001321  HardFault_Handler             
00001305  I2C0_IRQHandler               
00001305  I2C1_IRQHandler               
00000d69  LaunchPad_Init                
00001305  NMI_Handler                   
000013b1  PLL_Init                      
00001305  PendSV_Handler                
00001305  RTC_IRQHandler                
000013cf  Reset_Handler                 
00001305  SPI0_IRQHandler               
00001305  SPI1_IRQHandler               
00000909  SPI_Init                      
00000edd  SPI_OutCommand                
00001119  SPI_OutData                   
00000f6d  SPI_Reset                     
00000af5  ST7735_DrawFastVLine          
000007f1  ST7735_FillRect               
00001219  ST7735_FillScreen             
00000c49  ST7735_InitR                  
00001185  ST7735_SetCursor              
00000a01  ST7735_SetRotation            
00001305  SVC_Handler                   
2020020c  StTextColor                   
20200204  StX                           
20200208  StY                           
00000c47  SysTick_Handler               
20200214  TExaSLogic                    
20200218  TExaSadc                      
00001305  TIMA0_IRQHandler              
00001305  TIMA1_IRQHandler              
00001305  TIMG0_IRQHandler              
00001271  TIMG12_IRQHandler             
00001305  TIMG6_IRQHandler              
00000fad  TIMG7_IRQHandler              
00001305  TIMG8_IRQHandler              
00001353  TI_memcpy_small               
00001305  UART0_IRQHandler              
00001305  UART1_IRQHandler              
00001305  UART2_IRQHandler              
00001305  UART3_IRQHandler              
20208000  __STACK_END                   
00000200  __STACK_SIZE                  
00000200  __SYSMEM_SIZE                 
00000000  __TI_ATRegion0_region_sz      
00000000  __TI_ATRegion0_src_addr       
00000000  __TI_ATRegion0_trg_addr       
00000000  __TI_ATRegion1_region_sz      
00000000  __TI_ATRegion1_src_addr       
00000000  __TI_ATRegion1_trg_addr       
00000000  __TI_ATRegion2_region_sz      
00000000  __TI_ATRegion2_src_addr       
00000000  __TI_ATRegion2_trg_addr       
000016c0  __TI_CINIT_Base               
000016d0  __TI_CINIT_Limit              
000016d0  __TI_CINIT_Warm               
000016ac  __TI_Handler_Table_Base       
000016b8  __TI_Handler_Table_Limit      
00001069  __TI_auto_init_nobinit_nopinit
00000e61  __TI_decompress_lzss          
00001365  __TI_decompress_none          
ffffffff  __TI_pprof_out_hndl           
ffffffff  __TI_prof_data_size           
ffffffff  __TI_prof_data_start          
00000000  __TI_static_base__            
0000133d  __TI_zero_init_nomemset       
00000f6b  __aeabi_idiv0                 
000012c1  __aeabi_lmul                  
000013bd  __aeabi_memcpy                
000013bd  __aeabi_memcpy4               
000013bd  __aeabi_memcpy8               
00000fed  __aeabi_uidiv                 
00000fed  __aeabi_uidivmod              
ffffffff  __binit__                     
UNDEFED   __mpu_init                    
000012c1  __muldi3                      
000010a5  __muldsi3                     
20207e00  __stack                       
20200000  __start___llvm_prf_bits       
20200000  __start___llvm_prf_cnts       
20200000  __stop___llvm_prf_bits        
20200000  __stop___llvm_prf_cnts        
00001299  _c_int00_noargs               
20200000  _sys_memory                   
UNDEFED   _system_post_cinit            
000013d3  _system_pre_init              
000013c5  abort                         
ffffffff  binit                         
00000f25  fix16_add                     
00000449  fix16_div                     
00000de5  fix16_mul                     
00000000  interruptVectors              
000000c1  main                          
000011e9  v2d_add                       
00001245  v2d_mul_s                     
000013d8  worldMap                      


GLOBAL SYMBOLS: SORTED BY Symbol Address 

address   name                          
-------   ----                          
00000000  __TI_ATRegion0_region_sz      
00000000  __TI_ATRegion0_src_addr       
00000000  __TI_ATRegion0_trg_addr       
00000000  __TI_ATRegion1_region_sz      
00000000  __TI_ATRegion1_src_addr       
00000000  __TI_ATRegion1_trg_addr       
00000000  __TI_ATRegion2_region_sz      
00000000  __TI_ATRegion2_src_addr       
00000000  __TI_ATRegion2_trg_addr       
00000000  __TI_static_base__            
00000000  interruptVectors              
000000c1  main                          
00000200  __STACK_SIZE                  
00000200  __SYSMEM_SIZE                 
00000449  fix16_div                     
0000063d  Clock_Init80MHz               
000007f1  ST7735_FillRect               
00000909  SPI_Init                      
00000a01  ST7735_SetRotation            
00000af5  ST7735_DrawFastVLine          
00000c47  SysTick_Handler               
00000c49  ST7735_InitR                  
00000d69  LaunchPad_Init                
00000de5  fix16_mul                     
00000e61  __TI_decompress_lzss          
00000edd  SPI_OutCommand                
00000f25  fix16_add                     
00000f6b  __aeabi_idiv0                 
00000f6d  SPI_Reset                     
00000fad  TIMG7_IRQHandler              
00000fed  __aeabi_uidiv                 
00000fed  __aeabi_uidivmod              
00001069  __TI_auto_init_nobinit_nopinit
000010a5  __muldsi3                     
000010e1  ActivatePortA_B               
00001119  SPI_OutData                   
00001151  Clock_Delay1ms                
00001185  ST7735_SetCursor              
000011e9  v2d_add                       
00001219  ST7735_FillScreen             
00001245  v2d_mul_s                     
00001271  TIMG12_IRQHandler             
00001299  _c_int00_noargs               
000012c1  __aeabi_lmul                  
000012c1  __muldi3                      
00001305  ADC0_IRQHandler               
00001305  ADC1_IRQHandler               
00001305  AES_IRQHandler                
00001305  CANFD0_IRQHandler             
00001305  DAC0_IRQHandler               
00001305  DMA_IRQHandler                
00001305  Default_Handler               
00001305  GROUP0_IRQHandler             
00001305  GROUP1_IRQHandler             
00001305  I2C0_IRQHandler               
00001305  I2C1_IRQHandler               
00001305  NMI_Handler                   
00001305  PendSV_Handler                
00001305  RTC_IRQHandler                
00001305  SPI0_IRQHandler               
00001305  SPI1_IRQHandler               
00001305  SVC_Handler                   
00001305  TIMA0_IRQHandler              
00001305  TIMA1_IRQHandler              
00001305  TIMG0_IRQHandler              
00001305  TIMG6_IRQHandler              
00001305  TIMG8_IRQHandler              
00001305  UART0_IRQHandler              
00001305  UART1_IRQHandler              
00001305  UART2_IRQHandler              
00001305  UART3_IRQHandler              
00001321  HardFault_Handler             
0000133d  __TI_zero_init_nomemset       
00001353  TI_memcpy_small               
00001365  __TI_decompress_none          
00001377  Clock_Delay                   
00001387  Delay                         
00001399  Clock_Freq                    
000013b1  PLL_Init                      
000013bd  __aeabi_memcpy                
000013bd  __aeabi_memcpy4               
000013bd  __aeabi_memcpy8               
000013c5  abort                         
000013ca  C$$EXIT                       
000013cb  HOSTexit                      
000013cf  Reset_Handler                 
000013d3  _system_pre_init              
000013d8  worldMap                      
000016ac  __TI_Handler_Table_Base       
000016b8  __TI_Handler_Table_Limit      
000016c0  __TI_CINIT_Base               
000016d0  __TI_CINIT_Limit              
000016d0  __TI_CINIT_Warm               
20200000  __start___llvm_prf_bits       
20200000  __start___llvm_prf_cnts       
20200000  __stop___llvm_prf_bits        
20200000  __stop___llvm_prf_cnts        
20200000  _sys_memory                   
20200200  BusFreq                       
20200204  StX                           
20200208  StY                           
2020020c  StTextColor                   
20200214  TExaSLogic                    
20200218  TExaSadc                      
20207e00  __stack                       
20208000  __STACK_END                   
ffffffff  __TI_pprof_out_hndl           
ffffffff  __TI_prof_data_size           
ffffffff  __TI_prof_data_start          
ffffffff  __binit__                     
ffffffff  binit                         
UNDEFED   __mpu_init                    
UNDEFED   _system_post_cinit            

[113 symbols]
