******************************************************************************
            TI ARM Clang Linker PC v4.0.4                      
******************************************************************************
>> Linked Sun Apr 26 17:00:35 2026

OUTPUT FILE NAME:   <ECE319K_Lab9.out>
ENTRY POINT SYMBOL: "_c_int00_noargs"  address: 0001dd19


MEMORY CONFIGURATION

         name            origin    length      used     unused   attr    fill
----------------------  --------  ---------  --------  --------  ----  --------
  FLASH                 00000000   00020000  0001f098  00000f68  R  X
  SRAM                  20200000   00008000  00007604  000009fc  RW X
  BCR_CONFIG            41c00000   00000080  00000000  00000080  R   
  BSL_CONFIG            41c00100   00000080  00000000  00000080  R   


SEGMENT ALLOCATION MAP

run origin  load origin   length   init length attrs members
----------  ----------- ---------- ----------- ----- -------
00000000    00000000    0001f098   0001f098    r-x
  00000000    00000000    000000c0   000000c0    r-- .intvecs
  000000c0    000000c0    000199c0   000199c0    r-- .rodata
  00019a80    00019a80    000045f8   000045f8    r-x .text
  0001e078    0001e078    00001020   00001020    r-- .cinit
20200000    20200000    00007408   00000000    rw-
  20200000    20200000    000058c9   00000000    rw- .bss
  202058cc    202058cc    0000193b   00000000    rw- .data
  20207208    20207208    00000200   00000000    rw- .sysmem
20207e00    20207e00    00000200   00000000    rw-
  20207e00    20207e00    00000200   00000000    rw- .stack


SECTION ALLOCATION MAP

 output                                  attributes/
section   page    origin      length       input sections
--------  ----  ----------  ----------   ----------------
.intvecs   0    00000000    000000c0     
                  00000000    000000c0     startup_mspm0g3507_ticlang.o (.intvecs)

.text      0    00019a80    000045f8     
                  00019a80    00001244     render3D.o (.text.Raycast)
                  0001acc4    00000448     Entities.o (.text.TIMG12_IRQHandler)
                  0001b10c    00000284     libc.a : _printfi.c.obj (.text:__TI_printfi_minimal)
                  0001b390    00000210     ST7735.o (.text.ST7735_DrawBitmap)
                  0001b5a0    000001f4     fix16.o (.text.fix16_div)
                  0001b794    000001bc     Lab9Main.o (.text.main)
                  0001b950    000001b4     Clock.o (.text.Clock_Init80MHz)
                  0001bb04    000001a4     ST7735.o (.text.ST7735_DrawCharS)
                  0001bca8    0000019c     Entities.o (.text.GenerateFlowField)
                  0001be44    00000174     Entities.o (.text.Player_Shoot)
                  0001bfb8    00000164     ST7735.o (.text.ST7735_DrawTransparentBitmapOnBuffer)
                  0001c11c    00000130     ST7735.o (.text.ST7735_DrawCharToBuffer)
                  0001c24c    00000124     fix16_sqrt.o (.text.fix16_sqrt)
                  0001c370    00000118     ST7735.o (.text.ST7735_FillRect)
                  0001c488    00000104     ST7735.o (.text.ST7735_DrawBitmapTransparent)
                  0001c58c    00000104     Entities.o (.text.Spawn_Zombie)
                  0001c690    000000f8     SPI.o (.text.SPI_Init)
                  0001c788    000000f8     render3D.o (.text.sortSprites)
                  0001c880    000000f4     ST7735.o (.text.ST7735_SetRotation)
                  0001c974    000000e4     fix16_fast_trig_lut.o (.text.fix16_fast_sin)
                  0001ca58    000000d0     ST7735.o (.text.ST7735_OutCharTransparent)
                  0001cb28    000000d0     Animations.o (.text.TIMG8_IRQHandler)
                  0001cbf8    000000b8     ST7735.o (.text.ST7735_DrawPixelToBuffer)
                  0001ccb0    000000b0     ST7735.o (.text.ST7735_DrawFastHLine)
                  0001cd60    000000a8     Timer.o (.text.TimerG8_IntArm)
                  0001ce08    000000a2     ST7735.o (.text.commandList)
                  0001ceaa    00000002     libclang_rt.builtins.a : aeabi_div0.c.obj (.text.__aeabi_idiv0)
                  0001ceac    00000098     ST7735.o (.text.ST7735_InitR)
                  0001cf44    00000094     Timer.o (.text.TimerG12_IntArm)
                  0001cfd8    00000088     AMDAC4.o (.text.AMDAC4_Out)
                  0001d060    00000088     ST7735.o (.text.setAddrWindow)
                  0001d0e8    00000084     ST7735.o (.text.ST7735_DrawStringTransparent)
                  0001d16c    00000084     Entities.o (.text.Zombie_Damaged)
                  0001d1f0    0000007c     LaunchPad.o (.text.LaunchPad_Init)
                  0001d26c    0000007c     ST7735.o (.text.ST7735_DrawStringToBuffer)
                  0001d2e8    0000007c     libc.a : copy_decompress_lzss.c.obj (.text:decompress:lzss)
                  0001d364    00000070     ST7735.o (.text.ST7735_DrawPixel)
                  0001d3d4    0000006e     fix16.o (.text.fix16_mul)
                  0001d442    00000002     libc.a : _lock.c.obj (.text._nop)
                  0001d444    0000006c     JoystickLeft.o (.text.JoystickLeft_Init)
                  0001d4b0    0000006c     JoystickRight.o (.text.JoystickRight_Init)
                  0001d51c    00000068     JoystickLeft.o (.text.JoystickLeft_getX)
                  0001d584    00000068     JoystickLeft.o (.text.JoystickLeft_getY)
                  0001d5ec    00000068     JoystickRight.o (.text.JoystickRight_getX)
                  0001d654    00000056     libclang_rt.builtins.a : aeabi_idivmod.S.obj (.text.__aeabi_idivmod)
                  0001d6aa    00000002     --HOLE-- [fill = 0]
                  0001d6ac    00000054     DAC6.o (.text.DAC6_Init)
                  0001d700    00000050     Sound.o (.text.Sound_Start)
                  0001d750    00000050     Sound.o (.text.SysTick_Handler)
                  0001d7a0    00000048     AMDAC4.o (.text.AMDAC4_Init)
                  0001d7e8    00000048     SPI.o (.text.SPI_OutCommand)
                  0001d830    00000046     fix16.o (.text.fix16_add)
                  0001d876    00000002     --HOLE-- [fill = 0]
                  0001d878    00000044     Sound.o (.text.SysTick_IntArm)
                  0001d8bc    00000040     HPDAC4.o (.text.HPDAC4_Init)
                  0001d8fc    00000040     SPI.o (.text.SPI_Reset)
                  0001d93c    00000040     TExaS.o (.text.TIMG7_IRQHandler)
                  0001d97c    00000040     libclang_rt.builtins.a : aeabi_uidivmod.S.obj (.text.__aeabi_uidivmod)
                  0001d9bc    0000003c     DAC6.o (.text.DAC6_Out)
                  0001d9f8    0000003c     libc.a : autoinit.c.obj (.text:__TI_auto_init_nobinit_nopinit)
                  0001da34    0000003a     libclang_rt.builtins.a : muldsi3.S.obj (.text.__muldsi3)
                  0001da6e    00000002     --HOLE-- [fill = 0]
                  0001da70    00000038     LaunchPad.o (.text.ActivatePortA_B)
                  0001daa8    00000038     SPI.o (.text.SPI_OutData)
                  0001dae0    00000038     libc.a : rand.c.obj (.text.rand)
                  0001db18    00000038            : sprintf.c.obj (.text.sprintf)
                  0001db50    00000034     Clock.o (.text.Clock_Delay1ms)
                  0001db84    00000034     ST7735.o (.text.ST7735_SetCursor)
                  0001dbb8    00000030     ST7735.o (.text.commonInit)
                  0001dbe8    0000002e     fixvector2d.o (.text.v2d_add)
                  0001dc16    00000002     --HOLE-- [fill = 0]
                  0001dc18    0000002c     HPDAC4.o (.text.HPDAC4_Out)
                  0001dc44    0000002c     Entities.o (.text.Player_Damaged)
                  0001dc70    0000002c     ST7735.o (.text.ST7735_FillScreen)
                  0001dc9c    0000002a     fixvector2d.o (.text.v2d_mul_s)
                  0001dcc6    00000002     --HOLE-- [fill = 0]
                  0001dcc8    00000028     Sound.o (.text.Sound_Init)
                  0001dcf0    00000028     Switch.o (.text.Switch_Init)
                  0001dd18    00000028     libc.a : boot_cortex_m.c.obj (.text:_c_int00_noargs)
                  0001dd40    00000026     ST7735.o (.text.ST7735_OutStringTransparent)
                  0001dd66    00000002     --HOLE-- [fill = 0]
                  0001dd68    00000024     libclang_rt.builtins.a : muldi3.S.obj (.text.__muldi3)
                  0001dd8c    00000022     libc.a : memccpy.c.obj (.text.memccpy)
                  0001ddae    00000002     --HOLE-- [fill = 0]
                  0001ddb0    00000020     Language.o (.text.Language_Switch)
                  0001ddd0    00000020     render3D.o (.text.fix16_abs)
                  0001ddf0    0000001e     HPDAC4.o (.text.HPDAC4_HPOut)
                  0001de0e    0000001e     ST7735.o (.text.pushColor)
                  0001de2c    0000001c     startup_mspm0g3507_ticlang.o (.text.Default_Handler)
                  0001de48    0000001c     startup_mspm0g3507_ticlang.o (.text.HardFault_Handler)
                  0001de64    00000018     AMDAC4.o (.text.AMDAC4_AmmoOut)
                  0001de7c    00000018     Entities.o (.text.Player_Init)
                  0001de94    00000018     Entities.o (.text.Reset_Zombies)
                  0001deac    00000018     libc.a : sprintf.c.obj (.text._outs)
                  0001dec4    00000018     fix16_fast_trig_lut.o (.text.fix16_fast_cos)
                  0001dedc    00000014     Sound.o (.text.Sound_Chamber)
                  0001def0    00000014     Sound.o (.text.Sound_Damaged)
                  0001df04    00000014     Sound.o (.text.Sound_Reload)
                  0001df18    00000014     Sound.o (.text.Sound_Shoot)
                  0001df2c    00000014     Sound.o (.text.Sound_Zombie)
                  0001df40    00000014     Switch.o (.text.Switch_Language)
                  0001df54    00000014     Switch.o (.text.Switch_Shoot)
                  0001df68    00000012     libc.a : memcpy16.S.obj (.text:TI_memcpy_small)
                  0001df7a    00000012            : copy_decompress_none.c.obj (.text:decompress:none)
                  0001df8c    00000010     Clock.o (.text.Clock_Delay)
                  0001df9c    00000010     LaunchPad.o (.text.Delay)
                  0001dfac    00000010     Entities.o (.text.Player_Reload)
                  0001dfbc    00000010     libc.a : copy_zero_init.c.obj (.text:decompress:ZI)
                  0001dfcc    0000000e     libclang_rt.builtins.a : aeabi_memset.S.obj (.text.__aeabi_memset)
                  0001dfda    0000000e     Entities.o (.text.fix16_to_int)
                  0001dfe8    0000000e     render3D.o (.text.fix16_to_int)
                  0001dff6    0000000e     libc.a : _printfi.c.obj (.text.strlen)
                  0001e004    0000000e            : memset16.S.obj (.text:TI_memset_small)
                  0001e012    00000002     --HOLE-- [fill = 0]
                  0001e014    0000000c     Clock.o (.text.Clock_Freq)
                  0001e020    0000000c     Language.o (.text.Language_Init)
                  0001e02c    0000000c     libclang_rt.builtins.a : aeabi_memset.S.obj (.text.__aeabi_memclr)
                  0001e038    0000000c     render3D.o (.text.fix16_from_int)
                  0001e044    0000000a     Lab9Main.o (.text.PLL_Init)
                  0001e04e    0000000a     libc.a : sprintf.c.obj (.text._outc)
                  0001e058    00000008     libclang_rt.builtins.a : aeabi_memcpy.S.obj (.text.__aeabi_memcpy)
                  0001e060    00000006     libc.a : exit.c.obj (.text:abort)
                  0001e066    00000004     libsysbm.a : hostexit.c.obj (.text.HOSTexit)
                  0001e06a    00000004     startup_mspm0g3507_ticlang.o (.text.Reset_Handler)
                  0001e06e    00000004     libc.a : pre_init.c.obj (.text._system_pre_init)
                  0001e072    00000006     --HOLE-- [fill = 0]

.cinit     0    0001e078    00001020     
                  0001e078    00000ffa     (.cinit..data.load) [load image, compression = lzss]
                  0001f072    00000002     --HOLE-- [fill = 0]
                  0001f074    0000000c     (__TI_handler_table)
                  0001f080    00000008     (.cinit..bss.load) [load image, compression = zero_init]
                  0001f088    00000010     (__TI_cinit_table)

.rodata    0    000000c0    000199c0     
                  000000c0    00003b00     images.o (.rodata.zombie1)
                  00003bc0    00002ee0     images.o (.rodata.shotgunShoot3)
                  00006aa0    00002940     images.o (.rodata.reload3)
                  000093e0    00002850     images.o (.rodata.shotgunShoot4)
                  0000bc30    000023a0     images.o (.rodata.reload2)
                  0000dfd0    00002080     images.o (.rodata.reload1)
                  00010050    00001e6b     Sound.o (.rodata.zombie)
                  00011ebb    00001c11     Sound.o (.rodata.chamber)
                  00013acc    000017e8     images.o (.rodata.shotgunShoot2)
                  000152b4    000012c0     images.o (.rodata.shotgunNormal)
                  00016574    00001140     Sound.o (.rodata.shootGun)
                  000176b4    000009aa     Sound.o (.rodata.reload)
                  0001805e    00000966     Sound.o (.rodata.damaged)
                  000189c4    00000800     fix16_fast_trig_lut.o (.rodata.fastSineLookupTable)
                  000191c4    000004fb     ST7735.o (.rodata.Font)
                  000196bf    00000240     Lab9Main.o (.rodata.worldMap)
                  000198ff    00000001     images.o (.rodata.crosshairHeight)
                  00019900    00000048     images.o (.rodata.crosshair)
                  00019948    00000040     Entities.o (.rodata.cst32)
                  00019988    0000003b     ST7735.o (.rodata.Rcmd1)
                  000199c3    0000002b     ST7735.o (.rodata.Rcmd3)
                  000199ee    00000016     ST7735.o (.rodata.str1.2132471336006292093.1)
                  00019a04    00000011     libc.a : _printfi.c.obj (.rodata.str1.15363888844622738466.1)
                  00019a15    0000000f     Language.o (.rodata.str1.12342158081114120698.1)
                  00019a24    0000000f     Language.o (.rodata.str1.7950458361806698135.1)
                  00019a33    0000000d     ST7735.o (.rodata.Rcmd2green)
                  00019a40    0000000d     ST7735.o (.rodata.Rcmd2red)
                  00019a4d    0000000a     Language.o (.rodata.str1.17176575688370608910.1)
                  00019a57    0000000a     Language.o (.rodata.str1.17456481127962023310.1)
                  00019a61    00000008     Language.o (.rodata.str1.5333028195687833906.1)
                  00019a69    00000008     Language.o (.rodata.str1.5714278379454200997.1)
                  00019a71    00000003     render3D.o (.rodata.str1.5546519201162251259.1)
                  00019a74    00000004     Lab9Main.o (.rodata.mapHeight)
                  00019a78    00000004     Lab9Main.o (.rodata.mapWidth)
                  00019a7c    00000001     images.o (.rodata.crosshairWidth)
                  00019a7d    00000003     --HOLE-- [fill = 0]

.init_array 
*          0    00000000    00000000     UNINITIALIZED

.binit     0    00000000    00000000     

.bss       0    20200000    000058c9     UNINITIALIZED
                  20200000    00005000     (.common:displayBuffer)
                  20205000    00000240     Entities.o (.bss.GenerateFlowField.queueX)
                  20205240    00000240     Entities.o (.bss.GenerateFlowField.queueY)
                  20205480    00000240     (.common:flowField)
                  202056c0    00000150     (.common:zombies)
                  20205810    00000040     (.common:spriteDistance)
                  20205850    00000040     (.common:spriteOrder)
                  20205890    00000010     (.common:scoreBuffer)
                  202058a0    00000008     (.common:soundToPlay)
                  202058a8    00000006     (.common:Player)
                  202058ae    00000001     ST7735.o (.bss.ColStart)
                  202058af    00000001     ST7735.o (.bss.Rotation)
                  202058b0    00000004     (.common:TExaSLogic)
                  202058b4    00000004     (.common:TExaSadc)
                  202058b8    00000004     (.common:score)
                  202058bc    00000004     (.common:soundIdx)
                  202058c0    00000004     (.common:zombieIdx)
                  202058c4    00000001     ST7735.o (.bss.RowStart)
                  202058c5    00000001     ST7735.o (.bss.TabColor)
                  202058c6    00000001     (.common:currentLanguage)
                  202058c7    00000001     (.common:soundCalled)
                  202058c8    00000001     (.common:zombieCalled)

.data      0    202058cc    0000193b     UNINITIALIZED
                  202058cc    00000d5c     images.o (.data.youDiedSpanish)
                  20206628    00000a64     images.o (.data.youDiedEnglish)
                  2020708c    000000a8     Animations.o (.data.shotgunReload)
                  20207134    00000040     Animations.o (.data.shotgunShoot)
                  20207174    00000038     Language.o (.data.myLanguages)
                  202071ac    00000008     Lab9Main.o (.data.dir)
                  202071b4    00000008     Lab9Main.o (.data.plane)
                  202071bc    00000008     Lab9Main.o (.data.pos)
                  202071c4    00000008     Animations.o (.data.shotgunNeutral)
                  202071cc    00000004     Clock.o (.data.BusFreq)
                  202071d0    00000004     ST7735.o (.data.StX)
                  202071d4    00000004     ST7735.o (.data.StY)
                  202071d8    00000004     libc.a : _lock.c.obj (.data._lock)
                  202071dc    00000004            : _lock.c.obj (.data._unlock)
                  202071e0    00000004     Entities.o (.data.difficultyRate)
                  202071e4    00000004     libc.a : rand.c.obj (.data.next)
                  202071e8    00000004     Entities.o (.data.prevPlayerGridX)
                  202071ec    00000004     Entities.o (.data.prevPlayerGridY)
                  202071f0    00000004     Animations.o (.data.shotgun)
                  202071f4    00000004     Entities.o (.data.spawnCoefficient)
                  202071f8    00000004     Entities.o (.data.zombieCount)
                  202071fc    00000002     ST7735.o (.data.StTextColor)
                  202071fe    00000002     ST7735.o (.data._height)
                  20207200    00000002     ST7735.o (.data._width)
                  20207202    00000001     Animations.o (.data.frame)
                  20207203    00000001     Entities.o (.data.gunRaysShot)
                  20207204    00000001     Entities.o (.data.gunReload)
                  20207205    00000001     Entities.o (.data.gunShot)
                  20207206    00000001     Entities.o (.data.prevSwitchLang)

.sysmem    0    20207208    00000200     UNINITIALIZED
                  20207208    00000010     libc.a : memory.c.obj (.sysmem)
                  20207218    000001f0     --HOLE--

.stack     0    20207e00    00000200     UNINITIALIZED
                  20207e00    00000004     libc.a : boot_cortex_m.c.obj (.stack)
                  20207e04    000001fc     --HOLE--

__llvm_prf_cnts 
*          0    20200000    00000000     UNINITIALIZED

__llvm_prf_bits 
*          0    20200000    00000000     UNINITIALIZED

MODULE SUMMARY

       Module                         code    ro data   rw data
       ------                         ----    -------   -------
    .\
       render3D.o                     4982    3         20624  
       Sound.o                        368     24268     18     
       ST7735.o                       3990    1425      18     
       Entities.o                     2394    64        2098   
       Lab9Main.o                     454     584       24     
       Clock.o                        516     0         4      
       Animations.o                   208     0         245    
       SPI.o                          440     0         0      
       JoystickLeft.o                 316     0         0      
       Timer.o                        316     0         0      
       AMDAC4.o                       232     0         0      
       JoystickRight.o                212     0         0      
       LaunchPad.o                    196     0         0      
       Language.o                     44      66        57     
       DAC6.o                         144     0         0      
       HPDAC4.o                       138     0         0      
       Switch.o                       80      0         0      
       TExaS.o                        64      0         8      
    +--+------------------------------+-------+---------+---------+
       Total:                         15094   26410     23096  
                                                               
    .\Math\fix\
       fix16_fast_trig_lut.o          252     2048      0      
       fix16.o                        680     0         0      
       fix16_sqrt.o                   292     0         0      
    +--+------------------------------+-------+---------+---------+
       Total:                         1224    2048      0      
                                                               
    .\Math\lib_fixmatrix\
       fixvector2d.o                  88      0         0      
    +--+------------------------------+-------+---------+---------+
       Total:                         88      0         0      
                                                               
    .\images\
       images.o                       0       76418     6080   
    +--+------------------------------+-------+---------+---------+
       Total:                         0       76418     6080   
                                                               
    .\ticlang\
       startup_mspm0g3507_ticlang.o   60      192       0      
    +--+------------------------------+-------+---------+---------+
       Total:                         60      192       0      
                                                               
    C:\ti\ccs2040\ccs\tools\compiler\ti-cgt-armllvm_4.0.4.LTS\lib\armv6m-ti-none-eabi/c/libc.a
       _printfi.c.obj                 658     17        0      
       copy_decompress_lzss.c.obj     124     0         0      
       sprintf.c.obj                  90      0         0      
       autoinit.c.obj                 60      0         0      
       rand.c.obj                     56      0         4      
       boot_cortex_m.c.obj            40      0         0      
       memccpy.c.obj                  34      0         0      
       copy_decompress_none.c.obj     18      0         0      
       memcpy16.S.obj                 18      0         0      
       copy_zero_init.c.obj           16      0         0      
       memset16.S.obj                 14      0         0      
       _lock.c.obj                    2       0         8      
       exit.c.obj                     6       0         0      
       pre_init.c.obj                 4       0         0      
    +--+------------------------------+-------+---------+---------+
       Total:                         1140    17        12     
                                                               
    C:\ti\ccs2040\ccs\tools\compiler\ti-cgt-armllvm_4.0.4.LTS\lib\armv6m-ti-none-eabi/c/libsysbm.a
       hostexit.c.obj                 4       0         0      
    +--+------------------------------+-------+---------+---------+
       Total:                         4       0         0      
                                                               
    C:\ti\ccs2040\ccs\tools\compiler\ti-cgt-armllvm_4.0.4.LTS\lib\armv6m-ti-none-eabi/libclang_rt.builtins.a
       aeabi_idivmod.S.obj            86      0         0      
       aeabi_uidivmod.S.obj           64      0         0      
       muldsi3.S.obj                  58      0         0      
       muldi3.S.obj                   36      0         0      
       aeabi_memset.S.obj             26      0         0      
       aeabi_memcpy.S.obj             8       0         0      
       aeabi_div0.c.obj               2       0         0      
    +--+------------------------------+-------+---------+---------+
       Total:                         280     0         0      
                                                               
       Heap:                          0       0         512    
       Stack:                         0       0         512    
       Linker Generated:              0       4126      0      
    +--+------------------------------+-------+---------+---------+
       Grand Total:                   17890   109211    30212  


LINKER GENERATED COPY TABLES

__TI_cinit_table @ 0001f088 records: 2, size/record: 8, table size: 16
	.data: load addr=0001e078, load size=00000ffa bytes, run addr=202058cc, run size=0000193b bytes, compression=lzss
	.bss: load addr=0001f080, load size=00000008 bytes, run addr=20200000, run size=000058c9 bytes, compression=zero_init


LINKER GENERATED HANDLER TABLE

__TI_handler_table @ 0001f074 records: 3, size/record: 4, table size: 12
	index: 0, handler: __TI_decompress_lzss
	index: 1, handler: __TI_decompress_none
	index: 2, handler: __TI_zero_init


GLOBAL SYMBOLS: SORTED ALPHABETICALLY BY Name 

address   name                                
-------   ----                                
0001de2d  ADC0_IRQHandler                     
0001de2d  ADC1_IRQHandler                     
0001de2d  AES_IRQHandler                      
0001de65  AMDAC4_AmmoOut                      
0001d7a1  AMDAC4_Init                         
0001cfd9  AMDAC4_Out                          
0001da71  ActivatePortA_B                     
202071cc  BusFreq                             
0001e066  C$$EXIT                             
0001de2d  CANFD0_IRQHandler                   
0001df8d  Clock_Delay                         
0001db51  Clock_Delay1ms                      
0001e015  Clock_Freq                          
0001b951  Clock_Init80MHz                     
0001de2d  DAC0_IRQHandler                     
0001d6ad  DAC6_Init                           
0001d9bd  DAC6_Out                            
0001de2d  DMA_IRQHandler                      
0001de2d  Default_Handler                     
0001df9d  Delay                               
0001de2d  GROUP0_IRQHandler                   
0001de2d  GROUP1_IRQHandler                   
0001bca9  GenerateFlowField                   
0001e067  HOSTexit                            
0001ddf1  HPDAC4_HPOut                        
0001d8bd  HPDAC4_Init                         
0001dc19  HPDAC4_Out                          
0001de49  HardFault_Handler                   
0001de2d  I2C0_IRQHandler                     
0001de2d  I2C1_IRQHandler                     
0001d445  JoystickLeft_Init                   
0001d51d  JoystickLeft_getX                   
0001d585  JoystickLeft_getY                   
0001d4b1  JoystickRight_Init                  
0001d5ed  JoystickRight_getX                  
0001e021  Language_Init                       
0001ddb1  Language_Switch                     
0001d1f1  LaunchPad_Init                      
0001de2d  NMI_Handler                         
0001e045  PLL_Init                            
0001de2d  PendSV_Handler                      
202058a8  Player                              
0001dc45  Player_Damaged                      
0001de7d  Player_Init                         
0001dfad  Player_Reload                       
0001be45  Player_Shoot                        
0001de2d  RTC_IRQHandler                      
00019a81  Raycast                             
0001e06b  Reset_Handler                       
0001de95  Reset_Zombies                       
0001de2d  SPI0_IRQHandler                     
0001de2d  SPI1_IRQHandler                     
0001c691  SPI_Init                            
0001d7e9  SPI_OutCommand                      
0001daa9  SPI_OutData                         
0001d8fd  SPI_Reset                           
0001b391  ST7735_DrawBitmap                   
0001c489  ST7735_DrawBitmapTransparent        
0001bb05  ST7735_DrawCharS                    
0001c11d  ST7735_DrawCharToBuffer             
0001ccb1  ST7735_DrawFastHLine                
0001d365  ST7735_DrawPixel                    
0001cbf9  ST7735_DrawPixelToBuffer            
0001d26d  ST7735_DrawStringToBuffer           
0001d0e9  ST7735_DrawStringTransparent        
0001bfb9  ST7735_DrawTransparentBitmapOnBuffer
0001c371  ST7735_FillRect                     
0001dc71  ST7735_FillScreen                   
0001cead  ST7735_InitR                        
0001ca59  ST7735_OutCharTransparent           
0001dd41  ST7735_OutStringTransparent         
0001db85  ST7735_SetCursor                    
0001c881  ST7735_SetRotation                  
0001de2d  SVC_Handler                         
0001dedd  Sound_Chamber                       
0001def1  Sound_Damaged                       
0001dcc9  Sound_Init                          
0001df05  Sound_Reload                        
0001df19  Sound_Shoot                         
0001d701  Sound_Start                         
0001df2d  Sound_Zombie                        
0001c58d  Spawn_Zombie                        
202071fc  StTextColor                         
202071d0  StX                                 
202071d4  StY                                 
0001dcf1  Switch_Init                         
0001df41  Switch_Language                     
0001df55  Switch_Shoot                        
0001d751  SysTick_Handler                     
0001d879  SysTick_IntArm                      
202058b0  TExaSLogic                          
202058b4  TExaSadc                            
0001de2d  TIMA0_IRQHandler                    
0001de2d  TIMA1_IRQHandler                    
0001de2d  TIMG0_IRQHandler                    
0001acc5  TIMG12_IRQHandler                   
0001de2d  TIMG6_IRQHandler                    
0001d93d  TIMG7_IRQHandler                    
0001cb29  TIMG8_IRQHandler                    
0001df69  TI_memcpy_small                     
0001e005  TI_memset_small                     
0001cf45  TimerG12_IntArm                     
0001cd61  TimerG8_IntArm                      
0001de2d  UART0_IRQHandler                    
0001de2d  UART1_IRQHandler                    
0001de2d  UART2_IRQHandler                    
0001de2d  UART3_IRQHandler                    
0001d16d  Zombie_Damaged                      
20208000  __STACK_END                         
00000200  __STACK_SIZE                        
00000200  __SYSMEM_SIZE                       
00000000  __TI_ATRegion0_region_sz            
00000000  __TI_ATRegion0_src_addr             
00000000  __TI_ATRegion0_trg_addr             
00000000  __TI_ATRegion1_region_sz            
00000000  __TI_ATRegion1_src_addr             
00000000  __TI_ATRegion1_trg_addr             
00000000  __TI_ATRegion2_region_sz            
00000000  __TI_ATRegion2_src_addr             
00000000  __TI_ATRegion2_trg_addr             
0001f088  __TI_CINIT_Base                     
0001f098  __TI_CINIT_Limit                    
0001f098  __TI_CINIT_Warm                     
0001f074  __TI_Handler_Table_Base             
0001f080  __TI_Handler_Table_Limit            
0001d9f9  __TI_auto_init_nobinit_nopinit      
0001d2e9  __TI_decompress_lzss                
0001df7b  __TI_decompress_none                
ffffffff  __TI_pprof_out_hndl                 
0001b10d  __TI_printfi_minimal                
ffffffff  __TI_prof_data_size                 
ffffffff  __TI_prof_data_start                
00000000  __TI_static_base__                  
0001dfbd  __TI_zero_init                      
0001d655  __aeabi_idiv                        
0001ceab  __aeabi_idiv0                       
0001d655  __aeabi_idivmod                     
0001dd69  __aeabi_lmul                        
0001e02d  __aeabi_memclr                      
0001e02d  __aeabi_memclr4                     
0001e02d  __aeabi_memclr8                     
0001e059  __aeabi_memcpy                      
0001e059  __aeabi_memcpy4                     
0001e059  __aeabi_memcpy8                     
0001dfcd  __aeabi_memset                      
0001dfcd  __aeabi_memset4                     
0001dfcd  __aeabi_memset8                     
0001d97d  __aeabi_uidiv                       
0001d97d  __aeabi_uidivmod                    
ffffffff  __binit__                           
UNDEFED   __mpu_init                          
0001dd69  __muldi3                            
0001da35  __muldsi3                           
20207e00  __stack                             
20200000  __start___llvm_prf_bits             
20200000  __start___llvm_prf_cnts             
20200000  __stop___llvm_prf_bits              
20200000  __stop___llvm_prf_cnts              
0001dd19  _c_int00_noargs                     
202071d8  _lock                               
0001d443  _nop                                
20207208  _sys_memory                         
UNDEFED   _system_post_cinit                  
0001e06f  _system_pre_init                    
202071dc  _unlock                             
0001e061  abort                               
ffffffff  binit                               
00011ebb  chamber                             
00019900  crosshair                           
000198ff  crosshairHeight                     
00019a7c  crosshairWidth                      
202058c6  currentLanguage                     
0001805e  damaged                             
202071e0  difficultyRate                      
202071ac  dir                                 
20200000  displayBuffer                       
0001d831  fix16_add                           
0001b5a1  fix16_div                           
0001dec5  fix16_fast_cos                      
0001c975  fix16_fast_sin                      
0001d3d5  fix16_mul                           
0001c24d  fix16_sqrt                          
20205480  flowField                           
20207202  frame                               
20207203  gunRaysShot                         
20207204  gunReload                           
20207205  gunShot                             
00000000  interruptVectors                    
0001b795  main                                
00019a74  mapHeight                           
00019a78  mapWidth                            
0001dd8d  memccpy                             
20207174  myLanguages                         
202071b4  plane                               
202071bc  pos                                 
202071e8  prevPlayerGridX                     
202071ec  prevPlayerGridY                     
20207206  prevSwitchLang                      
0001dae1  rand                                
000176b4  reload                              
0000dfd0  reload1                             
0000bc30  reload2                             
00006aa0  reload3                             
202058b8  score                               
20205890  scoreBuffer                         
00016574  shootGun                            
202071f0  shotgun                             
202071c4  shotgunNeutral                      
000152b4  shotgunNormal                       
2020708c  shotgunReload                       
20207134  shotgunShoot                        
00013acc  shotgunShoot2                       
00003bc0  shotgunShoot3                       
000093e0  shotgunShoot4                       
0001c789  sortSprites                         
202058c7  soundCalled                         
202058bc  soundIdx                            
202058a0  soundToPlay                         
202071f4  spawnCoefficient                    
0001db19  sprintf                             
20205810  spriteDistance                      
20205850  spriteOrder                         
0001dbe9  v2d_add                             
0001dc9d  v2d_mul_s                           
000196bf  worldMap                            
20206628  youDiedEnglish                      
202058cc  youDiedSpanish                      
00010050  zombie                              
000000c0  zombie1                             
202058c8  zombieCalled                        
202071f8  zombieCount                         
202058c0  zombieIdx                           
202056c0  zombies                             


GLOBAL SYMBOLS: SORTED BY Symbol Address 

address   name                                
-------   ----                                
00000000  __TI_ATRegion0_region_sz            
00000000  __TI_ATRegion0_src_addr             
00000000  __TI_ATRegion0_trg_addr             
00000000  __TI_ATRegion1_region_sz            
00000000  __TI_ATRegion1_src_addr             
00000000  __TI_ATRegion1_trg_addr             
00000000  __TI_ATRegion2_region_sz            
00000000  __TI_ATRegion2_src_addr             
00000000  __TI_ATRegion2_trg_addr             
00000000  __TI_static_base__                  
00000000  interruptVectors                    
000000c0  zombie1                             
00000200  __STACK_SIZE                        
00000200  __SYSMEM_SIZE                       
00003bc0  shotgunShoot3                       
00006aa0  reload3                             
000093e0  shotgunShoot4                       
0000bc30  reload2                             
0000dfd0  reload1                             
00010050  zombie                              
00011ebb  chamber                             
00013acc  shotgunShoot2                       
000152b4  shotgunNormal                       
00016574  shootGun                            
000176b4  reload                              
0001805e  damaged                             
000196bf  worldMap                            
000198ff  crosshairHeight                     
00019900  crosshair                           
00019a74  mapHeight                           
00019a78  mapWidth                            
00019a7c  crosshairWidth                      
00019a81  Raycast                             
0001acc5  TIMG12_IRQHandler                   
0001b10d  __TI_printfi_minimal                
0001b391  ST7735_DrawBitmap                   
0001b5a1  fix16_div                           
0001b795  main                                
0001b951  Clock_Init80MHz                     
0001bb05  ST7735_DrawCharS                    
0001bca9  GenerateFlowField                   
0001be45  Player_Shoot                        
0001bfb9  ST7735_DrawTransparentBitmapOnBuffer
0001c11d  ST7735_DrawCharToBuffer             
0001c24d  fix16_sqrt                          
0001c371  ST7735_FillRect                     
0001c489  ST7735_DrawBitmapTransparent        
0001c58d  Spawn_Zombie                        
0001c691  SPI_Init                            
0001c789  sortSprites                         
0001c881  ST7735_SetRotation                  
0001c975  fix16_fast_sin                      
0001ca59  ST7735_OutCharTransparent           
0001cb29  TIMG8_IRQHandler                    
0001cbf9  ST7735_DrawPixelToBuffer            
0001ccb1  ST7735_DrawFastHLine                
0001cd61  TimerG8_IntArm                      
0001ceab  __aeabi_idiv0                       
0001cead  ST7735_InitR                        
0001cf45  TimerG12_IntArm                     
0001cfd9  AMDAC4_Out                          
0001d0e9  ST7735_DrawStringTransparent        
0001d16d  Zombie_Damaged                      
0001d1f1  LaunchPad_Init                      
0001d26d  ST7735_DrawStringToBuffer           
0001d2e9  __TI_decompress_lzss                
0001d365  ST7735_DrawPixel                    
0001d3d5  fix16_mul                           
0001d443  _nop                                
0001d445  JoystickLeft_Init                   
0001d4b1  JoystickRight_Init                  
0001d51d  JoystickLeft_getX                   
0001d585  JoystickLeft_getY                   
0001d5ed  JoystickRight_getX                  
0001d655  __aeabi_idiv                        
0001d655  __aeabi_idivmod                     
0001d6ad  DAC6_Init                           
0001d701  Sound_Start                         
0001d751  SysTick_Handler                     
0001d7a1  AMDAC4_Init                         
0001d7e9  SPI_OutCommand                      
0001d831  fix16_add                           
0001d879  SysTick_IntArm                      
0001d8bd  HPDAC4_Init                         
0001d8fd  SPI_Reset                           
0001d93d  TIMG7_IRQHandler                    
0001d97d  __aeabi_uidiv                       
0001d97d  __aeabi_uidivmod                    
0001d9bd  DAC6_Out                            
0001d9f9  __TI_auto_init_nobinit_nopinit      
0001da35  __muldsi3                           
0001da71  ActivatePortA_B                     
0001daa9  SPI_OutData                         
0001dae1  rand                                
0001db19  sprintf                             
0001db51  Clock_Delay1ms                      
0001db85  ST7735_SetCursor                    
0001dbe9  v2d_add                             
0001dc19  HPDAC4_Out                          
0001dc45  Player_Damaged                      
0001dc71  ST7735_FillScreen                   
0001dc9d  v2d_mul_s                           
0001dcc9  Sound_Init                          
0001dcf1  Switch_Init                         
0001dd19  _c_int00_noargs                     
0001dd41  ST7735_OutStringTransparent         
0001dd69  __aeabi_lmul                        
0001dd69  __muldi3                            
0001dd8d  memccpy                             
0001ddb1  Language_Switch                     
0001ddf1  HPDAC4_HPOut                        
0001de2d  ADC0_IRQHandler                     
0001de2d  ADC1_IRQHandler                     
0001de2d  AES_IRQHandler                      
0001de2d  CANFD0_IRQHandler                   
0001de2d  DAC0_IRQHandler                     
0001de2d  DMA_IRQHandler                      
0001de2d  Default_Handler                     
0001de2d  GROUP0_IRQHandler                   
0001de2d  GROUP1_IRQHandler                   
0001de2d  I2C0_IRQHandler                     
0001de2d  I2C1_IRQHandler                     
0001de2d  NMI_Handler                         
0001de2d  PendSV_Handler                      
0001de2d  RTC_IRQHandler                      
0001de2d  SPI0_IRQHandler                     
0001de2d  SPI1_IRQHandler                     
0001de2d  SVC_Handler                         
0001de2d  TIMA0_IRQHandler                    
0001de2d  TIMA1_IRQHandler                    
0001de2d  TIMG0_IRQHandler                    
0001de2d  TIMG6_IRQHandler                    
0001de2d  UART0_IRQHandler                    
0001de2d  UART1_IRQHandler                    
0001de2d  UART2_IRQHandler                    
0001de2d  UART3_IRQHandler                    
0001de49  HardFault_Handler                   
0001de65  AMDAC4_AmmoOut                      
0001de7d  Player_Init                         
0001de95  Reset_Zombies                       
0001dec5  fix16_fast_cos                      
0001dedd  Sound_Chamber                       
0001def1  Sound_Damaged                       
0001df05  Sound_Reload                        
0001df19  Sound_Shoot                         
0001df2d  Sound_Zombie                        
0001df41  Switch_Language                     
0001df55  Switch_Shoot                        
0001df69  TI_memcpy_small                     
0001df7b  __TI_decompress_none                
0001df8d  Clock_Delay                         
0001df9d  Delay                               
0001dfad  Player_Reload                       
0001dfbd  __TI_zero_init                      
0001dfcd  __aeabi_memset                      
0001dfcd  __aeabi_memset4                     
0001dfcd  __aeabi_memset8                     
0001e005  TI_memset_small                     
0001e015  Clock_Freq                          
0001e021  Language_Init                       
0001e02d  __aeabi_memclr                      
0001e02d  __aeabi_memclr4                     
0001e02d  __aeabi_memclr8                     
0001e045  PLL_Init                            
0001e059  __aeabi_memcpy                      
0001e059  __aeabi_memcpy4                     
0001e059  __aeabi_memcpy8                     
0001e061  abort                               
0001e066  C$$EXIT                             
0001e067  HOSTexit                            
0001e06b  Reset_Handler                       
0001e06f  _system_pre_init                    
0001f074  __TI_Handler_Table_Base             
0001f080  __TI_Handler_Table_Limit            
0001f088  __TI_CINIT_Base                     
0001f098  __TI_CINIT_Limit                    
0001f098  __TI_CINIT_Warm                     
20200000  __start___llvm_prf_bits             
20200000  __start___llvm_prf_cnts             
20200000  __stop___llvm_prf_bits              
20200000  __stop___llvm_prf_cnts              
20200000  displayBuffer                       
20205480  flowField                           
202056c0  zombies                             
20205810  spriteDistance                      
20205850  spriteOrder                         
20205890  scoreBuffer                         
202058a0  soundToPlay                         
202058a8  Player                              
202058b0  TExaSLogic                          
202058b4  TExaSadc                            
202058b8  score                               
202058bc  soundIdx                            
202058c0  zombieIdx                           
202058c6  currentLanguage                     
202058c7  soundCalled                         
202058c8  zombieCalled                        
202058cc  youDiedSpanish                      
20206628  youDiedEnglish                      
2020708c  shotgunReload                       
20207134  shotgunShoot                        
20207174  myLanguages                         
202071ac  dir                                 
202071b4  plane                               
202071bc  pos                                 
202071c4  shotgunNeutral                      
202071cc  BusFreq                             
202071d0  StX                                 
202071d4  StY                                 
202071d8  _lock                               
202071dc  _unlock                             
202071e0  difficultyRate                      
202071e8  prevPlayerGridX                     
202071ec  prevPlayerGridY                     
202071f0  shotgun                             
202071f4  spawnCoefficient                    
202071f8  zombieCount                         
202071fc  StTextColor                         
20207202  frame                               
20207203  gunRaysShot                         
20207204  gunReload                           
20207205  gunShot                             
20207206  prevSwitchLang                      
20207208  _sys_memory                         
20207e00  __stack                             
20208000  __STACK_END                         
ffffffff  __TI_pprof_out_hndl                 
ffffffff  __TI_prof_data_size                 
ffffffff  __TI_prof_data_start                
ffffffff  __binit__                           
ffffffff  binit                               
UNDEFED   __mpu_init                          
UNDEFED   _system_post_cinit                  

[233 symbols]
