******************************************************************************
            TI ARM Clang Linker PC v4.0.4                      
******************************************************************************
>> Linked Fri Apr 17 01:46:02 2026

OUTPUT FILE NAME:   <ECE319K_Lab9.out>
ENTRY POINT SYMBOL: "_c_int00_noargs"  address: 0000b085


MEMORY CONFIGURATION

         name            origin    length      used     unused   attr    fill
----------------------  --------  ---------  --------  --------  ----  --------
  FLASH                 00000000   00020000  0000b220  00014de0  R  X
  SRAM                  20200000   00008000  0000042f  00007bd1  RW X
  BCR_CONFIG            41c00000   00000080  00000000  00000080  R   
  BSL_CONFIG            41c00100   00000080  00000000  00000080  R   


SEGMENT ALLOCATION MAP

run origin  load origin   length   init length attrs members
----------  ----------- ---------- ----------- ----- -------
00000000    00000000    0000b220   0000b220    r-x
  00000000    00000000    000000c0   000000c0    r-- .intvecs
  000000c0    000000c0    00009770   00009770    r-- .rodata
  00009830    00009830    000019b8   000019b8    r-x .text
  0000b1e8    0000b1e8    00000038   00000038    r-- .cinit
20200000    20200000    00000232   00000000    rw-
  20200000    20200000    00000200   00000000    rw- .sysmem
  20200200    20200200    0000001d   00000000    rw- .bss
  20200220    20200220    00000012   00000000    rw- .data
20207e00    20207e00    00000200   00000000    rw-
  20207e00    20207e00    00000200   00000000    rw- .stack


SECTION ALLOCATION MAP

 output                                  attributes/
section   page    origin      length       input sections
--------  ----  ----------  ----------   ----------------
.intvecs   0    00000000    000000c0     
                  00000000    000000c0     startup_mspm0g3507_ticlang.o (.intvecs)

.text      0    00009830    000019b8     
                  00009830    00000624     Lab9Main.o (.text.main)
                  00009e54    000001f4     fix16.o (.text.fix16_div)
                  0000a048    000001b4     Clock.o (.text.Clock_Init80MHz)
                  0000a1fc    00000118     ST7735.o (.text.ST7735_FillRect)
                  0000a314    000000f8     SPI.o (.text.SPI_Init)
                  0000a40c    000000f4     ST7735.o (.text.ST7735_SetRotation)
                  0000a500    000000e4     fix16_fast_trig_lut.o (.text.fix16_fast_sin)
                  0000a5e4    000000b0     ST7735.o (.text.ST7735_DrawFastVLine)
                  0000a694    000000a2     ST7735.o (.text.commandList)
                  0000a736    00000002     libclang_rt.builtins.a : aeabi_div0.c.obj (.text.__aeabi_idiv0)
                  0000a738    000000a0     Sound.o (.text.SysTick_Handler)
                  0000a7d8    00000098     ST7735.o (.text.ST7735_InitR)
                  0000a870    00000088     ST7735.o (.text.setAddrWindow)
                  0000a8f8    0000007c     LaunchPad.o (.text.LaunchPad_Init)
                  0000a974    0000007c     libc.a : copy_decompress_lzss.c.obj (.text:decompress:lzss)
                  0000a9f0    0000006e     fix16.o (.text.fix16_mul)
                  0000aa5e    00000002     --HOLE-- [fill = 0]
                  0000aa60    0000006c     JoystickLeft.o (.text.JoystickLeft_Init)
                  0000aacc    0000006c     JoystickRight.o (.text.JoystickRight_Init)
                  0000ab38    00000068     JoystickLeft.o (.text.JoystickLeft_getX)
                  0000aba0    00000068     JoystickLeft.o (.text.JoystickLeft_getY)
                  0000ac08    00000068     JoystickRight.o (.text.JoystickRight_getX)
                  0000ac70    00000056     libclang_rt.builtins.a : aeabi_idivmod.S.obj (.text.__aeabi_idivmod)
                  0000acc6    00000002     --HOLE-- [fill = 0]
                  0000acc8    00000048     SPI.o (.text.SPI_OutCommand)
                  0000ad10    00000046     fix16.o (.text.fix16_add)
                  0000ad56    00000002     --HOLE-- [fill = 0]
                  0000ad58    00000040     SPI.o (.text.SPI_Reset)
                  0000ad98    00000040     TExaS.o (.text.TIMG7_IRQHandler)
                  0000add8    00000040     libclang_rt.builtins.a : aeabi_uidivmod.S.obj (.text.__aeabi_uidivmod)
                  0000ae18    0000003c     DAC6.o (.text.DAC6_Out)
                  0000ae54    0000003c     libc.a : autoinit.c.obj (.text:__TI_auto_init_nobinit_nopinit)
                  0000ae90    0000003a     libclang_rt.builtins.a : muldsi3.S.obj (.text.__muldsi3)
                  0000aeca    00000002     --HOLE-- [fill = 0]
                  0000aecc    00000038     LaunchPad.o (.text.ActivatePortA_B)
                  0000af04    00000038     SPI.o (.text.SPI_OutData)
                  0000af3c    00000034     Clock.o (.text.Clock_Delay1ms)
                  0000af70    00000034     ST7735.o (.text.ST7735_SetCursor)
                  0000afa4    00000030     ST7735.o (.text.commonInit)
                  0000afd4    0000002e     fixvector2d.o (.text.v2d_add)
                  0000b002    00000002     --HOLE-- [fill = 0]
                  0000b004    0000002c     ST7735.o (.text.ST7735_FillScreen)
                  0000b030    0000002a     fixvector2d.o (.text.v2d_mul_s)
                  0000b05a    00000002     --HOLE-- [fill = 0]
                  0000b05c    00000028     Lab9Main.o (.text.TIMG12_IRQHandler)
                  0000b084    00000028     libc.a : boot_cortex_m.c.obj (.text:_c_int00_noargs)
                  0000b0ac    00000024     libclang_rt.builtins.a : muldi3.S.obj (.text.__muldi3)
                  0000b0d0    00000020     Lab9Main.o (.text.fix16_abs)
                  0000b0f0    0000001c     startup_mspm0g3507_ticlang.o (.text.Default_Handler)
                  0000b10c    0000001c     startup_mspm0g3507_ticlang.o (.text.HardFault_Handler)
                  0000b128    00000018     fix16_fast_trig_lut.o (.text.fix16_fast_cos)
                  0000b140    00000016     libc.a : copy_zero_init.c.obj (.text:decompress:ZI:__TI_zero_init_nomemset)
                  0000b156    00000012            : memcpy16.S.obj (.text:TI_memcpy_small)
                  0000b168    00000012            : copy_decompress_none.c.obj (.text:decompress:none)
                  0000b17a    00000010     Clock.o (.text.Clock_Delay)
                  0000b18a    00000010     LaunchPad.o (.text.Delay)
                  0000b19a    0000000e     Lab9Main.o (.text.fix16_to_int)
                  0000b1a8    0000000c     Clock.o (.text.Clock_Freq)
                  0000b1b4    0000000c     Lab9Main.o (.text.fix16_from_int)
                  0000b1c0    0000000a     Lab9Main.o (.text.PLL_Init)
                  0000b1ca    00000002     --HOLE-- [fill = 0]
                  0000b1cc    00000008     libclang_rt.builtins.a : aeabi_memcpy.S.obj (.text.__aeabi_memcpy)
                  0000b1d4    00000006     libc.a : exit.c.obj (.text:abort)
                  0000b1da    00000004     libsysbm.a : hostexit.c.obj (.text.HOSTexit)
                  0000b1de    00000004     startup_mspm0g3507_ticlang.o (.text.Reset_Handler)
                  0000b1e2    00000004     libc.a : pre_init.c.obj (.text._system_pre_init)
                  0000b1e6    00000002     --HOLE-- [fill = 0]

.cinit     0    0000b1e8    00000038     
                  0000b1e8    00000012     (.cinit..data.load) [load image, compression = lzss]
                  0000b1fa    00000002     --HOLE-- [fill = 0]
                  0000b1fc    0000000c     (__TI_handler_table)
                  0000b208    00000008     (.cinit..bss.load) [load image, compression = zero_init]
                  0000b210    00000010     (__TI_cinit_table)

.rodata    0    000000c0    00009770     
                  000000c0    00008cb0     Sound.o (.rodata.background_music)
                  00008d70    00000800     fix16_fast_trig_lut.o (.rodata.fastSineLookupTable)
                  00009570    00000240     Lab9Main.o (.rodata.worldMap)
                  000097b0    0000003b     ST7735.o (.rodata.Rcmd1)
                  000097eb    0000002b     ST7735.o (.rodata.Rcmd3)
                  00009816    0000000d     ST7735.o (.rodata.Rcmd2green)
                  00009823    0000000d     ST7735.o (.rodata.Rcmd2red)

.init_array 
*          0    00000000    00000000     UNINITIALIZED

.binit     0    00000000    00000000     

.sysmem    0    20200000    00000200     UNINITIALIZED
                  20200000    00000010     libc.a : memory.c.obj (.sysmem)
                  20200010    000001f0     --HOLE--

.bss       0    20200200    0000001d     UNINITIALIZED
                  20200200    00000008     (.common:soundToPlay)
                  20200208    00000004     (.common:TExaSLogic)
                  2020020c    00000004     (.common:TExaSadc)
                  20200210    00000004     (.common:backgroundIdx)
                  20200214    00000004     (.common:soundIdx)
                  20200218    00000001     ST7735.o (.bss.ColStart)
                  20200219    00000001     ST7735.o (.bss.Rotation)
                  2020021a    00000001     ST7735.o (.bss.RowStart)
                  2020021b    00000001     ST7735.o (.bss.TabColor)
                  2020021c    00000001     (.common:soundCalled)

.data      0    20200220    00000012     UNINITIALIZED
                  20200220    00000004     Clock.o (.data.BusFreq)
                  20200224    00000004     ST7735.o (.data.StX)
                  20200228    00000004     ST7735.o (.data.StY)
                  2020022c    00000002     ST7735.o (.data.StTextColor)
                  2020022e    00000002     ST7735.o (.data._height)
                  20200230    00000002     ST7735.o (.data._width)

.stack     0    20207e00    00000200     UNINITIALIZED
                  20207e00    00000004     libc.a : boot_cortex_m.c.obj (.stack)
                  20207e04    000001fc     --HOLE--

__llvm_prf_cnts 
*          0    20200000    00000000     UNINITIALIZED

__llvm_prf_bits 
*          0    20200000    00000000     UNINITIALIZED

MODULE SUMMARY

       Module                         code   ro data   rw data
       ------                         ----   -------   -------
    .\
       Sound.o                        160    36016     17     
       Lab9Main.o                     1680   576       0      
       ST7735.o                       1294   128       18     
       Clock.o                        516    0         4      
       SPI.o                          440    0         0      
       JoystickLeft.o                 316    0         0      
       JoystickRight.o                212    0         0      
       LaunchPad.o                    196    0         0      
       TExaS.o                        64     0         8      
       DAC6.o                         60     0         0      
    +--+------------------------------+------+---------+---------+
       Total:                         4938   36720     47     
                                                              
    .\Math\fix\
       fix16_fast_trig_lut.o          252    2048      0      
       fix16.o                        680    0         0      
    +--+------------------------------+------+---------+---------+
       Total:                         932    2048      0      
                                                              
    .\Math\lib_fixmatrix\
       fixvector2d.o                  88     0         0      
    +--+------------------------------+------+---------+---------+
       Total:                         88     0         0      
                                                              
    .\ticlang\
       startup_mspm0g3507_ticlang.o   60     192       0      
    +--+------------------------------+------+---------+---------+
       Total:                         60     192       0      
                                                              
    C:\ti\ccs2040\ccs\tools\compiler\ti-cgt-armllvm_4.0.4.LTS\lib\armv6m-ti-none-eabi/c/libc.a
       copy_decompress_lzss.c.obj     124    0         0      
       autoinit.c.obj                 60     0         0      
       boot_cortex_m.c.obj            40     0         0      
       copy_zero_init.c.obj           22     0         0      
       copy_decompress_none.c.obj     18     0         0      
       memcpy16.S.obj                 18     0         0      
       exit.c.obj                     6      0         0      
       pre_init.c.obj                 4      0         0      
    +--+------------------------------+------+---------+---------+
       Total:                         292    0         0      
                                                              
    C:\ti\ccs2040\ccs\tools\compiler\ti-cgt-armllvm_4.0.4.LTS\lib\armv6m-ti-none-eabi/c/libsysbm.a
       hostexit.c.obj                 4      0         0      
    +--+------------------------------+------+---------+---------+
       Total:                         4      0         0      
                                                              
    C:\ti\ccs2040\ccs\tools\compiler\ti-cgt-armllvm_4.0.4.LTS\lib\armv6m-ti-none-eabi/libclang_rt.builtins.a
       aeabi_idivmod.S.obj            86     0         0      
       aeabi_uidivmod.S.obj           64     0         0      
       muldsi3.S.obj                  58     0         0      
       muldi3.S.obj                   36     0         0      
       aeabi_memcpy.S.obj             8      0         0      
       aeabi_div0.c.obj               2      0         0      
    +--+------------------------------+------+---------+---------+
       Total:                         254    0         0      
                                                              
       Heap:                          0      0         512    
       Stack:                         0      0         512    
       Linker Generated:              0      54        0      
    +--+------------------------------+------+---------+---------+
       Grand Total:                   6568   39014     1071   


LINKER GENERATED COPY TABLES

__TI_cinit_table @ 0000b210 records: 2, size/record: 8, table size: 16
	.data: load addr=0000b1e8, load size=00000012 bytes, run addr=20200220, run size=00000012 bytes, compression=lzss
	.bss: load addr=0000b208, load size=00000008 bytes, run addr=20200200, run size=0000001d bytes, compression=zero_init


LINKER GENERATED HANDLER TABLE

__TI_handler_table @ 0000b1fc records: 3, size/record: 4, table size: 12
	index: 0, handler: __TI_decompress_lzss
	index: 1, handler: __TI_decompress_none
	index: 2, handler: __TI_zero_init


GLOBAL SYMBOLS: SORTED ALPHABETICALLY BY Name 

address   name                          
-------   ----                          
0000b0f1  ADC0_IRQHandler               
0000b0f1  ADC1_IRQHandler               
0000b0f1  AES_IRQHandler                
0000aecd  ActivatePortA_B               
20200220  BusFreq                       
0000b1da  C$$EXIT                       
0000b0f1  CANFD0_IRQHandler             
0000b17b  Clock_Delay                   
0000af3d  Clock_Delay1ms                
0000b1a9  Clock_Freq                    
0000a049  Clock_Init80MHz               
0000b0f1  DAC0_IRQHandler               
0000ae19  DAC6_Out                      
0000b0f1  DMA_IRQHandler                
0000b0f1  Default_Handler               
0000b18b  Delay                         
0000b0f1  GROUP0_IRQHandler             
0000b0f1  GROUP1_IRQHandler             
0000b1db  HOSTexit                      
0000b10d  HardFault_Handler             
0000b0f1  I2C0_IRQHandler               
0000b0f1  I2C1_IRQHandler               
0000aa61  JoystickLeft_Init             
0000ab39  JoystickLeft_getX             
0000aba1  JoystickLeft_getY             
0000aacd  JoystickRight_Init            
0000ac09  JoystickRight_getX            
0000a8f9  LaunchPad_Init                
0000b0f1  NMI_Handler                   
0000b1c1  PLL_Init                      
0000b0f1  PendSV_Handler                
0000b0f1  RTC_IRQHandler                
0000b1df  Reset_Handler                 
0000b0f1  SPI0_IRQHandler               
0000b0f1  SPI1_IRQHandler               
0000a315  SPI_Init                      
0000acc9  SPI_OutCommand                
0000af05  SPI_OutData                   
0000ad59  SPI_Reset                     
0000a5e5  ST7735_DrawFastVLine          
0000a1fd  ST7735_FillRect               
0000b005  ST7735_FillScreen             
0000a7d9  ST7735_InitR                  
0000af71  ST7735_SetCursor              
0000a40d  ST7735_SetRotation            
0000b0f1  SVC_Handler                   
2020022c  StTextColor                   
20200224  StX                           
20200228  StY                           
0000a739  SysTick_Handler               
20200208  TExaSLogic                    
2020020c  TExaSadc                      
0000b0f1  TIMA0_IRQHandler              
0000b0f1  TIMA1_IRQHandler              
0000b0f1  TIMG0_IRQHandler              
0000b05d  TIMG12_IRQHandler             
0000b0f1  TIMG6_IRQHandler              
0000ad99  TIMG7_IRQHandler              
0000b0f1  TIMG8_IRQHandler              
0000b157  TI_memcpy_small               
0000b0f1  UART0_IRQHandler              
0000b0f1  UART1_IRQHandler              
0000b0f1  UART2_IRQHandler              
0000b0f1  UART3_IRQHandler              
20208000  __STACK_END                   
00000200  __STACK_SIZE                  
00000200  __SYSMEM_SIZE                 
00000000  __TI_ATRegion0_region_sz      
00000000  __TI_ATRegion0_src_addr       
00000000  __TI_ATRegion0_trg_addr       
00000000  __TI_ATRegion1_region_sz      
00000000  __TI_ATRegion1_src_addr       
00000000  __TI_ATRegion1_trg_addr       
00000000  __TI_ATRegion2_region_sz      
00000000  __TI_ATRegion2_src_addr       
00000000  __TI_ATRegion2_trg_addr       
0000b210  __TI_CINIT_Base               
0000b220  __TI_CINIT_Limit              
0000b220  __TI_CINIT_Warm               
0000b1fc  __TI_Handler_Table_Base       
0000b208  __TI_Handler_Table_Limit      
0000ae55  __TI_auto_init_nobinit_nopinit
0000a975  __TI_decompress_lzss          
0000b169  __TI_decompress_none          
ffffffff  __TI_pprof_out_hndl           
ffffffff  __TI_prof_data_size           
ffffffff  __TI_prof_data_start          
00000000  __TI_static_base__            
0000b141  __TI_zero_init_nomemset       
0000ac71  __aeabi_idiv                  
0000a737  __aeabi_idiv0                 
0000ac71  __aeabi_idivmod               
0000b0ad  __aeabi_lmul                  
0000b1cd  __aeabi_memcpy                
0000b1cd  __aeabi_memcpy4               
0000b1cd  __aeabi_memcpy8               
0000add9  __aeabi_uidiv                 
0000add9  __aeabi_uidivmod              
ffffffff  __binit__                     
UNDEFED   __mpu_init                    
0000b0ad  __muldi3                      
0000ae91  __muldsi3                     
20207e00  __stack                       
20200000  __start___llvm_prf_bits       
20200000  __start___llvm_prf_cnts       
20200000  __stop___llvm_prf_bits        
20200000  __stop___llvm_prf_cnts        
0000b085  _c_int00_noargs               
20200000  _sys_memory                   
UNDEFED   _system_post_cinit            
0000b1e3  _system_pre_init              
0000b1d5  abort                         
20200210  backgroundIdx                 
000000c0  background_music              
ffffffff  binit                         
0000ad11  fix16_add                     
00009e55  fix16_div                     
0000b129  fix16_fast_cos                
0000a501  fix16_fast_sin                
0000a9f1  fix16_mul                     
00000000  interruptVectors              
00009831  main                          
2020021c  soundCalled                   
20200214  soundIdx                      
20200200  soundToPlay                   
0000afd5  v2d_add                       
0000b031  v2d_mul_s                     
00009570  worldMap                      


GLOBAL SYMBOLS: SORTED BY Symbol Address 

address   name                          
-------   ----                          
00000000  __TI_ATRegion0_region_sz      
00000000  __TI_ATRegion0_src_addr       
00000000  __TI_ATRegion0_trg_addr       
00000000  __TI_ATRegion1_region_sz      
00000000  __TI_ATRegion1_src_addr       
00000000  __TI_ATRegion1_trg_addr       
00000000  __TI_ATRegion2_region_sz      
00000000  __TI_ATRegion2_src_addr       
00000000  __TI_ATRegion2_trg_addr       
00000000  __TI_static_base__            
00000000  interruptVectors              
000000c0  background_music              
00000200  __STACK_SIZE                  
00000200  __SYSMEM_SIZE                 
00009570  worldMap                      
00009831  main                          
00009e55  fix16_div                     
0000a049  Clock_Init80MHz               
0000a1fd  ST7735_FillRect               
0000a315  SPI_Init                      
0000a40d  ST7735_SetRotation            
0000a501  fix16_fast_sin                
0000a5e5  ST7735_DrawFastVLine          
0000a737  __aeabi_idiv0                 
0000a739  SysTick_Handler               
0000a7d9  ST7735_InitR                  
0000a8f9  LaunchPad_Init                
0000a975  __TI_decompress_lzss          
0000a9f1  fix16_mul                     
0000aa61  JoystickLeft_Init             
0000aacd  JoystickRight_Init            
0000ab39  JoystickLeft_getX             
0000aba1  JoystickLeft_getY             
0000ac09  JoystickRight_getX            
0000ac71  __aeabi_idiv                  
0000ac71  __aeabi_idivmod               
0000acc9  SPI_OutCommand                
0000ad11  fix16_add                     
0000ad59  SPI_Reset                     
0000ad99  TIMG7_IRQHandler              
0000add9  __aeabi_uidiv                 
0000add9  __aeabi_uidivmod              
0000ae19  DAC6_Out                      
0000ae55  __TI_auto_init_nobinit_nopinit
0000ae91  __muldsi3                     
0000aecd  ActivatePortA_B               
0000af05  SPI_OutData                   
0000af3d  Clock_Delay1ms                
0000af71  ST7735_SetCursor              
0000afd5  v2d_add                       
0000b005  ST7735_FillScreen             
0000b031  v2d_mul_s                     
0000b05d  TIMG12_IRQHandler             
0000b085  _c_int00_noargs               
0000b0ad  __aeabi_lmul                  
0000b0ad  __muldi3                      
0000b0f1  ADC0_IRQHandler               
0000b0f1  ADC1_IRQHandler               
0000b0f1  AES_IRQHandler                
0000b0f1  CANFD0_IRQHandler             
0000b0f1  DAC0_IRQHandler               
0000b0f1  DMA_IRQHandler                
0000b0f1  Default_Handler               
0000b0f1  GROUP0_IRQHandler             
0000b0f1  GROUP1_IRQHandler             
0000b0f1  I2C0_IRQHandler               
0000b0f1  I2C1_IRQHandler               
0000b0f1  NMI_Handler                   
0000b0f1  PendSV_Handler                
0000b0f1  RTC_IRQHandler                
0000b0f1  SPI0_IRQHandler               
0000b0f1  SPI1_IRQHandler               
0000b0f1  SVC_Handler                   
0000b0f1  TIMA0_IRQHandler              
0000b0f1  TIMA1_IRQHandler              
0000b0f1  TIMG0_IRQHandler              
0000b0f1  TIMG6_IRQHandler              
0000b0f1  TIMG8_IRQHandler              
0000b0f1  UART0_IRQHandler              
0000b0f1  UART1_IRQHandler              
0000b0f1  UART2_IRQHandler              
0000b0f1  UART3_IRQHandler              
0000b10d  HardFault_Handler             
0000b129  fix16_fast_cos                
0000b141  __TI_zero_init_nomemset       
0000b157  TI_memcpy_small               
0000b169  __TI_decompress_none          
0000b17b  Clock_Delay                   
0000b18b  Delay                         
0000b1a9  Clock_Freq                    
0000b1c1  PLL_Init                      
0000b1cd  __aeabi_memcpy                
0000b1cd  __aeabi_memcpy4               
0000b1cd  __aeabi_memcpy8               
0000b1d5  abort                         
0000b1da  C$$EXIT                       
0000b1db  HOSTexit                      
0000b1df  Reset_Handler                 
0000b1e3  _system_pre_init              
0000b1fc  __TI_Handler_Table_Base       
0000b208  __TI_Handler_Table_Limit      
0000b210  __TI_CINIT_Base               
0000b220  __TI_CINIT_Limit              
0000b220  __TI_CINIT_Warm               
20200000  __start___llvm_prf_bits       
20200000  __start___llvm_prf_cnts       
20200000  __stop___llvm_prf_bits        
20200000  __stop___llvm_prf_cnts        
20200000  _sys_memory                   
20200200  soundToPlay                   
20200208  TExaSLogic                    
2020020c  TExaSadc                      
20200210  backgroundIdx                 
20200214  soundIdx                      
2020021c  soundCalled                   
20200220  BusFreq                       
20200224  StX                           
20200228  StY                           
2020022c  StTextColor                   
20207e00  __stack                       
20208000  __STACK_END                   
ffffffff  __TI_pprof_out_hndl           
ffffffff  __TI_prof_data_size           
ffffffff  __TI_prof_data_start          
ffffffff  __binit__                     
ffffffff  binit                         
UNDEFED   __mpu_init                    
UNDEFED   _system_post_cinit            

[128 symbols]
