******************************************************************************
            TI ARM Clang Linker PC v4.0.4                      
******************************************************************************
>> Linked Sun Apr 26 00:03:58 2026

OUTPUT FILE NAME:   <ECE319K_Lab9.out>
ENTRY POINT SYMBOL: "_c_int00_noargs"  address: 0001ce65


MEMORY CONFIGURATION

         name            origin    length      used     unused   attr    fill
----------------------  --------  ---------  --------  --------  ----  --------
  FLASH                 00000000   00020000  0001e1d8  00001e28  R  X
  SRAM                  20200000   00008000  00006fac  00001054  RW X
  BCR_CONFIG            41c00000   00000080  00000000  00000080  R   
  BSL_CONFIG            41c00100   00000080  00000000  00000080  R   


SEGMENT ALLOCATION MAP

run origin  load origin   length   init length attrs members
----------  ----------- ---------- ----------- ----- -------
00000000    00000000    0001e1d8   0001e1d8    r-x
  00000000    00000000    000000c0   000000c0    r-- .intvecs
  000000c0    000000c0    00018e68   00018e68    r-- .rodata
  00018f28    00018f28    00004290   00004290    r-x .text
  0001d1b8    0001d1b8    00001020   00001020    r-- .cinit
20200000    20200000    00006db0   00000000    rw-
  20200000    20200000    00005279   00000000    rw- .bss
  2020527c    2020527c    00001933   00000000    rw- .data
  20206bb0    20206bb0    00000200   00000000    rw- .sysmem
20207e00    20207e00    00000200   00000000    rw-
  20207e00    20207e00    00000200   00000000    rw- .stack


SECTION ALLOCATION MAP

 output                                  attributes/
section   page    origin      length       input sections
--------  ----  ----------  ----------   ----------------
.intvecs   0    00000000    000000c0     
                  00000000    000000c0     startup_mspm0g3507_ticlang.o (.intvecs)

.text      0    00018f28    00004290     
                  00018f28    0000122c     render3D.o (.text.raycast)
                  0001a154    000002f8     Entities.o (.text.TIMG12_IRQHandler)
                  0001a44c    00000284     libc.a : _printfi.c.obj (.text:__TI_printfi_minimal)
                  0001a6d0    00000210     ST7735.o (.text.ST7735_DrawBitmap)
                  0001a8e0    000001f4     fix16.o (.text.fix16_div)
                  0001aad4    000001b8     Lab9Main.o (.text.main)
                  0001ac8c    000001b4     Clock.o (.text.Clock_Init80MHz)
                  0001ae40    000001a4     ST7735.o (.text.ST7735_DrawCharS)
                  0001afe4    00000174     Entities.o (.text.Player_Shoot)
                  0001b158    00000164     ST7735.o (.text.ST7735_DrawTransparentBitmapOnBuffer)
                  0001b2bc    00000130     ST7735.o (.text.ST7735_DrawCharToBuffer)
                  0001b3ec    00000124     fix16_sqrt.o (.text.fix16_sqrt)
                  0001b510    00000118     ST7735.o (.text.ST7735_FillRect)
                  0001b628    00000104     ST7735.o (.text.ST7735_DrawBitmapTransparent)
                  0001b72c    000000f8     SPI.o (.text.SPI_Init)
                  0001b824    000000f8     render3D.o (.text.sortSprites)
                  0001b91c    000000f4     ST7735.o (.text.ST7735_SetRotation)
                  0001ba10    000000e4     fix16_fast_trig_lut.o (.text.fix16_fast_sin)
                  0001baf4    000000d0     ST7735.o (.text.ST7735_OutCharTransparent)
                  0001bbc4    000000d0     Animations.o (.text.TIMG8_IRQHandler)
                  0001bc94    000000b8     ST7735.o (.text.ST7735_DrawPixelToBuffer)
                  0001bd4c    000000b0     ST7735.o (.text.ST7735_DrawFastHLine)
                  0001bdfc    000000b0     Entities.o (.text.Spawn_Zombie)
                  0001beac    000000a8     Timer.o (.text.TimerG8_IntArm)
                  0001bf54    000000a2     ST7735.o (.text.commandList)
                  0001bff6    00000002     libclang_rt.builtins.a : aeabi_div0.c.obj (.text.__aeabi_idiv0)
                  0001bff8    00000098     ST7735.o (.text.ST7735_InitR)
                  0001c090    00000094     Timer.o (.text.TimerG12_IntArm)
                  0001c124    00000088     AMDAC4.o (.text.AMDAC4_Out)
                  0001c1ac    00000088     ST7735.o (.text.setAddrWindow)
                  0001c234    00000084     ST7735.o (.text.ST7735_DrawStringTransparent)
                  0001c2b8    00000084     Entities.o (.text.Zombie_Damaged)
                  0001c33c    0000007c     LaunchPad.o (.text.LaunchPad_Init)
                  0001c3b8    0000007c     ST7735.o (.text.ST7735_DrawStringToBuffer)
                  0001c434    0000007c     libc.a : copy_decompress_lzss.c.obj (.text:decompress:lzss)
                  0001c4b0    00000070     ST7735.o (.text.ST7735_DrawPixel)
                  0001c520    0000006e     fix16.o (.text.fix16_mul)
                  0001c58e    00000002     libc.a : _lock.c.obj (.text._nop)
                  0001c590    0000006c     JoystickLeft.o (.text.JoystickLeft_Init)
                  0001c5fc    0000006c     JoystickRight.o (.text.JoystickRight_Init)
                  0001c668    00000068     JoystickLeft.o (.text.JoystickLeft_getX)
                  0001c6d0    00000068     JoystickLeft.o (.text.JoystickLeft_getY)
                  0001c738    00000068     JoystickRight.o (.text.JoystickRight_getX)
                  0001c7a0    00000056     libclang_rt.builtins.a : aeabi_idivmod.S.obj (.text.__aeabi_idivmod)
                  0001c7f6    00000002     --HOLE-- [fill = 0]
                  0001c7f8    00000054     DAC6.o (.text.DAC6_Init)
                  0001c84c    00000050     Sound.o (.text.Sound_Start)
                  0001c89c    00000050     Sound.o (.text.SysTick_Handler)
                  0001c8ec    00000048     AMDAC4.o (.text.AMDAC4_Init)
                  0001c934    00000048     SPI.o (.text.SPI_OutCommand)
                  0001c97c    00000046     fix16.o (.text.fix16_add)
                  0001c9c2    00000002     --HOLE-- [fill = 0]
                  0001c9c4    00000044     Sound.o (.text.SysTick_IntArm)
                  0001ca08    00000040     HPDAC4.o (.text.HPDAC4_Init)
                  0001ca48    00000040     SPI.o (.text.SPI_Reset)
                  0001ca88    00000040     TExaS.o (.text.TIMG7_IRQHandler)
                  0001cac8    00000040     libclang_rt.builtins.a : aeabi_uidivmod.S.obj (.text.__aeabi_uidivmod)
                  0001cb08    0000003c     DAC6.o (.text.DAC6_Out)
                  0001cb44    0000003c     libc.a : autoinit.c.obj (.text:__TI_auto_init_nobinit_nopinit)
                  0001cb80    0000003a     libclang_rt.builtins.a : muldsi3.S.obj (.text.__muldsi3)
                  0001cbba    00000002     --HOLE-- [fill = 0]
                  0001cbbc    00000038     LaunchPad.o (.text.ActivatePortA_B)
                  0001cbf4    00000038     SPI.o (.text.SPI_OutData)
                  0001cc2c    00000038     libc.a : rand.c.obj (.text.rand)
                  0001cc64    00000038            : sprintf.c.obj (.text.sprintf)
                  0001cc9c    00000034     Clock.o (.text.Clock_Delay1ms)
                  0001ccd0    00000034     ST7735.o (.text.ST7735_SetCursor)
                  0001cd04    00000030     ST7735.o (.text.commonInit)
                  0001cd34    0000002e     fixvector2d.o (.text.v2d_add)
                  0001cd62    00000002     --HOLE-- [fill = 0]
                  0001cd64    0000002c     HPDAC4.o (.text.HPDAC4_Out)
                  0001cd90    0000002c     Entities.o (.text.Player_Damaged)
                  0001cdbc    0000002c     ST7735.o (.text.ST7735_FillScreen)
                  0001cde8    0000002a     fixvector2d.o (.text.v2d_mul_s)
                  0001ce12    00000002     --HOLE-- [fill = 0]
                  0001ce14    00000028     Sound.o (.text.Sound_Init)
                  0001ce3c    00000028     Switch.o (.text.Switch_Init)
                  0001ce64    00000028     libc.a : boot_cortex_m.c.obj (.text:_c_int00_noargs)
                  0001ce8c    00000026     ST7735.o (.text.ST7735_OutStringTransparent)
                  0001ceb2    00000002     --HOLE-- [fill = 0]
                  0001ceb4    00000024     libclang_rt.builtins.a : muldi3.S.obj (.text.__muldi3)
                  0001ced8    00000022     libc.a : memccpy.c.obj (.text.memccpy)
                  0001cefa    00000002     --HOLE-- [fill = 0]
                  0001cefc    00000020     Language.o (.text.Language_Switch)
                  0001cf1c    00000020     render3D.o (.text.fix16_abs)
                  0001cf3c    0000001e     HPDAC4.o (.text.HPDAC4_HPOut)
                  0001cf5a    0000001e     ST7735.o (.text.pushColor)
                  0001cf78    0000001c     startup_mspm0g3507_ticlang.o (.text.Default_Handler)
                  0001cf94    0000001c     startup_mspm0g3507_ticlang.o (.text.HardFault_Handler)
                  0001cfb0    00000018     AMDAC4.o (.text.AMDAC4_AmmoOut)
                  0001cfc8    00000018     Entities.o (.text.Player_Init)
                  0001cfe0    00000018     libc.a : sprintf.c.obj (.text._outs)
                  0001cff8    00000018     fix16_fast_trig_lut.o (.text.fix16_fast_cos)
                  0001d010    00000014     Sound.o (.text.Sound_Chamber)
                  0001d024    00000014     Sound.o (.text.Sound_Damaged)
                  0001d038    00000014     Sound.o (.text.Sound_Reload)
                  0001d04c    00000014     Sound.o (.text.Sound_Shoot)
                  0001d060    00000014     Sound.o (.text.Sound_Zombie)
                  0001d074    00000014     Switch.o (.text.Switch_Language)
                  0001d088    00000014     Switch.o (.text.Switch_Shoot)
                  0001d09c    00000012     libc.a : memcpy16.S.obj (.text:TI_memcpy_small)
                  0001d0ae    00000012            : copy_decompress_none.c.obj (.text:decompress:none)
                  0001d0c0    00000010     Clock.o (.text.Clock_Delay)
                  0001d0d0    00000010     LaunchPad.o (.text.Delay)
                  0001d0e0    00000010     Entities.o (.text.Player_Reload)
                  0001d0f0    00000010     libc.a : copy_zero_init.c.obj (.text:decompress:ZI)
                  0001d100    0000000e     libclang_rt.builtins.a : aeabi_memset.S.obj (.text.__aeabi_memset)
                  0001d10e    0000000e     Entities.o (.text.fix16_to_int)
                  0001d11c    0000000e     render3D.o (.text.fix16_to_int)
                  0001d12a    0000000e     libc.a : _printfi.c.obj (.text.strlen)
                  0001d138    0000000e            : memset16.S.obj (.text:TI_memset_small)
                  0001d146    00000002     --HOLE-- [fill = 0]
                  0001d148    0000000c     Entities.o (.text.Clear_Zombies)
                  0001d154    0000000c     Clock.o (.text.Clock_Freq)
                  0001d160    0000000c     Language.o (.text.Language_Init)
                  0001d16c    0000000c     libclang_rt.builtins.a : aeabi_memset.S.obj (.text.__aeabi_memclr)
                  0001d178    0000000c     render3D.o (.text.fix16_from_int)
                  0001d184    0000000a     Lab9Main.o (.text.PLL_Init)
                  0001d18e    0000000a     libc.a : sprintf.c.obj (.text._outc)
                  0001d198    00000008     libclang_rt.builtins.a : aeabi_memcpy.S.obj (.text.__aeabi_memcpy)
                  0001d1a0    00000006     libc.a : exit.c.obj (.text:abort)
                  0001d1a6    00000004     libsysbm.a : hostexit.c.obj (.text.HOSTexit)
                  0001d1aa    00000004     startup_mspm0g3507_ticlang.o (.text.Reset_Handler)
                  0001d1ae    00000004     libc.a : pre_init.c.obj (.text._system_pre_init)
                  0001d1b2    00000006     --HOLE-- [fill = 0]

.cinit     0    0001d1b8    00001020     
                  0001d1b8    00000ff9     (.cinit..data.load) [load image, compression = lzss]
                  0001e1b1    00000003     --HOLE-- [fill = 0]
                  0001e1b4    0000000c     (__TI_handler_table)
                  0001e1c0    00000008     (.cinit..bss.load) [load image, compression = zero_init]
                  0001e1c8    00000010     (__TI_cinit_table)

.rodata    0    000000c0    00018e68     
                  000000c0    00003b00     images.o (.rodata.zombie1)
                  00003bc0    00002ee0     images.o (.rodata.shotgunShoot3)
                  00006aa0    00002940     images.o (.rodata.reload3)
                  000093e0    00002850     images.o (.rodata.shotgunShoot4)
                  0000bc30    000023a0     images.o (.rodata.reload2)
                  0000dfd0    00002080     images.o (.rodata.reload1)
                  00010050    00001c11     Sound.o (.rodata.chamber)
                  00011c61    00000001     images.o (.rodata.crosshairHeight)
                  00011c62    000017e8     images.o (.rodata.shotgunShoot2)
                  0001344a    00001350     Sound.o (.rodata.zombie)
                  0001479a    000012c0     images.o (.rodata.shotgunNormal)
                  00015a5a    00001140     Sound.o (.rodata.shootGun)
                  00016b9a    000009aa     Sound.o (.rodata.reload)
                  00017544    00000966     Sound.o (.rodata.damaged)
                  00017eaa    00000800     fix16_fast_trig_lut.o (.rodata.fastSineLookupTable)
                  000186aa    000004fb     ST7735.o (.rodata.Font)
                  00018ba5    00000240     Lab9Main.o (.rodata.worldMap)
                  00018de5    00000001     images.o (.rodata.crosshairWidth)
                  00018de6    00000048     images.o (.rodata.crosshair)
                  00018e2e    0000003b     ST7735.o (.rodata.Rcmd1)
                  00018e69    0000002b     ST7735.o (.rodata.Rcmd3)
                  00018e94    00000016     ST7735.o (.rodata.str1.2132471336006292093.1)
                  00018eaa    00000011     libc.a : _printfi.c.obj (.rodata.str1.15363888844622738466.1)
                  00018ebb    0000000f     Language.o (.rodata.str1.12342158081114120698.1)
                  00018eca    0000000f     Language.o (.rodata.str1.7950458361806698135.1)
                  00018ed9    0000000d     ST7735.o (.rodata.Rcmd2green)
                  00018ee6    0000000d     ST7735.o (.rodata.Rcmd2red)
                  00018ef3    0000000a     Language.o (.rodata.str1.17176575688370608910.1)
                  00018efd    0000000a     Language.o (.rodata.str1.17456481127962023310.1)
                  00018f07    00000008     Language.o (.rodata.str1.5333028195687833906.1)
                  00018f0f    00000008     Language.o (.rodata.str1.5714278379454200997.1)
                  00018f17    00000001     --HOLE-- [fill = 0]
                  00018f18    00000004     Lab9Main.o (.rodata.mapHeight)
                  00018f1c    00000004     Lab9Main.o (.rodata.mapWidth)
                  00018f20    00000003     render3D.o (.rodata.str1.5546519201162251259.1)
                  00018f23    00000005     --HOLE-- [fill = 0]

.init_array 
*          0    00000000    00000000     UNINITIALIZED

.binit     0    00000000    00000000     

.bss       0    20200000    00005279     UNINITIALIZED
                  20200000    00005000     (.common:displayBuffer)
                  20205000    000001c0     (.common:zombies)
                  202051c0    00000040     (.common:spriteDistance)
                  20205200    00000040     (.common:spriteOrder)
                  20205240    00000010     (.common:scoreBuffer)
                  20205250    00000008     (.common:soundToPlay)
                  20205258    00000006     (.common:Player)
                  2020525e    00000001     ST7735.o (.bss.ColStart)
                  2020525f    00000001     ST7735.o (.bss.Rotation)
                  20205260    00000004     (.common:TExaSLogic)
                  20205264    00000004     (.common:TExaSadc)
                  20205268    00000004     (.common:score)
                  2020526c    00000004     (.common:soundIdx)
                  20205270    00000004     (.common:zombieIdx)
                  20205274    00000001     ST7735.o (.bss.RowStart)
                  20205275    00000001     ST7735.o (.bss.TabColor)
                  20205276    00000001     (.common:currentLanguage)
                  20205277    00000001     (.common:soundCalled)
                  20205278    00000001     (.common:zombieCalled)

.data      0    2020527c    00001933     UNINITIALIZED
                  2020527c    00000d5c     images.o (.data.youDiedSpanish)
                  20205fd8    00000a64     images.o (.data.youDiedEnglish)
                  20206a3c    000000a8     Animations.o (.data.shotgunReload)
                  20206ae4    00000040     Animations.o (.data.shotgunShoot)
                  20206b24    00000038     Language.o (.data.myLanguages)
                  20206b5c    00000008     Lab9Main.o (.data.dir)
                  20206b64    00000008     Lab9Main.o (.data.plane)
                  20206b6c    00000008     Lab9Main.o (.data.pos)
                  20206b74    00000008     Animations.o (.data.shotgunNeutral)
                  20206b7c    00000004     Clock.o (.data.BusFreq)
                  20206b80    00000004     ST7735.o (.data.StX)
                  20206b84    00000004     ST7735.o (.data.StY)
                  20206b88    00000004     libc.a : _lock.c.obj (.data._lock)
                  20206b8c    00000004            : _lock.c.obj (.data._unlock)
                  20206b90    00000004     Entities.o (.data.difficultyRate)
                  20206b94    00000004     libc.a : rand.c.obj (.data.next)
                  20206b98    00000004     Animations.o (.data.shotgun)
                  20206b9c    00000004     Entities.o (.data.spawnCoefficient)
                  20206ba0    00000004     Entities.o (.data.zombieCount)
                  20206ba4    00000002     ST7735.o (.data.StTextColor)
                  20206ba6    00000002     ST7735.o (.data._height)
                  20206ba8    00000002     ST7735.o (.data._width)
                  20206baa    00000001     Animations.o (.data.frame)
                  20206bab    00000001     Entities.o (.data.gunRaysShot)
                  20206bac    00000001     Entities.o (.data.gunReload)
                  20206bad    00000001     Entities.o (.data.gunShot)
                  20206bae    00000001     Entities.o (.data.prevSwitchLang)

.sysmem    0    20206bb0    00000200     UNINITIALIZED
                  20206bb0    00000010     libc.a : memory.c.obj (.sysmem)
                  20206bc0    000001f0     --HOLE--

.stack     0    20207e00    00000200     UNINITIALIZED
                  20207e00    00000004     libc.a : boot_cortex_m.c.obj (.stack)
                  20207e04    000001fc     --HOLE--

__llvm_prf_cnts 
*          0    20200000    00000000     UNINITIALIZED

__llvm_prf_bits 
*          0    20200000    00000000     UNINITIALIZED

MODULE SUMMARY

       Module                         code    ro data   rw data
       ------                         ----    -------   -------
    .\
       render3D.o                     4958    3         20624  
       Sound.o                        368     21425     18     
       ST7735.o                       3990    1425      18     
       Entities.o                     1550    0         474    
       Lab9Main.o                     450     584       24     
       Clock.o                        516     0         4      
       Animations.o                   208     0         245    
       SPI.o                          440     0         0      
       JoystickLeft.o                 316     0         0      
       Timer.o                        316     0         0      
       AMDAC4.o                       232     0         0      
       JoystickRight.o                212     0         0      
       LaunchPad.o                    196     0         0      
       Language.o                     44      66        57     
       DAC6.o                         144     0         0      
       HPDAC4.o                       138     0         0      
       Switch.o                       80      0         0      
       TExaS.o                        64      0         8      
    +--+------------------------------+-------+---------+---------+
       Total:                         14222   23503     21472  
                                                               
    .\Math\fix\
       fix16_fast_trig_lut.o          252     2048      0      
       fix16.o                        680     0         0      
       fix16_sqrt.o                   292     0         0      
    +--+------------------------------+-------+---------+---------+
       Total:                         1224    2048      0      
                                                               
    .\Math\lib_fixmatrix\
       fixvector2d.o                  88      0         0      
    +--+------------------------------+-------+---------+---------+
       Total:                         88      0         0      
                                                               
    .\images\
       images.o                       0       76418     6080   
    +--+------------------------------+-------+---------+---------+
       Total:                         0       76418     6080   
                                                               
    .\ticlang\
       startup_mspm0g3507_ticlang.o   60      192       0      
    +--+------------------------------+-------+---------+---------+
       Total:                         60      192       0      
                                                               
    C:\ti\ccs2040\ccs\tools\compiler\ti-cgt-armllvm_4.0.4.LTS\lib\armv6m-ti-none-eabi/c/libc.a
       _printfi.c.obj                 658     17        0      
       copy_decompress_lzss.c.obj     124     0         0      
       sprintf.c.obj                  90      0         0      
       autoinit.c.obj                 60      0         0      
       rand.c.obj                     56      0         4      
       boot_cortex_m.c.obj            40      0         0      
       memccpy.c.obj                  34      0         0      
       copy_decompress_none.c.obj     18      0         0      
       memcpy16.S.obj                 18      0         0      
       copy_zero_init.c.obj           16      0         0      
       memset16.S.obj                 14      0         0      
       _lock.c.obj                    2       0         8      
       exit.c.obj                     6       0         0      
       pre_init.c.obj                 4       0         0      
    +--+------------------------------+-------+---------+---------+
       Total:                         1140    17        12     
                                                               
    C:\ti\ccs2040\ccs\tools\compiler\ti-cgt-armllvm_4.0.4.LTS\lib\armv6m-ti-none-eabi/c/libsysbm.a
       hostexit.c.obj                 4       0         0      
    +--+------------------------------+-------+---------+---------+
       Total:                         4       0         0      
                                                               
    C:\ti\ccs2040\ccs\tools\compiler\ti-cgt-armllvm_4.0.4.LTS\lib\armv6m-ti-none-eabi/libclang_rt.builtins.a
       aeabi_idivmod.S.obj            86      0         0      
       aeabi_uidivmod.S.obj           64      0         0      
       muldsi3.S.obj                  58      0         0      
       muldi3.S.obj                   36      0         0      
       aeabi_memset.S.obj             26      0         0      
       aeabi_memcpy.S.obj             8       0         0      
       aeabi_div0.c.obj               2       0         0      
    +--+------------------------------+-------+---------+---------+
       Total:                         280     0         0      
                                                               
       Heap:                          0       0         512    
       Stack:                         0       0         512    
       Linker Generated:              0       4125      0      
    +--+------------------------------+-------+---------+---------+
       Grand Total:                   17018   106303    28588  


LINKER GENERATED COPY TABLES

__TI_cinit_table @ 0001e1c8 records: 2, size/record: 8, table size: 16
	.data: load addr=0001d1b8, load size=00000ff9 bytes, run addr=2020527c, run size=00001933 bytes, compression=lzss
	.bss: load addr=0001e1c0, load size=00000008 bytes, run addr=20200000, run size=00005279 bytes, compression=zero_init


LINKER GENERATED HANDLER TABLE

__TI_handler_table @ 0001e1b4 records: 3, size/record: 4, table size: 12
	index: 0, handler: __TI_decompress_lzss
	index: 1, handler: __TI_decompress_none
	index: 2, handler: __TI_zero_init


GLOBAL SYMBOLS: SORTED ALPHABETICALLY BY Name 

address   name                                
-------   ----                                
0001cf79  ADC0_IRQHandler                     
0001cf79  ADC1_IRQHandler                     
0001cf79  AES_IRQHandler                      
0001cfb1  AMDAC4_AmmoOut                      
0001c8ed  AMDAC4_Init                         
0001c125  AMDAC4_Out                          
0001cbbd  ActivatePortA_B                     
20206b7c  BusFreq                             
0001d1a6  C$$EXIT                             
0001cf79  CANFD0_IRQHandler                   
0001d149  Clear_Zombies                       
0001d0c1  Clock_Delay                         
0001cc9d  Clock_Delay1ms                      
0001d155  Clock_Freq                          
0001ac8d  Clock_Init80MHz                     
0001cf79  DAC0_IRQHandler                     
0001c7f9  DAC6_Init                           
0001cb09  DAC6_Out                            
0001cf79  DMA_IRQHandler                      
0001cf79  Default_Handler                     
0001d0d1  Delay                               
0001cf79  GROUP0_IRQHandler                   
0001cf79  GROUP1_IRQHandler                   
0001d1a7  HOSTexit                            
0001cf3d  HPDAC4_HPOut                        
0001ca09  HPDAC4_Init                         
0001cd65  HPDAC4_Out                          
0001cf95  HardFault_Handler                   
0001cf79  I2C0_IRQHandler                     
0001cf79  I2C1_IRQHandler                     
0001c591  JoystickLeft_Init                   
0001c669  JoystickLeft_getX                   
0001c6d1  JoystickLeft_getY                   
0001c5fd  JoystickRight_Init                  
0001c739  JoystickRight_getX                  
0001d161  Language_Init                       
0001cefd  Language_Switch                     
0001c33d  LaunchPad_Init                      
0001cf79  NMI_Handler                         
0001d185  PLL_Init                            
0001cf79  PendSV_Handler                      
20205258  Player                              
0001cd91  Player_Damaged                      
0001cfc9  Player_Init                         
0001d0e1  Player_Reload                       
0001afe5  Player_Shoot                        
0001cf79  RTC_IRQHandler                      
0001d1ab  Reset_Handler                       
0001cf79  SPI0_IRQHandler                     
0001cf79  SPI1_IRQHandler                     
0001b72d  SPI_Init                            
0001c935  SPI_OutCommand                      
0001cbf5  SPI_OutData                         
0001ca49  SPI_Reset                           
0001a6d1  ST7735_DrawBitmap                   
0001b629  ST7735_DrawBitmapTransparent        
0001ae41  ST7735_DrawCharS                    
0001b2bd  ST7735_DrawCharToBuffer             
0001bd4d  ST7735_DrawFastHLine                
0001c4b1  ST7735_DrawPixel                    
0001bc95  ST7735_DrawPixelToBuffer            
0001c3b9  ST7735_DrawStringToBuffer           
0001c235  ST7735_DrawStringTransparent        
0001b159  ST7735_DrawTransparentBitmapOnBuffer
0001b511  ST7735_FillRect                     
0001cdbd  ST7735_FillScreen                   
0001bff9  ST7735_InitR                        
0001baf5  ST7735_OutCharTransparent           
0001ce8d  ST7735_OutStringTransparent         
0001ccd1  ST7735_SetCursor                    
0001b91d  ST7735_SetRotation                  
0001cf79  SVC_Handler                         
0001d011  Sound_Chamber                       
0001d025  Sound_Damaged                       
0001ce15  Sound_Init                          
0001d039  Sound_Reload                        
0001d04d  Sound_Shoot                         
0001c84d  Sound_Start                         
0001d061  Sound_Zombie                        
0001bdfd  Spawn_Zombie                        
20206ba4  StTextColor                         
20206b80  StX                                 
20206b84  StY                                 
0001ce3d  Switch_Init                         
0001d075  Switch_Language                     
0001d089  Switch_Shoot                        
0001c89d  SysTick_Handler                     
0001c9c5  SysTick_IntArm                      
20205260  TExaSLogic                          
20205264  TExaSadc                            
0001cf79  TIMA0_IRQHandler                    
0001cf79  TIMA1_IRQHandler                    
0001cf79  TIMG0_IRQHandler                    
0001a155  TIMG12_IRQHandler                   
0001cf79  TIMG6_IRQHandler                    
0001ca89  TIMG7_IRQHandler                    
0001bbc5  TIMG8_IRQHandler                    
0001d09d  TI_memcpy_small                     
0001d139  TI_memset_small                     
0001c091  TimerG12_IntArm                     
0001bead  TimerG8_IntArm                      
0001cf79  UART0_IRQHandler                    
0001cf79  UART1_IRQHandler                    
0001cf79  UART2_IRQHandler                    
0001cf79  UART3_IRQHandler                    
0001c2b9  Zombie_Damaged                      
20208000  __STACK_END                         
00000200  __STACK_SIZE                        
00000200  __SYSMEM_SIZE                       
00000000  __TI_ATRegion0_region_sz            
00000000  __TI_ATRegion0_src_addr             
00000000  __TI_ATRegion0_trg_addr             
00000000  __TI_ATRegion1_region_sz            
00000000  __TI_ATRegion1_src_addr             
00000000  __TI_ATRegion1_trg_addr             
00000000  __TI_ATRegion2_region_sz            
00000000  __TI_ATRegion2_src_addr             
00000000  __TI_ATRegion2_trg_addr             
0001e1c8  __TI_CINIT_Base                     
0001e1d8  __TI_CINIT_Limit                    
0001e1d8  __TI_CINIT_Warm                     
0001e1b4  __TI_Handler_Table_Base             
0001e1c0  __TI_Handler_Table_Limit            
0001cb45  __TI_auto_init_nobinit_nopinit      
0001c435  __TI_decompress_lzss                
0001d0af  __TI_decompress_none                
ffffffff  __TI_pprof_out_hndl                 
0001a44d  __TI_printfi_minimal                
ffffffff  __TI_prof_data_size                 
ffffffff  __TI_prof_data_start                
00000000  __TI_static_base__                  
0001d0f1  __TI_zero_init                      
0001c7a1  __aeabi_idiv                        
0001bff7  __aeabi_idiv0                       
0001c7a1  __aeabi_idivmod                     
0001ceb5  __aeabi_lmul                        
0001d16d  __aeabi_memclr                      
0001d16d  __aeabi_memclr4                     
0001d16d  __aeabi_memclr8                     
0001d199  __aeabi_memcpy                      
0001d199  __aeabi_memcpy4                     
0001d199  __aeabi_memcpy8                     
0001d101  __aeabi_memset                      
0001d101  __aeabi_memset4                     
0001d101  __aeabi_memset8                     
0001cac9  __aeabi_uidiv                       
0001cac9  __aeabi_uidivmod                    
ffffffff  __binit__                           
UNDEFED   __mpu_init                          
0001ceb5  __muldi3                            
0001cb81  __muldsi3                           
20207e00  __stack                             
20200000  __start___llvm_prf_bits             
20200000  __start___llvm_prf_cnts             
20200000  __stop___llvm_prf_bits              
20200000  __stop___llvm_prf_cnts              
0001ce65  _c_int00_noargs                     
20206b88  _lock                               
0001c58f  _nop                                
20206bb0  _sys_memory                         
UNDEFED   _system_post_cinit                  
0001d1af  _system_pre_init                    
20206b8c  _unlock                             
0001d1a1  abort                               
ffffffff  binit                               
00010050  chamber                             
00018de6  crosshair                           
00011c61  crosshairHeight                     
00018de5  crosshairWidth                      
20205276  currentLanguage                     
00017544  damaged                             
20206b90  difficultyRate                      
20206b5c  dir                                 
20200000  displayBuffer                       
0001c97d  fix16_add                           
0001a8e1  fix16_div                           
0001cff9  fix16_fast_cos                      
0001ba11  fix16_fast_sin                      
0001c521  fix16_mul                           
0001b3ed  fix16_sqrt                          
20206baa  frame                               
20206bab  gunRaysShot                         
20206bac  gunReload                           
20206bad  gunShot                             
00000000  interruptVectors                    
0001aad5  main                                
00018f18  mapHeight                           
00018f1c  mapWidth                            
0001ced9  memccpy                             
20206b24  myLanguages                         
20206b64  plane                               
20206b6c  pos                                 
20206bae  prevSwitchLang                      
0001cc2d  rand                                
00018f29  raycast                             
00016b9a  reload                              
0000dfd0  reload1                             
0000bc30  reload2                             
00006aa0  reload3                             
20205268  score                               
20205240  scoreBuffer                         
00015a5a  shootGun                            
20206b98  shotgun                             
20206b74  shotgunNeutral                      
0001479a  shotgunNormal                       
20206a3c  shotgunReload                       
20206ae4  shotgunShoot                        
00011c62  shotgunShoot2                       
00003bc0  shotgunShoot3                       
000093e0  shotgunShoot4                       
0001b825  sortSprites                         
20205277  soundCalled                         
2020526c  soundIdx                            
20205250  soundToPlay                         
20206b9c  spawnCoefficient                    
0001cc65  sprintf                             
202051c0  spriteDistance                      
20205200  spriteOrder                         
0001cd35  v2d_add                             
0001cde9  v2d_mul_s                           
00018ba5  worldMap                            
20205fd8  youDiedEnglish                      
2020527c  youDiedSpanish                      
0001344a  zombie                              
000000c0  zombie1                             
20205278  zombieCalled                        
20206ba0  zombieCount                         
20205270  zombieIdx                           
20205000  zombies                             


GLOBAL SYMBOLS: SORTED BY Symbol Address 

address   name                                
-------   ----                                
00000000  __TI_ATRegion0_region_sz            
00000000  __TI_ATRegion0_src_addr             
00000000  __TI_ATRegion0_trg_addr             
00000000  __TI_ATRegion1_region_sz            
00000000  __TI_ATRegion1_src_addr             
00000000  __TI_ATRegion1_trg_addr             
00000000  __TI_ATRegion2_region_sz            
00000000  __TI_ATRegion2_src_addr             
00000000  __TI_ATRegion2_trg_addr             
00000000  __TI_static_base__                  
00000000  interruptVectors                    
000000c0  zombie1                             
00000200  __STACK_SIZE                        
00000200  __SYSMEM_SIZE                       
00003bc0  shotgunShoot3                       
00006aa0  reload3                             
000093e0  shotgunShoot4                       
0000bc30  reload2                             
0000dfd0  reload1                             
00010050  chamber                             
00011c61  crosshairHeight                     
00011c62  shotgunShoot2                       
0001344a  zombie                              
0001479a  shotgunNormal                       
00015a5a  shootGun                            
00016b9a  reload                              
00017544  damaged                             
00018ba5  worldMap                            
00018de5  crosshairWidth                      
00018de6  crosshair                           
00018f18  mapHeight                           
00018f1c  mapWidth                            
00018f29  raycast                             
0001a155  TIMG12_IRQHandler                   
0001a44d  __TI_printfi_minimal                
0001a6d1  ST7735_DrawBitmap                   
0001a8e1  fix16_div                           
0001aad5  main                                
0001ac8d  Clock_Init80MHz                     
0001ae41  ST7735_DrawCharS                    
0001afe5  Player_Shoot                        
0001b159  ST7735_DrawTransparentBitmapOnBuffer
0001b2bd  ST7735_DrawCharToBuffer             
0001b3ed  fix16_sqrt                          
0001b511  ST7735_FillRect                     
0001b629  ST7735_DrawBitmapTransparent        
0001b72d  SPI_Init                            
0001b825  sortSprites                         
0001b91d  ST7735_SetRotation                  
0001ba11  fix16_fast_sin                      
0001baf5  ST7735_OutCharTransparent           
0001bbc5  TIMG8_IRQHandler                    
0001bc95  ST7735_DrawPixelToBuffer            
0001bd4d  ST7735_DrawFastHLine                
0001bdfd  Spawn_Zombie                        
0001bead  TimerG8_IntArm                      
0001bff7  __aeabi_idiv0                       
0001bff9  ST7735_InitR                        
0001c091  TimerG12_IntArm                     
0001c125  AMDAC4_Out                          
0001c235  ST7735_DrawStringTransparent        
0001c2b9  Zombie_Damaged                      
0001c33d  LaunchPad_Init                      
0001c3b9  ST7735_DrawStringToBuffer           
0001c435  __TI_decompress_lzss                
0001c4b1  ST7735_DrawPixel                    
0001c521  fix16_mul                           
0001c58f  _nop                                
0001c591  JoystickLeft_Init                   
0001c5fd  JoystickRight_Init                  
0001c669  JoystickLeft_getX                   
0001c6d1  JoystickLeft_getY                   
0001c739  JoystickRight_getX                  
0001c7a1  __aeabi_idiv                        
0001c7a1  __aeabi_idivmod                     
0001c7f9  DAC6_Init                           
0001c84d  Sound_Start                         
0001c89d  SysTick_Handler                     
0001c8ed  AMDAC4_Init                         
0001c935  SPI_OutCommand                      
0001c97d  fix16_add                           
0001c9c5  SysTick_IntArm                      
0001ca09  HPDAC4_Init                         
0001ca49  SPI_Reset                           
0001ca89  TIMG7_IRQHandler                    
0001cac9  __aeabi_uidiv                       
0001cac9  __aeabi_uidivmod                    
0001cb09  DAC6_Out                            
0001cb45  __TI_auto_init_nobinit_nopinit      
0001cb81  __muldsi3                           
0001cbbd  ActivatePortA_B                     
0001cbf5  SPI_OutData                         
0001cc2d  rand                                
0001cc65  sprintf                             
0001cc9d  Clock_Delay1ms                      
0001ccd1  ST7735_SetCursor                    
0001cd35  v2d_add                             
0001cd65  HPDAC4_Out                          
0001cd91  Player_Damaged                      
0001cdbd  ST7735_FillScreen                   
0001cde9  v2d_mul_s                           
0001ce15  Sound_Init                          
0001ce3d  Switch_Init                         
0001ce65  _c_int00_noargs                     
0001ce8d  ST7735_OutStringTransparent         
0001ceb5  __aeabi_lmul                        
0001ceb5  __muldi3                            
0001ced9  memccpy                             
0001cefd  Language_Switch                     
0001cf3d  HPDAC4_HPOut                        
0001cf79  ADC0_IRQHandler                     
0001cf79  ADC1_IRQHandler                     
0001cf79  AES_IRQHandler                      
0001cf79  CANFD0_IRQHandler                   
0001cf79  DAC0_IRQHandler                     
0001cf79  DMA_IRQHandler                      
0001cf79  Default_Handler                     
0001cf79  GROUP0_IRQHandler                   
0001cf79  GROUP1_IRQHandler                   
0001cf79  I2C0_IRQHandler                     
0001cf79  I2C1_IRQHandler                     
0001cf79  NMI_Handler                         
0001cf79  PendSV_Handler                      
0001cf79  RTC_IRQHandler                      
0001cf79  SPI0_IRQHandler                     
0001cf79  SPI1_IRQHandler                     
0001cf79  SVC_Handler                         
0001cf79  TIMA0_IRQHandler                    
0001cf79  TIMA1_IRQHandler                    
0001cf79  TIMG0_IRQHandler                    
0001cf79  TIMG6_IRQHandler                    
0001cf79  UART0_IRQHandler                    
0001cf79  UART1_IRQHandler                    
0001cf79  UART2_IRQHandler                    
0001cf79  UART3_IRQHandler                    
0001cf95  HardFault_Handler                   
0001cfb1  AMDAC4_AmmoOut                      
0001cfc9  Player_Init                         
0001cff9  fix16_fast_cos                      
0001d011  Sound_Chamber                       
0001d025  Sound_Damaged                       
0001d039  Sound_Reload                        
0001d04d  Sound_Shoot                         
0001d061  Sound_Zombie                        
0001d075  Switch_Language                     
0001d089  Switch_Shoot                        
0001d09d  TI_memcpy_small                     
0001d0af  __TI_decompress_none                
0001d0c1  Clock_Delay                         
0001d0d1  Delay                               
0001d0e1  Player_Reload                       
0001d0f1  __TI_zero_init                      
0001d101  __aeabi_memset                      
0001d101  __aeabi_memset4                     
0001d101  __aeabi_memset8                     
0001d139  TI_memset_small                     
0001d149  Clear_Zombies                       
0001d155  Clock_Freq                          
0001d161  Language_Init                       
0001d16d  __aeabi_memclr                      
0001d16d  __aeabi_memclr4                     
0001d16d  __aeabi_memclr8                     
0001d185  PLL_Init                            
0001d199  __aeabi_memcpy                      
0001d199  __aeabi_memcpy4                     
0001d199  __aeabi_memcpy8                     
0001d1a1  abort                               
0001d1a6  C$$EXIT                             
0001d1a7  HOSTexit                            
0001d1ab  Reset_Handler                       
0001d1af  _system_pre_init                    
0001e1b4  __TI_Handler_Table_Base             
0001e1c0  __TI_Handler_Table_Limit            
0001e1c8  __TI_CINIT_Base                     
0001e1d8  __TI_CINIT_Limit                    
0001e1d8  __TI_CINIT_Warm                     
20200000  __start___llvm_prf_bits             
20200000  __start___llvm_prf_cnts             
20200000  __stop___llvm_prf_bits              
20200000  __stop___llvm_prf_cnts              
20200000  displayBuffer                       
20205000  zombies                             
202051c0  spriteDistance                      
20205200  spriteOrder                         
20205240  scoreBuffer                         
20205250  soundToPlay                         
20205258  Player                              
20205260  TExaSLogic                          
20205264  TExaSadc                            
20205268  score                               
2020526c  soundIdx                            
20205270  zombieIdx                           
20205276  currentLanguage                     
20205277  soundCalled                         
20205278  zombieCalled                        
2020527c  youDiedSpanish                      
20205fd8  youDiedEnglish                      
20206a3c  shotgunReload                       
20206ae4  shotgunShoot                        
20206b24  myLanguages                         
20206b5c  dir                                 
20206b64  plane                               
20206b6c  pos                                 
20206b74  shotgunNeutral                      
20206b7c  BusFreq                             
20206b80  StX                                 
20206b84  StY                                 
20206b88  _lock                               
20206b8c  _unlock                             
20206b90  difficultyRate                      
20206b98  shotgun                             
20206b9c  spawnCoefficient                    
20206ba0  zombieCount                         
20206ba4  StTextColor                         
20206baa  frame                               
20206bab  gunRaysShot                         
20206bac  gunReload                           
20206bad  gunShot                             
20206bae  prevSwitchLang                      
20206bb0  _sys_memory                         
20207e00  __stack                             
20208000  __STACK_END                         
ffffffff  __TI_pprof_out_hndl                 
ffffffff  __TI_prof_data_size                 
ffffffff  __TI_prof_data_start                
ffffffff  __binit__                           
ffffffff  binit                               
UNDEFED   __mpu_init                          
UNDEFED   _system_post_cinit                  

[229 symbols]
