<?xml version="1.0" encoding="ISO-8859-1" ?>
<link_info>
   <banner>TI ARM Clang Linker PC v4.0.4.LTS</banner>
   <copyright>Copyright (c) 1996-2018 Texas Instruments Incorporated</copyright>
   <command_line>C:\ti\ccs2040\ccs\tools\compiler\ti-cgt-armllvm_4.0.4.LTS\bin\tiarmlnk -IC:\ti\ccs2040\ccs\tools\compiler\ti-cgt-armllvm_4.0.4.LTS\lib -o ECE319K_Lab2.out -mECE319K_Lab2.map --heap_size=512 --stack_size=512 -iC:/Users/kevin/Desktop/S2026/ECE 319K/ValvanoWare/ECE319K_Lab2/Debug/syscfg -iC:/ti/ccs2040/ccs/tools/compiler/ti-cgt-armllvm_4.0.4.LTS/lib --diag_wrap=off --display_error_number --warn_sections --xml_link_info=ECE319K_Lab2_linkInfo.xml --rom_model ./Clock.o ./Dump.o ./ECE319K_Lab2.o ./ECE319K_Lab2main.o ./LaunchPad.o ./Timer.o ./UART.o ./UARTbusywait.o ./ticlang/startup_mspm0g3507_ticlang.o ../mspm0g3507.cmd -lC:/ti/mspm0_sdk_2_09_00_01/source/ti/driverlib/lib/ticlang/m0p/mspm0g1x0x_g3x0x/driverlib.a -llibc.a --start-group -llibc++.a -llibc++abi.a -llibc.a -llibsys.a -llibsysbm.a -llibclang_rt.builtins.a -llibclang_rt.profile.a --end-group --cg_opt_level=0</command_line>
   <link_time>0x69d89af2</link_time>
   <link_errors>0x0</link_errors>
   <output_file>C:\Users\kevin\Desktop\S2026\ECE 319K\ValvanoWare\ECE319K_Lab2\Debug\ECE319K_Lab2.out</output_file>
   <entry_point>
      <name>_c_int00_noargs</name>
      <address>0xff1</address>
   </entry_point>
   <input_file_list>
      <input_file id="fl-1">
         <path>C:\Users\kevin\Desktop\S2026\ECE 319K\ValvanoWare\ECE319K_Lab2\Debug\.\</path>
         <kind>object</kind>
         <file>Clock.o</file>
         <name>Clock.o</name>
      </input_file>
      <input_file id="fl-2">
         <path>C:\Users\kevin\Desktop\S2026\ECE 319K\ValvanoWare\ECE319K_Lab2\Debug\.\</path>
         <kind>object</kind>
         <file>Dump.o</file>
         <name>Dump.o</name>
      </input_file>
      <input_file id="fl-3">
         <path>C:\Users\kevin\Desktop\S2026\ECE 319K\ValvanoWare\ECE319K_Lab2\Debug\.\</path>
         <kind>object</kind>
         <file>ECE319K_Lab2.o</file>
         <name>ECE319K_Lab2.o</name>
      </input_file>
      <input_file id="fl-4">
         <path>C:\Users\kevin\Desktop\S2026\ECE 319K\ValvanoWare\ECE319K_Lab2\Debug\.\</path>
         <kind>object</kind>
         <file>ECE319K_Lab2main.o</file>
         <name>ECE319K_Lab2main.o</name>
      </input_file>
      <input_file id="fl-5">
         <path>C:\Users\kevin\Desktop\S2026\ECE 319K\ValvanoWare\ECE319K_Lab2\Debug\.\</path>
         <kind>object</kind>
         <file>LaunchPad.o</file>
         <name>LaunchPad.o</name>
      </input_file>
      <input_file id="fl-6">
         <path>C:\Users\kevin\Desktop\S2026\ECE 319K\ValvanoWare\ECE319K_Lab2\Debug\.\</path>
         <kind>object</kind>
         <file>Timer.o</file>
         <name>Timer.o</name>
      </input_file>
      <input_file id="fl-7">
         <path>C:\Users\kevin\Desktop\S2026\ECE 319K\ValvanoWare\ECE319K_Lab2\Debug\.\</path>
         <kind>object</kind>
         <file>UART.o</file>
         <name>UART.o</name>
      </input_file>
      <input_file id="fl-8">
         <path>C:\Users\kevin\Desktop\S2026\ECE 319K\ValvanoWare\ECE319K_Lab2\Debug\.\</path>
         <kind>object</kind>
         <file>UARTbusywait.o</file>
         <name>UARTbusywait.o</name>
      </input_file>
      <input_file id="fl-9">
         <path>C:\Users\kevin\Desktop\S2026\ECE 319K\ValvanoWare\ECE319K_Lab2\Debug\.\ticlang\</path>
         <kind>object</kind>
         <file>startup_mspm0g3507_ticlang.o</file>
         <name>startup_mspm0g3507_ticlang.o</name>
      </input_file>
      <input_file id="fl-15">
         <path>C:\Users\kevin\Desktop\S2026\ECE 319K\ValvanoWare\ECE319K_Lab2\Debug\</path>
         <kind>object</kind>
         <file>&lt;internal&gt;</file>
         <name>&lt;internal&gt;</name>
      </input_file>
      <input_file id="fl-2c">
         <path>C:\ti\ccs2040\ccs\tools\compiler\ti-cgt-armllvm_4.0.4.LTS\lib\armv6m-ti-none-eabi\c\</path>
         <kind>archive</kind>
         <file>libc.a</file>
         <name>fopen.c.obj</name>
      </input_file>
      <input_file id="fl-2d">
         <path>C:\ti\ccs2040\ccs\tools\compiler\ti-cgt-armllvm_4.0.4.LTS\lib\armv6m-ti-none-eabi\c\</path>
         <kind>archive</kind>
         <file>libc.a</file>
         <name>setvbuf.c.obj</name>
      </input_file>
      <input_file id="fl-2e">
         <path>C:\ti\ccs2040\ccs\tools\compiler\ti-cgt-armllvm_4.0.4.LTS\lib\armv6m-ti-none-eabi\c\</path>
         <kind>archive</kind>
         <file>libc.a</file>
         <name>strcmp-armv6m.S.obj</name>
      </input_file>
      <input_file id="fl-2f">
         <path>C:\ti\ccs2040\ccs\tools\compiler\ti-cgt-armllvm_4.0.4.LTS\lib\armv6m-ti-none-eabi\c\</path>
         <kind>archive</kind>
         <file>libc.a</file>
         <name>aeabi_portable.c.obj</name>
      </input_file>
      <input_file id="fl-30">
         <path>C:\ti\ccs2040\ccs\tools\compiler\ti-cgt-armllvm_4.0.4.LTS\lib\armv6m-ti-none-eabi\c\</path>
         <kind>archive</kind>
         <file>libc.a</file>
         <name>exit.c.obj</name>
      </input_file>
      <input_file id="fl-31">
         <path>C:\ti\ccs2040\ccs\tools\compiler\ti-cgt-armllvm_4.0.4.LTS\lib\armv6m-ti-none-eabi\c\</path>
         <kind>archive</kind>
         <file>libc.a</file>
         <name>_lock.c.obj</name>
      </input_file>
      <input_file id="fl-32">
         <path>C:\ti\ccs2040\ccs\tools\compiler\ti-cgt-armllvm_4.0.4.LTS\lib\armv6m-ti-none-eabi\c\</path>
         <kind>archive</kind>
         <file>libc.a</file>
         <name>assert.c.obj</name>
      </input_file>
      <input_file id="fl-33">
         <path>C:\ti\ccs2040\ccs\tools\compiler\ti-cgt-armllvm_4.0.4.LTS\lib\armv6m-ti-none-eabi\c\</path>
         <kind>archive</kind>
         <file>libc.a</file>
         <name>defs.c.obj</name>
      </input_file>
      <input_file id="fl-34">
         <path>C:\ti\ccs2040\ccs\tools\compiler\ti-cgt-armllvm_4.0.4.LTS\lib\armv6m-ti-none-eabi\c\</path>
         <kind>archive</kind>
         <file>libc.a</file>
         <name>memory.c.obj</name>
      </input_file>
      <input_file id="fl-35">
         <path>C:\ti\ccs2040\ccs\tools\compiler\ti-cgt-armllvm_4.0.4.LTS\lib\armv6m-ti-none-eabi\c\</path>
         <kind>archive</kind>
         <file>libc.a</file>
         <name>boot_cortex_m.c.obj</name>
      </input_file>
      <input_file id="fl-36">
         <path>C:\ti\ccs2040\ccs\tools\compiler\ti-cgt-armllvm_4.0.4.LTS\lib\armv6m-ti-none-eabi\c\</path>
         <kind>archive</kind>
         <file>libc.a</file>
         <name>mathacl_init.c.obj</name>
      </input_file>
      <input_file id="fl-37">
         <path>C:\ti\ccs2040\ccs\tools\compiler\ti-cgt-armllvm_4.0.4.LTS\lib\armv6m-ti-none-eabi\c\</path>
         <kind>archive</kind>
         <file>libc.a</file>
         <name>autoinit.c.obj</name>
      </input_file>
      <input_file id="fl-38">
         <path>C:\ti\ccs2040\ccs\tools\compiler\ti-cgt-armllvm_4.0.4.LTS\lib\armv6m-ti-none-eabi\c\</path>
         <kind>archive</kind>
         <file>libc.a</file>
         <name>pre_init.c.obj</name>
      </input_file>
      <input_file id="fl-39">
         <path>C:\ti\ccs2040\ccs\tools\compiler\ti-cgt-armllvm_4.0.4.LTS\lib\armv6m-ti-none-eabi\c\</path>
         <kind>archive</kind>
         <file>libc.a</file>
         <name>cpy_tbl.c.obj</name>
      </input_file>
      <input_file id="fl-3a">
         <path>C:\ti\ccs2040\ccs\tools\compiler\ti-cgt-armllvm_4.0.4.LTS\lib\armv6m-ti-none-eabi\c\</path>
         <kind>archive</kind>
         <file>libc.a</file>
         <name>copy_zero_init.c.obj</name>
      </input_file>
      <input_file id="fl-3b">
         <path>C:\ti\ccs2040\ccs\tools\compiler\ti-cgt-armllvm_4.0.4.LTS\lib\armv6m-ti-none-eabi\c\</path>
         <kind>archive</kind>
         <file>libc.a</file>
         <name>copy_decompress_none.c.obj</name>
      </input_file>
      <input_file id="fl-3c">
         <path>C:\ti\ccs2040\ccs\tools\compiler\ti-cgt-armllvm_4.0.4.LTS\lib\armv6m-ti-none-eabi\c\</path>
         <kind>archive</kind>
         <file>libc.a</file>
         <name>copy_decompress_lzss.c.obj</name>
      </input_file>
      <input_file id="fl-3d">
         <path>C:\ti\ccs2040\ccs\tools\compiler\ti-cgt-armllvm_4.0.4.LTS\lib\armv6m-ti-none-eabi\c\</path>
         <kind>archive</kind>
         <file>libc.a</file>
         <name>sprintf.c.obj</name>
      </input_file>
      <input_file id="fl-3e">
         <path>C:\ti\ccs2040\ccs\tools\compiler\ti-cgt-armllvm_4.0.4.LTS\lib\armv6m-ti-none-eabi\c\</path>
         <kind>archive</kind>
         <file>libc.a</file>
         <name>fclose.c.obj</name>
      </input_file>
      <input_file id="fl-3f">
         <path>C:\ti\ccs2040\ccs\tools\compiler\ti-cgt-armllvm_4.0.4.LTS\lib\armv6m-ti-none-eabi\c\</path>
         <kind>archive</kind>
         <file>libc.a</file>
         <name>fflush.c.obj</name>
      </input_file>
      <input_file id="fl-40">
         <path>C:\ti\ccs2040\ccs\tools\compiler\ti-cgt-armllvm_4.0.4.LTS\lib\armv6m-ti-none-eabi\c\</path>
         <kind>archive</kind>
         <file>libc.a</file>
         <name>fputs.c.obj</name>
      </input_file>
      <input_file id="fl-41">
         <path>C:\ti\ccs2040\ccs\tools\compiler\ti-cgt-armllvm_4.0.4.LTS\lib\armv6m-ti-none-eabi\c\</path>
         <kind>archive</kind>
         <file>libc.a</file>
         <name>_io_perm.c.obj</name>
      </input_file>
      <input_file id="fl-42">
         <path>C:\ti\ccs2040\ccs\tools\compiler\ti-cgt-armllvm_4.0.4.LTS\lib\armv6m-ti-none-eabi\c\</path>
         <kind>archive</kind>
         <file>libc.a</file>
         <name>args_main.c.obj</name>
      </input_file>
      <input_file id="fl-43">
         <path>C:\ti\ccs2040\ccs\tools\compiler\ti-cgt-armllvm_4.0.4.LTS\lib\armv6m-ti-none-eabi\c\</path>
         <kind>archive</kind>
         <file>libc.a</file>
         <name>_printfi.c.obj</name>
      </input_file>
      <input_file id="fl-44">
         <path>C:\ti\ccs2040\ccs\tools\compiler\ti-cgt-armllvm_4.0.4.LTS\lib\armv6m-ti-none-eabi\c\</path>
         <kind>archive</kind>
         <file>libc.a</file>
         <name>fseek.c.obj</name>
      </input_file>
      <input_file id="fl-45">
         <path>C:\ti\ccs2040\ccs\tools\compiler\ti-cgt-armllvm_4.0.4.LTS\lib\armv6m-ti-none-eabi\c\</path>
         <kind>archive</kind>
         <file>libc.a</file>
         <name>_ltoa.c.obj</name>
      </input_file>
      <input_file id="fl-46">
         <path>C:\ti\ccs2040\ccs\tools\compiler\ti-cgt-armllvm_4.0.4.LTS\lib\armv6m-ti-none-eabi\c\</path>
         <kind>archive</kind>
         <file>libc.a</file>
         <name>atoi.c.obj</name>
      </input_file>
      <input_file id="fl-47">
         <path>C:\ti\ccs2040\ccs\tools\compiler\ti-cgt-armllvm_4.0.4.LTS\lib\armv6m-ti-none-eabi\c\</path>
         <kind>archive</kind>
         <file>libc.a</file>
         <name>memccpy.c.obj</name>
      </input_file>
      <input_file id="fl-48">
         <path>C:\ti\ccs2040\ccs\tools\compiler\ti-cgt-armllvm_4.0.4.LTS\lib\armv6m-ti-none-eabi\c\</path>
         <kind>archive</kind>
         <file>libc.a</file>
         <name>s_frexp.c.obj</name>
      </input_file>
      <input_file id="fl-49">
         <path>C:\ti\ccs2040\ccs\tools\compiler\ti-cgt-armllvm_4.0.4.LTS\lib\armv6m-ti-none-eabi\c\</path>
         <kind>archive</kind>
         <file>libc.a</file>
         <name>s_scalbn.c.obj</name>
      </input_file>
      <input_file id="fl-4a">
         <path>C:\ti\ccs2040\ccs\tools\compiler\ti-cgt-armllvm_4.0.4.LTS\lib\armv6m-ti-none-eabi\c\</path>
         <kind>archive</kind>
         <file>libc.a</file>
         <name>wcslen.c.obj</name>
      </input_file>
      <input_file id="fl-4b">
         <path>C:\ti\ccs2040\ccs\tools\compiler\ti-cgt-armllvm_4.0.4.LTS\lib\armv6m-ti-none-eabi\c\</path>
         <kind>archive</kind>
         <file>libc.a</file>
         <name>aeabi_ctype.S.obj</name>
      </input_file>
      <input_file id="fl-eb">
         <path>C:\ti\ccs2040\ccs\tools\compiler\ti-cgt-armllvm_4.0.4.LTS\lib\armv6m-ti-none-eabi\c\</path>
         <kind>archive</kind>
         <file>libsysbm.a</file>
         <name>hostexit.c.obj</name>
      </input_file>
      <input_file id="fl-ec">
         <path>C:\ti\ccs2040\ccs\tools\compiler\ti-cgt-armllvm_4.0.4.LTS\lib\armv6m-ti-none-eabi\c\</path>
         <kind>archive</kind>
         <file>libsysbm.a</file>
         <name>write.c.obj</name>
      </input_file>
      <input_file id="fl-ed">
         <path>C:\ti\ccs2040\ccs\tools\compiler\ti-cgt-armllvm_4.0.4.LTS\lib\armv6m-ti-none-eabi\c\</path>
         <kind>archive</kind>
         <file>libsysbm.a</file>
         <name>host_device.c.obj</name>
      </input_file>
      <input_file id="fl-ee">
         <path>C:\ti\ccs2040\ccs\tools\compiler\ti-cgt-armllvm_4.0.4.LTS\lib\armv6m-ti-none-eabi\c\</path>
         <kind>archive</kind>
         <file>libsysbm.a</file>
         <name>remove.c.obj</name>
      </input_file>
      <input_file id="fl-ef">
         <path>C:\ti\ccs2040\ccs\tools\compiler\ti-cgt-armllvm_4.0.4.LTS\lib\armv6m-ti-none-eabi\c\</path>
         <kind>archive</kind>
         <file>libsysbm.a</file>
         <name>open.c.obj</name>
      </input_file>
      <input_file id="fl-f0">
         <path>C:\ti\ccs2040\ccs\tools\compiler\ti-cgt-armllvm_4.0.4.LTS\lib\armv6m-ti-none-eabi\c\</path>
         <kind>archive</kind>
         <file>libsysbm.a</file>
         <name>lseek.c.obj</name>
      </input_file>
      <input_file id="fl-f1">
         <path>C:\ti\ccs2040\ccs\tools\compiler\ti-cgt-armllvm_4.0.4.LTS\lib\armv6m-ti-none-eabi\c\</path>
         <kind>archive</kind>
         <file>libsysbm.a</file>
         <name>close.c.obj</name>
      </input_file>
      <input_file id="fl-f2">
         <path>C:\ti\ccs2040\ccs\tools\compiler\ti-cgt-armllvm_4.0.4.LTS\lib\armv6m-ti-none-eabi\c\</path>
         <kind>archive</kind>
         <file>libsysbm.a</file>
         <name>add_device.c.obj</name>
      </input_file>
      <input_file id="fl-f3">
         <path>C:\ti\ccs2040\ccs\tools\compiler\ti-cgt-armllvm_4.0.4.LTS\lib\armv6m-ti-none-eabi\c\</path>
         <kind>archive</kind>
         <file>libsysbm.a</file>
         <name>unlink.c.obj</name>
      </input_file>
      <input_file id="fl-f4">
         <path>C:\ti\ccs2040\ccs\tools\compiler\ti-cgt-armllvm_4.0.4.LTS\lib\armv6m-ti-none-eabi\c\</path>
         <kind>archive</kind>
         <file>libsysbm.a</file>
         <name>hostclose.c.obj</name>
      </input_file>
      <input_file id="fl-f5">
         <path>C:\ti\ccs2040\ccs\tools\compiler\ti-cgt-armllvm_4.0.4.LTS\lib\armv6m-ti-none-eabi\c\</path>
         <kind>archive</kind>
         <file>libsysbm.a</file>
         <name>hostlseek.c.obj</name>
      </input_file>
      <input_file id="fl-f6">
         <path>C:\ti\ccs2040\ccs\tools\compiler\ti-cgt-armllvm_4.0.4.LTS\lib\armv6m-ti-none-eabi\c\</path>
         <kind>archive</kind>
         <file>libsysbm.a</file>
         <name>hostopen.c.obj</name>
      </input_file>
      <input_file id="fl-f7">
         <path>C:\ti\ccs2040\ccs\tools\compiler\ti-cgt-armllvm_4.0.4.LTS\lib\armv6m-ti-none-eabi\c\</path>
         <kind>archive</kind>
         <file>libsysbm.a</file>
         <name>hostread.c.obj</name>
      </input_file>
      <input_file id="fl-f8">
         <path>C:\ti\ccs2040\ccs\tools\compiler\ti-cgt-armllvm_4.0.4.LTS\lib\armv6m-ti-none-eabi\c\</path>
         <kind>archive</kind>
         <file>libsysbm.a</file>
         <name>hostrename.c.obj</name>
      </input_file>
      <input_file id="fl-f9">
         <path>C:\ti\ccs2040\ccs\tools\compiler\ti-cgt-armllvm_4.0.4.LTS\lib\armv6m-ti-none-eabi\c\</path>
         <kind>archive</kind>
         <file>libsysbm.a</file>
         <name>hostunlink.c.obj</name>
      </input_file>
      <input_file id="fl-fa">
         <path>C:\ti\ccs2040\ccs\tools\compiler\ti-cgt-armllvm_4.0.4.LTS\lib\armv6m-ti-none-eabi\c\</path>
         <kind>archive</kind>
         <file>libsysbm.a</file>
         <name>hostwrite.c.obj</name>
      </input_file>
      <input_file id="fl-fb">
         <path>C:\ti\ccs2040\ccs\tools\compiler\ti-cgt-armllvm_4.0.4.LTS\lib\armv6m-ti-none-eabi\c\</path>
         <kind>archive</kind>
         <file>libsysbm.a</file>
         <name>trgmsg.c.obj</name>
      </input_file>
      <input_file id="fl-fc">
         <path>C:\ti\ccs2040\ccs\tools\compiler\ti-cgt-armllvm_4.0.4.LTS\lib\armv6m-ti-none-eabi\</path>
         <kind>archive</kind>
         <file>libclang_rt.builtins.a</file>
         <name>adddf3.S.obj</name>
      </input_file>
      <input_file id="fl-fd">
         <path>C:\ti\ccs2040\ccs\tools\compiler\ti-cgt-armllvm_4.0.4.LTS\lib\armv6m-ti-none-eabi\</path>
         <kind>archive</kind>
         <file>libclang_rt.builtins.a</file>
         <name>muldf3.S.obj</name>
      </input_file>
      <input_file id="fl-fe">
         <path>C:\ti\ccs2040\ccs\tools\compiler\ti-cgt-armllvm_4.0.4.LTS\lib\armv6m-ti-none-eabi\</path>
         <kind>archive</kind>
         <file>libclang_rt.builtins.a</file>
         <name>muldsi3.S.obj</name>
      </input_file>
      <input_file id="fl-ff">
         <path>C:\ti\ccs2040\ccs\tools\compiler\ti-cgt-armllvm_4.0.4.LTS\lib\armv6m-ti-none-eabi\</path>
         <kind>archive</kind>
         <file>libclang_rt.builtins.a</file>
         <name>divdf3.S.obj</name>
      </input_file>
      <input_file id="fl-100">
         <path>C:\ti\ccs2040\ccs\tools\compiler\ti-cgt-armllvm_4.0.4.LTS\lib\armv6m-ti-none-eabi\</path>
         <kind>archive</kind>
         <file>libclang_rt.builtins.a</file>
         <name>fixdfsi.S.obj</name>
      </input_file>
      <input_file id="fl-101">
         <path>C:\ti\ccs2040\ccs\tools\compiler\ti-cgt-armllvm_4.0.4.LTS\lib\armv6m-ti-none-eabi\</path>
         <kind>archive</kind>
         <file>libclang_rt.builtins.a</file>
         <name>floatsidf.S.obj</name>
      </input_file>
      <input_file id="fl-102">
         <path>C:\ti\ccs2040\ccs\tools\compiler\ti-cgt-armllvm_4.0.4.LTS\lib\armv6m-ti-none-eabi\</path>
         <kind>archive</kind>
         <file>libclang_rt.builtins.a</file>
         <name>muldi3.S.obj</name>
      </input_file>
      <input_file id="fl-103">
         <path>C:\ti\ccs2040\ccs\tools\compiler\ti-cgt-armllvm_4.0.4.LTS\lib\armv6m-ti-none-eabi\</path>
         <kind>archive</kind>
         <file>libclang_rt.builtins.a</file>
         <name>aeabi_dcmp.S.obj</name>
      </input_file>
      <input_file id="fl-104">
         <path>C:\ti\ccs2040\ccs\tools\compiler\ti-cgt-armllvm_4.0.4.LTS\lib\armv6m-ti-none-eabi\</path>
         <kind>archive</kind>
         <file>libclang_rt.builtins.a</file>
         <name>aeabi_idivmod.S.obj</name>
      </input_file>
      <input_file id="fl-105">
         <path>C:\ti\ccs2040\ccs\tools\compiler\ti-cgt-armllvm_4.0.4.LTS\lib\armv6m-ti-none-eabi\</path>
         <kind>archive</kind>
         <file>libclang_rt.builtins.a</file>
         <name>aeabi_memcpy.S.obj</name>
      </input_file>
      <input_file id="fl-106">
         <path>C:\ti\ccs2040\ccs\tools\compiler\ti-cgt-armllvm_4.0.4.LTS\lib\armv6m-ti-none-eabi\</path>
         <kind>archive</kind>
         <file>libclang_rt.builtins.a</file>
         <name>aeabi_memset.S.obj</name>
      </input_file>
      <input_file id="fl-107">
         <path>C:\ti\ccs2040\ccs\tools\compiler\ti-cgt-armllvm_4.0.4.LTS\lib\armv6m-ti-none-eabi\</path>
         <kind>archive</kind>
         <file>libclang_rt.builtins.a</file>
         <name>aeabi_uidivmod.S.obj</name>
      </input_file>
      <input_file id="fl-108">
         <path>C:\ti\ccs2040\ccs\tools\compiler\ti-cgt-armllvm_4.0.4.LTS\lib\armv6m-ti-none-eabi\</path>
         <kind>archive</kind>
         <file>libclang_rt.builtins.a</file>
         <name>aeabi_uldivmod.S.obj</name>
      </input_file>
      <input_file id="fl-109">
         <path>C:\ti\ccs2040\ccs\tools\compiler\ti-cgt-armllvm_4.0.4.LTS\lib\armv6m-ti-none-eabi\</path>
         <kind>archive</kind>
         <file>libclang_rt.builtins.a</file>
         <name>udivmoddi4.S.obj</name>
      </input_file>
      <input_file id="fl-10a">
         <path>C:\ti\ccs2040\ccs\tools\compiler\ti-cgt-armllvm_4.0.4.LTS\lib\armv6m-ti-none-eabi\</path>
         <kind>archive</kind>
         <file>libclang_rt.builtins.a</file>
         <name>ashldi3.S.obj</name>
      </input_file>
      <input_file id="fl-10b">
         <path>C:\ti\ccs2040\ccs\tools\compiler\ti-cgt-armllvm_4.0.4.LTS\lib\armv6m-ti-none-eabi\</path>
         <kind>archive</kind>
         <file>libclang_rt.builtins.a</file>
         <name>comparedf2.c.obj</name>
      </input_file>
      <input_file id="fl-10c">
         <path>C:\ti\ccs2040\ccs\tools\compiler\ti-cgt-armllvm_4.0.4.LTS\lib\armv6m-ti-none-eabi\</path>
         <kind>archive</kind>
         <file>libclang_rt.builtins.a</file>
         <name>aeabi_div0.c.obj</name>
      </input_file>
      <input_file id="fl-10d">
         <path>C:\ti\ccs2040\ccs\tools\compiler\ti-cgt-armllvm_4.0.4.LTS\lib\armv6m-ti-none-eabi\c\</path>
         <kind>archive</kind>
         <file>libc.a</file>
         <name>getdevice.c.obj</name>
      </input_file>
      <input_file id="fl-10e">
         <path>C:\ti\ccs2040\ccs\tools\compiler\ti-cgt-armllvm_4.0.4.LTS\lib\armv6m-ti-none-eabi\c\</path>
         <kind>archive</kind>
         <file>libc.a</file>
         <name>memcpy16.S.obj</name>
      </input_file>
      <input_file id="fl-10f">
         <path>C:\ti\ccs2040\ccs\tools\compiler\ti-cgt-armllvm_4.0.4.LTS\lib\armv6m-ti-none-eabi\c\</path>
         <kind>archive</kind>
         <file>libc.a</file>
         <name>memset16.S.obj</name>
      </input_file>
   </input_file_list>
   <object_component_list>
      <object_component id="oc-18">
         <name>.intvecs</name>
         <load_address>0x0</load_address>
         <readonly>true</readonly>
         <run_address>0x0</run_address>
         <size>0xc0</size>
         <alignment>0x4</alignment>
         <input_file_ref idref="fl-9"/>
      </object_component>
      <object_component id="oc-b5">
         <name>.text.Clock_Init80MHz</name>
         <load_address>0xc0</load_address>
         <readonly>true</readonly>
         <executable>true</executable>
         <run_address>0xc0</run_address>
         <size>0x1b4</size>
         <alignment>0x4</alignment>
         <input_file_ref idref="fl-1"/>
      </object_component>
      <object_component id="oc-37">
         <name>.text.TIMG0_IRQHandler</name>
         <load_address>0x274</load_address>
         <readonly>true</readonly>
         <executable>true</executable>
         <run_address>0x274</run_address>
         <size>0x188</size>
         <alignment>0x4</alignment>
         <input_file_ref idref="fl-4"/>
      </object_component>
      <object_component id="oc-fc">
         <name>.text.Lab2Grader</name>
         <load_address>0x3fc</load_address>
         <readonly>true</readonly>
         <executable>true</executable>
         <run_address>0x3fc</run_address>
         <size>0x168</size>
         <alignment>0x4</alignment>
         <input_file_ref idref="fl-4"/>
      </object_component>
      <object_component id="oc-11d">
         <name>.text.ADC_Init</name>
         <load_address>0x564</load_address>
         <readonly>true</readonly>
         <executable>true</executable>
         <run_address>0x564</run_address>
         <size>0x134</size>
         <alignment>0x4</alignment>
         <input_file_ref idref="fl-4"/>
      </object_component>
      <object_component id="oc-c4">
         <name>.text</name>
         <load_address>0x698</load_address>
         <readonly>true</readonly>
         <executable>true</executable>
         <run_address>0x698</run_address>
         <size>0xf4</size>
         <alignment>0x4</alignment>
         <input_file_ref idref="fl-3"/>
      </object_component>
      <object_component id="oc-bf">
         <name>.text.UART_Init</name>
         <load_address>0x78c</load_address>
         <readonly>true</readonly>
         <executable>true</executable>
         <run_address>0x78c</run_address>
         <size>0xe8</size>
         <alignment>0x4</alignment>
         <input_file_ref idref="fl-8"/>
      </object_component>
      <object_component id="oc-117">
         <name>.text.ShowProblem</name>
         <load_address>0x874</load_address>
         <readonly>true</readonly>
         <executable>true</executable>
         <run_address>0x874</run_address>
         <size>0xac</size>
         <alignment>0x4</alignment>
         <input_file_ref idref="fl-4"/>
      </object_component>
      <object_component id="oc-118">
         <name>.text.TimerG7_IntArm</name>
         <load_address>0x920</load_address>
         <readonly>true</readonly>
         <executable>true</executable>
         <run_address>0x920</run_address>
         <size>0xa8</size>
         <alignment>0x4</alignment>
         <input_file_ref idref="fl-6"/>
      </object_component>
      <object_component id="oc-64">
         <name>.text.CheckInit</name>
         <load_address>0x9c8</load_address>
         <readonly>true</readonly>
         <executable>true</executable>
         <run_address>0x9c8</run_address>
         <size>0xa4</size>
         <alignment>0x4</alignment>
         <input_file_ref idref="fl-4"/>
      </object_component>
      <object_component id="oc-11f">
         <name>.text.TimerG0_IntArm</name>
         <load_address>0xa6c</load_address>
         <readonly>true</readonly>
         <executable>true</executable>
         <run_address>0xa6c</run_address>
         <size>0xa4</size>
         <alignment>0x4</alignment>
         <input_file_ref idref="fl-6"/>
      </object_component>
      <object_component id="oc-87">
         <name>.text.main</name>
         <load_address>0xb10</load_address>
         <readonly>true</readonly>
         <executable>true</executable>
         <run_address>0xb10</run_address>
         <size>0x94</size>
         <alignment>0x4</alignment>
         <input_file_ref idref="fl-4"/>
      </object_component>
      <object_component id="oc-fa">
         <name>.text.Clock_Freq</name>
         <load_address>0xba4</load_address>
         <readonly>true</readonly>
         <executable>true</executable>
         <run_address>0xba4</run_address>
         <size>0xc</size>
         <alignment>0x4</alignment>
         <input_file_ref idref="fl-1"/>
      </object_component>
      <object_component id="oc-c0">
         <name>.text:strcmp</name>
         <load_address>0xbb0</load_address>
         <readonly>true</readonly>
         <executable>true</executable>
         <run_address>0xbb0</run_address>
         <size>0x88</size>
         <alignment>0x10</alignment>
         <input_file_ref idref="fl-2e"/>
      </object_component>
      <object_component id="oc-ba">
         <name>.text.LaunchPad_Init</name>
         <load_address>0xc38</load_address>
         <readonly>true</readonly>
         <executable>true</executable>
         <run_address>0xc38</run_address>
         <size>0x7c</size>
         <alignment>0x4</alignment>
         <input_file_ref idref="fl-5"/>
      </object_component>
      <object_component id="oc-1c">
         <name>.text:decompress:lzss</name>
         <load_address>0xcb4</load_address>
         <readonly>true</readonly>
         <executable>true</executable>
         <run_address>0xcb4</run_address>
         <size>0x7c</size>
         <alignment>0x4</alignment>
         <input_file_ref idref="fl-3c"/>
      </object_component>
      <object_component id="oc-126">
         <name>.text.TimerG12_Init</name>
         <load_address>0xd30</load_address>
         <readonly>true</readonly>
         <executable>true</executable>
         <run_address>0xd30</run_address>
         <size>0x60</size>
         <alignment>0x4</alignment>
         <input_file_ref idref="fl-6"/>
      </object_component>
      <object_component id="oc-69">
         <name>.text.AddPoints</name>
         <load_address>0xd90</load_address>
         <readonly>true</readonly>
         <executable>true</executable>
         <run_address>0xd90</run_address>
         <size>0x5c</size>
         <alignment>0x4</alignment>
         <input_file_ref idref="fl-4"/>
      </object_component>
      <object_component id="oc-3c">
         <name>.text.TIMG7_IRQHandler</name>
         <load_address>0xdec</load_address>
         <readonly>true</readonly>
         <executable>true</executable>
         <run_address>0xdec</run_address>
         <size>0x5c</size>
         <alignment>0x4</alignment>
         <input_file_ref idref="fl-4"/>
      </object_component>
      <object_component id="oc-65">
         <name>.text.__aeabi_uidivmod</name>
         <load_address>0xe48</load_address>
         <readonly>true</readonly>
         <executable>true</executable>
         <run_address>0xe48</run_address>
         <size>0x40</size>
         <alignment>0x4</alignment>
         <input_file_ref idref="fl-107"/>
      </object_component>
      <object_component id="oc-d1">
         <name>.text:__TI_auto_init_nobinit_nopinit</name>
         <load_address>0xe88</load_address>
         <readonly>true</readonly>
         <executable>true</executable>
         <run_address>0xe88</run_address>
         <size>0x3c</size>
         <alignment>0x4</alignment>
         <input_file_ref idref="fl-37"/>
      </object_component>
      <object_component id="oc-f6">
         <name>.text.ActivatePortA_B</name>
         <load_address>0xec4</load_address>
         <readonly>true</readonly>
         <executable>true</executable>
         <run_address>0xec4</run_address>
         <size>0x38</size>
         <alignment>0x4</alignment>
         <input_file_ref idref="fl-5"/>
      </object_component>
      <object_component id="oc-a3">
         <name>.text.UART_OutUDec</name>
         <load_address>0xefc</load_address>
         <readonly>true</readonly>
         <executable>true</executable>
         <run_address>0xefc</run_address>
         <size>0x36</size>
         <alignment>0x2</alignment>
         <input_file_ref idref="fl-7"/>
      </object_component>
      <object_component id="oc-9d">
         <name>.text.__aeabi_idiv0</name>
         <load_address>0xf32</load_address>
         <readonly>true</readonly>
         <executable>true</executable>
         <run_address>0xf32</run_address>
         <size>0x2</size>
         <alignment>0x2</alignment>
         <input_file_ref idref="fl-10c"/>
      </object_component>
      <object_component id="oc-97">
         <name>.text.EndLab2</name>
         <load_address>0xf34</load_address>
         <readonly>true</readonly>
         <executable>true</executable>
         <run_address>0xf34</run_address>
         <size>0x34</size>
         <alignment>0x4</alignment>
         <input_file_ref idref="fl-4"/>
      </object_component>
      <object_component id="oc-115">
         <name>.text.setUpper</name>
         <load_address>0xf68</load_address>
         <readonly>true</readonly>
         <executable>true</executable>
         <run_address>0xf68</run_address>
         <size>0x34</size>
         <alignment>0x2</alignment>
         <input_file_ref idref="fl-4"/>
      </object_component>
      <object_component id="oc-a4">
         <name>.text.UART_OutChar</name>
         <load_address>0xf9c</load_address>
         <readonly>true</readonly>
         <executable>true</executable>
         <run_address>0xf9c</run_address>
         <size>0x2c</size>
         <alignment>0x4</alignment>
         <input_file_ref idref="fl-8"/>
      </object_component>
      <object_component id="oc-11e">
         <name>.text.ADC_Start</name>
         <load_address>0xfc8</load_address>
         <readonly>true</readonly>
         <executable>true</executable>
         <run_address>0xfc8</run_address>
         <size>0x28</size>
         <alignment>0x4</alignment>
         <input_file_ref idref="fl-4"/>
      </object_component>
      <object_component id="oc-58">
         <name>.text:_c_int00_noargs</name>
         <load_address>0xff0</load_address>
         <readonly>true</readonly>
         <executable>true</executable>
         <run_address>0xff0</run_address>
         <size>0x28</size>
         <alignment>0x4</alignment>
         <input_file_ref idref="fl-35"/>
      </object_component>
      <object_component id="oc-92">
         <name>.text.UART_OutString</name>
         <load_address>0x1018</load_address>
         <readonly>true</readonly>
         <executable>true</executable>
         <run_address>0x1018</run_address>
         <size>0x26</size>
         <alignment>0x2</alignment>
         <input_file_ref idref="fl-7"/>
      </object_component>
      <object_component id="oc-135">
         <name>.text.Random32</name>
         <load_address>0x1040</load_address>
         <readonly>true</readonly>
         <executable>true</executable>
         <run_address>0x1040</run_address>
         <size>0x20</size>
         <alignment>0x4</alignment>
         <input_file_ref idref="fl-4"/>
      </object_component>
      <object_component id="oc-35">
         <name>.text.Default_Handler</name>
         <load_address>0x1060</load_address>
         <readonly>true</readonly>
         <executable>true</executable>
         <run_address>0x1060</run_address>
         <size>0x1c</size>
         <alignment>0x4</alignment>
         <input_file_ref idref="fl-9"/>
      </object_component>
      <object_component id="oc-36">
         <name>.text.HardFault_Handler</name>
         <load_address>0x107c</load_address>
         <readonly>true</readonly>
         <executable>true</executable>
         <run_address>0x107c</run_address>
         <size>0x1c</size>
         <alignment>0x4</alignment>
         <input_file_ref idref="fl-9"/>
      </object_component>
      <object_component id="oc-116">
         <name>.text.Random</name>
         <load_address>0x1098</load_address>
         <readonly>true</readonly>
         <executable>true</executable>
         <run_address>0x1098</run_address>
         <size>0x18</size>
         <alignment>0x2</alignment>
         <input_file_ref idref="fl-4"/>
      </object_component>
      <object_component id="oc-4f">
         <name>.text:decompress:ZI:__TI_zero_init_nomemset</name>
         <load_address>0x10b0</load_address>
         <readonly>true</readonly>
         <executable>true</executable>
         <run_address>0x10b0</run_address>
         <size>0x16</size>
         <alignment>0x2</alignment>
         <input_file_ref idref="fl-3a"/>
      </object_component>
      <object_component id="oc-fd">
         <name>.text.Debug_Init</name>
         <load_address>0x10c8</load_address>
         <readonly>true</readonly>
         <executable>true</executable>
         <run_address>0x10c8</run_address>
         <size>0x14</size>
         <alignment>0x4</alignment>
         <input_file_ref idref="fl-2"/>
      </object_component>
      <object_component id="oc-ab">
         <name>.text:TI_memcpy_small</name>
         <load_address>0x10dc</load_address>
         <readonly>true</readonly>
         <executable>true</executable>
         <run_address>0x10dc</run_address>
         <size>0x12</size>
         <alignment>0x1</alignment>
         <input_file_ref idref="fl-10e"/>
      </object_component>
      <object_component id="oc-20">
         <name>.text:decompress:none</name>
         <load_address>0x10ee</load_address>
         <readonly>true</readonly>
         <executable>true</executable>
         <run_address>0x10ee</run_address>
         <size>0x12</size>
         <alignment>0x2</alignment>
         <input_file_ref idref="fl-3b"/>
      </object_component>
      <object_component id="oc-f9">
         <name>.text.Clock_Delay</name>
         <load_address>0x1100</load_address>
         <readonly>true</readonly>
         <executable>true</executable>
         <run_address>0x1100</run_address>
         <size>0x10</size>
         <alignment>0x2</alignment>
         <input_file_ref idref="fl-1"/>
      </object_component>
      <object_component id="oc-114">
         <name>.text.Delay</name>
         <load_address>0x1110</load_address>
         <readonly>true</readonly>
         <executable>true</executable>
         <run_address>0x1110</run_address>
         <size>0x10</size>
         <alignment>0x2</alignment>
         <input_file_ref idref="fl-5"/>
      </object_component>
      <object_component id="oc-48">
         <name>.text.__aeabi_memcpy</name>
         <load_address>0x1120</load_address>
         <readonly>true</readonly>
         <executable>true</executable>
         <run_address>0x1120</run_address>
         <size>0x8</size>
         <alignment>0x4</alignment>
         <input_file_ref idref="fl-105"/>
      </object_component>
      <object_component id="oc-ca">
         <name>.text:abort</name>
         <load_address>0x1128</load_address>
         <readonly>true</readonly>
         <executable>true</executable>
         <run_address>0x1128</run_address>
         <size>0x6</size>
         <alignment>0x2</alignment>
         <input_file_ref idref="fl-30"/>
      </object_component>
      <object_component id="oc-103">
         <name>.text.HOSTexit</name>
         <load_address>0x112e</load_address>
         <readonly>true</readonly>
         <executable>true</executable>
         <run_address>0x112e</run_address>
         <size>0x4</size>
         <alignment>0x2</alignment>
         <input_file_ref idref="fl-eb"/>
      </object_component>
      <object_component id="oc-31">
         <name>.text.Reset_Handler</name>
         <load_address>0x1132</load_address>
         <readonly>true</readonly>
         <executable>true</executable>
         <run_address>0x1132</run_address>
         <size>0x4</size>
         <alignment>0x2</alignment>
         <input_file_ref idref="fl-9"/>
      </object_component>
      <object_component id="oc-83">
         <name>.text._system_pre_init</name>
         <load_address>0x1136</load_address>
         <readonly>true</readonly>
         <executable>true</executable>
         <run_address>0x1136</run_address>
         <size>0x4</size>
         <alignment>0x2</alignment>
         <input_file_ref idref="fl-38"/>
      </object_component>
      <object_component id="oc-17d">
         <name>.cinit..data.load</name>
         <load_address>0x1558</load_address>
         <readonly>true</readonly>
         <run_address>0x1558</run_address>
         <size>0xc</size>
         <alignment>0x1</alignment>
      </object_component>
      <object_component id="oc-17b">
         <name>__TI_handler_table</name>
         <load_address>0x1564</load_address>
         <readonly>true</readonly>
         <run_address>0x1564</run_address>
         <size>0xc</size>
         <alignment>0x4</alignment>
      </object_component>
      <object_component id="oc-17e">
         <name>.cinit..bss.load</name>
         <load_address>0x1570</load_address>
         <readonly>true</readonly>
         <run_address>0x1570</run_address>
         <size>0x8</size>
         <alignment>0x4</alignment>
      </object_component>
      <object_component id="oc-17c">
         <name>__TI_cinit_table</name>
         <load_address>0x1578</load_address>
         <readonly>true</readonly>
         <run_address>0x1578</run_address>
         <size>0x10</size>
         <alignment>0x4</alignment>
      </object_component>
      <object_component id="oc-136">
         <name>.rodata.ChangeProblem</name>
         <load_address>0x1140</load_address>
         <readonly>true</readonly>
         <run_address>0x1140</run_address>
         <size>0x140</size>
         <alignment>0x1</alignment>
         <input_file_ref idref="fl-4"/>
      </object_component>
      <object_component id="oc-137">
         <name>.rodata.LEDProblem</name>
         <load_address>0x1280</load_address>
         <readonly>true</readonly>
         <run_address>0x1280</run_address>
         <size>0xf0</size>
         <alignment>0x1</alignment>
         <input_file_ref idref="fl-4"/>
      </object_component>
      <object_component id="oc-76">
         <name>.rodata.Duties</name>
         <load_address>0x1370</load_address>
         <readonly>true</readonly>
         <run_address>0x1370</run_address>
         <size>0x80</size>
         <alignment>0x4</alignment>
         <input_file_ref idref="fl-4"/>
      </object_component>
      <object_component id="oc-123">
         <name>.rodata.str1.7062926969206311597.1</name>
         <load_address>0x13f0</load_address>
         <readonly>true</readonly>
         <run_address>0x13f0</run_address>
         <size>0x2c</size>
         <alignment>0x1</alignment>
         <input_file_ref idref="fl-4"/>
      </object_component>
      <object_component id="oc-c9">
         <name>.rodata.str1.3207379175751376446.1</name>
         <load_address>0x141c</load_address>
         <readonly>true</readonly>
         <run_address>0x141c</run_address>
         <size>0x23</size>
         <alignment>0x1</alignment>
         <input_file_ref idref="fl-4"/>
      </object_component>
      <object_component id="oc-9b">
         <name>.rodata.str1.4222954125509300341.1</name>
         <load_address>0x143f</load_address>
         <readonly>true</readonly>
         <run_address>0x143f</run_address>
         <size>0x23</size>
         <alignment>0x1</alignment>
         <input_file_ref idref="fl-4"/>
      </object_component>
      <object_component id="oc-9a">
         <name>.rodata.str1.13815578979866684134.1</name>
         <load_address>0x1462</load_address>
         <readonly>true</readonly>
         <run_address>0x1462</run_address>
         <size>0x22</size>
         <alignment>0x1</alignment>
         <input_file_ref idref="fl-4"/>
      </object_component>
      <object_component id="oc-e6">
         <name>.rodata.str1.3364126515973276094.1</name>
         <load_address>0x1484</load_address>
         <readonly>true</readonly>
         <run_address>0x1484</run_address>
         <size>0x1e</size>
         <alignment>0x1</alignment>
         <input_file_ref idref="fl-4"/>
      </object_component>
      <object_component id="oc-9c">
         <name>.rodata.str1.6392833449475755291.1</name>
         <load_address>0x14a2</load_address>
         <readonly>true</readonly>
         <run_address>0x14a2</run_address>
         <size>0x1c</size>
         <alignment>0x1</alignment>
         <input_file_ref idref="fl-4"/>
      </object_component>
      <object_component id="oc-138">
         <name>.rodata.str1.17126488509411296819.1</name>
         <load_address>0x14be</load_address>
         <readonly>true</readonly>
         <run_address>0x14be</run_address>
         <size>0x19</size>
         <alignment>0x1</alignment>
         <input_file_ref idref="fl-4"/>
      </object_component>
      <object_component id="oc-124">
         <name>.rodata.str1.8766917546399914832.1</name>
         <load_address>0x14d7</load_address>
         <readonly>true</readonly>
         <run_address>0x14d7</run_address>
         <size>0x17</size>
         <alignment>0x1</alignment>
         <input_file_ref idref="fl-4"/>
      </object_component>
      <object_component id="oc-6c">
         <name>.rodata.ChangeMask</name>
         <load_address>0x14f0</load_address>
         <readonly>true</readonly>
         <run_address>0x14f0</run_address>
         <size>0x10</size>
         <alignment>0x4</alignment>
         <input_file_ref idref="fl-4"/>
      </object_component>
      <object_component id="oc-98">
         <name>.rodata.InMux</name>
         <load_address>0x1500</load_address>
         <readonly>true</readonly>
         <run_address>0x1500</run_address>
         <size>0x10</size>
         <alignment>0x4</alignment>
         <input_file_ref idref="fl-4"/>
      </object_component>
      <object_component id="oc-125">
         <name>.rodata.str1.12998734593300111219.1</name>
         <load_address>0x1510</load_address>
         <readonly>true</readonly>
         <run_address>0x1510</run_address>
         <size>0xe</size>
         <alignment>0x1</alignment>
         <input_file_ref idref="fl-4"/>
      </object_component>
      <object_component id="oc-6e">
         <name>.rodata.LEDMask</name>
         <load_address>0x1520</load_address>
         <readonly>true</readonly>
         <run_address>0x1520</run_address>
         <size>0xc</size>
         <alignment>0x4</alignment>
         <input_file_ref idref="fl-4"/>
      </object_component>
      <object_component id="oc-99">
         <name>.rodata.OutMux</name>
         <load_address>0x152c</load_address>
         <readonly>true</readonly>
         <run_address>0x152c</run_address>
         <size>0xc</size>
         <alignment>0x4</alignment>
         <input_file_ref idref="fl-4"/>
      </object_component>
      <object_component id="oc-aa">
         <name>.rodata.str1.7469063428172274975.1</name>
         <load_address>0x1538</load_address>
         <readonly>true</readonly>
         <run_address>0x1538</run_address>
         <size>0xb</size>
         <alignment>0x1</alignment>
         <input_file_ref idref="fl-4"/>
      </object_component>
      <object_component id="oc-e5">
         <name>.rodata.str1.16917794796988880805.1</name>
         <load_address>0x1543</load_address>
         <readonly>true</readonly>
         <run_address>0x1543</run_address>
         <size>0x8</size>
         <alignment>0x1</alignment>
         <input_file_ref idref="fl-4"/>
      </object_component>
      <object_component id="oc-c8">
         <name>.rodata.str1.12787440571598318044.1</name>
         <load_address>0x154b</load_address>
         <readonly>true</readonly>
         <run_address>0x154b</run_address>
         <size>0x7</size>
         <alignment>0x1</alignment>
         <input_file_ref idref="fl-4"/>
      </object_component>
      <object_component id="oc-139">
         <name>.rodata.str1.4040185417061405959.1</name>
         <load_address>0x1552</load_address>
         <readonly>true</readonly>
         <run_address>0x1552</run_address>
         <size>0x3</size>
         <alignment>0x1</alignment>
         <input_file_ref idref="fl-4"/>
      </object_component>
      <object_component id="oc-145">
         <name>.binit</name>
         <load_address>0x0</load_address>
         <readonly>true</readonly>
         <run_address>0x0</run_address>
         <size>0x0</size>
         <alignment>0x4</alignment>
      </object_component>
      <object_component id="oc-f3">
         <name>.data.BusFreq</name>
         <load_address>0x20200238</load_address>
         <readwrite>true</readwrite>
         <run_address>0x20200238</run_address>
         <size>0x4</size>
         <alignment>0x4</alignment>
         <input_file_ref idref="fl-1"/>
      </object_component>
      <object_component id="oc-6b">
         <name>.data.Mode0</name>
         <load_address>0x2020023c</load_address>
         <readwrite>true</readwrite>
         <run_address>0x2020023c</run_address>
         <size>0x4</size>
         <alignment>0x4</alignment>
         <input_file_ref idref="fl-4"/>
      </object_component>
      <object_component id="oc-6d">
         <name>.data.Mode1</name>
         <load_address>0x20200240</load_address>
         <readwrite>true</readwrite>
         <run_address>0x20200240</run_address>
         <size>0x4</size>
         <alignment>0x4</alignment>
         <input_file_ref idref="fl-4"/>
      </object_component>
      <object_component id="oc-75">
         <name>.data.Mode2</name>
         <load_address>0x20200244</load_address>
         <readwrite>true</readwrite>
         <run_address>0x20200244</run_address>
         <size>0x4</size>
         <alignment>0x4</alignment>
         <input_file_ref idref="fl-4"/>
      </object_component>
      <object_component id="oc-6a">
         <name>.data.Time</name>
         <load_address>0x2020024c</load_address>
         <readwrite>true</readwrite>
         <run_address>0x2020024c</run_address>
         <size>0x4</size>
         <alignment>0x4</alignment>
         <input_file_ref idref="fl-4"/>
      </object_component>
      <object_component id="oc-a9">
         <name>.data.Score</name>
         <load_address>0x20200248</load_address>
         <readwrite>true</readwrite>
         <run_address>0x20200248</run_address>
         <size>0x4</size>
         <alignment>0x4</alignment>
         <input_file_ref idref="fl-4"/>
      </object_component>
      <object_component id="oc-127">
         <name>.common:DebugCnt</name>
         <uninitialized>true</uninitialized>
         <readwrite>true</readwrite>
         <run_address>0x20200210</run_address>
         <size>0x4</size>
         <alignment>0x4</alignment>
      </object_component>
      <object_component id="oc-121">
         <name>.common:M</name>
         <uninitialized>true</uninitialized>
         <readwrite>true</readwrite>
         <run_address>0x20200220</run_address>
         <size>0x4</size>
         <alignment>0x4</alignment>
      </object_component>
      <object_component id="oc-74">
         <name>.common:Inflag</name>
         <uninitialized>true</uninitialized>
         <readwrite>true</readwrite>
         <run_address>0x20200200</run_address>
         <size>0x10</size>
         <alignment>0x4</alignment>
      </object_component>
      <object_component id="oc-6f">
         <name>.common:LastLED</name>
         <uninitialized>true</uninitialized>
         <readwrite>true</readwrite>
         <run_address>0x2020021c</run_address>
         <size>0x4</size>
         <alignment>0x4</alignment>
      </object_component>
      <object_component id="oc-70">
         <name>.common:FirstCount</name>
         <uninitialized>true</uninitialized>
         <readwrite>true</readwrite>
         <run_address>0x20200218</run_address>
         <size>0x4</size>
         <alignment>0x4</alignment>
      </object_component>
      <object_component id="oc-71">
         <name>.common:Period</name>
         <uninitialized>true</uninitialized>
         <readwrite>true</readwrite>
         <run_address>0x20200224</run_address>
         <size>0x4</size>
         <alignment>0x4</alignment>
      </object_component>
      <object_component id="oc-72">
         <name>.common:SecondCount</name>
         <uninitialized>true</uninitialized>
         <readwrite>true</readwrite>
         <run_address>0x2020022c</run_address>
         <size>0x4</size>
         <alignment>0x4</alignment>
      </object_component>
      <object_component id="oc-73">
         <name>.common:Duty</name>
         <uninitialized>true</uninitialized>
         <readwrite>true</readwrite>
         <run_address>0x20200214</run_address>
         <size>0x4</size>
         <alignment>0x4</alignment>
      </object_component>
      <object_component id="oc-79">
         <name>.common:TExaSadc</name>
         <uninitialized>true</uninitialized>
         <readwrite>true</readwrite>
         <run_address>0x20200234</run_address>
         <size>0x4</size>
         <alignment>0x4</alignment>
      </object_component>
      <object_component id="oc-120">
         <name>.common:Phase</name>
         <uninitialized>true</uninitialized>
         <readwrite>true</readwrite>
         <run_address>0x20200228</run_address>
         <size>0x4</size>
         <alignment>0x4</alignment>
      </object_component>
      <object_component id="oc-122">
         <name>.common:SizeofEID</name>
         <uninitialized>true</uninitialized>
         <readwrite>true</readwrite>
         <run_address>0x20200230</run_address>
         <size>0x4</size>
         <alignment>0x4</alignment>
      </object_component>
      <object_component id="oc-2f">
         <name>.sysmem</name>
         <uninitialized>true</uninitialized>
         <readwrite>true</readwrite>
         <run_address>0x20200000</run_address>
         <size>0x10</size>
         <alignment>0x8</alignment>
         <input_file_ref idref="fl-34"/>
      </object_component>
      <object_component id="oc-181">
         <name>.sysmem</name>
         <uninitialized>true</uninitialized>
         <readwrite>true</readwrite>
         <run_address>0x20200000</run_address>
         <size>0x0</size>
         <alignment>0x4</alignment>
      </object_component>
      <object_component id="oc-1a">
         <name>.stack</name>
         <uninitialized>true</uninitialized>
         <readwrite>true</readwrite>
         <run_address>0x20207e00</run_address>
         <size>0x4</size>
         <alignment>0x4</alignment>
         <input_file_ref idref="fl-35"/>
      </object_component>
      <object_component id="oc-180">
         <name>.stack</name>
         <uninitialized>true</uninitialized>
         <readwrite>true</readwrite>
         <run_address>0x20207e00</run_address>
         <size>0x0</size>
         <alignment>0x8</alignment>
      </object_component>
      <object_component id="oc-f4">
         <name>.debug_abbrev</name>
         <load_address>0x0</load_address>
         <run_address>0x0</run_address>
         <size>0x16c</size>
         <alignment>0x1</alignment>
         <input_file_ref idref="fl-1"/>
      </object_component>
      <object_component id="oc-128">
         <name>.debug_abbrev</name>
         <load_address>0x16c</load_address>
         <run_address>0x16c</run_address>
         <size>0x106</size>
         <alignment>0x1</alignment>
         <input_file_ref idref="fl-2"/>
      </object_component>
      <object_component id="oc-102">
         <name>.debug_abbrev</name>
         <load_address>0x272</load_address>
         <run_address>0x272</run_address>
         <size>0x21</size>
         <alignment>0x1</alignment>
         <input_file_ref idref="fl-3"/>
      </object_component>
      <object_component id="oc-77">
         <name>.debug_abbrev</name>
         <load_address>0x293</load_address>
         <run_address>0x293</run_address>
         <size>0x203</size>
         <alignment>0x1</alignment>
         <input_file_ref idref="fl-4"/>
      </object_component>
      <object_component id="oc-f7">
         <name>.debug_abbrev</name>
         <load_address>0x496</load_address>
         <run_address>0x496</run_address>
         <size>0x10d</size>
         <alignment>0x1</alignment>
         <input_file_ref idref="fl-5"/>
      </object_component>
      <object_component id="oc-13a">
         <name>.debug_abbrev</name>
         <load_address>0x5a3</load_address>
         <run_address>0x5a3</run_address>
         <size>0xf3</size>
         <alignment>0x1</alignment>
         <input_file_ref idref="fl-6"/>
      </object_component>
      <object_component id="oc-e3">
         <name>.debug_abbrev</name>
         <load_address>0x696</load_address>
         <run_address>0x696</run_address>
         <size>0xdc</size>
         <alignment>0x1</alignment>
         <input_file_ref idref="fl-7"/>
      </object_component>
      <object_component id="oc-ea">
         <name>.debug_abbrev</name>
         <load_address>0x772</load_address>
         <run_address>0x772</run_address>
         <size>0xe6</size>
         <alignment>0x1</alignment>
         <input_file_ref idref="fl-8"/>
      </object_component>
      <object_component id="oc-3d">
         <name>.debug_abbrev</name>
         <load_address>0x858</load_address>
         <run_address>0x858</run_address>
         <size>0x6d</size>
         <alignment>0x1</alignment>
         <input_file_ref idref="fl-9"/>
      </object_component>
      <object_component id="oc-fb">
         <name>.debug_abbrev</name>
         <load_address>0x8c5</load_address>
         <run_address>0x8c5</run_address>
         <size>0x21</size>
         <alignment>0x1</alignment>
         <input_file_ref idref="fl-2e"/>
      </object_component>
      <object_component id="oc-107">
         <name>.debug_abbrev</name>
         <load_address>0x8e6</load_address>
         <run_address>0x8e6</run_address>
         <size>0x98</size>
         <alignment>0x1</alignment>
         <input_file_ref idref="fl-30"/>
      </object_component>
      <object_component id="oc-5f">
         <name>.debug_abbrev</name>
         <load_address>0x97e</load_address>
         <run_address>0x97e</run_address>
         <size>0x299</size>
         <alignment>0x1</alignment>
         <input_file_ref idref="fl-34"/>
      </object_component>
      <object_component id="oc-3f">
         <name>.debug_abbrev</name>
         <load_address>0xc17</load_address>
         <run_address>0xc17</run_address>
         <size>0xaf</size>
         <alignment>0x1</alignment>
         <input_file_ref idref="fl-35"/>
      </object_component>
      <object_component id="oc-10d">
         <name>.debug_abbrev</name>
         <load_address>0xcc6</load_address>
         <run_address>0xcc6</run_address>
         <size>0x170</size>
         <alignment>0x1</alignment>
         <input_file_ref idref="fl-37"/>
      </object_component>
      <object_component id="oc-b3">
         <name>.debug_abbrev</name>
         <load_address>0xe36</load_address>
         <run_address>0xe36</run_address>
         <size>0x39</size>
         <alignment>0x1</alignment>
         <input_file_ref idref="fl-38"/>
      </object_component>
      <object_component id="oc-7c">
         <name>.debug_abbrev</name>
         <load_address>0xe6f</load_address>
         <run_address>0xe6f</run_address>
         <size>0xc2</size>
         <alignment>0x1</alignment>
         <input_file_ref idref="fl-3a"/>
      </object_component>
      <object_component id="oc-4c">
         <name>.debug_abbrev</name>
         <load_address>0xf31</load_address>
         <run_address>0xf31</run_address>
         <size>0x70</size>
         <alignment>0x1</alignment>
         <input_file_ref idref="fl-3b"/>
      </object_component>
      <object_component id="oc-44">
         <name>.debug_abbrev</name>
         <load_address>0xfa1</load_address>
         <run_address>0xfa1</run_address>
         <size>0x8d</size>
         <alignment>0x1</alignment>
         <input_file_ref idref="fl-3c"/>
      </object_component>
      <object_component id="oc-12a">
         <name>.debug_abbrev</name>
         <load_address>0x102e</load_address>
         <run_address>0x102e</run_address>
         <size>0x2c</size>
         <alignment>0x1</alignment>
         <input_file_ref idref="fl-eb"/>
      </object_component>
      <object_component id="oc-7b">
         <name>.debug_abbrev</name>
         <load_address>0x105a</load_address>
         <run_address>0x105a</run_address>
         <size>0x27</size>
         <alignment>0x1</alignment>
         <input_file_ref idref="fl-105"/>
      </object_component>
      <object_component id="oc-a2">
         <name>.debug_abbrev</name>
         <load_address>0x1081</load_address>
         <run_address>0x1081</run_address>
         <size>0x27</size>
         <alignment>0x1</alignment>
         <input_file_ref idref="fl-107"/>
      </object_component>
      <object_component id="oc-e7">
         <name>.debug_abbrev</name>
         <load_address>0x10a8</load_address>
         <run_address>0x10a8</run_address>
         <size>0x59</size>
         <alignment>0x1</alignment>
         <input_file_ref idref="fl-10c"/>
      </object_component>
      <object_component id="oc-ec">
         <name>.debug_abbrev</name>
         <load_address>0x1101</load_address>
         <run_address>0x1101</run_address>
         <size>0x25</size>
         <alignment>0x1</alignment>
         <input_file_ref idref="fl-10e"/>
      </object_component>
      <object_component id="oc-183">
         <name>.debug_abbrev</name>
         <load_address>0x1126</load_address>
         <run_address>0x1126</run_address>
         <size>0xf</size>
         <alignment>0x0</alignment>
      </object_component>
      <object_component id="oc-b8">
         <name>.debug_info</name>
         <load_address>0x0</load_address>
         <run_address>0x0</run_address>
         <size>0x1363</size>
         <alignment>0x1</alignment>
         <input_file_ref idref="fl-1"/>
      </object_component>
      <object_component id="oc-100">
         <name>.debug_info</name>
         <load_address>0x1363</load_address>
         <run_address>0x1363</run_address>
         <size>0x873</size>
         <alignment>0x1</alignment>
         <input_file_ref idref="fl-2"/>
      </object_component>
      <object_component id="oc-c7">
         <name>.debug_info</name>
         <load_address>0x1bd6</load_address>
         <run_address>0x1bd6</run_address>
         <size>0x26c</size>
         <alignment>0x1</alignment>
         <input_file_ref idref="fl-3"/>
      </object_component>
      <object_component id="oc-3a">
         <name>.debug_info</name>
         <load_address>0x1e42</load_address>
         <run_address>0x1e42</run_address>
         <size>0x1fb6</size>
         <alignment>0x1</alignment>
         <input_file_ref idref="fl-4"/>
      </object_component>
      <object_component id="oc-bb">
         <name>.debug_info</name>
         <load_address>0x3df8</load_address>
         <run_address>0x3df8</run_address>
         <size>0x879</size>
         <alignment>0x1</alignment>
         <input_file_ref idref="fl-5"/>
      </object_component>
      <object_component id="oc-11c">
         <name>.debug_info</name>
         <load_address>0x4671</load_address>
         <run_address>0x4671</run_address>
         <size>0x9b1</size>
         <alignment>0x1</alignment>
         <input_file_ref idref="fl-6"/>
      </object_component>
      <object_component id="oc-93">
         <name>.debug_info</name>
         <load_address>0x5022</load_address>
         <run_address>0x5022</run_address>
         <size>0x5da</size>
         <alignment>0x1</alignment>
         <input_file_ref idref="fl-7"/>
      </object_component>
      <object_component id="oc-a5">
         <name>.debug_info</name>
         <load_address>0x55fc</load_address>
         <run_address>0x55fc</run_address>
         <size>0x63f</size>
         <alignment>0x1</alignment>
         <input_file_ref idref="fl-8"/>
      </object_component>
      <object_component id="oc-19">
         <name>.debug_info</name>
         <load_address>0x5c3b</load_address>
         <run_address>0x5c3b</run_address>
         <size>0x94</size>
         <alignment>0x1</alignment>
         <input_file_ref idref="fl-9"/>
      </object_component>
      <object_component id="oc-c3">
         <name>.debug_info</name>
         <load_address>0x5ccf</load_address>
         <run_address>0x5ccf</run_address>
         <size>0x10d</size>
         <alignment>0x1</alignment>
         <input_file_ref idref="fl-2e"/>
      </object_component>
      <object_component id="oc-cc">
         <name>.debug_info</name>
         <load_address>0x5ddc</load_address>
         <run_address>0x5ddc</run_address>
         <size>0xf8</size>
         <alignment>0x1</alignment>
         <input_file_ref idref="fl-30"/>
      </object_component>
      <object_component id="oc-30">
         <name>.debug_info</name>
         <load_address>0x5ed4</load_address>
         <run_address>0x5ed4</run_address>
         <size>0xae7</size>
         <alignment>0x1</alignment>
         <input_file_ref idref="fl-34"/>
      </object_component>
      <object_component id="oc-1b">
         <name>.debug_info</name>
         <load_address>0x69bb</load_address>
         <run_address>0x69bb</run_address>
         <size>0x423</size>
         <alignment>0x1</alignment>
         <input_file_ref idref="fl-35"/>
      </object_component>
      <object_component id="oc-d4">
         <name>.debug_info</name>
         <load_address>0x6dde</load_address>
         <run_address>0x6dde</run_address>
         <size>0x744</size>
         <alignment>0x1</alignment>
         <input_file_ref idref="fl-37"/>
      </object_component>
      <object_component id="oc-86">
         <name>.debug_info</name>
         <load_address>0x7522</load_address>
         <run_address>0x7522</run_address>
         <size>0x46</size>
         <alignment>0x1</alignment>
         <input_file_ref idref="fl-38"/>
      </object_component>
      <object_component id="oc-51">
         <name>.debug_info</name>
         <load_address>0x7568</load_address>
         <run_address>0x7568</run_address>
         <size>0x192</size>
         <alignment>0x1</alignment>
         <input_file_ref idref="fl-3a"/>
      </object_component>
      <object_component id="oc-22">
         <name>.debug_info</name>
         <load_address>0x76fa</load_address>
         <run_address>0x76fa</run_address>
         <size>0xc6</size>
         <alignment>0x1</alignment>
         <input_file_ref idref="fl-3b"/>
      </object_component>
      <object_component id="oc-1e">
         <name>.debug_info</name>
         <load_address>0x77c0</load_address>
         <run_address>0x77c0</run_address>
         <size>0x17c</size>
         <alignment>0x1</alignment>
         <input_file_ref idref="fl-3c"/>
      </object_component>
      <object_component id="oc-106">
         <name>.debug_info</name>
         <load_address>0x793c</load_address>
         <run_address>0x793c</run_address>
         <size>0x3b</size>
         <alignment>0x1</alignment>
         <input_file_ref idref="fl-eb"/>
      </object_component>
      <object_component id="oc-4b">
         <name>.debug_info</name>
         <load_address>0x7977</load_address>
         <run_address>0x7977</run_address>
         <size>0x18b</size>
         <alignment>0x1</alignment>
         <input_file_ref idref="fl-105"/>
      </object_component>
      <object_component id="oc-66">
         <name>.debug_info</name>
         <load_address>0x7b02</load_address>
         <run_address>0x7b02</run_address>
         <size>0x1ae</size>
         <alignment>0x1</alignment>
         <input_file_ref idref="fl-107"/>
      </object_component>
      <object_component id="oc-a1">
         <name>.debug_info</name>
         <load_address>0x7cb0</load_address>
         <run_address>0x7cb0</run_address>
         <size>0x85</size>
         <alignment>0x1</alignment>
         <input_file_ref idref="fl-10c"/>
      </object_component>
      <object_component id="oc-ac">
         <name>.debug_info</name>
         <load_address>0x7d35</load_address>
         <run_address>0x7d35</run_address>
         <size>0x2f3</size>
         <alignment>0x1</alignment>
         <input_file_ref idref="fl-10e"/>
      </object_component>
      <object_component id="oc-182">
         <name>.debug_info</name>
         <load_address>0x8028</load_address>
         <run_address>0x8028</run_address>
         <size>0xb8</size>
         <alignment>0x0</alignment>
      </object_component>
      <object_component id="oc-b6">
         <name>.debug_ranges</name>
         <load_address>0x0</load_address>
         <run_address>0x0</run_address>
         <size>0x58</size>
         <alignment>0x1</alignment>
         <input_file_ref idref="fl-1"/>
      </object_component>
      <object_component id="oc-fe">
         <name>.debug_ranges</name>
         <load_address>0x58</load_address>
         <run_address>0x58</run_address>
         <size>0x30</size>
         <alignment>0x1</alignment>
         <input_file_ref idref="fl-2"/>
      </object_component>
      <object_component id="oc-39">
         <name>.debug_ranges</name>
         <load_address>0x88</load_address>
         <run_address>0x88</run_address>
         <size>0x78</size>
         <alignment>0x1</alignment>
         <input_file_ref idref="fl-4"/>
      </object_component>
      <object_component id="oc-bd">
         <name>.debug_ranges</name>
         <load_address>0x100</load_address>
         <run_address>0x100</run_address>
         <size>0x60</size>
         <alignment>0x1</alignment>
         <input_file_ref idref="fl-5"/>
      </object_component>
      <object_component id="oc-119">
         <name>.debug_ranges</name>
         <load_address>0x160</load_address>
         <run_address>0x160</run_address>
         <size>0x48</size>
         <alignment>0x1</alignment>
         <input_file_ref idref="fl-6"/>
      </object_component>
      <object_component id="oc-95">
         <name>.debug_ranges</name>
         <load_address>0x1a8</load_address>
         <run_address>0x1a8</run_address>
         <size>0x80</size>
         <alignment>0x1</alignment>
         <input_file_ref idref="fl-7"/>
      </object_component>
      <object_component id="oc-a7">
         <name>.debug_ranges</name>
         <load_address>0x228</load_address>
         <run_address>0x228</run_address>
         <size>0x38</size>
         <alignment>0x1</alignment>
         <input_file_ref idref="fl-8"/>
      </object_component>
      <object_component id="oc-32">
         <name>.debug_ranges</name>
         <load_address>0x260</load_address>
         <run_address>0x260</run_address>
         <size>0x20</size>
         <alignment>0x1</alignment>
         <input_file_ref idref="fl-9"/>
      </object_component>
      <object_component id="oc-cb">
         <name>.debug_ranges</name>
         <load_address>0x280</load_address>
         <run_address>0x280</run_address>
         <size>0x18</size>
         <alignment>0x1</alignment>
         <input_file_ref idref="fl-30"/>
      </object_component>
      <object_component id="oc-62">
         <name>.debug_ranges</name>
         <load_address>0x298</load_address>
         <run_address>0x298</run_address>
         <size>0xa0</size>
         <alignment>0x1</alignment>
         <input_file_ref idref="fl-34"/>
      </object_component>
      <object_component id="oc-42">
         <name>.debug_ranges</name>
         <load_address>0x338</load_address>
         <run_address>0x338</run_address>
         <size>0x48</size>
         <alignment>0x1</alignment>
         <input_file_ref idref="fl-35"/>
      </object_component>
      <object_component id="oc-d5">
         <name>.debug_ranges</name>
         <load_address>0x380</load_address>
         <run_address>0x380</run_address>
         <size>0x48</size>
         <alignment>0x1</alignment>
         <input_file_ref idref="fl-37"/>
      </object_component>
      <object_component id="oc-53">
         <name>.debug_ranges</name>
         <load_address>0x3c8</load_address>
         <run_address>0x3c8</run_address>
         <size>0x18</size>
         <alignment>0x1</alignment>
         <input_file_ref idref="fl-3a"/>
      </object_component>
      <object_component id="oc-47">
         <name>.debug_ranges</name>
         <load_address>0x3e0</load_address>
         <run_address>0x3e0</run_address>
         <size>0x50</size>
         <alignment>0x1</alignment>
         <input_file_ref idref="fl-3c"/>
      </object_component>
      <object_component id="oc-9f">
         <name>.debug_ranges</name>
         <load_address>0x430</load_address>
         <run_address>0x430</run_address>
         <size>0x18</size>
         <alignment>0x1</alignment>
         <input_file_ref idref="fl-10c"/>
      </object_component>
      <object_component id="oc-ae">
         <name>.debug_ranges</name>
         <load_address>0x448</load_address>
         <run_address>0x448</run_address>
         <size>0x28</size>
         <alignment>0x1</alignment>
         <input_file_ref idref="fl-10e"/>
      </object_component>
      <object_component id="oc-f5">
         <name>.debug_str</name>
         <load_address>0x0</load_address>
         <run_address>0x0</run_address>
         <size>0x924</size>
         <alignment>0x1</alignment>
         <input_file_ref idref="fl-1"/>
      </object_component>
      <object_component id="oc-129">
         <name>.debug_str</name>
         <load_address>0x924</load_address>
         <run_address>0x924</run_address>
         <size>0x4b8</size>
         <alignment>0x1</alignment>
         <input_file_ref idref="fl-2"/>
      </object_component>
      <object_component id="oc-78">
         <name>.debug_str</name>
         <load_address>0xddc</load_address>
         <run_address>0xddc</run_address>
         <size>0xa65</size>
         <alignment>0x1</alignment>
         <input_file_ref idref="fl-4"/>
      </object_component>
      <object_component id="oc-f8">
         <name>.debug_str</name>
         <load_address>0x1841</load_address>
         <run_address>0x1841</run_address>
         <size>0x559</size>
         <alignment>0x1</alignment>
         <input_file_ref idref="fl-5"/>
      </object_component>
      <object_component id="oc-13b">
         <name>.debug_str</name>
         <load_address>0x1d9a</load_address>
         <run_address>0x1d9a</run_address>
         <size>0x4c5</size>
         <alignment>0x1</alignment>
         <input_file_ref idref="fl-6"/>
      </object_component>
      <object_component id="oc-e4">
         <name>.debug_str</name>
         <load_address>0x225f</load_address>
         <run_address>0x225f</run_address>
         <size>0x32d</size>
         <alignment>0x1</alignment>
         <input_file_ref idref="fl-7"/>
      </object_component>
      <object_component id="oc-eb">
         <name>.debug_str</name>
         <load_address>0x258c</load_address>
         <run_address>0x258c</run_address>
         <size>0x39c</size>
         <alignment>0x1</alignment>
         <input_file_ref idref="fl-8"/>
      </object_component>
      <object_component id="oc-3e">
         <name>.debug_str</name>
         <load_address>0x2928</load_address>
         <run_address>0x2928</run_address>
         <size>0x13a</size>
         <alignment>0x1</alignment>
         <input_file_ref idref="fl-9"/>
      </object_component>
      <object_component id="oc-108">
         <name>.debug_str</name>
         <load_address>0x2a62</load_address>
         <run_address>0x2a62</run_address>
         <size>0x141</size>
         <alignment>0x1</alignment>
         <input_file_ref idref="fl-30"/>
      </object_component>
      <object_component id="oc-60">
         <name>.debug_str</name>
         <load_address>0x2ba3</load_address>
         <run_address>0x2ba3</run_address>
         <size>0x3c4</size>
         <alignment>0x1</alignment>
         <input_file_ref idref="fl-34"/>
      </object_component>
      <object_component id="oc-40">
         <name>.debug_str</name>
         <load_address>0x2f67</load_address>
         <run_address>0x2f67</run_address>
         <size>0x21e</size>
         <alignment>0x1</alignment>
         <input_file_ref idref="fl-35"/>
      </object_component>
      <object_component id="oc-10e">
         <name>.debug_str</name>
         <load_address>0x3185</load_address>
         <run_address>0x3185</run_address>
         <size>0x328</size>
         <alignment>0x1</alignment>
         <input_file_ref idref="fl-37"/>
      </object_component>
      <object_component id="oc-b4">
         <name>.debug_str</name>
         <load_address>0x34ad</load_address>
         <run_address>0x34ad</run_address>
         <size>0xee</size>
         <alignment>0x1</alignment>
         <input_file_ref idref="fl-38"/>
      </object_component>
      <object_component id="oc-7d">
         <name>.debug_str</name>
         <load_address>0x359b</load_address>
         <run_address>0x359b</run_address>
         <size>0x194</size>
         <alignment>0x1</alignment>
         <input_file_ref idref="fl-3a"/>
      </object_component>
      <object_component id="oc-4d">
         <name>.debug_str</name>
         <load_address>0x372f</load_address>
         <run_address>0x372f</run_address>
         <size>0x161</size>
         <alignment>0x1</alignment>
         <input_file_ref idref="fl-3b"/>
      </object_component>
      <object_component id="oc-45">
         <name>.debug_str</name>
         <load_address>0x3890</load_address>
         <run_address>0x3890</run_address>
         <size>0x1ce</size>
         <alignment>0x1</alignment>
         <input_file_ref idref="fl-3c"/>
      </object_component>
      <object_component id="oc-12b">
         <name>.debug_str</name>
         <load_address>0x3a5e</load_address>
         <run_address>0x3a5e</run_address>
         <size>0xe2</size>
         <alignment>0x1</alignment>
         <input_file_ref idref="fl-eb"/>
      </object_component>
      <object_component id="oc-e8">
         <name>.debug_str</name>
         <load_address>0x3b40</load_address>
         <run_address>0x3b40</run_address>
         <size>0x185</size>
         <alignment>0x1</alignment>
         <input_file_ref idref="fl-10c"/>
      </object_component>
      <object_component id="oc-b9">
         <name>.debug_frame</name>
         <load_address>0x0</load_address>
         <run_address>0x0</run_address>
         <size>0xf4</size>
         <alignment>0x4</alignment>
         <input_file_ref idref="fl-1"/>
      </object_component>
      <object_component id="oc-101">
         <name>.debug_frame</name>
         <load_address>0xf4</load_address>
         <run_address>0xf4</run_address>
         <size>0x88</size>
         <alignment>0x4</alignment>
         <input_file_ref idref="fl-2"/>
      </object_component>
      <object_component id="oc-38">
         <name>.debug_frame</name>
         <load_address>0x17c</load_address>
         <run_address>0x17c</run_address>
         <size>0x164</size>
         <alignment>0x4</alignment>
         <input_file_ref idref="fl-4"/>
      </object_component>
      <object_component id="oc-bc">
         <name>.debug_frame</name>
         <load_address>0x2e0</load_address>
         <run_address>0x2e0</run_address>
         <size>0xe4</size>
         <alignment>0x4</alignment>
         <input_file_ref idref="fl-5"/>
      </object_component>
      <object_component id="oc-11a">
         <name>.debug_frame</name>
         <load_address>0x3c4</load_address>
         <run_address>0x3c4</run_address>
         <size>0xec</size>
         <alignment>0x4</alignment>
         <input_file_ref idref="fl-6"/>
      </object_component>
      <object_component id="oc-94">
         <name>.debug_frame</name>
         <load_address>0x4b0</load_address>
         <run_address>0x4b0</run_address>
         <size>0x194</size>
         <alignment>0x4</alignment>
         <input_file_ref idref="fl-7"/>
      </object_component>
      <object_component id="oc-a8">
         <name>.debug_frame</name>
         <load_address>0x644</load_address>
         <run_address>0x644</run_address>
         <size>0x88</size>
         <alignment>0x4</alignment>
         <input_file_ref idref="fl-8"/>
      </object_component>
      <object_component id="oc-33">
         <name>.debug_frame</name>
         <load_address>0x6cc</load_address>
         <run_address>0x6cc</run_address>
         <size>0x40</size>
         <alignment>0x4</alignment>
         <input_file_ref idref="fl-9"/>
      </object_component>
      <object_component id="oc-cd">
         <name>.debug_frame</name>
         <load_address>0x70c</load_address>
         <run_address>0x70c</run_address>
         <size>0x30</size>
         <alignment>0x4</alignment>
         <input_file_ref idref="fl-30"/>
      </object_component>
      <object_component id="oc-57">
         <name>.debug_frame</name>
         <load_address>0x73c</load_address>
         <run_address>0x73c</run_address>
         <size>0x90</size>
         <alignment>0x4</alignment>
         <input_file_ref idref="fl-35"/>
      </object_component>
      <object_component id="oc-d2">
         <name>.debug_frame</name>
         <load_address>0x7cc</load_address>
         <run_address>0x7cc</run_address>
         <size>0x100</size>
         <alignment>0x4</alignment>
         <input_file_ref idref="fl-37"/>
      </object_component>
      <object_component id="oc-85">
         <name>.debug_frame</name>
         <load_address>0x8cc</load_address>
         <run_address>0x8cc</run_address>
         <size>0x20</size>
         <alignment>0x4</alignment>
         <input_file_ref idref="fl-38"/>
      </object_component>
      <object_component id="oc-52">
         <name>.debug_frame</name>
         <load_address>0x8ec</load_address>
         <run_address>0x8ec</run_address>
         <size>0x38</size>
         <alignment>0x4</alignment>
[...]
         <attributes>R</attributes>
         <usage_details>
         </usage_details>
      </memory_area>
   </placement_map>
   <cptbl_list>
      <cptbl>
         <name>__TI_cinit_table</name>
         <cprec>
            <name>.data</name>
            <load_address>0x1558</load_address>
            <load_size>0xc</load_size>
            <run_address>0x20200238</run_address>
            <run_size>0x18</run_size>
            <compression>lzss</compression>
         </cprec>
         <cprec>
            <name>.bss</name>
            <load_address>0x1570</load_address>
            <load_size>0x8</load_size>
            <run_address>0x20200200</run_address>
            <run_size>0x38</run_size>
            <compression>zero_init</compression>
         </cprec>
      </cptbl>
   </cptbl_list>
   <handler_table>
      <handler_table_name>__TI_handler_table</handler_table_name>
      <handler>
         <index>0x0</index>
         <name>__TI_decompress_lzss</name>
      </handler>
      <handler>
         <index>0x1</index>
         <name>__TI_decompress_none</name>
      </handler>
      <handler>
         <index>0x2</index>
         <name>__TI_zero_init</name>
      </handler>
   </handler_table>
   <symbol_table>
      <symbol id="sm-1">
         <name>__start___llvm_prf_cnts</name>
         <value>0x20200000</value>
      </symbol>
      <symbol id="sm-2">
         <name>__stop___llvm_prf_cnts</name>
         <value>0x20200000</value>
      </symbol>
      <symbol id="sm-3">
         <name>__start___llvm_prf_bits</name>
         <value>0x20200000</value>
      </symbol>
      <symbol id="sm-4">
         <name>__stop___llvm_prf_bits</name>
         <value>0x20200000</value>
      </symbol>
      <symbol id="sm-5">
         <name>__TI_CINIT_Base</name>
         <value>0x1578</value>
      </symbol>
      <symbol id="sm-6">
         <name>__TI_CINIT_Limit</name>
         <value>0x1588</value>
      </symbol>
      <symbol id="sm-7">
         <name>__TI_CINIT_Warm</name>
         <value>0x1588</value>
      </symbol>
      <symbol id="sm-8">
         <name>__TI_Handler_Table_Base</name>
         <value>0x1564</value>
      </symbol>
      <symbol id="sm-9">
         <name>__TI_Handler_Table_Limit</name>
         <value>0x1570</value>
      </symbol>
      <symbol id="sm-a">
         <name>binit</name>
         <value>0xffffffff</value>
      </symbol>
      <symbol id="sm-b">
         <name>__binit__</name>
         <value>0xffffffff</value>
      </symbol>
      <symbol id="sm-c">
         <name>__STACK_SIZE</name>
         <value>0x200</value>
      </symbol>
      <symbol id="sm-d">
         <name>__STACK_END</name>
         <value>0x20208000</value>
      </symbol>
      <symbol id="sm-e">
         <name>__SYSMEM_SIZE</name>
         <value>0x200</value>
      </symbol>
      <symbol id="sm-f">
         <name>__TI_pprof_out_hndl</name>
         <value>0xffffffff</value>
      </symbol>
      <symbol id="sm-10">
         <name>__TI_prof_data_start</name>
         <value>0xffffffff</value>
      </symbol>
      <symbol id="sm-11">
         <name>__TI_prof_data_size</name>
         <value>0xffffffff</value>
      </symbol>
      <symbol id="sm-43">
         <name>Clock_Freq</name>
         <value>0xba5</value>
         <object_component_ref idref="oc-fa"/>
      </symbol>
      <symbol id="sm-44">
         <name>BusFreq</name>
         <value>0x20200238</value>
         <object_component_ref idref="oc-f3"/>
      </symbol>
      <symbol id="sm-45">
         <name>Clock_Init80MHz</name>
         <value>0xc1</value>
         <object_component_ref idref="oc-b5"/>
      </symbol>
      <symbol id="sm-46">
         <name>Clock_Delay</name>
         <value>0x1101</value>
         <object_component_ref idref="oc-f9"/>
      </symbol>
      <symbol id="sm-50">
         <name>Debug_Init</name>
         <value>0x10c9</value>
         <object_component_ref idref="oc-fd"/>
      </symbol>
      <symbol id="sm-51">
         <name>DebugCnt</name>
         <value>0x20200210</value>
      </symbol>
      <symbol id="sm-67">
         <name>EID</name>
         <value>0x698</value>
         <object_component_ref idref="oc-c4"/>
      </symbol>
      <symbol id="sm-68">
         <name>Lab2</name>
         <value>0x6a8</value>
         <object_component_ref idref="oc-c4"/>
      </symbol>
      <symbol id="sm-a5">
         <name>Random32</name>
         <value>0x1041</value>
         <object_component_ref idref="oc-135"/>
      </symbol>
      <symbol id="sm-a6">
         <name>M</name>
         <value>0x20200220</value>
      </symbol>
      <symbol id="sm-a7">
         <name>Random</name>
         <value>0x1099</value>
         <object_component_ref idref="oc-116"/>
      </symbol>
      <symbol id="sm-a8">
         <name>setUpper</name>
         <value>0xf69</value>
         <object_component_ref idref="oc-115"/>
      </symbol>
      <symbol id="sm-a9">
         <name>ShowProblem</name>
         <value>0x875</value>
         <object_component_ref idref="oc-117"/>
      </symbol>
      <symbol id="sm-aa">
         <name>Mode0</name>
         <value>0x2020023c</value>
         <object_component_ref idref="oc-6b"/>
      </symbol>
      <symbol id="sm-ab">
         <name>ChangeProblem</name>
         <value>0x1140</value>
         <object_component_ref idref="oc-136"/>
      </symbol>
      <symbol id="sm-ac">
         <name>Mode1</name>
         <value>0x20200240</value>
         <object_component_ref idref="oc-6d"/>
      </symbol>
      <symbol id="sm-ad">
         <name>LEDProblem</name>
         <value>0x1280</value>
         <object_component_ref idref="oc-137"/>
      </symbol>
      <symbol id="sm-ae">
         <name>Mode2</name>
         <value>0x20200244</value>
         <object_component_ref idref="oc-75"/>
      </symbol>
      <symbol id="sm-af">
         <name>Duties</name>
         <value>0x1370</value>
         <object_component_ref idref="oc-76"/>
      </symbol>
      <symbol id="sm-b0">
         <name>EndLab2</name>
         <value>0xf35</value>
         <object_component_ref idref="oc-97"/>
      </symbol>
      <symbol id="sm-b1">
         <name>Score</name>
         <value>0x20200248</value>
         <object_component_ref idref="oc-a9"/>
      </symbol>
      <symbol id="sm-b2">
         <name>CheckInit</name>
         <value>0x9c9</value>
         <object_component_ref idref="oc-64"/>
      </symbol>
      <symbol id="sm-b3">
         <name>InMux</name>
         <value>0x1500</value>
         <object_component_ref idref="oc-98"/>
      </symbol>
      <symbol id="sm-b4">
         <name>OutMux</name>
         <value>0x152c</value>
         <object_component_ref idref="oc-99"/>
      </symbol>
      <symbol id="sm-b5">
         <name>LEDMask</name>
         <value>0x1520</value>
         <object_component_ref idref="oc-6e"/>
      </symbol>
      <symbol id="sm-b6">
         <name>AddPoints</name>
         <value>0xd91</value>
         <object_component_ref idref="oc-69"/>
      </symbol>
      <symbol id="sm-b7">
         <name>Inflag</name>
         <value>0x20200200</value>
      </symbol>
      <symbol id="sm-b8">
         <name>TIMG0_IRQHandler</name>
         <value>0x275</value>
         <object_component_ref idref="oc-37"/>
      </symbol>
      <symbol id="sm-b9">
         <name>Time</name>
         <value>0x2020024c</value>
         <object_component_ref idref="oc-6a"/>
      </symbol>
      <symbol id="sm-ba">
         <name>ChangeMask</name>
         <value>0x14f0</value>
         <object_component_ref idref="oc-6c"/>
      </symbol>
      <symbol id="sm-bb">
         <name>LastLED</name>
         <value>0x2020021c</value>
      </symbol>
      <symbol id="sm-bc">
         <name>FirstCount</name>
         <value>0x20200218</value>
      </symbol>
      <symbol id="sm-bd">
         <name>Period</name>
         <value>0x20200224</value>
      </symbol>
      <symbol id="sm-be">
         <name>SecondCount</name>
         <value>0x2020022c</value>
      </symbol>
      <symbol id="sm-bf">
         <name>Duty</name>
         <value>0x20200214</value>
      </symbol>
      <symbol id="sm-c0">
         <name>ADC_Init</name>
         <value>0x565</value>
         <object_component_ref idref="oc-11d"/>
      </symbol>
      <symbol id="sm-c1">
         <name>TExaSadc</name>
         <value>0x20200234</value>
      </symbol>
      <symbol id="sm-c2">
         <name>ADC_Start</name>
         <value>0xfc9</value>
         <object_component_ref idref="oc-11e"/>
      </symbol>
      <symbol id="sm-c3">
         <name>TIMG7_IRQHandler</name>
         <value>0xded</value>
         <object_component_ref idref="oc-3c"/>
      </symbol>
      <symbol id="sm-c4">
         <name>main</name>
         <value>0xb11</value>
         <object_component_ref idref="oc-87"/>
      </symbol>
      <symbol id="sm-c5">
         <name>Lab2Grader</name>
         <value>0x3fd</value>
         <object_component_ref idref="oc-fc"/>
      </symbol>
      <symbol id="sm-c6">
         <name>Phase</name>
         <value>0x20200228</value>
      </symbol>
      <symbol id="sm-c7">
         <name>SizeofEID</name>
         <value>0x20200230</value>
      </symbol>
      <symbol id="sm-d7">
         <name>Delay</name>
         <value>0x1111</value>
         <object_component_ref idref="oc-114"/>
      </symbol>
      <symbol id="sm-d8">
         <name>ActivatePortA_B</name>
         <value>0xec5</value>
         <object_component_ref idref="oc-f6"/>
      </symbol>
      <symbol id="sm-d9">
         <name>LaunchPad_Init</name>
         <value>0xc39</value>
         <object_component_ref idref="oc-ba"/>
      </symbol>
      <symbol id="sm-e9">
         <name>TimerG0_IntArm</name>
         <value>0xa6d</value>
         <object_component_ref idref="oc-11f"/>
      </symbol>
      <symbol id="sm-ea">
         <name>TimerG7_IntArm</name>
         <value>0x921</value>
         <object_component_ref idref="oc-118"/>
      </symbol>
      <symbol id="sm-eb">
         <name>TimerG12_Init</name>
         <value>0xd31</value>
         <object_component_ref idref="oc-126"/>
      </symbol>
      <symbol id="sm-f6">
         <name>UART_OutString</name>
         <value>0x1019</value>
         <object_component_ref idref="oc-92"/>
      </symbol>
      <symbol id="sm-f7">
         <name>UART_OutUDec</name>
         <value>0xefd</value>
         <object_component_ref idref="oc-a3"/>
      </symbol>
      <symbol id="sm-104">
         <name>UART_Init</name>
         <value>0x78d</value>
         <object_component_ref idref="oc-bf"/>
      </symbol>
      <symbol id="sm-105">
         <name>UART_OutChar</name>
         <value>0xf9d</value>
         <object_component_ref idref="oc-a4"/>
      </symbol>
      <symbol id="sm-116">
         <name>Default_Handler</name>
         <value>0x1061</value>
         <object_component_ref idref="oc-35"/>
      </symbol>
      <symbol id="sm-117">
         <name>Reset_Handler</name>
         <value>0x1133</value>
         <object_component_ref idref="oc-31"/>
      </symbol>
      <symbol id="sm-118">
         <name>HardFault_Handler</name>
         <value>0x107d</value>
         <object_component_ref idref="oc-36"/>
      </symbol>
      <symbol id="sm-119">
         <name>interruptVectors</name>
         <value>0x0</value>
         <object_component_ref idref="oc-18"/>
      </symbol>
      <symbol id="sm-11a">
         <name>NMI_Handler</name>
         <value>0x1061</value>
         <object_component_ref idref="oc-35"/>
      </symbol>
      <symbol id="sm-11b">
         <name>SVC_Handler</name>
         <value>0x1061</value>
         <object_component_ref idref="oc-35"/>
      </symbol>
      <symbol id="sm-11c">
         <name>PendSV_Handler</name>
         <value>0x1061</value>
         <object_component_ref idref="oc-35"/>
      </symbol>
      <symbol id="sm-11d">
         <name>SysTick_Handler</name>
         <value>0x1061</value>
         <object_component_ref idref="oc-35"/>
      </symbol>
      <symbol id="sm-11e">
         <name>GROUP0_IRQHandler</name>
         <value>0x1061</value>
         <object_component_ref idref="oc-35"/>
      </symbol>
      <symbol id="sm-11f">
         <name>GROUP1_IRQHandler</name>
         <value>0x1061</value>
         <object_component_ref idref="oc-35"/>
      </symbol>
      <symbol id="sm-120">
         <name>TIMG8_IRQHandler</name>
         <value>0x1061</value>
         <object_component_ref idref="oc-35"/>
      </symbol>
      <symbol id="sm-121">
         <name>UART3_IRQHandler</name>
         <value>0x1061</value>
         <object_component_ref idref="oc-35"/>
      </symbol>
      <symbol id="sm-122">
         <name>ADC0_IRQHandler</name>
         <value>0x1061</value>
         <object_component_ref idref="oc-35"/>
      </symbol>
      <symbol id="sm-123">
         <name>ADC1_IRQHandler</name>
         <value>0x1061</value>
         <object_component_ref idref="oc-35"/>
      </symbol>
      <symbol id="sm-124">
         <name>CANFD0_IRQHandler</name>
         <value>0x1061</value>
         <object_component_ref idref="oc-35"/>
      </symbol>
      <symbol id="sm-125">
         <name>DAC0_IRQHandler</name>
         <value>0x1061</value>
         <object_component_ref idref="oc-35"/>
      </symbol>
      <symbol id="sm-126">
         <name>SPI0_IRQHandler</name>
         <value>0x1061</value>
         <object_component_ref idref="oc-35"/>
      </symbol>
      <symbol id="sm-127">
         <name>SPI1_IRQHandler</name>
         <value>0x1061</value>
         <object_component_ref idref="oc-35"/>
      </symbol>
      <symbol id="sm-128">
         <name>UART1_IRQHandler</name>
         <value>0x1061</value>
         <object_component_ref idref="oc-35"/>
      </symbol>
      <symbol id="sm-129">
         <name>UART2_IRQHandler</name>
         <value>0x1061</value>
         <object_component_ref idref="oc-35"/>
      </symbol>
      <symbol id="sm-12a">
         <name>UART0_IRQHandler</name>
         <value>0x1061</value>
         <object_component_ref idref="oc-35"/>
      </symbol>
      <symbol id="sm-12b">
         <name>TIMG6_IRQHandler</name>
         <value>0x1061</value>
         <object_component_ref idref="oc-35"/>
      </symbol>
      <symbol id="sm-12c">
         <name>TIMA0_IRQHandler</name>
         <value>0x1061</value>
         <object_component_ref idref="oc-35"/>
      </symbol>
      <symbol id="sm-12d">
         <name>TIMA1_IRQHandler</name>
         <value>0x1061</value>
         <object_component_ref idref="oc-35"/>
      </symbol>
      <symbol id="sm-12e">
         <name>TIMG12_IRQHandler</name>
         <value>0x1061</value>
         <object_component_ref idref="oc-35"/>
      </symbol>
      <symbol id="sm-12f">
         <name>I2C0_IRQHandler</name>
         <value>0x1061</value>
         <object_component_ref idref="oc-35"/>
      </symbol>
      <symbol id="sm-130">
         <name>I2C1_IRQHandler</name>
         <value>0x1061</value>
         <object_component_ref idref="oc-35"/>
      </symbol>
      <symbol id="sm-131">
         <name>AES_IRQHandler</name>
         <value>0x1061</value>
         <object_component_ref idref="oc-35"/>
      </symbol>
      <symbol id="sm-132">
         <name>RTC_IRQHandler</name>
         <value>0x1061</value>
         <object_component_ref idref="oc-35"/>
      </symbol>
      <symbol id="sm-133">
         <name>DMA_IRQHandler</name>
         <value>0x1061</value>
         <object_component_ref idref="oc-35"/>
      </symbol>
      <symbol id="sm-134">
         <name>__TI_ATRegion0_src_addr</name>
         <value>0x0</value>
      </symbol>
      <symbol id="sm-135">
         <name>__TI_ATRegion0_trg_addr</name>
         <value>0x0</value>
      </symbol>
      <symbol id="sm-136">
         <name>__TI_ATRegion0_region_sz</name>
         <value>0x0</value>
      </symbol>
      <symbol id="sm-137">
         <name>__TI_ATRegion1_src_addr</name>
         <value>0x0</value>
      </symbol>
      <symbol id="sm-138">
         <name>__TI_ATRegion1_trg_addr</name>
         <value>0x0</value>
      </symbol>
      <symbol id="sm-139">
         <name>__TI_ATRegion1_region_sz</name>
         <value>0x0</value>
      </symbol>
      <symbol id="sm-13a">
         <name>__TI_ATRegion2_src_addr</name>
         <value>0x0</value>
      </symbol>
      <symbol id="sm-13b">
         <name>__TI_ATRegion2_trg_addr</name>
         <value>0x0</value>
      </symbol>
      <symbol id="sm-13c">
         <name>__TI_ATRegion2_region_sz</name>
         <value>0x0</value>
      </symbol>
      <symbol id="sm-146">
         <name>strcmp</name>
         <value>0xbb1</value>
         <object_component_ref idref="oc-c0"/>
      </symbol>
      <symbol id="sm-151">
         <name>abort</name>
         <value>0x1129</value>
         <object_component_ref idref="oc-ca"/>
      </symbol>
      <symbol id="sm-15b">
         <name>_sys_memory</name>
         <value>0x20200000</value>
         <object_component_ref idref="oc-2f"/>
      </symbol>
      <symbol id="sm-166">
         <name>_c_int00_noargs</name>
         <value>0xff1</value>
         <object_component_ref idref="oc-58"/>
      </symbol>
      <symbol id="sm-167">
         <name>__stack</name>
         <value>0x20207e00</value>
         <object_component_ref idref="oc-1a"/>
      </symbol>
      <symbol id="sm-173">
         <name>__TI_auto_init_nobinit_nopinit</name>
         <value>0xe89</value>
         <object_component_ref idref="oc-d1"/>
      </symbol>
      <symbol id="sm-17b">
         <name>_system_pre_init</name>
         <value>0x1137</value>
         <object_component_ref idref="oc-83"/>
      </symbol>
      <symbol id="sm-186">
         <name>__TI_zero_init_nomemset</name>
         <value>0x10b1</value>
         <object_component_ref idref="oc-4f"/>
      </symbol>
      <symbol id="sm-18f">
         <name>__TI_decompress_none</name>
         <value>0x10ef</value>
         <object_component_ref idref="oc-20"/>
      </symbol>
      <symbol id="sm-19a">
         <name>__TI_decompress_lzss</name>
         <value>0xcb5</value>
         <object_component_ref idref="oc-1c"/>
      </symbol>
      <symbol id="sm-1b0">
         <name>HOSTexit</name>
         <value>0x112f</value>
         <object_component_ref idref="oc-103"/>
      </symbol>
      <symbol id="sm-1b1">
         <name>C$$EXIT</name>
         <value>0x112e</value>
         <object_component_ref idref="oc-103"/>
      </symbol>
      <symbol id="sm-1c7">
         <name>__aeabi_memcpy</name>
         <value>0x1121</value>
         <object_component_ref idref="oc-48"/>
      </symbol>
      <symbol id="sm-1c8">
         <name>__aeabi_memcpy4</name>
         <value>0x1121</value>
         <object_component_ref idref="oc-48"/>
      </symbol>
      <symbol id="sm-1c9">
         <name>__aeabi_memcpy8</name>
         <value>0x1121</value>
         <object_component_ref idref="oc-48"/>
      </symbol>
      <symbol id="sm-1cf">
         <name>__aeabi_uidiv</name>
         <value>0xe49</value>
         <object_component_ref idref="oc-65"/>
      </symbol>
      <symbol id="sm-1d0">
         <name>__aeabi_uidivmod</name>
         <value>0xe49</value>
         <object_component_ref idref="oc-65"/>
      </symbol>
      <symbol id="sm-1db">
         <name>__aeabi_idiv0</name>
         <value>0xf33</value>
         <object_component_ref idref="oc-9d"/>
      </symbol>
      <symbol id="sm-1e5">
         <name>TI_memcpy_small</name>
         <value>0x10dd</value>
         <object_component_ref idref="oc-ab"/>
      </symbol>
      <symbol id="sm-1e6">
         <name>__TI_static_base__</name>
         <value>0x0</value>
      </symbol>
      <symbol id="sm-1e9">
         <name>__mpu_init</name>
         <value>0x0</value>
      </symbol>
      <symbol id="sm-1ea">
         <name>_system_post_cinit</name>
         <value>0x0</value>
      </symbol>
   </symbol_table>
   <title>Link successful</title>
</link_info>
