******************************************************************************
            TI ARM Clang Linker PC v4.0.4                      
******************************************************************************
>> Linked Fri Apr 10 01:38:42 2026

OUTPUT FILE NAME:   <ECE319K_Lab2.out>
ENTRY POINT SYMBOL: "_c_int00_noargs"  address: 00000ff1


MEMORY CONFIGURATION

         name            origin    length      used     unused   attr    fill
----------------------  --------  ---------  --------  --------  ----  --------
  FLASH                 00000000   00020000  00001588  0001ea78  R  X
  SRAM                  20200000   00008000  00000450  00007bb0  RW X
  BCR_CONFIG            41c00000   00000080  00000000  00000080  R   
  BSL_CONFIG            41c00100   00000080  00000000  00000080  R   


SEGMENT ALLOCATION MAP

run origin  load origin   length   init length attrs members
----------  ----------- ---------- ----------- ----- -------
00000000    00000000    00001588   00001588    r-x
  00000000    00000000    000000c0   000000c0    r-- .intvecs
  000000c0    000000c0    00001080   00001080    r-x .text
  00001140    00001140    00000418   00000418    r-- .rodata
  00001558    00001558    00000030   00000030    r-- .cinit
20200000    20200000    00000250   00000000    rw-
  20200000    20200000    00000200   00000000    rw- .sysmem
  20200200    20200200    00000038   00000000    rw- .bss
  20200238    20200238    00000018   00000000    rw- .data
20207e00    20207e00    00000200   00000000    rw-
  20207e00    20207e00    00000200   00000000    rw- .stack


SECTION ALLOCATION MAP

 output                                  attributes/
section   page    origin      length       input sections
--------  ----  ----------  ----------   ----------------
.intvecs   0    00000000    000000c0     
                  00000000    000000c0     startup_mspm0g3507_ticlang.o (.intvecs)

.text      0    000000c0    00001080     
                  000000c0    000001b4     Clock.o (.text.Clock_Init80MHz)
                  00000274    00000188     ECE319K_Lab2main.o (.text.TIMG0_IRQHandler)
                  000003fc    00000168     ECE319K_Lab2main.o (.text.Lab2Grader)
                  00000564    00000134     ECE319K_Lab2main.o (.text.ADC_Init)
                  00000698    000000f4     ECE319K_Lab2.o (.text)
                  0000078c    000000e8     UARTbusywait.o (.text.UART_Init)
                  00000874    000000ac     ECE319K_Lab2main.o (.text.ShowProblem)
                  00000920    000000a8     Timer.o (.text.TimerG7_IntArm)
                  000009c8    000000a4     ECE319K_Lab2main.o (.text.CheckInit)
                  00000a6c    000000a4     Timer.o (.text.TimerG0_IntArm)
                  00000b10    00000094     ECE319K_Lab2main.o (.text.main)
                  00000ba4    0000000c     Clock.o (.text.Clock_Freq)
                  00000bb0    00000088     libc.a : strcmp-armv6m.S.obj (.text:strcmp)
                  00000c38    0000007c     LaunchPad.o (.text.LaunchPad_Init)
                  00000cb4    0000007c     libc.a : copy_decompress_lzss.c.obj (.text:decompress:lzss)
                  00000d30    00000060     Timer.o (.text.TimerG12_Init)
                  00000d90    0000005c     ECE319K_Lab2main.o (.text.AddPoints)
                  00000dec    0000005c     ECE319K_Lab2main.o (.text.TIMG7_IRQHandler)
                  00000e48    00000040     libclang_rt.builtins.a : aeabi_uidivmod.S.obj (.text.__aeabi_uidivmod)
                  00000e88    0000003c     libc.a : autoinit.c.obj (.text:__TI_auto_init_nobinit_nopinit)
                  00000ec4    00000038     LaunchPad.o (.text.ActivatePortA_B)
                  00000efc    00000036     UART.o (.text.UART_OutUDec)
                  00000f32    00000002     libclang_rt.builtins.a : aeabi_div0.c.obj (.text.__aeabi_idiv0)
                  00000f34    00000034     ECE319K_Lab2main.o (.text.EndLab2)
                  00000f68    00000034     ECE319K_Lab2main.o (.text.setUpper)
                  00000f9c    0000002c     UARTbusywait.o (.text.UART_OutChar)
                  00000fc8    00000028     ECE319K_Lab2main.o (.text.ADC_Start)
                  00000ff0    00000028     libc.a : boot_cortex_m.c.obj (.text:_c_int00_noargs)
                  00001018    00000026     UART.o (.text.UART_OutString)
                  0000103e    00000002     --HOLE-- [fill = 0]
                  00001040    00000020     ECE319K_Lab2main.o (.text.Random32)
                  00001060    0000001c     startup_mspm0g3507_ticlang.o (.text.Default_Handler)
                  0000107c    0000001c     startup_mspm0g3507_ticlang.o (.text.HardFault_Handler)
                  00001098    00000018     ECE319K_Lab2main.o (.text.Random)
                  000010b0    00000016     libc.a : copy_zero_init.c.obj (.text:decompress:ZI:__TI_zero_init_nomemset)
                  000010c6    00000002     --HOLE-- [fill = 0]
                  000010c8    00000014     Dump.o (.text.Debug_Init)
                  000010dc    00000012     libc.a : memcpy16.S.obj (.text:TI_memcpy_small)
                  000010ee    00000012            : copy_decompress_none.c.obj (.text:decompress:none)
                  00001100    00000010     Clock.o (.text.Clock_Delay)
                  00001110    00000010     LaunchPad.o (.text.Delay)
                  00001120    00000008     libclang_rt.builtins.a : aeabi_memcpy.S.obj (.text.__aeabi_memcpy)
                  00001128    00000006     libc.a : exit.c.obj (.text:abort)
                  0000112e    00000004     libsysbm.a : hostexit.c.obj (.text.HOSTexit)
                  00001132    00000004     startup_mspm0g3507_ticlang.o (.text.Reset_Handler)
                  00001136    00000004     libc.a : pre_init.c.obj (.text._system_pre_init)
                  0000113a    00000006     --HOLE-- [fill = 0]

.cinit     0    00001558    00000030     
                  00001558    0000000c     (.cinit..data.load) [load image, compression = lzss]
                  00001564    0000000c     (__TI_handler_table)
                  00001570    00000008     (.cinit..bss.load) [load image, compression = zero_init]
                  00001578    00000010     (__TI_cinit_table)

.rodata    0    00001140    00000418     
                  00001140    00000140     ECE319K_Lab2main.o (.rodata.ChangeProblem)
                  00001280    000000f0     ECE319K_Lab2main.o (.rodata.LEDProblem)
                  00001370    00000080     ECE319K_Lab2main.o (.rodata.Duties)
                  000013f0    0000002c     ECE319K_Lab2main.o (.rodata.str1.7062926969206311597.1)
                  0000141c    00000023     ECE319K_Lab2main.o (.rodata.str1.3207379175751376446.1)
                  0000143f    00000023     ECE319K_Lab2main.o (.rodata.str1.4222954125509300341.1)
                  00001462    00000022     ECE319K_Lab2main.o (.rodata.str1.13815578979866684134.1)
                  00001484    0000001e     ECE319K_Lab2main.o (.rodata.str1.3364126515973276094.1)
                  000014a2    0000001c     ECE319K_Lab2main.o (.rodata.str1.6392833449475755291.1)
                  000014be    00000019     ECE319K_Lab2main.o (.rodata.str1.17126488509411296819.1)
                  000014d7    00000017     ECE319K_Lab2main.o (.rodata.str1.8766917546399914832.1)
                  000014ee    00000002     --HOLE-- [fill = 0]
                  000014f0    00000010     ECE319K_Lab2main.o (.rodata.ChangeMask)
                  00001500    00000010     ECE319K_Lab2main.o (.rodata.InMux)
                  00001510    0000000e     ECE319K_Lab2main.o (.rodata.str1.12998734593300111219.1)
                  0000151e    00000002     --HOLE-- [fill = 0]
                  00001520    0000000c     ECE319K_Lab2main.o (.rodata.LEDMask)
                  0000152c    0000000c     ECE319K_Lab2main.o (.rodata.OutMux)
                  00001538    0000000b     ECE319K_Lab2main.o (.rodata.str1.7469063428172274975.1)
                  00001543    00000008     ECE319K_Lab2main.o (.rodata.str1.16917794796988880805.1)
                  0000154b    00000007     ECE319K_Lab2main.o (.rodata.str1.12787440571598318044.1)
                  00001552    00000003     ECE319K_Lab2main.o (.rodata.str1.4040185417061405959.1)
                  00001555    00000003     --HOLE-- [fill = 0]

.init_array 
*          0    00000000    00000000     UNINITIALIZED

.binit     0    00000000    00000000     

.sysmem    0    20200000    00000200     UNINITIALIZED
                  20200000    00000010     libc.a : memory.c.obj (.sysmem)
                  20200010    000001f0     --HOLE--

.bss       0    20200200    00000038     UNINITIALIZED
                  20200200    00000010     (.common:Inflag)
                  20200210    00000004     (.common:DebugCnt)
                  20200214    00000004     (.common:Duty)
                  20200218    00000004     (.common:FirstCount)
                  2020021c    00000004     (.common:LastLED)
                  20200220    00000004     (.common:M)
                  20200224    00000004     (.common:Period)
                  20200228    00000004     (.common:Phase)
                  2020022c    00000004     (.common:SecondCount)
                  20200230    00000004     (.common:SizeofEID)
                  20200234    00000004     (.common:TExaSadc)

.data      0    20200238    00000018     UNINITIALIZED
                  20200238    00000004     Clock.o (.data.BusFreq)
                  2020023c    00000004     ECE319K_Lab2main.o (.data.Mode0)
                  20200240    00000004     ECE319K_Lab2main.o (.data.Mode1)
                  20200244    00000004     ECE319K_Lab2main.o (.data.Mode2)
                  20200248    00000004     ECE319K_Lab2main.o (.data.Score)
                  2020024c    00000004     ECE319K_Lab2main.o (.data.Time)

.stack     0    20207e00    00000200     UNINITIALIZED
                  20207e00    00000004     libc.a : boot_cortex_m.c.obj (.stack)
                  20207e04    000001fc     --HOLE--

__llvm_prf_cnts 
*          0    20200000    00000000     UNINITIALIZED

__llvm_prf_bits 
*          0    20200000    00000000     UNINITIALIZED

MODULE SUMMARY

       Module                         code   ro data   rw data
       ------                         ----   -------   -------
    .\
       ECE319K_Lab2main.o             1928   1041      72     
       Clock.o                        464    0         4      
       Timer.o                        428    0         0      
       UARTbusywait.o                 276    0         0      
       ECE319K_Lab2.o                 244    0         0      
       LaunchPad.o                    196    0         0      
       UART.o                         92     0         0      
       Dump.o                         20     0         4      
    +--+------------------------------+------+---------+---------+
       Total:                         3648   1041      80     
                                                              
    .\ticlang\
       startup_mspm0g3507_ticlang.o   60     192       0      
    +--+------------------------------+------+---------+---------+
       Total:                         60     192       0      
                                                              
    C:\ti\ccs2040\ccs\tools\compiler\ti-cgt-armllvm_4.0.4.LTS\lib\armv6m-ti-none-eabi/c/libc.a
       strcmp-armv6m.S.obj            136    0         0      
       copy_decompress_lzss.c.obj     124    0         0      
       autoinit.c.obj                 60     0         0      
       boot_cortex_m.c.obj            40     0         0      
       copy_zero_init.c.obj           22     0         0      
       copy_decompress_none.c.obj     18     0         0      
       memcpy16.S.obj                 18     0         0      
       exit.c.obj                     6      0         0      
       pre_init.c.obj                 4      0         0      
    +--+------------------------------+------+---------+---------+
       Total:                         428    0         0      
                                                              
    C:\ti\ccs2040\ccs\tools\compiler\ti-cgt-armllvm_4.0.4.LTS\lib\armv6m-ti-none-eabi/c/libsysbm.a
       hostexit.c.obj                 4      0         0      
    +--+------------------------------+------+---------+---------+
       Total:                         4      0         0      
                                                              
    C:\ti\ccs2040\ccs\tools\compiler\ti-cgt-armllvm_4.0.4.LTS\lib\armv6m-ti-none-eabi/libclang_rt.builtins.a
       aeabi_uidivmod.S.obj           64     0         0      
       aeabi_memcpy.S.obj             8      0         0      
       aeabi_div0.c.obj               2      0         0      
    +--+------------------------------+------+---------+---------+
       Total:                         74     0         0      
                                                              
       Heap:                          0      0         512    
       Stack:                         0      0         512    
       Linker Generated:              0      48        0      
    +--+------------------------------+------+---------+---------+
       Grand Total:                   4214   1281      1104   


LINKER GENERATED COPY TABLES

__TI_cinit_table @ 00001578 records: 2, size/record: 8, table size: 16
	.data: load addr=00001558, load size=0000000c bytes, run addr=20200238, run size=00000018 bytes, compression=lzss
	.bss: load addr=00001570, load size=00000008 bytes, run addr=20200200, run size=00000038 bytes, compression=zero_init


LINKER GENERATED HANDLER TABLE

__TI_handler_table @ 00001564 records: 3, size/record: 4, table size: 12
	index: 0, handler: __TI_decompress_lzss
	index: 1, handler: __TI_decompress_none
	index: 2, handler: __TI_zero_init


GLOBAL SYMBOLS: SORTED ALPHABETICALLY BY Name 

address   name                          
-------   ----                          
00001061  ADC0_IRQHandler               
00001061  ADC1_IRQHandler               
00000565  ADC_Init                      
00000fc9  ADC_Start                     
00001061  AES_IRQHandler                
00000ec5  ActivatePortA_B               
00000d91  AddPoints                     
20200238  BusFreq                       
0000112e  C$$EXIT                       
00001061  CANFD0_IRQHandler             
000014f0  ChangeMask                    
00001140  ChangeProblem                 
000009c9  CheckInit                     
00001101  Clock_Delay                   
00000ba5  Clock_Freq                    
000000c1  Clock_Init80MHz               
00001061  DAC0_IRQHandler               
00001061  DMA_IRQHandler                
20200210  DebugCnt                      
000010c9  Debug_Init                    
00001061  Default_Handler               
00001111  Delay                         
00001370  Duties                        
20200214  Duty                          
00000698  EID                           
00000f35  EndLab2                       
20200218  FirstCount                    
00001061  GROUP0_IRQHandler             
00001061  GROUP1_IRQHandler             
0000112f  HOSTexit                      
0000107d  HardFault_Handler             
00001061  I2C0_IRQHandler               
00001061  I2C1_IRQHandler               
00001500  InMux                         
20200200  Inflag                        
00001520  LEDMask                       
00001280  LEDProblem                    
000006a8  Lab2                          
000003fd  Lab2Grader                    
2020021c  LastLED                       
00000c39  LaunchPad_Init                
20200220  M                             
2020023c  Mode0                         
20200240  Mode1                         
20200244  Mode2                         
00001061  NMI_Handler                   
0000152c  OutMux                        
00001061  PendSV_Handler                
20200224  Period                        
20200228  Phase                         
00001061  RTC_IRQHandler                
00001099  Random                        
00001041  Random32                      
00001133  Reset_Handler                 
00001061  SPI0_IRQHandler               
00001061  SPI1_IRQHandler               
00001061  SVC_Handler                   
20200248  Score                         
2020022c  SecondCount                   
00000875  ShowProblem                   
20200230  SizeofEID                     
00001061  SysTick_Handler               
20200234  TExaSadc                      
00001061  TIMA0_IRQHandler              
00001061  TIMA1_IRQHandler              
00000275  TIMG0_IRQHandler              
00001061  TIMG12_IRQHandler             
00001061  TIMG6_IRQHandler              
00000ded  TIMG7_IRQHandler              
00001061  TIMG8_IRQHandler              
000010dd  TI_memcpy_small               
2020024c  Time                          
00000a6d  TimerG0_IntArm                
00000d31  TimerG12_Init                 
00000921  TimerG7_IntArm                
00001061  UART0_IRQHandler              
00001061  UART1_IRQHandler              
00001061  UART2_IRQHandler              
00001061  UART3_IRQHandler              
0000078d  UART_Init                     
00000f9d  UART_OutChar                  
00001019  UART_OutString                
00000efd  UART_OutUDec                  
20208000  __STACK_END                   
00000200  __STACK_SIZE                  
00000200  __SYSMEM_SIZE                 
00000000  __TI_ATRegion0_region_sz      
00000000  __TI_ATRegion0_src_addr       
00000000  __TI_ATRegion0_trg_addr       
00000000  __TI_ATRegion1_region_sz      
00000000  __TI_ATRegion1_src_addr       
00000000  __TI_ATRegion1_trg_addr       
00000000  __TI_ATRegion2_region_sz      
00000000  __TI_ATRegion2_src_addr       
00000000  __TI_ATRegion2_trg_addr       
00001578  __TI_CINIT_Base               
00001588  __TI_CINIT_Limit              
00001588  __TI_CINIT_Warm               
00001564  __TI_Handler_Table_Base       
00001570  __TI_Handler_Table_Limit      
00000e89  __TI_auto_init_nobinit_nopinit
00000cb5  __TI_decompress_lzss          
000010ef  __TI_decompress_none          
ffffffff  __TI_pprof_out_hndl           
ffffffff  __TI_prof_data_size           
ffffffff  __TI_prof_data_start          
00000000  __TI_static_base__            
000010b1  __TI_zero_init_nomemset       
00000f33  __aeabi_idiv0                 
00001121  __aeabi_memcpy                
00001121  __aeabi_memcpy4               
00001121  __aeabi_memcpy8               
00000e49  __aeabi_uidiv                 
00000e49  __aeabi_uidivmod              
ffffffff  __binit__                     
UNDEFED   __mpu_init                    
20207e00  __stack                       
20200000  __start___llvm_prf_bits       
20200000  __start___llvm_prf_cnts       
20200000  __stop___llvm_prf_bits        
20200000  __stop___llvm_prf_cnts        
00000ff1  _c_int00_noargs               
20200000  _sys_memory                   
UNDEFED   _system_post_cinit            
00001137  _system_pre_init              
00001129  abort                         
ffffffff  binit                         
00000000  interruptVectors              
00000b11  main                          
00000f69  setUpper                      
00000bb1  strcmp                        


GLOBAL SYMBOLS: SORTED BY Symbol Address 

address   name                          
-------   ----                          
00000000  __TI_ATRegion0_region_sz      
00000000  __TI_ATRegion0_src_addr       
00000000  __TI_ATRegion0_trg_addr       
00000000  __TI_ATRegion1_region_sz      
00000000  __TI_ATRegion1_src_addr       
00000000  __TI_ATRegion1_trg_addr       
00000000  __TI_ATRegion2_region_sz      
00000000  __TI_ATRegion2_src_addr       
00000000  __TI_ATRegion2_trg_addr       
00000000  __TI_static_base__            
00000000  interruptVectors              
000000c1  Clock_Init80MHz               
00000200  __STACK_SIZE                  
00000200  __SYSMEM_SIZE                 
00000275  TIMG0_IRQHandler              
000003fd  Lab2Grader                    
00000565  ADC_Init                      
00000698  EID                           
000006a8  Lab2                          
0000078d  UART_Init                     
00000875  ShowProblem                   
00000921  TimerG7_IntArm                
000009c9  CheckInit                     
00000a6d  TimerG0_IntArm                
00000b11  main                          
00000ba5  Clock_Freq                    
00000bb1  strcmp                        
00000c39  LaunchPad_Init                
00000cb5  __TI_decompress_lzss          
00000d31  TimerG12_Init                 
00000d91  AddPoints                     
00000ded  TIMG7_IRQHandler              
00000e49  __aeabi_uidiv                 
00000e49  __aeabi_uidivmod              
00000e89  __TI_auto_init_nobinit_nopinit
00000ec5  ActivatePortA_B               
00000efd  UART_OutUDec                  
00000f33  __aeabi_idiv0                 
00000f35  EndLab2                       
00000f69  setUpper                      
00000f9d  UART_OutChar                  
00000fc9  ADC_Start                     
00000ff1  _c_int00_noargs               
00001019  UART_OutString                
00001041  Random32                      
00001061  ADC0_IRQHandler               
00001061  ADC1_IRQHandler               
00001061  AES_IRQHandler                
00001061  CANFD0_IRQHandler             
00001061  DAC0_IRQHandler               
00001061  DMA_IRQHandler                
00001061  Default_Handler               
00001061  GROUP0_IRQHandler             
00001061  GROUP1_IRQHandler             
00001061  I2C0_IRQHandler               
00001061  I2C1_IRQHandler               
00001061  NMI_Handler                   
00001061  PendSV_Handler                
00001061  RTC_IRQHandler                
00001061  SPI0_IRQHandler               
00001061  SPI1_IRQHandler               
00001061  SVC_Handler                   
00001061  SysTick_Handler               
00001061  TIMA0_IRQHandler              
00001061  TIMA1_IRQHandler              
00001061  TIMG12_IRQHandler             
00001061  TIMG6_IRQHandler              
00001061  TIMG8_IRQHandler              
00001061  UART0_IRQHandler              
00001061  UART1_IRQHandler              
00001061  UART2_IRQHandler              
00001061  UART3_IRQHandler              
0000107d  HardFault_Handler             
00001099  Random                        
000010b1  __TI_zero_init_nomemset       
000010c9  Debug_Init                    
000010dd  TI_memcpy_small               
000010ef  __TI_decompress_none          
00001101  Clock_Delay                   
00001111  Delay                         
00001121  __aeabi_memcpy                
00001121  __aeabi_memcpy4               
00001121  __aeabi_memcpy8               
00001129  abort                         
0000112e  C$$EXIT                       
0000112f  HOSTexit                      
00001133  Reset_Handler                 
00001137  _system_pre_init              
00001140  ChangeProblem                 
00001280  LEDProblem                    
00001370  Duties                        
000014f0  ChangeMask                    
00001500  InMux                         
00001520  LEDMask                       
0000152c  OutMux                        
00001564  __TI_Handler_Table_Base       
00001570  __TI_Handler_Table_Limit      
00001578  __TI_CINIT_Base               
00001588  __TI_CINIT_Limit              
00001588  __TI_CINIT_Warm               
20200000  __start___llvm_prf_bits       
20200000  __start___llvm_prf_cnts       
20200000  __stop___llvm_prf_bits        
20200000  __stop___llvm_prf_cnts        
20200000  _sys_memory                   
20200200  Inflag                        
20200210  DebugCnt                      
20200214  Duty                          
20200218  FirstCount                    
2020021c  LastLED                       
20200220  M                             
20200224  Period                        
20200228  Phase                         
2020022c  SecondCount                   
20200230  SizeofEID                     
20200234  TExaSadc                      
20200238  BusFreq                       
2020023c  Mode0                         
20200240  Mode1                         
20200244  Mode2                         
20200248  Score                         
2020024c  Time                          
20207e00  __stack                       
20208000  __STACK_END                   
ffffffff  __TI_pprof_out_hndl           
ffffffff  __TI_prof_data_size           
ffffffff  __TI_prof_data_start          
ffffffff  __binit__                     
ffffffff  binit                         
UNDEFED   __mpu_init                    
UNDEFED   _system_post_cinit            

[131 symbols]
