******************************************************************************
            TI ARM Clang Linker PC v4.0.4                      
******************************************************************************
>> Linked Fri Apr 10 01:21:13 2026

OUTPUT FILE NAME:   <ECE319K_Lab8H.out>
ENTRY POINT SYMBOL: "_c_int00_noargs"  address: 00001be9


MEMORY CONFIGURATION

         name            origin    length      used     unused   attr    fill
----------------------  --------  ---------  --------  --------  ----  --------
  FLASH                 00000000   00020000  00002490  0001db70  R  X
  SRAM                  20200000   00008000  00000824  000077dc  RW X
  BCR_CONFIG            41c00000   00000080  00000000  00000080  R   
  BSL_CONFIG            41c00100   00000080  00000000  00000080  R   


SEGMENT ALLOCATION MAP

run origin  load origin   length   init length attrs members
----------  ----------- ---------- ----------- ----- -------
00000000    00000000    00002490   00002490    r-x
  00000000    00000000    000000c0   000000c0    r-- .intvecs
  000000c0    000000c0    00001d80   00001d80    r-x .text
  00001e40    00001e40    000005b0   000005b0    r-- .rodata
  000023f0    000023f0    00000008   00000008    r-- .init_array
  000023f8    000023f8    00000098   00000098    r-- .cinit
20200000    20200000    00000627   00000000    rw-
  20200000    20200000    0000024d   00000000    rw- .data
  20200250    20200250    00000200   00000000    rw- .sysmem
  20200450    20200450    000001d7   00000000    rw- .bss
20207e00    20207e00    00000200   00000000    rw-
  20207e00    20207e00    00000200   00000000    rw- .stack


SECTION ALLOCATION MAP

 output                                  attributes/
section   page    origin      length       input sections
--------  ----  ----------  ----------   ----------------
.intvecs   0    00000000    000000c0     
                  00000000    000000c0     startup_mspm0g3507_ticlang.o (.intvecs)

.binit     0    00000000    00000000     

.text      0    000000c0    00001d80     
                  000000c0    000001b4     Clock.o (.text._Z15Clock_Init80MHzi)
                  00000274    000001a0     ST7735.o (.text._Z16ST7735_DrawCharSsscssh)
                  00000414    00000154     libc.a : fopen.c.obj (.text._openfile)
                  00000568    00000118     ST7735.o (.text._Z15ST7735_FillRectsssst)
                  00000680    00000114     libc.a : memory.c.obj (.text.aligned_alloc)
                  00000794    000000f8     SPI.o (.text._Z8SPI_Initv)
                  0000088c    000000f4     Lab8HMain.o (.text.main)
                  00000980    000000ec     libsysbm.a : add_device.c.obj (.text.add_device)
                  00000a6c    000000e8     libc.a : memory.c.obj (.text.free)
                  00000b54    000000e0            : setvbuf.c.obj (.text.setvbuf)
                  00000c34    000000d0     ST7735.o (.text._Z14ST7735_OutCharc)
                  00000d04    000000a2     ST7735.o (.text._ZL11commandListPKh)
                  00000da6    00000002     libclang_rt.builtins.a : aeabi_div0.c.obj (.text.__aeabi_idiv0)
                  00000da8    000000a0     ST7735.o (.text._Z17ST7735_InitPrintf10initRFlags)
                  00000e48    000000a0     libsysbm.a : open.c.obj (.text.open)
                  00000ee8    00000098     ST7735.o (.text._Z12ST7735_InitR10initRFlags)
                  00000f80    00000088     ST7735.o (.text._ZL13setAddrWindowhhhh)
                  00001008    00000008     UART2.o (.text._GLOBAL__sub_I_UART2.cpp)
                  00001010    00000088     libc.a : strcmp-armv6m.S.obj (.text:strcmp)
                  00001098    00000084     ST7735.o (.text._Z17ST7735_DrawStringttPcs)
                  0000111c    0000007c     LaunchPad.o (.text._Z14LaunchPad_Initv)
                  00001198    0000007c     libc.a : fclose.c.obj (.text.__TI_closefile)
                  00001214    0000007c            : copy_decompress_lzss.c.obj (.text:decompress:lzss)
                  00001290    00000070     ST7735.o (.text._Z16ST7735_DrawPixelsst)
                  00001300    0000006c     libsysbm.a : hostlseek.c.obj (.text.HOSTlseek)
                  0000136c    0000006c                : hostrename.c.obj (.text.HOSTrename)
                  000013d8    0000006c     libc.a : getdevice.c.obj (.text.getdevice)
                  00001444    00000064            : memory.c.obj (.text.split)
                  000014a8    00000060     libsysbm.a : hostopen.c.obj (.text.HOSTopen)
                  00001508    00000058                : hostread.c.obj (.text.HOSTread)
                  00001560    00000058                : hostwrite.c.obj (.text.HOSTwrite)
                  000015b8    00000054     libc.a : autoinit.c.obj (.text:__TI_auto_init_nobinit)
                  0000160c    00000052            : fflush.c.obj (.text.__TI_doflush)
                  0000165e    00000002            : _lock.c.obj (.text._nop)
                  00001660    00000050     libsysbm.a : close.c.obj (.text.close)
                  000016b0    00000048                : hostclose.c.obj (.text.HOSTclose)
                  000016f8    00000048                : hostunlink.c.obj (.text.HOSTunlink)
                  00001740    00000048     SPI.o (.text._Z14SPI_OutCommandc)
                  00001788    00000040     SPI.o (.text._Z9SPI_Resetv)
                  000017c8    00000040     libclang_rt.builtins.a : aeabi_uidivmod.S.obj (.text.__aeabi_uidivmod)
                  00001808    00000040     libc.a : fopen.c.obj (.text._search_fp)
                  00001848    00000038     SPI.o (.text._Z11SPI_OutDatac)
                  00001880    00000038     LaunchPad.o (.text._Z15ActivatePortA_Bv)
                  000018b8    00000034     ST7735.o (.text._Z12ST7735_writeiPKcj)
                  000018ec    00000034     Clock.o (.text._Z14Clock_Delay1msj)
                  00001920    00000034     ST7735.o (.text._Z16ST7735_SetCursorjj)
                  00001954    00000034     libc.a : fopen.c.obj (.text.__TI_cleanup)
                  00001988    00000034     libsysbm.a : trgmsg.c.obj (.text.__TI_readmsg)
                  000019bc    00000034                : trgmsg.c.obj (.text.__TI_writemsg)
                  000019f0    00000034     libc.a : exit.c.obj (.text.exit)
                  00001a24    00000034            : getdevice.c.obj (.text.finddevice)
                  00001a58    00000034            : fopen.c.obj (.text.freopen)
                  00001a8c    00000030     ST7735.o (.text._ZL10commonInitPKh)
                  00001abc    00000030     libc.a : fopen.c.obj (.text.fopen)
                  00001aec    0000002c     UART2.o (.text.UART2_IRQHandler)
                  00001b18    0000002c     ST7735.o (.text._Z17ST7735_FillScreent)
                  00001b44    0000002c     libsysbm.a : unlink.c.obj (.text.unlink)
                  00001b70    00000028     Lab8HMain.o (.text.TIMG12_IRQHandler)
                  00001b98    00000028     libc.a : memory.c.obj (.text.free_list_insert)
                  00001bc0    00000028     libsysbm.a : write.c.obj (.text.write)
                  00001be8    00000028     libc.a : boot_cortex_m.c.obj (.text:_c_int00_noargs)
                  00001c10    0000001e     ST7735.o (.text._ZL9pushColort)
                  00001c2e    00000002     --HOLE-- [fill = 0]
                  00001c30    0000001c     startup_mspm0g3507_ticlang.o (.text.Default_Handler)
                  00001c4c    0000001c     startup_mspm0g3507_ticlang.o (.text.HardFault_Handler)
                  00001c68    0000001c     libc.a : memory.c.obj (.text.free_list_remove)
                  00001c84    00000018     Lab8HMain.o (.text.__cxx_global_var_init)
                  00001c9c    00000016     ST7735.o (.text._Z11ST7735_openPKcji)
                  00001cb2    00000016     ST7735.o (.text._Z11ST7735_readiPcj)
                  00001cc8    00000016     libc.a : copy_zero_init.c.obj (.text:decompress:ZI:__TI_zero_init_nomemset)
                  00001cde    00000012            : memcpy16.S.obj (.text:TI_memcpy_small)
                  00001cf0    00000012            : copy_decompress_none.c.obj (.text:decompress:none)
                  00001d02    00000010     Clock.o (.text._Z11Clock_Delayj)
                  00001d12    00000002     --HOLE-- [fill = 0]
                  00001d14    00000010     Lab8HMain.o (.text.__cxx_global_var_init.1)
                  00001d24    00000010     UART2.o (.text.__cxx_global_var_init)
                  00001d34    0000000e     libc.a : memory.c.obj (.text.OUTLINED_FUNCTION_0)
                  00001d42    0000000e     ST7735.o (.text._Z12ST7735_lseekili)
                  00001d50    0000000e     FIFO2.o (.text._ZN5Queue3PutEc)
                  00001d5e    0000000e     SlidePot.o (.text._ZN8SlidePotC2Ejj)
                  00001d6c    0000000e     libsysbm.a : hostrename.c.obj (.text.strcpy)
                  00001d7a    0000000e                : hostrename.c.obj (.text.strlen)
                  00001d88    0000000e     libc.a : memset16.S.obj (.text:TI_memset_small)
                  00001d96    0000000c     Lab8HMain.o (.text._GLOBAL__sub_I_Lab8HMain.cpp)
                  00001da2    00000002     --HOLE-- [fill = 0]
                  00001da4    0000000c     Clock.o (.text._Z10Clock_Freqv)
                  00001db0    0000000c     ST7735.o (.text._Z13ST7735_renamePKcS0_)
                  00001dbc    0000000c     FIFO2.o (.text._ZN5Queue3GetEPc)
                  00001dc8    0000000c     libclang_rt.builtins.a : aeabi_memset.S.obj (.text.__aeabi_memclr)
                  00001dd4    0000000c     libc.a : memory.c.obj (.text.malloc)
                  00001de0    0000000a     ST7735.o (.text._Z12ST7735_closei)
                  00001dea    0000000a     ST7735.o (.text._Z13ST7735_unlinkPKc)
                  00001df4    0000000a     Lab8HMain.o (.text._Z8PLL_Initv)
                  00001dfe    0000000a     FIFO2.o (.text._ZN5QueueC2Ev)
                  00001e08    00000008     FIFO2.o (.text._ZN5Queue5PrintEv)
                  00001e10    00000008     libclang_rt.builtins.a : aeabi_memcpy.S.obj (.text.__aeabi_memcpy)
                  00001e18    00000008     libsysbm.a : remove.c.obj (.text.remove)
                  00001e20    00000006     libc.a : exit.c.obj (.text:abort)
                  00001e26    00000004     libsysbm.a : hostexit.c.obj (.text.HOSTexit)
                  00001e2a    00000004     startup_mspm0g3507_ticlang.o (.text.Reset_Handler)
                  00001e2e    00000004     libc.a : pre_init.c.obj (.text._system_pre_init)
                  00001e32    0000000e     --HOLE-- [fill = 0]

.cinit     0    000023f8    00000098     
                  000023f8    0000006e     (.cinit..data.load) [load image, compression = lzss]
                  00002466    00000002     --HOLE-- [fill = 0]
                  00002468    0000000c     (__TI_handler_table)
                  00002474    00000008     (.cinit..bss.load) [load image, compression = zero_init]
                  0000247c    00000010     (__TI_cinit_table)
                  0000248c    00000004     --HOLE-- [fill = 0]

.rodata    0    00001e40    000005b0     
                  00001e40    000004fb     ST7735.o (.rodata._ZL4Font)
                  0000233b    0000003b     ST7735.o (.rodata._ZL5Rcmd1)
                  00002376    0000002b     ST7735.o (.rodata._ZL5Rcmd3)
                  000023a1    00000016     ST7735.o (.rodata.str1.14736978382213673245.1)
                  000023b7    0000000d     ST7735.o (.rodata._ZL10Rcmd2green)
                  000023c4    0000000d     ST7735.o (.rodata._ZL8Rcmd2red)
                  000023d1    00000008     ST7735.o (.rodata.str1.7209918599617305731.1)
                  000023d9    00000007     ST7735.o (.rodata.str1.10208736415454880443.1)
                  000023e0    00000007     ST7735.o (.rodata.str1.8723687351022562626.1)
                  000023e7    00000002     ST7735.o (.rodata.str1.18358205720993799461.1)
                  000023e9    00000007     --HOLE-- [fill = 0]

.init_array 
*          0    000023f0    00000008     
                  000023f0    00000004     UART2.o (.init_array)
                  000023f4    00000004     Lab8HMain.o (.init_array)

.data      0    20200000    0000024d     UNINITIALIZED
                  20200000    000000f0     libc.a : defs.c.obj (.data._ftable)
                  202000f0    00000078     libsysbm.a : host_device.c.obj (.data._device)
                  20200168    00000050                : host_device.c.obj (.data._stream)
                  202001b8    00000028     UART2.o (.data.FIFO2)
                  202001e0    00000028     Lab8HMain.o (.data.FIFO)
                  20200208    00000014     Lab8HMain.o (.data.Sensor)
                  2020021c    00000008     libc.a : exit.c.obj (.data..L_MergedGlobals)
                  20200224    00000004     Clock.o (.data.BusFreq)
                  20200228    00000004     ST7735.o (.data.StX)
                  2020022c    00000004     ST7735.o (.data.StY)
                  20200230    00000004     libc.a : defs.c.obj (.data.__TI_ft_end)
                  20200234    00000004            : _lock.c.obj (.data._lock)
                  20200238    00000004            : _lock.c.obj (.data._unlock)
                  2020023c    00000002     ST7735.o (.data.StTextColor)
                  2020023e    00000002     ST7735.o (.data._ZL6_width)
                  20200240    00000002     ST7735.o (.data._ZL7_height)
                  20200242    00000002     --HOLE--
                  20200244    00000001     libsysbm.a : add_device.c.obj (.data.add_device.device_init)
                  20200245    00000003     --HOLE--
                  20200248    00000001     libc.a : memory.c.obj (.data.memory_is_initialized)
                  20200249    00000003     --HOLE--
                  2020024c    00000001     libsysbm.a : open.c.obj (.data.open.stream_init)

.sysmem    0    20200250    00000200     UNINITIALIZED
                  20200250    00000010     libc.a : memory.c.obj (.sysmem)
                  20200260    000001f0     --HOLE--

.bss       0    20200450    000001d7     UNINITIALIZED
                  20200450    00000120     libsysbm.a : trgmsg.c.obj (.bss:_CIOBUF_)
                  20200570    000000a0     libc.a : defs.c.obj (.bss.__TI_tmpnams)
                  20200610    00000008     libsysbm.a : hostopen.c.obj (.bss.parmbuf)
                  20200618    00000004     Lab8HMain.o (.bss.count)
                  2020061c    00000004     Lab8HMain.o (.bss.err)
                  20200620    00000004     libc.a : memory.c.obj (.bss.sys_free)
                  20200624    00000001     ST7735.o (.bss._ZL8ColStart)
                  20200625    00000001     ST7735.o (.bss._ZL8RowStart)
                  20200626    00000001     ST7735.o (.bss._ZL8TabColor)

.stack     0    20207e00    00000200     UNINITIALIZED
                  20207e00    00000004     libc.a : boot_cortex_m.c.obj (.stack)
                  20207e04    000001fc     --HOLE--

__llvm_prf_cnts 
*          0    20200000    00000000     UNINITIALIZED

__llvm_prf_bits 
*          0    20200000    00000000     UNINITIALIZED

MODULE SUMMARY

       Module                         code   ro data   rw data
       ------                         ----   -------   -------
    .\
       ST7735.o                       2074   1449      17     
       Clock.o                        516    0         4      
       SPI.o                          440    0         0      
       Lab8HMain.o                    346    4         68     
       LaunchPad.o                    180    0         0      
       UART2.o                        68     4         40     
       FIFO2.o                        44     0         0      
       SlidePot.o                     14     0         0      
    +--+------------------------------+------+---------+---------+
       Total:                         3682   1457      129    
                                                              
    .\ticlang\
       startup_mspm0g3507_ticlang.o   60     192       0      
    +--+------------------------------+------+---------+---------+
       Total:                         60     192       0      
                                                              
    C:\ti\ccs2040\ccs\tools\compiler\ti-cgt-armllvm_4.0.4.LTS\lib\armv6m-ti-none-eabi/c/libc.a
       memory.c.obj                   702    0         5      
       fopen.c.obj                    556    0         0      
       defs.c.obj                     0      0         404    
       setvbuf.c.obj                  224    0         0      
       getdevice.c.obj                160    0         0      
       strcmp-armv6m.S.obj            136    0         0      
       copy_decompress_lzss.c.obj     124    0         0      
       fclose.c.obj                   124    0         0      
       autoinit.c.obj                 84     0         0      
       fflush.c.obj                   82     0         0      
       exit.c.obj                     58     0         8      
       boot_cortex_m.c.obj            40     0         0      
       copy_zero_init.c.obj           22     0         0      
       copy_decompress_none.c.obj     18     0         0      
       memcpy16.S.obj                 18     0         0      
       memset16.S.obj                 14     0         0      
       _lock.c.obj                    2      0         8      
       pre_init.c.obj                 4      0         0      
    +--+------------------------------+------+---------+---------+
       Total:                         2368   0         425    
                                                              
    C:\ti\ccs2040\ccs\tools\compiler\ti-cgt-armllvm_4.0.4.LTS\lib\armv6m-ti-none-eabi/c/libsysbm.a
       trgmsg.c.obj                   104    0         288    
       add_device.c.obj               236    0         1      
       host_device.c.obj              0      0         200    
       open.c.obj                     160    0         1      
       hostrename.c.obj               136    0         0      
       hostlseek.c.obj                108    0         0      
       hostopen.c.obj                 96     0         8      
       hostread.c.obj                 88     0         0      
       hostwrite.c.obj                88     0         0      
       close.c.obj                    80     0         0      
       hostclose.c.obj                72     0         0      
       hostunlink.c.obj               72     0         0      
       unlink.c.obj                   44     0         0      
       write.c.obj                    40     0         0      
       remove.c.obj                   8      0         0      
       hostexit.c.obj                 4      0         0      
    +--+------------------------------+------+---------+---------+
       Total:                         1336   0         498    
                                                              
    C:\ti\ccs2040\ccs\tools\compiler\ti-cgt-armllvm_4.0.4.LTS\lib\armv6m-ti-none-eabi/libclang_rt.builtins.a
       aeabi_uidivmod.S.obj           64     0         0      
       aeabi_memset.S.obj             12     0         0      
       aeabi_memcpy.S.obj             8      0         0      
       aeabi_div0.c.obj               2      0         0      
    +--+------------------------------+------+---------+---------+
       Total:                         86     0         0      
                                                              
       Heap:                          0      0         512    
       Stack:                         0      0         512    
       Linker Generated:              0      146       0      
    +--+------------------------------+------+---------+---------+
       Grand Total:                   7532   1795      2076   


LINKER GENERATED COPY TABLES

__TI_cinit_table @ 0000247c records: 2, size/record: 8, table size: 16
	.data: load addr=000023f8, load size=0000006e bytes, run addr=20200000, run size=0000024d bytes, compression=lzss
	.bss: load addr=00002474, load size=00000008 bytes, run addr=20200450, run size=000001d7 bytes, compression=zero_init


LINKER GENERATED HANDLER TABLE

__TI_handler_table @ 00002468 records: 3, size/record: 4, table size: 12
	index: 0, handler: __TI_decompress_lzss
	index: 1, handler: __TI_decompress_none
	index: 2, handler: __TI_zero_init


GLOBAL SYMBOLS: SORTED ALPHABETICALLY BY Name 

address   name                             
-------   ----                             
00001c31  ADC0_IRQHandler                  
00001c31  ADC1_IRQHandler                  
00001c31  AES_IRQHandler                   
20200224  BusFreq                          
00001e26  C$$EXIT                          
000019e9  C$$IO$$                          
00001c31  CANFD0_IRQHandler                
00001c31  DAC0_IRQHandler                  
00001c31  DMA_IRQHandler                   
00001c31  Default_Handler                  
202001e0  FIFO                             
202001b8  FIFO2                            
00001c31  GROUP0_IRQHandler                
00001c31  GROUP1_IRQHandler                
000016b1  HOSTclose                        
00001e27  HOSTexit                         
00001301  HOSTlseek                        
000014a9  HOSTopen                         
00001509  HOSTread                         
0000136d  HOSTrename                       
000016f9  HOSTunlink                       
00001561  HOSTwrite                        
00001c4d  HardFault_Handler                
00001c31  I2C0_IRQHandler                  
00001c31  I2C1_IRQHandler                  
00001c31  NMI_Handler                      
00001c31  PendSV_Handler                   
00001c31  RTC_IRQHandler                   
00001e2b  Reset_Handler                    
000023f0  SHT$$INIT_ARRAY$$Base            
000023f8  SHT$$INIT_ARRAY$$Limit           
00001c31  SPI0_IRQHandler                  
00001c31  SPI1_IRQHandler                  
00001c31  SVC_Handler                      
20200208  Sensor                           
2020023c  StTextColor                      
20200228  StX                              
2020022c  StY                              
00001c31  SysTick_Handler                  
00001c31  TIMA0_IRQHandler                 
00001c31  TIMA1_IRQHandler                 
00001c31  TIMG0_IRQHandler                 
00001b71  TIMG12_IRQHandler                
00001c31  TIMG6_IRQHandler                 
00001c31  TIMG7_IRQHandler                 
00001c31  TIMG8_IRQHandler                 
00001cdf  TI_memcpy_small                  
00001d89  TI_memset_small                  
00001c31  UART0_IRQHandler                 
00001c31  UART1_IRQHandler                 
00001aed  UART2_IRQHandler                 
00001c31  UART3_IRQHandler                 
20200450  _CIOBUF_                         
00001da5  _Z10Clock_Freqv                  
00001d03  _Z11Clock_Delayj                 
00001849  _Z11SPI_OutDatac                 
00001c9d  _Z11ST7735_openPKcji             
00001cb3  _Z11ST7735_readiPcj              
00000ee9  _Z12ST7735_InitR10initRFlags     
00001de1  _Z12ST7735_closei                
00001d43  _Z12ST7735_lseekili              
000018b9  _Z12ST7735_writeiPKcj            
00001db1  _Z13ST7735_renamePKcS0_          
00001deb  _Z13ST7735_unlinkPKc             
000018ed  _Z14Clock_Delay1msj              
0000111d  _Z14LaunchPad_Initv              
00001741  _Z14SPI_OutCommandc              
00000c35  _Z14ST7735_OutCharc              
00001881  _Z15ActivatePortA_Bv             
000000c1  _Z15Clock_Init80MHzi             
00000569  _Z15ST7735_FillRectsssst         
00000275  _Z16ST7735_DrawCharSsscssh       
00001291  _Z16ST7735_DrawPixelsst          
00001921  _Z16ST7735_SetCursorjj           
00001099  _Z17ST7735_DrawStringttPcs       
00001b19  _Z17ST7735_FillScreent           
00000da9  _Z17ST7735_InitPrintf10initRFlags
00001df5  _Z8PLL_Initv                     
00000795  _Z8SPI_Initv                     
00001789  _Z9SPI_Resetv                    
00001dbd  _ZN5Queue3GetEPc                 
00001d51  _ZN5Queue3PutEc                  
00001e09  _ZN5Queue5PrintEv                
00001dff  _ZN5QueueC1Ev                    
00001dff  _ZN5QueueC2Ev                    
00001d5f  _ZN8SlidePotC1Ejj                
00001d5f  _ZN8SlidePotC2Ejj                
20200450  __CIOBUF_                        
20208000  __STACK_END                      
00000200  __STACK_SIZE                     
00000200  __SYSMEM_SIZE                    
00000000  __TI_ATRegion0_region_sz         
00000000  __TI_ATRegion0_src_addr          
00000000  __TI_ATRegion0_trg_addr          
00000000  __TI_ATRegion1_region_sz         
00000000  __TI_ATRegion1_src_addr          
00000000  __TI_ATRegion1_trg_addr          
00000000  __TI_ATRegion2_region_sz         
00000000  __TI_ATRegion2_src_addr          
00000000  __TI_ATRegion2_trg_addr          
0000247c  __TI_CINIT_Base                  
0000248c  __TI_CINIT_Limit                 
0000248c  __TI_CINIT_Warm                  
00002468  __TI_Handler_Table_Base          
00002474  __TI_Handler_Table_Limit         
000015b9  __TI_auto_init_nobinit           
00001955  __TI_cleanup                     
2020021c  __TI_cleanup_ptr                 
00001199  __TI_closefile                   
00001215  __TI_decompress_lzss             
00001cf1  __TI_decompress_none             
0000160d  __TI_doflush                     
20200220  __TI_dtors_ptr                   
20200230  __TI_ft_end                      
ffffffff  __TI_pprof_out_hndl              
ffffffff  __TI_prof_data_size              
ffffffff  __TI_prof_data_start             
00001989  __TI_readmsg                     
00000000  __TI_static_base__               
20200570  __TI_tmpnams                     
000019bd  __TI_writemsg                    
00001cc9  __TI_zero_init_nomemset          
00000da7  __aeabi_idiv0                    
00001dc9  __aeabi_memclr                   
00001dc9  __aeabi_memclr4                  
00001dc9  __aeabi_memclr8                  
00001e11  __aeabi_memcpy                   
00001e11  __aeabi_memcpy4                  
00001e11  __aeabi_memcpy8                  
000017c9  __aeabi_uidiv                    
000017c9  __aeabi_uidivmod                 
ffffffff  __binit__                        
UNDEFED   __mpu_init                       
20207e00  __stack                          
20200000  __start___llvm_prf_bits          
20200000  __start___llvm_prf_cnts          
20200000  __stop___llvm_prf_bits           
20200000  __stop___llvm_prf_cnts           
00001be9  _c_int00_noargs                  
202000f0  _device                          
20200000  _ftable                          
20200234  _lock                            
0000165f  _nop                             
20200168  _stream                          
20200250  _sys_memory                      
UNDEFED   _system_post_cinit               
00001e2f  _system_pre_init                 
20200238  _unlock                          
00001e21  abort                            
00000981  add_device                       
00000681  aligned_alloc                    
ffffffff  binit                            
00001661  close                            
20200618  count                            
2020061c  err                              
000019f1  exit                             
00001a25  finddevice                       
00001abd  fopen                            
00000a6d  free                             
00001a59  freopen                          
000013d9  getdevice                        
00000000  interruptVectors                 
0000088d  main                             
00001dd5  malloc                           
00000681  memalign                         
00000e49  open                             
20200610  parmbuf                          
00001e19  remove                           
00000b55  setvbuf                          
00001011  strcmp                           
00001b45  unlink                           
00001bc1  write                            


GLOBAL SYMBOLS: SORTED BY Symbol Address 

address   name                             
-------   ----                             
00000000  __TI_ATRegion0_region_sz         
00000000  __TI_ATRegion0_src_addr          
00000000  __TI_ATRegion0_trg_addr          
00000000  __TI_ATRegion1_region_sz         
00000000  __TI_ATRegion1_src_addr          
00000000  __TI_ATRegion1_trg_addr          
00000000  __TI_ATRegion2_region_sz         
00000000  __TI_ATRegion2_src_addr          
00000000  __TI_ATRegion2_trg_addr          
00000000  __TI_static_base__               
00000000  interruptVectors                 
000000c1  _Z15Clock_Init80MHzi             
00000200  __STACK_SIZE                     
00000200  __SYSMEM_SIZE                    
00000275  _Z16ST7735_DrawCharSsscssh       
00000569  _Z15ST7735_FillRectsssst         
00000681  aligned_alloc                    
00000681  memalign                         
00000795  _Z8SPI_Initv                     
0000088d  main                             
00000981  add_device                       
00000a6d  free                             
00000b55  setvbuf                          
00000c35  _Z14ST7735_OutCharc              
00000da7  __aeabi_idiv0                    
00000da9  _Z17ST7735_InitPrintf10initRFlags
00000e49  open                             
00000ee9  _Z12ST7735_InitR10initRFlags     
00001011  strcmp                           
00001099  _Z17ST7735_DrawStringttPcs       
0000111d  _Z14LaunchPad_Initv              
00001199  __TI_closefile                   
00001215  __TI_decompress_lzss             
00001291  _Z16ST7735_DrawPixelsst          
00001301  HOSTlseek                        
0000136d  HOSTrename                       
000013d9  getdevice                        
000014a9  HOSTopen                         
00001509  HOSTread                         
00001561  HOSTwrite                        
000015b9  __TI_auto_init_nobinit           
0000160d  __TI_doflush                     
0000165f  _nop                             
00001661  close                            
000016b1  HOSTclose                        
000016f9  HOSTunlink                       
00001741  _Z14SPI_OutCommandc              
00001789  _Z9SPI_Resetv                    
000017c9  __aeabi_uidiv                    
000017c9  __aeabi_uidivmod                 
00001849  _Z11SPI_OutDatac                 
00001881  _Z15ActivatePortA_Bv             
000018b9  _Z12ST7735_writeiPKcj            
000018ed  _Z14Clock_Delay1msj              
00001921  _Z16ST7735_SetCursorjj           
00001955  __TI_cleanup                     
00001989  __TI_readmsg                     
000019bd  __TI_writemsg                    
000019e9  C$$IO$$                          
000019f1  exit                             
00001a25  finddevice                       
00001a59  freopen                          
00001abd  fopen                            
00001aed  UART2_IRQHandler                 
00001b19  _Z17ST7735_FillScreent           
00001b45  unlink                           
00001b71  TIMG12_IRQHandler                
00001bc1  write                            
00001be9  _c_int00_noargs                  
00001c31  ADC0_IRQHandler                  
00001c31  ADC1_IRQHandler                  
00001c31  AES_IRQHandler                   
00001c31  CANFD0_IRQHandler                
00001c31  DAC0_IRQHandler                  
00001c31  DMA_IRQHandler                   
00001c31  Default_Handler                  
00001c31  GROUP0_IRQHandler                
00001c31  GROUP1_IRQHandler                
00001c31  I2C0_IRQHandler                  
00001c31  I2C1_IRQHandler                  
00001c31  NMI_Handler                      
00001c31  PendSV_Handler                   
00001c31  RTC_IRQHandler                   
00001c31  SPI0_IRQHandler                  
00001c31  SPI1_IRQHandler                  
00001c31  SVC_Handler                      
00001c31  SysTick_Handler                  
00001c31  TIMA0_IRQHandler                 
00001c31  TIMA1_IRQHandler                 
00001c31  TIMG0_IRQHandler                 
00001c31  TIMG6_IRQHandler                 
00001c31  TIMG7_IRQHandler                 
00001c31  TIMG8_IRQHandler                 
00001c31  UART0_IRQHandler                 
00001c31  UART1_IRQHandler                 
00001c31  UART3_IRQHandler                 
00001c4d  HardFault_Handler                
00001c9d  _Z11ST7735_openPKcji             
00001cb3  _Z11ST7735_readiPcj              
00001cc9  __TI_zero_init_nomemset          
00001cdf  TI_memcpy_small                  
00001cf1  __TI_decompress_none             
00001d03  _Z11Clock_Delayj                 
00001d43  _Z12ST7735_lseekili              
00001d51  _ZN5Queue3PutEc                  
00001d5f  _ZN8SlidePotC1Ejj                
00001d5f  _ZN8SlidePotC2Ejj                
00001d89  TI_memset_small                  
00001da5  _Z10Clock_Freqv                  
00001db1  _Z13ST7735_renamePKcS0_          
00001dbd  _ZN5Queue3GetEPc                 
00001dc9  __aeabi_memclr                   
00001dc9  __aeabi_memclr4                  
00001dc9  __aeabi_memclr8                  
00001dd5  malloc                           
00001de1  _Z12ST7735_closei                
00001deb  _Z13ST7735_unlinkPKc             
00001df5  _Z8PLL_Initv                     
00001dff  _ZN5QueueC1Ev                    
00001dff  _ZN5QueueC2Ev                    
00001e09  _ZN5Queue5PrintEv                
00001e11  __aeabi_memcpy                   
00001e11  __aeabi_memcpy4                  
00001e11  __aeabi_memcpy8                  
00001e19  remove                           
00001e21  abort                            
00001e26  C$$EXIT                          
00001e27  HOSTexit                         
00001e2b  Reset_Handler                    
00001e2f  _system_pre_init                 
000023f0  SHT$$INIT_ARRAY$$Base            
000023f8  SHT$$INIT_ARRAY$$Limit           
00002468  __TI_Handler_Table_Base          
00002474  __TI_Handler_Table_Limit         
0000247c  __TI_CINIT_Base                  
0000248c  __TI_CINIT_Limit                 
0000248c  __TI_CINIT_Warm                  
20200000  __start___llvm_prf_bits          
20200000  __start___llvm_prf_cnts          
20200000  __stop___llvm_prf_bits           
20200000  __stop___llvm_prf_cnts           
20200000  _ftable                          
202000f0  _device                          
20200168  _stream                          
202001b8  FIFO2                            
202001e0  FIFO                             
20200208  Sensor                           
2020021c  __TI_cleanup_ptr                 
20200220  __TI_dtors_ptr                   
20200224  BusFreq                          
20200228  StX                              
2020022c  StY                              
20200230  __TI_ft_end                      
20200234  _lock                            
20200238  _unlock                          
2020023c  StTextColor                      
20200250  _sys_memory                      
20200450  _CIOBUF_                         
20200450  __CIOBUF_                        
20200570  __TI_tmpnams                     
20200610  parmbuf                          
20200618  count                            
2020061c  err                              
20207e00  __stack                          
20208000  __STACK_END                      
ffffffff  __TI_pprof_out_hndl              
ffffffff  __TI_prof_data_size              
ffffffff  __TI_prof_data_start             
ffffffff  __binit__                        
ffffffff  binit                            
UNDEFED   __mpu_init                       
UNDEFED   _system_post_cinit               

[172 symbols]
