******************************************************************************
            TI ARM Clang Linker PC v4.0.4                      
******************************************************************************
>> Linked Fri Apr 10 01:24:32 2026

OUTPUT FILE NAME:   <ECE319K_Lab5.out>
ENTRY POINT SYMBOL: "_c_int00_noargs"  address: 00001985


MEMORY CONFIGURATION

         name            origin    length      used     unused   attr    fill
----------------------  --------  ---------  --------  --------  ----  --------
  FLASH                 00000000   00020000  00002770  0001d890  R  X
  SRAM                  20200000   00008000  00000688  00007978  RW X
  BCR_CONFIG            41c00000   00000080  00000000  00000080  R   
  BSL_CONFIG            41c00100   00000080  00000000  00000080  R   


SEGMENT ALLOCATION MAP

run origin  load origin   length   init length attrs members
----------  ----------- ---------- ----------- ----- -------
00000000    00000000    00002770   00002770    r-x
  00000000    00000000    000000c0   000000c0    r-- .intvecs
  000000c0    000000c0    00001af0   00001af0    r-x .text
  00001bb0    00001bb0    00000b88   00000b88    r-- .rodata
  00002738    00002738    00000038   00000038    r-- .cinit
20200000    20200000    00000488   00000000    rw-
  20200000    20200000    00000268   00000000    rw- .bss
  20200268    20200268    00000200   00000000    rw- .sysmem
  20200468    20200468    00000020   00000000    rw- .data
20207e00    20207e00    00000200   00000000    rw-
  20207e00    20207e00    00000200   00000000    rw- .stack


SECTION ALLOCATION MAP

 output                                  attributes/
section   page    origin      length       input sections
--------  ----  ----------  ----------   ----------------
.intvecs   0    00000000    000000c0     
                  00000000    000000c0     startup_mspm0g3507_ticlang.o (.intvecs)

.text      0    000000c0    00001af0     
                  000000c0    000002c4     ECE319K_Lab5Grader.o (.text.FFT)
                  00000384    0000024c     ECE319K_Lab5Grader.o (.text.lab5grader)
                  000005d0    000001d4     ECE319K_Lab5Grader.o (.text.Lab5Grader)
                  000007a4    000001b4     Clock.o (.text.Clock_Init80MHz)
                  00000958    00000158     ECE319K_Lab5Grader.o (.text.CheckInitialization)
                  00000ab0    00000134     ECE319K_Lab5Grader.o (.text.ADC_Init)
                  00000be4    00000130     UARTints.o (.text.UART_Init)
                  00000d14    0000011c     ECE319K_Lab5main.o (.text.main)
                  00000e30    000000a8     Timer.o (.text.TimerG7_IntArm)
                  00000ed8    00000094     Timer.o (.text.TimerG12_IntArm)
                  00000f6c    0000008c     libclang_rt.builtins.a : mulsf3.S.obj (.text.__mulsf3)
                  00000ff8    00000008                            : aeabi_memcpy.S.obj (.text.__aeabi_memcpy)
                  00001000    00000088     libc.a : strcmp-armv6m.S.obj (.text:strcmp)
                  00001088    0000007c     LaunchPad.o (.text.LaunchPad_Init)
                  00001104    0000007c     libc.a : copy_decompress_lzss.c.obj (.text:decompress:lzss)
                  00001180    00000074     ECE319K_Lab5main.o (.text.TIMG12_IRQHandler)
                  000011f4    00000060     Timer.o (.text.TimerG12_Init)
                  00001254    0000005c     UARTints.o (.text.UART0_IRQHandler)
                  000012b0    00000058     UARTints.o (.text.copyHardwareToSoftware)
                  00001308    00000056     libclang_rt.builtins.a : aeabi_idivmod.S.obj (.text.__aeabi_idivmod)
                  0000135e    00000002                            : aeabi_div0.c.obj (.text.__aeabi_idiv0)
                  00001360    00000054     ECE319K_Lab5main.o (.text.Song_Play)
                  000013b4    00000050     Dump.o (.text.Debug_Dump)
                  00001404    00000050     ECE319K_Lab5main.o (.text.Sound_Init)
                  00001454    0000004c     FIFO.o (.text.RxFifo_Put)
                  000014a0    0000004c     ECE319K_Lab5main.o (.text.SysTick_Handler)
                  000014ec    0000004c     FIFO.o (.text.TxFifo_Get)
                  00001538    0000004c     FIFO.o (.text.TxFifo_Put)
                  00001584    0000004c     UARTints.o (.text.copySoftwareToHardware)
                  000015d0    00000048     DAC5.o (.text.DAC5_Init)
                  00001618    00000040     UARTints.o (.text.UART_OutChar)
                  00001658    00000040     libclang_rt.builtins.a : aeabi_uidivmod.S.obj (.text.__aeabi_uidivmod)
                  00001698    0000003c                            : floatsisf.S.obj (.text.__floatsisf)
                  000016d4    0000003c     libc.a : autoinit.c.obj (.text:__TI_auto_init_nobinit_nopinit)
                  00001710    0000003a     libclang_rt.builtins.a : muldsi3.S.obj (.text.__muldsi3)
                  0000174a    00000002     --HOLE-- [fill = 0]
                  0000174c    00000038     LaunchPad.o (.text.ActivatePortA_B)
                  00001784    00000038     libclang_rt.builtins.a : fixsfsi.S.obj (.text.__fixsfsi)
                  000017bc    00000036     UART.o (.text.UART_OutUDec)
                  000017f2    00000034     ECE319K_Lab5Grader.o (.text.setUpper)
                  00001826    00000002     --HOLE-- [fill = 0]
                  00001828    00000032     libclang_rt.builtins.a : fixunssfsi.S.obj (.text.__fixunssfsi)
                  0000185a    00000002     --HOLE-- [fill = 0]
                  0000185c    00000030     ECE319K_Lab5main.o (.text.Sound_Stop)
                  0000188c    0000002c     ECE319K_Lab5Grader.o (.text.ReadInput)
                  000018b8    0000002c     ECE319K_Lab5main.o (.text.Sound_Start)
                  000018e4    00000028     ECE319K_Lab5Grader.o (.text.ADC_Start)
                  0000190c    00000028     ECE319K_Lab5Grader.o (.text.Grader_Init)
                  00001934    00000028     Key.o (.text.Key_Init)
                  0000195c    00000028     ECE319K_Lab5Grader.o (.text.LogicAnalyzer)
                  00001984    00000028     libc.a : boot_cortex_m.c.obj (.text:_c_int00_noargs)
                  000019ac    00000026     UART.o (.text.UART_OutString)
                  000019d2    00000002     --HOLE-- [fill = 0]
                  000019d4    00000024     ECE319K_Lab5Grader.o (.text.TIMG7_IRQHandler)
                  000019f8    00000020     DAC5.o (.text.DAC5_Out)
                  00001a18    00000020     ECE319K_Lab5Grader.o (.text.Random32)
                  00001a38    0000001c     startup_mspm0g3507_ticlang.o (.text.Default_Handler)
                  00001a54    0000001c     startup_mspm0g3507_ticlang.o (.text.HardFault_Handler)
                  00001a70    00000018     FIFO.o (.text.RxFifo_Size)
                  00001a88    00000018     ECE319K_Lab5Grader.o (.text.Scope)
                  00001aa0    00000018     FIFO.o (.text.TxFifo_Size)
                  00001ab8    00000016     libc.a : copy_zero_init.c.obj (.text:decompress:ZI:__TI_zero_init_nomemset)
                  00001ace    00000002     --HOLE-- [fill = 0]
                  00001ad0    00000014     Dump.o (.text.Debug_Init)
                  00001ae4    00000014     Key.o (.text.Key_In)
                  00001af8    00000014     FIFO.o (.text.RxFifo_Init)
                  00001b0c    00000014     FIFO.o (.text.TxFifo_Init)
                  00001b20    00000012     libc.a : memcpy16.S.obj (.text:TI_memcpy_small)
                  00001b32    00000012            : copy_decompress_none.c.obj (.text:decompress:none)
                  00001b44    00000010     Clock.o (.text.Clock_Delay)
                  00001b54    00000010     LaunchPad.o (.text.Delay)
                  00001b64    00000010     ECE319K_Lab5Grader.o (.text.OutCRLF)
                  00001b74    00000010     ECE319K_Lab5main.o (.text.Song_Stop)
                  00001b84    0000000c     Clock.o (.text.Clock_Freq)
                  00001b90    00000006     libc.a : exit.c.obj (.text:abort)
                  00001b96    00000004     libsysbm.a : hostexit.c.obj (.text.HOSTexit)
                  00001b9a    00000004     startup_mspm0g3507_ticlang.o (.text.Reset_Handler)
                  00001b9e    00000004     libc.a : pre_init.c.obj (.text._system_pre_init)
                  00001ba2    0000000e     --HOLE-- [fill = 0]

.cinit     0    00002738    00000038     
                  00002738    00000014     (.cinit..data.load) [load image, compression = lzss]
                  0000274c    0000000c     (__TI_handler_table)
                  00002758    00000008     (.cinit..bss.load) [load image, compression = zero_init]
                  00002760    00000010     (__TI_cinit_table)

.rodata    0    00001bb0    00000b88     
                  00001bb0    00000600     ECE319K_Lab5main.o (.rodata.hotel_california_notes)
                  000021b0    00000280     ECE319K_Lab5Grader.o (.rodata.NotesProblem)
                  00002430    00000080     ECE319K_Lab5Grader.o (.rodata.NotesPeriod)
                  000024b0    0000004b     ECE319K_Lab5Grader.o (.rodata.str1.2831041533924961092.1)
                  000024fb    0000003a     ECE319K_Lab5Grader.o (.rodata.str1.3753167930287493833.1)
                  00002535    00000038     ECE319K_Lab5Grader.o (.rodata.str1.13188357218563198926.1)
                  0000256d    00000032     ECE319K_Lab5Grader.o (.rodata.str1.14125597502108314896.1)
                  0000259f    0000002f     ECE319K_Lab5Grader.o (.rodata.str1.11916983087567108417.1)
                  000025ce    0000002e     ECE319K_Lab5Grader.o (.rodata.str1.9157344974060636180.1)
                  000025fc    00000020     ECE319K_Lab5Grader.o (.rodata.IMULTIPLIERS)
                  0000261c    00000020     ECE319K_Lab5Grader.o (.rodata.RMULTIPLIERS)
                  0000263c    00000020     ECE319K_Lab5main.o (.rodata.SIN_TABLE)
                  0000265c    0000001c     ECE319K_Lab5Grader.o (.rodata.str1.11809642467900141317.1)
                  00002678    00000015     ECE319K_Lab5Grader.o (.rodata.str1.3525422095670658102.1)
                  0000268d    00000014     ECE319K_Lab5Grader.o (.rodata.str1.4481438830803098069.1)
                  000026a1    00000014     ECE319K_Lab5Grader.o (.rodata.str1.5560219960635954075.1)
                  000026b5    00000013     ECE319K_Lab5Grader.o (.rodata.str1.11270995160232060492.1)
                  000026c8    00000011     ECE319K_Lab5Grader.o (.rodata.str1.6142149970032930034.1)
                  000026d9    00000010     ECE319K_Lab5Grader.o (.rodata.str1.14245708735948419566.1)
                  000026e9    00000010     ECE319K_Lab5Grader.o (.rodata.str1.15764156664788727584.1)
                  000026f9    0000000f     ECE319K_Lab5Grader.o (.rodata.str1.9964861412651002306.1)
                  00002708    0000000e     ECE319K_Lab5Grader.o (.rodata.str1.12550021390912809959.1)
                  00002716    0000000d     ECE319K_Lab5Grader.o (.rodata.str1.1830190667680462960.1)
                  00002723    00000008     ECE319K_Lab5main.o (.rodata.EID1)
                  0000272b    00000007     ECE319K_Lab5Grader.o (.rodata.str1.2010255871548557574.1)
                  00002732    00000006     --HOLE-- [fill = 0]

.init_array 
*          0    00000000    00000000     UNINITIALIZED

.binit     0    00000000    00000000     

.bss       0    20200000    00000268     UNINITIALIZED
                  20200000    000000c8     (.common:DataBuffer)
                  202000c8    000000c8     (.common:TimeBuffer)
                  20200190    00000040     FIFO.o (.bss.TxFifo)
                  202001d0    00000040     (.common:Last16ADCresults)
                  20200210    00000010     FIFO.o (.bss.RxFifo)
                  20200220    00000004     ECE319K_Lab5main.o (.bss.selected_song)
                  20200224    00000004     (.common:DebugCnt)
                  20200228    00000004     (.common:LastIn)
                  2020022c    00000004     (.common:M)
                  20200230    00000004     (.common:Mask)
                  20200234    00000004     (.common:PeriodicTask2)
                  20200238    00000004     (.common:RxGetI)
                  2020023c    00000004     (.common:RxPutI)
                  20200240    00000004     (.common:SampleFlag)
                  20200244    00000004     (.common:State)
                  20200248    00000004     (.common:TExaSadc)
                  2020024c    00000004     (.common:TxGetI)
                  20200250    00000004     (.common:TxPutI)
                  20200254    00000004     (.common:key)
                  20200258    00000004     (.common:last)
                  2020025c    00000004     (.common:note_index)
                  20200260    00000004     (.common:sine_index)
                  20200264    00000004     (.common:volume)

.sysmem    0    20200268    00000200     UNINITIALIZED
                  20200268    00000010     libc.a : memory.c.obj (.sysmem)
                  20200278    000001f0     --HOLE--

.data      0    20200468    00000020     UNINITIALIZED
                  20200468    00000008     ECE319K_Lab5main.o (.data.hotel_california_song)
                  20200470    00000004     Clock.o (.data.BusFreq)
                  20200474    00000004     ECE319K_Lab5Grader.o (.data.Fail)
                  20200478    00000004     ECE319K_Lab5Grader.o (.data.Last16ADCindex)
                  2020047c    00000004     ECE319K_Lab5Grader.o (.data.NotesMode)
                  20200480    00000004     ECE319K_Lab5Grader.o (.data.Score)
                  20200484    00000004     ECE319K_Lab5Grader.o (.data.Time)

.stack     0    20207e00    00000200     UNINITIALIZED
                  20207e00    00000004     libc.a : boot_cortex_m.c.obj (.stack)
                  20207e04    000001fc     --HOLE--

__llvm_prf_cnts 
*          0    20200000    00000000     UNINITIALIZED

__llvm_prf_bits 
*          0    20200000    00000000     UNINITIALIZED

MODULE SUMMARY

       Module                         code   ro data   rw data
       ------                         ----   -------   -------
    .\
       ECE319K_Lab5Grader.o           2740   1370      112    
       ECE319K_Lab5main.o             748    1576      32     
       UARTints.o                     624    0         0      
       Dump.o                         100    0         404    
       Clock.o                        464    0         4      
       FIFO.o                         316    0         96     
       Timer.o                        412    0         0      
       LaunchPad.o                    196    0         0      
       DAC5.o                         104    0         0      
       UART.o                         92     0         0      
       Key.o                          60     0         0      
    +--+------------------------------+------+---------+---------+
       Total:                         5856   2946      648    
                                                              
    .\ticlang\
       startup_mspm0g3507_ticlang.o   60     192       0      
    +--+------------------------------+------+---------+---------+
       Total:                         60     192       0      
                                                              
    C:\ti\ccs2040\ccs\tools\compiler\ti-cgt-armllvm_4.0.4.LTS\lib\armv6m-ti-none-eabi/c/libc.a
       strcmp-armv6m.S.obj            136    0         0      
       copy_decompress_lzss.c.obj     124    0         0      
       autoinit.c.obj                 60     0         0      
       boot_cortex_m.c.obj            40     0         0      
       copy_zero_init.c.obj           22     0         0      
       copy_decompress_none.c.obj     18     0         0      
       memcpy16.S.obj                 18     0         0      
       exit.c.obj                     6      0         0      
       pre_init.c.obj                 4      0         0      
    +--+------------------------------+------+---------+---------+
       Total:                         428    0         0      
                                                              
    C:\ti\ccs2040\ccs\tools\compiler\ti-cgt-armllvm_4.0.4.LTS\lib\armv6m-ti-none-eabi/c/libsysbm.a
       hostexit.c.obj                 4      0         0      
    +--+------------------------------+------+---------+---------+
       Total:                         4      0         0      
                                                              
    C:\ti\ccs2040\ccs\tools\compiler\ti-cgt-armllvm_4.0.4.LTS\lib\armv6m-ti-none-eabi/libclang_rt.builtins.a
       mulsf3.S.obj                   140    0         0      
       aeabi_idivmod.S.obj            86     0         0      
       aeabi_uidivmod.S.obj           64     0         0      
       floatsisf.S.obj                60     0         0      
       muldsi3.S.obj                  58     0         0      
       fixsfsi.S.obj                  56     0         0      
       fixunssfsi.S.obj               50     0         0      
       aeabi_memcpy.S.obj             8      0         0      
       aeabi_div0.c.obj               2      0         0      
    +--+------------------------------+------+---------+---------+
       Total:                         524    0         0      
                                                              
       Heap:                          0      0         512    
       Stack:                         0      0         512    
       Linker Generated:              0      56        0      
    +--+------------------------------+------+---------+---------+
       Grand Total:                   6872   3194      1672   


LINKER GENERATED COPY TABLES

__TI_cinit_table @ 00002760 records: 2, size/record: 8, table size: 16
	.data: load addr=00002738, load size=00000014 bytes, run addr=20200468, run size=00000020 bytes, compression=lzss
	.bss: load addr=00002758, load size=00000008 bytes, run addr=20200000, run size=00000268 bytes, compression=zero_init


LINKER GENERATED HANDLER TABLE

__TI_handler_table @ 0000274c records: 3, size/record: 4, table size: 12
	index: 0, handler: __TI_decompress_lzss
	index: 1, handler: __TI_decompress_none
	index: 2, handler: __TI_zero_init


GLOBAL SYMBOLS: SORTED ALPHABETICALLY BY Name 

address   name                          
-------   ----                          
00001a39  ADC0_IRQHandler               
00001a39  ADC1_IRQHandler               
00000ab1  ADC_Init                      
000018e5  ADC_Start                     
00001a39  AES_IRQHandler                
0000174d  ActivatePortA_B               
20200470  BusFreq                       
00001b96  C$$EXIT                       
00001a39  CANFD0_IRQHandler             
00000959  CheckInitialization           
00001b45  Clock_Delay                   
00001b85  Clock_Freq                    
000007a5  Clock_Init80MHz               
00001a39  DAC0_IRQHandler               
000015d1  DAC5_Init                     
000019f9  DAC5_Out                      
00001a39  DMA_IRQHandler                
20200000  DataBuffer                    
20200224  DebugCnt                      
000013b5  Debug_Dump                    
00001ad1  Debug_Init                    
00001a39  Default_Handler               
00001b55  Delay                         
00002723  EID1                          
000000c1  FFT                           
00001a39  GROUP0_IRQHandler             
00001a39  GROUP1_IRQHandler             
0000190d  Grader_Init                   
00001b97  HOSTexit                      
00001a55  HardFault_Handler             
00001a39  I2C0_IRQHandler               
00001a39  I2C1_IRQHandler               
000025fc  IMULTIPLIERS                  
00001ae5  Key_In                        
00001935  Key_Init                      
000005d1  Lab5Grader                    
20200478  Last16ADCindex                
202001d0  Last16ADCresults              
20200228  LastIn                        
00001089  LaunchPad_Init                
0000195d  LogicAnalyzer                 
2020022c  M                             
20200230  Mask                          
00001a39  NMI_Handler                   
2020047c  NotesMode                     
00002430  NotesPeriod                   
000021b0  NotesProblem                  
00001b65  OutCRLF                       
00001a39  PendSV_Handler                
20200234  PeriodicTask2                 
0000261c  RMULTIPLIERS                  
00001a39  RTC_IRQHandler                
00001a19  Random32                      
0000188d  ReadInput                     
00001b9b  Reset_Handler                 
00001af9  RxFifo_Init                   
00001455  RxFifo_Put                    
00001a71  RxFifo_Size                   
20200238  RxGetI                        
2020023c  RxPutI                        
0000263c  SIN_TABLE                     
00001a39  SPI0_IRQHandler               
00001a39  SPI1_IRQHandler               
00001a39  SVC_Handler                   
20200240  SampleFlag                    
00001a89  Scope                         
00001361  Song_Play                     
00001b75  Song_Stop                     
00001405  Sound_Init                    
000018b9  Sound_Start                   
0000185d  Sound_Stop                    
20200244  State                         
000014a1  SysTick_Handler               
20200248  TExaSadc                      
00001a39  TIMA0_IRQHandler              
00001a39  TIMA1_IRQHandler              
00001a39  TIMG0_IRQHandler              
00001181  TIMG12_IRQHandler             
00001a39  TIMG6_IRQHandler              
000019d5  TIMG7_IRQHandler              
00001a39  TIMG8_IRQHandler              
00001b21  TI_memcpy_small               
202000c8  TimeBuffer                    
000011f5  TimerG12_Init                 
00000ed9  TimerG12_IntArm               
00000e31  TimerG7_IntArm                
000014ed  TxFifo_Get                    
00001b0d  TxFifo_Init                   
00001539  TxFifo_Put                    
00001aa1  TxFifo_Size                   
2020024c  TxGetI                        
20200250  TxPutI                        
00001255  UART0_IRQHandler              
00001a39  UART1_IRQHandler              
00001a39  UART2_IRQHandler              
00001a39  UART3_IRQHandler              
00000be5  UART_Init                     
00001619  UART_OutChar                  
000019ad  UART_OutString                
000017bd  UART_OutUDec                  
20208000  __STACK_END                   
00000200  __STACK_SIZE                  
00000200  __SYSMEM_SIZE                 
00000000  __TI_ATRegion0_region_sz      
00000000  __TI_ATRegion0_src_addr       
00000000  __TI_ATRegion0_trg_addr       
00000000  __TI_ATRegion1_region_sz      
00000000  __TI_ATRegion1_src_addr       
00000000  __TI_ATRegion1_trg_addr       
00000000  __TI_ATRegion2_region_sz      
00000000  __TI_ATRegion2_src_addr       
00000000  __TI_ATRegion2_trg_addr       
00002760  __TI_CINIT_Base               
00002770  __TI_CINIT_Limit              
00002770  __TI_CINIT_Warm               
0000274c  __TI_Handler_Table_Base       
00002758  __TI_Handler_Table_Limit      
000016d5  __TI_auto_init_nobinit_nopinit
00001105  __TI_decompress_lzss          
00001b33  __TI_decompress_none          
ffffffff  __TI_pprof_out_hndl           
ffffffff  __TI_prof_data_size           
ffffffff  __TI_prof_data_start          
00000000  __TI_static_base__            
00001ab9  __TI_zero_init_nomemset       
00001785  __aeabi_f2iz                  
00001829  __aeabi_f2uiz                 
00000f6d  __aeabi_fmul                  
00001699  __aeabi_i2f                   
00001309  __aeabi_idiv                  
0000135f  __aeabi_idiv0                 
00001309  __aeabi_idivmod               
00000ff9  __aeabi_memcpy                
00000ff9  __aeabi_memcpy4               
00000ff9  __aeabi_memcpy8               
00001659  __aeabi_uidiv                 
00001659  __aeabi_uidivmod              
ffffffff  __binit__                     
00001785  __fixsfsi                     
00001829  __fixunssfsi                  
00001699  __floatsisf                   
UNDEFED   __mpu_init                    
00001711  __muldsi3                     
00000f6d  __mulsf3                      
20207e00  __stack                       
20200000  __start___llvm_prf_bits       
20200000  __start___llvm_prf_cnts       
20200000  __stop___llvm_prf_bits        
20200000  __stop___llvm_prf_cnts        
00001985  _c_int00_noargs               
20200268  _sys_memory                   
UNDEFED   _system_post_cinit            
00001b9f  _system_pre_init              
00001b91  abort                         
ffffffff  binit                         
00001bb0  hotel_california_notes        
20200468  hotel_california_song         
00000000  interruptVectors              
20200254  key                           
00000385  lab5grader                    
20200258  last                          
00000d15  main                          
2020025c  note_index                    
000017f3  setUpper                      
20200260  sine_index                    
00001001  strcmp                        
20200264  volume                        


GLOBAL SYMBOLS: SORTED BY Symbol Address 

address   name                          
-------   ----                          
00000000  __TI_ATRegion0_region_sz      
00000000  __TI_ATRegion0_src_addr       
00000000  __TI_ATRegion0_trg_addr       
00000000  __TI_ATRegion1_region_sz      
00000000  __TI_ATRegion1_src_addr       
00000000  __TI_ATRegion1_trg_addr       
00000000  __TI_ATRegion2_region_sz      
00000000  __TI_ATRegion2_src_addr       
00000000  __TI_ATRegion2_trg_addr       
00000000  __TI_static_base__            
00000000  interruptVectors              
000000c1  FFT                           
00000200  __STACK_SIZE                  
00000200  __SYSMEM_SIZE                 
00000385  lab5grader                    
000005d1  Lab5Grader                    
000007a5  Clock_Init80MHz               
00000959  CheckInitialization           
00000ab1  ADC_Init                      
00000be5  UART_Init                     
00000d15  main                          
00000e31  TimerG7_IntArm                
00000ed9  TimerG12_IntArm               
00000f6d  __aeabi_fmul                  
00000f6d  __mulsf3                      
00000ff9  __aeabi_memcpy                
00000ff9  __aeabi_memcpy4               
00000ff9  __aeabi_memcpy8               
00001001  strcmp                        
00001089  LaunchPad_Init                
00001105  __TI_decompress_lzss          
00001181  TIMG12_IRQHandler             
000011f5  TimerG12_Init                 
00001255  UART0_IRQHandler              
00001309  __aeabi_idiv                  
00001309  __aeabi_idivmod               
0000135f  __aeabi_idiv0                 
00001361  Song_Play                     
000013b5  Debug_Dump                    
00001405  Sound_Init                    
00001455  RxFifo_Put                    
000014a1  SysTick_Handler               
000014ed  TxFifo_Get                    
00001539  TxFifo_Put                    
000015d1  DAC5_Init                     
00001619  UART_OutChar                  
00001659  __aeabi_uidiv                 
00001659  __aeabi_uidivmod              
00001699  __aeabi_i2f                   
00001699  __floatsisf                   
000016d5  __TI_auto_init_nobinit_nopinit
00001711  __muldsi3                     
0000174d  ActivatePortA_B               
00001785  __aeabi_f2iz                  
00001785  __fixsfsi                     
000017bd  UART_OutUDec                  
000017f3  setUpper                      
00001829  __aeabi_f2uiz                 
00001829  __fixunssfsi                  
0000185d  Sound_Stop                    
0000188d  ReadInput                     
000018b9  Sound_Start                   
000018e5  ADC_Start                     
0000190d  Grader_Init                   
00001935  Key_Init                      
0000195d  LogicAnalyzer                 
00001985  _c_int00_noargs               
000019ad  UART_OutString                
000019d5  TIMG7_IRQHandler              
000019f9  DAC5_Out                      
00001a19  Random32                      
00001a39  ADC0_IRQHandler               
00001a39  ADC1_IRQHandler               
00001a39  AES_IRQHandler                
00001a39  CANFD0_IRQHandler             
00001a39  DAC0_IRQHandler               
00001a39  DMA_IRQHandler                
00001a39  Default_Handler               
00001a39  GROUP0_IRQHandler             
00001a39  GROUP1_IRQHandler             
00001a39  I2C0_IRQHandler               
00001a39  I2C1_IRQHandler               
00001a39  NMI_Handler                   
00001a39  PendSV_Handler                
00001a39  RTC_IRQHandler                
00001a39  SPI0_IRQHandler               
00001a39  SPI1_IRQHandler               
00001a39  SVC_Handler                   
00001a39  TIMA0_IRQHandler              
00001a39  TIMA1_IRQHandler              
00001a39  TIMG0_IRQHandler              
00001a39  TIMG6_IRQHandler              
00001a39  TIMG8_IRQHandler              
00001a39  UART1_IRQHandler              
00001a39  UART2_IRQHandler              
00001a39  UART3_IRQHandler              
00001a55  HardFault_Handler             
00001a71  RxFifo_Size                   
00001a89  Scope                         
00001aa1  TxFifo_Size                   
00001ab9  __TI_zero_init_nomemset       
00001ad1  Debug_Init                    
00001ae5  Key_In                        
00001af9  RxFifo_Init                   
00001b0d  TxFifo_Init                   
00001b21  TI_memcpy_small               
00001b33  __TI_decompress_none          
00001b45  Clock_Delay                   
00001b55  Delay                         
00001b65  OutCRLF                       
00001b75  Song_Stop                     
00001b85  Clock_Freq                    
00001b91  abort                         
00001b96  C$$EXIT                       
00001b97  HOSTexit                      
00001b9b  Reset_Handler                 
00001b9f  _system_pre_init              
00001bb0  hotel_california_notes        
000021b0  NotesProblem                  
00002430  NotesPeriod                   
000025fc  IMULTIPLIERS                  
0000261c  RMULTIPLIERS                  
0000263c  SIN_TABLE                     
00002723  EID1                          
0000274c  __TI_Handler_Table_Base       
00002758  __TI_Handler_Table_Limit      
00002760  __TI_CINIT_Base               
00002770  __TI_CINIT_Limit              
00002770  __TI_CINIT_Warm               
20200000  DataBuffer                    
20200000  __start___llvm_prf_bits       
20200000  __start___llvm_prf_cnts       
20200000  __stop___llvm_prf_bits        
20200000  __stop___llvm_prf_cnts        
202000c8  TimeBuffer                    
202001d0  Last16ADCresults              
20200224  DebugCnt                      
20200228  LastIn                        
2020022c  M                             
20200230  Mask                          
20200234  PeriodicTask2                 
20200238  RxGetI                        
2020023c  RxPutI                        
20200240  SampleFlag                    
20200244  State                         
20200248  TExaSadc                      
2020024c  TxGetI                        
20200250  TxPutI                        
20200254  key                           
20200258  last                          
2020025c  note_index                    
20200260  sine_index                    
20200264  volume                        
20200268  _sys_memory                   
20200468  hotel_california_song         
20200470  BusFreq                       
20200478  Last16ADCindex                
2020047c  NotesMode                     
20207e00  __stack                       
20208000  __STACK_END                   
ffffffff  __TI_pprof_out_hndl           
ffffffff  __TI_prof_data_size           
ffffffff  __TI_prof_data_start          
ffffffff  __binit__                     
ffffffff  binit                         
UNDEFED   __mpu_init                    
UNDEFED   _system_post_cinit            

[167 symbols]
